train=389  val=62  test=86
/home/root_server/.local/lib/python3.11/site-packages/torch/cuda/__init__.py:716: UserWarning: Can't initialize NVML
  warnings.warn("Can't initialize NVML")
Tier1_5Module: 1,110,411 тренованих параметрів (context_mode=attn); Tier1 заморожений
Tier2 РОЗМОРОЖЕНО: 594,323 тренованих параметрів, lr=1e-05
epoch   1  loss=0.4272 (main=0.4272 aux=0.0000)  train_acc=0.8689  grad_norm=0  val_acc=0.6935  val_f1=0.6094  (n=62, skip=0)
  -> новий найкращий val_f1=0.6094, збережено у ckpt/bracs_ctrl_seed9/checkpoint-best.pth
epoch   2  loss=0.3692 (main=0.3692 aux=0.0000)  train_acc=0.8715  grad_norm=0  val_acc=0.6935  val_f1=0.6088  (n=62, skip=0)
epoch   3  loss=0.3390 (main=0.3390 aux=0.0000)  train_acc=0.8715  grad_norm=0  val_acc=0.6935  val_f1=0.6102  (n=62, skip=0)
  -> новий найкращий val_f1=0.6102, збережено у ckpt/bracs_ctrl_seed9/checkpoint-best.pth
epoch   4  loss=0.3322 (main=0.3322 aux=0.0000)  train_acc=0.8715  grad_norm=0  val_acc=0.6935  val_f1=0.6088  (n=62, skip=0)
epoch   5  loss=0.3275 (main=0.3275 aux=0.0000)  train_acc=0.8740  grad_norm=0  val_acc=0.6774  val_f1=0.5762  (n=62, skip=0)
epoch   6  loss=0.3286 (main=0.3286 aux=0.0000)  train_acc=0.8689  grad_norm=0  val_acc=0.6774  val_f1=0.5762  (n=62, skip=0)
epoch   7  loss=0.3224 (main=0.3224 aux=0.0000)  train_acc=0.8766  grad_norm=0  val_acc=0.6774  val_f1=0.5762  (n=62, skip=0)
epoch   8  loss=0.3122 (main=0.3122 aux=0.0000)  train_acc=0.8766  grad_norm=0  val_acc=0.6774  val_f1=0.5762  (n=62, skip=0)
epoch   9  loss=0.3090 (main=0.3090 aux=0.0000)  train_acc=0.8766  grad_norm=0  val_acc=0.6774  val_f1=0.5762  (n=62, skip=0)
epoch  10  loss=0.3081 (main=0.3081 aux=0.0000)  train_acc=0.8715  grad_norm=0  val_acc=0.6774  val_f1=0.5762  (n=62, skip=0)
epoch  11  loss=0.3087 (main=0.3087 aux=0.0000)  train_acc=0.8792  grad_norm=0  val_acc=0.6774  val_f1=0.5762  (n=62, skip=0)
  -> рання зупинка: 8 епох без покращення val_f1

=== ФІНАЛЬНИЙ TEST (найкращий за val_f1=0.6102, epoch=3) ===
test_acc=0.6977  test_f1=0.6816  (n=86, skip=0)

Порівняй ці test_acc/test_f1 з рядками cheap-only / expensive-only у таблиці документа проєкту -- це і є число для рядка 'наш DTFD-ASMIL v2.5 (Tier1.5)'.
