train=389  val=62  test=86
/home/root_server/.local/lib/python3.11/site-packages/torch/cuda/__init__.py:716: UserWarning: Can't initialize NVML
  warnings.warn("Can't initialize NVML")
Tier1_5Module: 1,110,411 тренованих параметрів (context_mode=attn); Tier1 заморожений
Tier2 РОЗМОРОЖЕНО: 594,323 тренованих параметрів, lr=1e-05
epoch   1  loss=0.4751 (main=0.4751 aux=0.0000)  train_acc=0.8458  grad_norm=0  val_acc=0.6774  val_f1=0.6204  (n=62, skip=0)
  -> новий найкращий val_f1=0.6204, збережено у ckpt/bracs_ctrl_seed4/checkpoint-best.pth
epoch   2  loss=0.4427 (main=0.4427 aux=0.0000)  train_acc=0.8432  grad_norm=0  val_acc=0.6774  val_f1=0.6204  (n=62, skip=0)
epoch   3  loss=0.4374 (main=0.4374 aux=0.0000)  train_acc=0.8509  grad_norm=0  val_acc=0.6935  val_f1=0.6241  (n=62, skip=0)
  -> новий найкращий val_f1=0.6241, збережено у ckpt/bracs_ctrl_seed4/checkpoint-best.pth
epoch   4  loss=0.4194 (main=0.4194 aux=0.0000)  train_acc=0.8509  grad_norm=0  val_acc=0.6935  val_f1=0.6366  (n=62, skip=0)
  -> новий найкращий val_f1=0.6366, збережено у ckpt/bracs_ctrl_seed4/checkpoint-best.pth
epoch   5  loss=0.4206 (main=0.4206 aux=0.0000)  train_acc=0.8560  grad_norm=0  val_acc=0.6935  val_f1=0.6366  (n=62, skip=0)
epoch   6  loss=0.4087 (main=0.4087 aux=0.0000)  train_acc=0.8586  grad_norm=0  val_acc=0.6613  val_f1=0.5933  (n=62, skip=0)
epoch   7  loss=0.4100 (main=0.4100 aux=0.0000)  train_acc=0.8586  grad_norm=0  val_acc=0.6613  val_f1=0.5933  (n=62, skip=0)
epoch   8  loss=0.3995 (main=0.3995 aux=0.0000)  train_acc=0.8560  grad_norm=0  val_acc=0.6774  val_f1=0.5933  (n=62, skip=0)
epoch   9  loss=0.3937 (main=0.3937 aux=0.0000)  train_acc=0.8586  grad_norm=0  val_acc=0.6935  val_f1=0.6243  (n=62, skip=0)
epoch  10  loss=0.3924 (main=0.3924 aux=0.0000)  train_acc=0.8689  grad_norm=0  val_acc=0.6613  val_f1=0.5933  (n=62, skip=0)
epoch  11  loss=0.3814 (main=0.3814 aux=0.0000)  train_acc=0.8715  grad_norm=0  val_acc=0.6613  val_f1=0.5933  (n=62, skip=0)
epoch  12  loss=0.3832 (main=0.3832 aux=0.0000)  train_acc=0.8612  grad_norm=0  val_acc=0.6935  val_f1=0.6243  (n=62, skip=0)
  -> рання зупинка: 8 епох без покращення val_f1

=== ФІНАЛЬНИЙ TEST (найкращий за val_f1=0.6366, epoch=4) ===
test_acc=0.7093  test_f1=0.6924  (n=86, skip=0)

Порівняй ці test_acc/test_f1 з рядками cheap-only / expensive-only у таблиці документа проєкту -- це і є число для рядка 'наш DTFD-ASMIL v2.5 (Tier1.5)'.
