train=389  val=62  test=86
/home/root_server/.local/lib/python3.11/site-packages/torch/cuda/__init__.py:716: UserWarning: Can't initialize NVML
  warnings.warn("Can't initialize NVML")
Tier1_5Module: 1,110,411 тренованих параметрів (context_mode=attn); Tier1 заморожений
Tier2 РОЗМОРОЖЕНО: 594,323 тренованих параметрів, lr=1e-05
epoch   1  loss=0.3958 (main=0.3743 aux=0.4291)  train_acc=0.8869  grad_norm=0.2686  val_acc=0.7258  val_f1=0.6387  (n=62, skip=0)
  -> новий найкращий val_f1=0.6387, збережено у ckpt/bracs_v3_seed5/checkpoint-best.pth
epoch   2  loss=0.3531 (main=0.3349 aux=0.3628)  train_acc=0.8843  grad_norm=0.2279  val_acc=0.7419  val_f1=0.6691  (n=62, skip=0)
  -> новий найкращий val_f1=0.6691, збережено у ckpt/bracs_v3_seed5/checkpoint-best.pth
epoch   3  loss=0.3260 (main=0.3097 aux=0.3259)  train_acc=0.8946  grad_norm=0.1965  val_acc=0.7258  val_f1=0.6377  (n=62, skip=0)
epoch   4  loss=0.3184 (main=0.3013 aux=0.3424)  train_acc=0.8920  grad_norm=0.1949  val_acc=0.7419  val_f1=0.6691  (n=62, skip=0)
epoch   5  loss=0.3039 (main=0.2875 aux=0.3274)  train_acc=0.8895  grad_norm=0.2102  val_acc=0.7419  val_f1=0.6691  (n=62, skip=0)
epoch   6  loss=0.2927 (main=0.2759 aux=0.3377)  train_acc=0.8920  grad_norm=0.2317  val_acc=0.7419  val_f1=0.6691  (n=62, skip=0)
epoch   7  loss=0.2877 (main=0.2715 aux=0.3242)  train_acc=0.8997  grad_norm=0.2241  val_acc=0.7419  val_f1=0.6691  (n=62, skip=0)
epoch   8  loss=0.2878 (main=0.2720 aux=0.3169)  train_acc=0.9023  grad_norm=0.2125  val_acc=0.7419  val_f1=0.6691  (n=62, skip=0)
epoch   9  loss=0.2812 (main=0.2660 aux=0.3024)  train_acc=0.8946  grad_norm=0.2322  val_acc=0.7419  val_f1=0.6691  (n=62, skip=0)
epoch  10  loss=0.2772 (main=0.2621 aux=0.3025)  train_acc=0.8997  grad_norm=0.2454  val_acc=0.7419  val_f1=0.6691  (n=62, skip=0)
  -> рання зупинка: 8 епох без покращення val_f1

=== ФІНАЛЬНИЙ TEST (найкращий за val_f1=0.6691, epoch=2) ===
test_acc=0.6744  test_f1=0.6614  (n=86, skip=0)

Порівняй ці test_acc/test_f1 з рядками cheap-only / expensive-only у таблиці документа проєкту -- це і є число для рядка 'наш DTFD-ASMIL v2.5 (Tier1.5)'.
