train=389  val=62  test=86
/home/root_server/.local/lib/python3.11/site-packages/torch/cuda/__init__.py:716: UserWarning: Can't initialize NVML
  warnings.warn("Can't initialize NVML")
Tier1_5Module: 1,110,411 тренованих параметрів (context_mode=attn); Tier1 заморожений
Tier2 РОЗМОРОЖЕНО: 594,323 тренованих параметрів, lr=1e-05
epoch   1  loss=0.3338 (main=0.3338 aux=0.0000)  train_acc=0.8895  grad_norm=0  val_acc=0.7097  val_f1=0.6655  (n=62, skip=0)
  -> новий найкращий val_f1=0.6655, збережено у ckpt/bracs_ctrl_seed10/checkpoint-best.pth
epoch   2  loss=0.2782 (main=0.2782 aux=0.0000)  train_acc=0.8997  grad_norm=0  val_acc=0.7258  val_f1=0.6778  (n=62, skip=0)
  -> новий найкращий val_f1=0.6778, збережено у ckpt/bracs_ctrl_seed10/checkpoint-best.pth
epoch   3  loss=0.2589 (main=0.2589 aux=0.0000)  train_acc=0.9075  grad_norm=0  val_acc=0.7258  val_f1=0.6679  (n=62, skip=0)
epoch   4  loss=0.2428 (main=0.2428 aux=0.0000)  train_acc=0.9177  grad_norm=0  val_acc=0.6935  val_f1=0.6115  (n=62, skip=0)
epoch   5  loss=0.2449 (main=0.2449 aux=0.0000)  train_acc=0.9075  grad_norm=0  val_acc=0.7097  val_f1=0.6404  (n=62, skip=0)
epoch   6  loss=0.2387 (main=0.2387 aux=0.0000)  train_acc=0.9152  grad_norm=0  val_acc=0.7097  val_f1=0.6404  (n=62, skip=0)
epoch   7  loss=0.2247 (main=0.2247 aux=0.0000)  train_acc=0.9152  grad_norm=0  val_acc=0.7097  val_f1=0.6404  (n=62, skip=0)
epoch   8  loss=0.2288 (main=0.2288 aux=0.0000)  train_acc=0.9100  grad_norm=0  val_acc=0.7097  val_f1=0.6404  (n=62, skip=0)
epoch   9  loss=0.2251 (main=0.2251 aux=0.0000)  train_acc=0.9203  grad_norm=0  val_acc=0.7097  val_f1=0.6404  (n=62, skip=0)
epoch  10  loss=0.2285 (main=0.2285 aux=0.0000)  train_acc=0.9126  grad_norm=0  val_acc=0.7097  val_f1=0.6404  (n=62, skip=0)
  -> рання зупинка: 8 епох без покращення val_f1

=== ФІНАЛЬНИЙ TEST (найкращий за val_f1=0.6778, epoch=2) ===
test_acc=0.6628  test_f1=0.6603  (n=86, skip=0)

Порівняй ці test_acc/test_f1 з рядками cheap-only / expensive-only у таблиці документа проєкту -- це і є число для рядка 'наш DTFD-ASMIL v2.5 (Tier1.5)'.
