train=389  val=62  test=86
/home/root_server/.local/lib/python3.11/site-packages/torch/cuda/__init__.py:716: UserWarning: Can't initialize NVML
  warnings.warn("Can't initialize NVML")
Tier1_5Module: 1,110,411 тренованих параметрів (context_mode=attn); Tier1 заморожений
Tier2 РОЗМОРОЖЕНО: 594,323 тренованих параметрів, lr=1e-05
epoch   1  loss=0.3633 (main=0.3633 aux=0.0000)  train_acc=0.8946  grad_norm=0  val_acc=0.7097  val_f1=0.6392  (n=62, skip=0)
  -> новий найкращий val_f1=0.6392, збережено у ckpt/bracs_ctrl_seed3/checkpoint-best.pth
epoch   2  loss=0.2899 (main=0.2899 aux=0.0000)  train_acc=0.8920  grad_norm=0  val_acc=0.7097  val_f1=0.6230  (n=62, skip=0)
epoch   3  loss=0.2646 (main=0.2646 aux=0.0000)  train_acc=0.8972  grad_norm=0  val_acc=0.7419  val_f1=0.6496  (n=62, skip=0)
  -> новий найкращий val_f1=0.6496, збережено у ckpt/bracs_ctrl_seed3/checkpoint-best.pth
epoch   4  loss=0.2530 (main=0.2530 aux=0.0000)  train_acc=0.8997  grad_norm=0  val_acc=0.7097  val_f1=0.6230  (n=62, skip=0)
epoch   5  loss=0.2559 (main=0.2559 aux=0.0000)  train_acc=0.9049  grad_norm=0  val_acc=0.7258  val_f1=0.6144  (n=62, skip=0)
epoch   6  loss=0.2506 (main=0.2506 aux=0.0000)  train_acc=0.9049  grad_norm=0  val_acc=0.6935  val_f1=0.5903  (n=62, skip=0)
epoch   7  loss=0.2452 (main=0.2452 aux=0.0000)  train_acc=0.9049  grad_norm=0  val_acc=0.6935  val_f1=0.5903  (n=62, skip=0)
epoch   8  loss=0.2501 (main=0.2501 aux=0.0000)  train_acc=0.9049  grad_norm=0  val_acc=0.7097  val_f1=0.6023  (n=62, skip=0)
epoch   9  loss=0.2368 (main=0.2368 aux=0.0000)  train_acc=0.9203  grad_norm=0  val_acc=0.6935  val_f1=0.6097  (n=62, skip=0)
epoch  10  loss=0.2445 (main=0.2445 aux=0.0000)  train_acc=0.9075  grad_norm=0  val_acc=0.6774  val_f1=0.5783  (n=62, skip=0)
epoch  11  loss=0.2389 (main=0.2389 aux=0.0000)  train_acc=0.9049  grad_norm=0  val_acc=0.6774  val_f1=0.5783  (n=62, skip=0)
  -> рання зупинка: 8 епох без покращення val_f1

=== ФІНАЛЬНИЙ TEST (найкращий за val_f1=0.6496, epoch=3) ===
test_acc=0.6860  test_f1=0.6752  (n=86, skip=0)

Порівняй ці test_acc/test_f1 з рядками cheap-only / expensive-only у таблиці документа проєкту -- це і є число для рядка 'наш DTFD-ASMIL v2.5 (Tier1.5)'.
