train=389  val=62  test=86
/home/root_server/.local/lib/python3.11/site-packages/torch/cuda/__init__.py:716: UserWarning: Can't initialize NVML
  warnings.warn("Can't initialize NVML")
Tier1_5Module: 1,110,411 тренованих параметрів (context_mode=attn); Tier1 заморожений
Tier2 РОЗМОРОЖЕНО: 594,323 тренованих параметрів, lr=1e-05
epoch   1  loss=0.3876 (main=0.3876 aux=0.0000)  train_acc=0.8869  grad_norm=0  val_acc=0.7258  val_f1=0.6377  (n=62, skip=0)
  -> новий найкращий val_f1=0.6377, збережено у ckpt/bracs_ctrl_seed5/checkpoint-best.pth
epoch   2  loss=0.3302 (main=0.3302 aux=0.0000)  train_acc=0.8946  grad_norm=0  val_acc=0.7419  val_f1=0.6691  (n=62, skip=0)
  -> новий найкращий val_f1=0.6691, збережено у ckpt/bracs_ctrl_seed5/checkpoint-best.pth
epoch   3  loss=0.3092 (main=0.3092 aux=0.0000)  train_acc=0.8895  grad_norm=0  val_acc=0.7258  val_f1=0.6377  (n=62, skip=0)
epoch   4  loss=0.2902 (main=0.2902 aux=0.0000)  train_acc=0.8895  grad_norm=0  val_acc=0.7419  val_f1=0.6691  (n=62, skip=0)
epoch   5  loss=0.2852 (main=0.2852 aux=0.0000)  train_acc=0.8972  grad_norm=0  val_acc=0.7419  val_f1=0.6691  (n=62, skip=0)
epoch   6  loss=0.2760 (main=0.2760 aux=0.0000)  train_acc=0.8997  grad_norm=0  val_acc=0.7419  val_f1=0.6691  (n=62, skip=0)
epoch   7  loss=0.2747 (main=0.2747 aux=0.0000)  train_acc=0.8946  grad_norm=0  val_acc=0.7419  val_f1=0.6691  (n=62, skip=0)
  -> новий найкращий val_f1=0.6691, збережено у ckpt/bracs_ctrl_seed5/checkpoint-best.pth
epoch   8  loss=0.2803 (main=0.2803 aux=0.0000)  train_acc=0.8895  grad_norm=0  val_acc=0.7258  val_f1=0.6379  (n=62, skip=0)
epoch   9  loss=0.2758 (main=0.2758 aux=0.0000)  train_acc=0.8972  grad_norm=0  val_acc=0.7258  val_f1=0.6379  (n=62, skip=0)
epoch  10  loss=0.2723 (main=0.2723 aux=0.0000)  train_acc=0.8946  grad_norm=0  val_acc=0.7258  val_f1=0.6379  (n=62, skip=0)
epoch  11  loss=0.2696 (main=0.2696 aux=0.0000)  train_acc=0.8946  grad_norm=0  val_acc=0.7419  val_f1=0.6496  (n=62, skip=0)
epoch  12  loss=0.2639 (main=0.2639 aux=0.0000)  train_acc=0.8972  grad_norm=0  val_acc=0.7419  val_f1=0.6496  (n=62, skip=0)
epoch  13  loss=0.2664 (main=0.2664 aux=0.0000)  train_acc=0.8972  grad_norm=0  val_acc=0.7419  val_f1=0.6496  (n=62, skip=0)
epoch  14  loss=0.2589 (main=0.2589 aux=0.0000)  train_acc=0.8946  grad_norm=0  val_acc=0.7419  val_f1=0.6496  (n=62, skip=0)
epoch  15  loss=0.2543 (main=0.2543 aux=0.0000)  train_acc=0.9049  grad_norm=0  val_acc=0.7419  val_f1=0.6496  (n=62, skip=0)
  -> рання зупинка: 8 епох без покращення val_f1

=== ФІНАЛЬНИЙ TEST (найкращий за val_f1=0.6691, epoch=7) ===
test_acc=0.6628  test_f1=0.6503  (n=86, skip=0)

Порівняй ці test_acc/test_f1 з рядками cheap-only / expensive-only у таблиці документа проєкту -- це і є число для рядка 'наш DTFD-ASMIL v2.5 (Tier1.5)'.
