train=389  val=62  test=86
/home/root_server/.local/lib/python3.11/site-packages/torch/cuda/__init__.py:716: UserWarning: Can't initialize NVML
  warnings.warn("Can't initialize NVML")
Tier1_5Module: 1,110,411 тренованих параметрів (context_mode=attn); Tier1 заморожений
Tier2 РОЗМОРОЖЕНО: 594,323 тренованих параметрів, lr=1e-05
epoch   1  loss=0.4330 (main=0.4330 aux=0.0000)  train_acc=0.8458  grad_norm=0  val_acc=0.7097  val_f1=0.6269  (n=62, skip=0)
  -> новий найкращий val_f1=0.6269, збережено у ckpt/bracs_ctrl_seed8/checkpoint-best.pth
epoch   2  loss=0.4146 (main=0.4146 aux=0.0000)  train_acc=0.8432  grad_norm=0  val_acc=0.7097  val_f1=0.6269  (n=62, skip=0)
epoch   3  loss=0.3973 (main=0.3973 aux=0.0000)  train_acc=0.8535  grad_norm=0  val_acc=0.7097  val_f1=0.6269  (n=62, skip=0)
epoch   4  loss=0.3906 (main=0.3906 aux=0.0000)  train_acc=0.8612  grad_norm=0  val_acc=0.7419  val_f1=0.6503  (n=62, skip=0)
  -> новий найкращий val_f1=0.6503, збережено у ckpt/bracs_ctrl_seed8/checkpoint-best.pth
epoch   5  loss=0.3841 (main=0.3841 aux=0.0000)  train_acc=0.8560  grad_norm=0  val_acc=0.7419  val_f1=0.6503  (n=62, skip=0)
epoch   6  loss=0.3845 (main=0.3845 aux=0.0000)  train_acc=0.8638  grad_norm=0  val_acc=0.7419  val_f1=0.6503  (n=62, skip=0)
epoch   7  loss=0.3861 (main=0.3861 aux=0.0000)  train_acc=0.8535  grad_norm=0  val_acc=0.7419  val_f1=0.6503  (n=62, skip=0)
epoch   8  loss=0.3767 (main=0.3767 aux=0.0000)  train_acc=0.8509  grad_norm=0  val_acc=0.7419  val_f1=0.6503  (n=62, skip=0)
epoch   9  loss=0.3700 (main=0.3700 aux=0.0000)  train_acc=0.8535  grad_norm=0  val_acc=0.7419  val_f1=0.6503  (n=62, skip=0)
epoch  10  loss=0.3658 (main=0.3658 aux=0.0000)  train_acc=0.8663  grad_norm=0  val_acc=0.7419  val_f1=0.6503  (n=62, skip=0)
epoch  11  loss=0.3683 (main=0.3683 aux=0.0000)  train_acc=0.8663  grad_norm=0  val_acc=0.7419  val_f1=0.6503  (n=62, skip=0)
epoch  12  loss=0.3626 (main=0.3626 aux=0.0000)  train_acc=0.8689  grad_norm=0  val_acc=0.7419  val_f1=0.6496  (n=62, skip=0)
  -> рання зупинка: 8 епох без покращення val_f1

=== ФІНАЛЬНИЙ TEST (найкращий за val_f1=0.6503, epoch=4) ===
test_acc=0.7209  test_f1=0.7028  (n=86, skip=0)

Порівняй ці test_acc/test_f1 з рядками cheap-only / expensive-only у таблиці документа проєкту -- це і є число для рядка 'наш DTFD-ASMIL v2.5 (Tier1.5)'.
