wandb: Tracking run with wandb version 0.28.0
wandb: W&B syncing is set to `offline` in this directory. Run `wandb online` or set WANDB_MODE=online to enable cloud syncing.
wandb: Run data is saved locally in /data/bohatyrenko1/EXPERIMENTS_2/Hi-MoE_MIL/wandb/offline-run-20260927_071736-05uw28cu
wandb: View this run in the terminal with `wandb leet`
Used config (DTFD-ASMIL v2):
{'B': 1,
 'D_feat': 384,
 'D_inner': 128,
 'M': None,
 'ckpt_dir': 'ckpt/bracs_dtfd_v2_seed6',
 'config': 'config/bracs_vits_dino_config_100ep.yml',
 'dataset': 'bracs',
 'lr': 0.0001,
 'min_lr': 1e-06,
 'n_class': 3,
 'n_token': 8,
 'n_worker': 4,
 'pin_memory': True,
 'pretrain': 'medical_ssl',
 'seed': 6,
 'splits_dir': '/home/root_server/bohatyrenko/BRACS/splits',
 'test_dir': '/data/bohatyrenko1/features_vits_dino_bracs',
 'tier1_weight': 0.1,
 'tier2_D_inner': None,
 'tier2_n_heads': 4,
 'train_dir': '/data/bohatyrenko1/features_vits_dino_bracs',
 'train_epoch': 30,
 'wandb_mode': 'offline',
 'warmup_epoch': 0,
 'wd': 1e-05}
M (псевдо-bags) = 8, tier1_weight = 0.1
Class weights: [0.6582064032554626, 2.4935896396636963, 0.9261904954910278]
Epoch: [0] [  0/389] eta: 0:04:21 lr: 0.000100 tier1_loss: 1.0668 (1.0668) tier2_loss: 1.2567 (1.2567) time: 0.6714 data: 0.1496 max mem: 167
Epoch: [0] [100/389] eta: 0:00:34 lr: 0.000100 tier1_loss: 0.4331 (0.9924) tier2_loss: 0.1177 (1.0539) time: 0.1112 data: 0.0001 max mem: 418
Epoch: [0] [200/389] eta: 0:00:21 lr: 0.000100 tier1_loss: 0.5613 (0.9694) tier2_loss: 0.1114 (1.0289) time: 0.1119 data: 0.0001 max mem: 418
Epoch: [0] [300/389] eta: 0:00:09 lr: 0.000100 tier1_loss: 0.2923 (0.9485) tier2_loss: 0.0936 (1.0375) time: 0.1059 data: 0.0001 max mem: 418
Epoch: [0] [388/389] eta: 0:00:00 lr: 0.000100 tier1_loss: 0.2575 (0.9394) tier2_loss: 0.1711 (1.0416) time: 0.0926 data: 0.0001 max mem: 418
Epoch: [0] Total time: 0:00:41 (41.5470 s / it)
Val [ 0/62] eta: 0:00:14 loss: 0.0553 (0.0553) acc1: 100.0000 (100.0000) time: 0.2286 data: 0.1272 max mem: 418
Val [61/62] eta: 0:00:00 loss: 0.0852 (1.6056) acc1: 100.0000 (50.0000) time: 0.0228 data: 0.0001 max mem: 418
Val Total time: 0:00:01 (1.8425 s / it)
* Acc@1 50.000 loss 1.606 auroc 0.711 f1_score 0.315
  per-class F1 (Val): {'benign': np.float32(0.659), 'atypical': np.float32(0.0), 'malignant': np.float32(0.286)}
  [DIAG] Tier1 сам по собі: acc=50.403 f1_macro=0.332
Test [ 0/86] eta: 0:00:13 loss: 0.0659 (0.0659) acc1: 100.0000 (100.0000) time: 0.1567 data: 0.1121 max mem: 418
Test [85/86] eta: 0:00:00 loss: 2.9852 (1.7502) acc1: 0.0000 (46.5116) time: 0.0238 data: 0.0001 max mem: 418
Test Total time: 0:00:02 (2.4990 s / it)
* Acc@1 46.512 loss 1.750 auroc 0.635 f1_score 0.344
  per-class F1 (Test): {'benign': np.float32(0.566), 'atypical': np.float32(0.0), 'malignant': np.float32(0.465)}
  [DIAG] Tier1 сам по собі: acc=48.983 f1_macro=0.375

Epoch: [1] [  0/389] eta: 0:01:24 lr: 0.000100 tier1_loss: 0.2413 (0.2413) tier2_loss: 0.2052 (0.2052) time: 0.2167 data: 0.0754 max mem: 418
Epoch: [1] [100/389] eta: 0:00:33 lr: 0.000100 tier1_loss: 0.2339 (0.8095) tier2_loss: 0.1741 (0.9576) time: 0.1161 data: 0.0001 max mem: 418
Epoch: [1] [200/389] eta: 0:00:21 lr: 0.000099 tier1_loss: 0.1730 (0.8340) tier2_loss: 0.1031 (0.9600) time: 0.1138 data: 0.0001 max mem: 418
Epoch: [1] [300/389] eta: 0:00:10 lr: 0.000099 tier1_loss: 0.1021 (0.8187) tier2_loss: 0.0922 (0.9543) time: 0.1156 data: 0.0001 max mem: 418
Epoch: [1] [388/389] eta: 0:00:00 lr: 0.000099 tier1_loss: 0.2637 (0.8771) tier2_loss: 0.3138 (0.9974) time: 0.1141 data: 0.0001 max mem: 418
Epoch: [1] Total time: 0:00:44 (44.4459 s / it)
Val [ 0/62] eta: 0:00:11 loss: 0.3144 (0.3144) acc1: 100.0000 (100.0000) time: 0.1914 data: 0.1376 max mem: 418
Val [61/62] eta: 0:00:00 loss: 0.5401 (0.9988) acc1: 100.0000 (64.5161) time: 0.0234 data: 0.0001 max mem: 418
Val Total time: 0:00:01 (1.8326 s / it)
* Acc@1 64.516 loss 0.999 auroc 0.752 f1_score 0.581
  per-class F1 (Val): {'benign': np.float32(0.788), 'atypical': np.float32(0.455), 'malignant': np.float32(0.5)}
  [DIAG] Tier1 сам по собі: acc=63.710 f1_macro=0.467
Test [ 0/86] eta: 0:00:12 loss: 0.9389 (0.9389) acc1: 0.0000 (0.0000) time: 0.1448 data: 0.1070 max mem: 418
Test [85/86] eta: 0:00:00 loss: 0.9158 (1.1016) acc1: 100.0000 (59.3023) time: 0.0245 data: 0.0001 max mem: 418
Test Total time: 0:00:02 (2.5425 s / it)
* Acc@1 59.302 loss 1.102 auroc 0.712 f1_score 0.568
  per-class F1 (Test): {'benign': np.float32(0.602), 'atypical': np.float32(0.412), 'malignant': np.float32(0.691)}
  [DIAG] Tier1 сам по собі: acc=54.215 f1_macro=0.417

Epoch: [2] [  0/389] eta: 0:01:18 lr: 0.000099 tier1_loss: 0.1732 (0.1732) tier2_loss: 0.0631 (0.0631) time: 0.2021 data: 0.0798 max mem: 418
Epoch: [2] [100/389] eta: 0:00:30 lr: 0.000099 tier1_loss: 0.0967 (0.8391) tier2_loss: 0.0870 (0.9216) time: 0.1021 data: 0.0001 max mem: 418
Epoch: [2] [200/389] eta: 0:00:20 lr: 0.000098 tier1_loss: 0.0943 (0.8705) tier2_loss: 0.1284 (0.9206) time: 0.1109 data: 0.0001 max mem: 418
Epoch: [2] [300/389] eta: 0:00:09 lr: 0.000098 tier1_loss: 0.7541 (0.8825) tier2_loss: 0.7845 (0.9392) time: 0.1102 data: 0.0001 max mem: 418
Epoch: [2] [388/389] eta: 0:00:00 lr: 0.000098 tier1_loss: 0.1858 (0.8529) tier2_loss: 0.1628 (0.9262) time: 0.1096 data: 0.0001 max mem: 418
Epoch: [2] Total time: 0:00:42 (42.1170 s / it)
Val [ 0/62] eta: 0:00:11 loss: 0.3246 (0.3246) acc1: 100.0000 (100.0000) time: 0.1864 data: 0.1405 max mem: 418
Val [61/62] eta: 0:00:00 loss: 0.5588 (1.1999) acc1: 100.0000 (66.1290) time: 0.0235 data: 0.0001 max mem: 418
Val Total time: 0:00:01 (1.9114 s / it)
* Acc@1 66.129 loss 1.200 auroc 0.661 f1_score 0.489
  per-class F1 (Val): {'benign': np.float32(0.867), 'atypical': np.float32(0.0), 'malignant': np.float32(0.6)}
  [DIAG] Tier1 сам по собі: acc=61.492 f1_macro=0.462
Test [ 0/86] eta: 0:00:13 loss: 1.3700 (1.3700) acc1: 0.0000 (0.0000) time: 0.1619 data: 0.1044 max mem: 418
Test [85/86] eta: 0:00:00 loss: 1.7025 (1.1600) acc1: 0.0000 (56.9767) time: 0.0238 data: 0.0001 max mem: 418
Test Total time: 0:00:02 (2.4778 s / it)
* Acc@1 56.977 loss 1.160 auroc 0.731 f1_score 0.439
  per-class F1 (Test): {'benign': np.float32(0.641), 'atypical': np.float32(0.0), 'malignant': np.float32(0.676)}
  [DIAG] Tier1 сам по собі: acc=54.506 f1_macro=0.419

Epoch: [3] [  0/389] eta: 0:01:33 lr: 0.000098 tier1_loss: 0.3257 (0.3257) tier2_loss: 0.2638 (0.2638) time: 0.2415 data: 0.0990 max mem: 418
Epoch: [3] [100/389] eta: 0:00:33 lr: 0.000097 tier1_loss: 0.0747 (0.8063) tier2_loss: 0.0819 (0.8198) time: 0.1105 data: 0.0001 max mem: 418
Epoch: [3] [200/389] eta: 0:00:21 lr: 0.000097 tier1_loss: 0.4444 (0.8666) tier2_loss: 0.1316 (0.9484) time: 0.1138 data: 0.0001 max mem: 418
Epoch: [3] [300/389] eta: 0:00:10 lr: 0.000096 tier1_loss: 0.0634 (0.8005) tier2_loss: 0.0675 (0.8667) time: 0.1205 data: 0.0001 max mem: 418
Epoch: [3] [388/389] eta: 0:00:00 lr: 0.000096 tier1_loss: 0.0493 (0.7597) tier2_loss: 0.0308 (0.8217) time: 0.1163 data: 0.0001 max mem: 418
Epoch: [3] Total time: 0:00:45 (45.2548 s / it)
Val [ 0/62] eta: 0:00:11 loss: 0.0250 (0.0250) acc1: 100.0000 (100.0000) time: 0.1878 data: 0.1358 max mem: 418
Val [61/62] eta: 0:00:00 loss: 0.0417 (1.8405) acc1: 100.0000 (54.8387) time: 0.0246 data: 0.0001 max mem: 418
Val Total time: 0:00:01 (1.9307 s / it)
* Acc@1 54.839 loss 1.840 auroc 0.719 f1_score 0.416
  per-class F1 (Val): {'benign': np.float32(0.684), 'atypical': np.float32(0.125), 'malignant': np.float32(0.438)}
  [DIAG] Tier1 сам по собі: acc=54.234 f1_macro=0.373
Test [ 0/86] eta: 0:00:17 loss: 0.0637 (0.0637) acc1: 100.0000 (100.0000) time: 0.1984 data: 0.1503 max mem: 418
Test [85/86] eta: 0:00:00 loss: 2.6039 (1.7975) acc1: 0.0000 (52.3256) time: 0.0257 data: 0.0001 max mem: 418
Test Total time: 0:00:02 (2.6281 s / it)
* Acc@1 52.326 loss 1.798 auroc 0.700 f1_score 0.412
  per-class F1 (Test): {'benign': np.float32(0.583), 'atypical': np.float32(0.0), 'malignant': np.float32(0.654)}
  [DIAG] Tier1 сам по собі: acc=52.180 f1_macro=0.405

Epoch: [4] [  0/389] eta: 0:02:07 lr: 0.000096 tier1_loss: 3.4571 (3.4571) tier2_loss: 3.8489 (3.8489) time: 0.3268 data: 0.1761 max mem: 418
Epoch: [4] [100/389] eta: 0:00:31 lr: 0.000095 tier1_loss: 0.1276 (0.7829) tier2_loss: 0.0429 (0.7965) time: 0.0945 data: 0.0001 max mem: 418
Epoch: [4] [200/389] eta: 0:00:18 lr: 0.000095 tier1_loss: 0.0311 (0.7447) tier2_loss: 0.0365 (0.7735) time: 0.0960 data: 0.0001 max mem: 418
Epoch: [4] [300/389] eta: 0:00:09 lr: 0.000094 tier1_loss: 0.1113 (0.7458) tier2_loss: 0.0439 (0.7838) time: 0.1062 data: 0.0001 max mem: 418
Epoch: [4] [388/389] eta: 0:00:00 lr: 0.000093 tier1_loss: 0.0639 (0.7588) tier2_loss: 0.0457 (0.8025) time: 0.1060 data: 0.0001 max mem: 418
Epoch: [4] Total time: 0:00:40 (40.4472 s / it)
Val [ 0/62] eta: 0:00:11 loss: 0.5432 (0.5432) acc1: 100.0000 (100.0000) time: 0.1850 data: 0.1385 max mem: 418
Val [61/62] eta: 0:00:00 loss: 0.0409 (1.1545) acc1: 100.0000 (61.2903) time: 0.0231 data: 0.0001 max mem: 418
Val Total time: 0:00:01 (1.8326 s / it)
* Acc@1 61.290 loss 1.154 auroc 0.767 f1_score 0.511
  per-class F1 (Val): {'benign': np.float32(0.794), 'atypical': np.float32(0.19), 'malignant': np.float32(0.55)}
  [DIAG] Tier1 сам по собі: acc=59.073 f1_macro=0.446
Test [ 0/86] eta: 0:00:12 loss: 0.0846 (0.0846) acc1: 100.0000 (100.0000) time: 0.1490 data: 0.1060 max mem: 418
Test [85/86] eta: 0:00:00 loss: 1.9630 (1.1293) acc1: 0.0000 (62.7907) time: 0.0237 data: 0.0001 max mem: 418
Test Total time: 0:00:02 (2.4385 s / it)
* Acc@1 62.791 loss 1.129 auroc 0.810 f1_score 0.551
  per-class F1 (Test): {'benign': np.float32(0.7), 'atypical': np.float32(0.188), 'malignant': np.float32(0.767)}
  [DIAG] Tier1 сам по собі: acc=59.157 f1_macro=0.490

Epoch: [5] [  0/389] eta: 0:01:27 lr: 0.000093 tier1_loss: 3.0452 (3.0452) tier2_loss: 1.1324 (1.1324) time: 0.2261 data: 0.0939 max mem: 418
Epoch: [5] [100/389] eta: 0:00:33 lr: 0.000093 tier1_loss: 0.0397 (0.6097) tier2_loss: 0.0252 (0.6786) time: 0.1154 data: 0.0001 max mem: 418
Epoch: [5] [200/389] eta: 0:00:20 lr: 0.000092 tier1_loss: 0.0415 (0.6317) tier2_loss: 0.0329 (0.7592) time: 0.1078 data: 0.0001 max mem: 418
Epoch: [5] [300/389] eta: 0:00:10 lr: 0.000091 tier1_loss: 0.0213 (0.6325) tier2_loss: 0.0257 (0.7306) time: 0.1172 data: 0.0001 max mem: 418
Epoch: [5] [388/389] eta: 0:00:00 lr: 0.000091 tier1_loss: 0.0905 (0.6474) tier2_loss: 0.0824 (0.7452) time: 0.1024 data: 0.0001 max mem: 418
Epoch: [5] Total time: 0:00:43 (43.1846 s / it)
Val [ 0/62] eta: 0:00:14 loss: 2.2837 (2.2837) acc1: 0.0000 (0.0000) time: 0.2349 data: 0.1464 max mem: 418
Val [61/62] eta: 0:00:00 loss: 0.1420 (0.9909) acc1: 100.0000 (64.5161) time: 0.0232 data: 0.0001 max mem: 418
Val Total time: 0:00:01 (1.9394 s / it)
* Acc@1 64.516 loss 0.991 auroc 0.768 f1_score 0.524
  per-class F1 (Val): {'benign': np.float32(0.821), 'atypical': np.float32(0.111), 'malignant': np.float32(0.64)}
  [DIAG] Tier1 сам по собі: acc=70.363 f1_macro=0.579
Test [ 0/86] eta: 0:00:13 loss: 0.4626 (0.4626) acc1: 100.0000 (100.0000) time: 0.1604 data: 0.1227 max mem: 418
Test [85/86] eta: 0:00:00 loss: 0.9839 (0.8290) acc1: 0.0000 (70.9302) time: 0.0237 data: 0.0001 max mem: 418
Test Total time: 0:00:02 (2.4917 s / it)
* Acc@1 70.930 loss 0.829 auroc 0.829 f1_score 0.675
  per-class F1 (Test): {'benign': np.float32(0.758), 'atypical': np.float32(0.45), 'malignant': np.float32(0.818)}
  [DIAG] Tier1 сам по собі: acc=63.953 f1_macro=0.510

Epoch: [6] [  0/389] eta: 0:01:36 lr: 0.000091 tier1_loss: 0.1518 (0.1518) tier2_loss: 0.1849 (0.1849) time: 0.2487 data: 0.1004 max mem: 418
Epoch: [6] [100/389] eta: 0:00:33 lr: 0.000090 tier1_loss: 0.2591 (0.8274) tier2_loss: 0.1830 (0.8612) time: 0.1193 data: 0.0001 max mem: 418
Epoch: [6] [200/389] eta: 0:00:22 lr: 0.000089 tier1_loss: 0.0243 (0.6885) tier2_loss: 0.0179 (0.7461) time: 0.1165 data: 0.0001 max mem: 418
Epoch: [6] [300/389] eta: 0:00:10 lr: 0.000088 tier1_loss: 0.0259 (0.6128) tier2_loss: 0.0142 (0.6557) time: 0.1023 data: 0.0001 max mem: 418
Epoch: [6] [388/389] eta: 0:00:00 lr: 0.000087 tier1_loss: 0.0142 (0.5962) tier2_loss: 0.0097 (0.6341) time: 0.0995 data: 0.0001 max mem: 418
Epoch: [6] Total time: 0:00:43 (43.8261 s / it)
Val [ 0/62] eta: 0:00:11 loss: 5.6977 (5.6977) acc1: 0.0000 (0.0000) time: 0.1916 data: 0.1428 max mem: 418
Val [61/62] eta: 0:00:00 loss: 0.0199 (1.2797) acc1: 100.0000 (64.5161) time: 0.0251 data: 0.0001 max mem: 418
Val Total time: 0:00:01 (1.8576 s / it)
* Acc@1 64.516 loss 1.280 auroc 0.790 f1_score 0.549
  per-class F1 (Val): {'benign': np.float32(0.772), 'atypical': np.float32(0.235), 'malignant': np.float32(0.64)}
  [DIAG] Tier1 сам по собі: acc=65.121 f1_macro=0.486
Test [ 0/86] eta: 0:00:13 loss: 2.3064 (2.3064) acc1: 0.0000 (0.0000) time: 0.1524 data: 0.1123 max mem: 418
Test [85/86] eta: 0:00:00 loss: 1.6911 (1.2960) acc1: 0.0000 (62.7907) time: 0.0253 data: 0.0001 max mem: 418
Test Total time: 0:00:02 (2.5335 s / it)
* Acc@1 62.791 loss 1.296 auroc 0.815 f1_score 0.514
  per-class F1 (Test): {'benign': np.float32(0.746), 'atypical': np.float32(0.074), 'malignant': np.float32(0.721)}
  [DIAG] Tier1 сам по собі: acc=63.081 f1_macro=0.486

Epoch: [7] [  0/389] eta: 0:01:40 lr: 0.000087 tier1_loss: 0.6869 (0.6869) tier2_loss: 1.2006 (1.2006) time: 0.2589 data: 0.1277 max mem: 418
Epoch: [7] [100/389] eta: 0:00:36 lr: 0.000086 tier1_loss: 0.0149 (0.4054) tier2_loss: 0.0085 (0.4273) time: 0.1193 data: 0.0001 max mem: 418
Epoch: [7] [200/389] eta: 0:00:22 lr: 0.000085 tier1_loss: 0.0108 (0.4611) tier2_loss: 0.0060 (0.4717) time: 0.1104 data: 0.0001 max mem: 418
Epoch: [7] [300/389] eta: 0:00:10 lr: 0.000084 tier1_loss: 0.0199 (0.5394) tier2_loss: 0.0188 (0.5580) time: 0.1088 data: 0.0001 max mem: 418
Epoch: [7] [388/389] eta: 0:00:00 lr: 0.000084 tier1_loss: 0.0335 (0.5792) tier2_loss: 0.0235 (0.6098) time: 0.1024 data: 0.0001 max mem: 418
Epoch: [7] Total time: 0:00:44 (44.1349 s / it)
Val [ 0/62] eta: 0:00:12 loss: 4.8829 (4.8829) acc1: 0.0000 (0.0000) time: 0.2067 data: 0.1490 max mem: 418
Val [61/62] eta: 0:00:00 loss: 0.0379 (1.2989) acc1: 100.0000 (69.3548) time: 0.0234 data: 0.0000 max mem: 418
Val Total time: 0:00:01 (1.8961 s / it)
* Acc@1 69.355 loss 1.299 auroc 0.760 f1_score 0.584
  per-class F1 (Val): {'benign': np.float32(0.82), 'atypical': np.float32(0.25), 'malignant': np.float32(0.681)}
  [DIAG] Tier1 сам по собі: acc=66.532 f1_macro=0.536
Test [ 0/86] eta: 0:00:14 loss: 1.6569 (1.6569) acc1: 0.0000 (0.0000) time: 0.1697 data: 0.1285 max mem: 418
Test [85/86] eta: 0:00:00 loss: 0.9632 (0.9982) acc1: 0.0000 (69.7674) time: 0.0329 data: 0.0001 max mem: 418
Test Total time: 0:00:03 (3.2296 s / it)
* Acc@1 69.767 loss 0.998 auroc 0.836 f1_score 0.648
  per-class F1 (Test): {'benign': np.float32(0.762), 'atypical': np.float32(0.389), 'malignant': np.float32(0.795)}
  [DIAG] Tier1 сам по собі: acc=67.733 f1_macro=0.609

Epoch: [8] [  0/389] eta: 0:01:45 lr: 0.000084 tier1_loss: 0.0170 (0.0170) tier2_loss: 0.0160 (0.0160) time: 0.2721 data: 0.1120 max mem: 418
Epoch: [8] [100/389] eta: 0:00:35 lr: 0.000083 tier1_loss: 0.0420 (0.4049) tier2_loss: 0.0168 (0.4174) time: 0.1419 data: 0.0001 max mem: 418
Epoch: [8] [200/389] eta: 0:00:23 lr: 0.000082 tier1_loss: 0.0143 (0.4439) tier2_loss: 0.0163 (0.4735) time: 0.1226 data: 0.0001 max mem: 418
Epoch: [8] [300/389] eta: 0:00:10 lr: 0.000081 tier1_loss: 0.0416 (0.4988) tier2_loss: 0.0675 (0.5198) time: 0.1113 data: 0.0001 max mem: 418
Epoch: [8] [388/389] eta: 0:00:00 lr: 0.000080 tier1_loss: 0.1603 (0.5540) tier2_loss: 0.0324 (0.5641) time: 0.0817 data: 0.0001 max mem: 418
Epoch: [8] Total time: 0:00:43 (43.4024 s / it)
Val [ 0/62] eta: 0:00:12 loss: 4.3913 (4.3913) acc1: 0.0000 (0.0000) time: 0.2076 data: 0.1505 max mem: 418
Val [61/62] eta: 0:00:00 loss: 0.0664 (0.9894) acc1: 100.0000 (72.5806) time: 0.0236 data: 0.0001 max mem: 418
Val Total time: 0:00:01 (1.9185 s / it)
* Acc@1 72.581 loss 0.989 auroc 0.794 f1_score 0.614
  per-class F1 (Val): {'benign': np.float32(0.852), 'atypical': np.float32(0.222), 'malignant': np.float32(0.769)}
  [DIAG] Tier1 сам по собі: acc=74.395 f1_macro=0.637
Test [ 0/86] eta: 0:00:12 loss: 2.7817 (2.7817) acc1: 0.0000 (0.0000) time: 0.1498 data: 0.1088 max mem: 418
Test [85/86] eta: 0:00:00 loss: 0.6800 (0.9754) acc1: 0.0000 (70.9302) time: 0.0242 data: 0.0001 max mem: 418
Test Total time: 0:00:02 (2.4945 s / it)
* Acc@1 70.930 loss 0.975 auroc 0.847 f1_score 0.686
  per-class F1 (Test): {'benign': np.float32(0.759), 'atypical': np.float32(0.5), 'malignant': np.float32(0.8)}
  [DIAG] Tier1 сам по собі: acc=68.895 f1_macro=0.642

Epoch: [9] [  0/389] eta: 0:01:32 lr: 0.000080 tier1_loss: 0.1460 (0.1460) tier2_loss: 0.0977 (0.0977) time: 0.2373 data: 0.1010 max mem: 418
Epoch: [9] [100/389] eta: 0:00:31 lr: 0.000079 tier1_loss: 0.0149 (0.6214) tier2_loss: 0.0138 (0.7315) time: 0.1017 data: 0.0001 max mem: 418
Epoch: [9] [200/389] eta: 0:00:21 lr: 0.000077 tier1_loss: 0.0119 (0.5140) tier2_loss: 0.0112 (0.5582) time: 0.1212 data: 0.0001 max mem: 418
Epoch: [9] [300/389] eta: 0:00:10 lr: 0.000076 tier1_loss: 0.0148 (0.5094) tier2_loss: 0.0183 (0.5527) time: 0.1064 data: 0.0001 max mem: 418
Epoch: [9] [388/389] eta: 0:00:00 lr: 0.000075 tier1_loss: 0.1627 (0.5388) tier2_loss: 0.0598 (0.5914) time: 0.1089 data: 0.0001 max mem: 418
Epoch: [9] Total time: 0:00:44 (44.6600 s / it)
Val [ 0/62] eta: 0:00:12 loss: 4.4575 (4.4575) acc1: 0.0000 (0.0000) time: 0.1949 data: 0.1376 max mem: 418
Val [61/62] eta: 0:00:00 loss: 0.0782 (1.0301) acc1: 100.0000 (74.1935) time: 0.0238 data: 0.0001 max mem: 418
Val Total time: 0:00:01 (1.9640 s / it)
* Acc@1 74.194 loss 1.030 auroc 0.763 f1_score 0.625
  per-class F1 (Val): {'benign': np.float32(0.857), 'atypical': np.float32(0.25), 'malignant': np.float32(0.769)}
  [DIAG] Tier1 сам по собі: acc=74.395 f1_macro=0.623
Test [ 0/86] eta: 0:00:13 loss: 1.5974 (1.5974) acc1: 0.0000 (0.0000) time: 0.1585 data: 0.1184 max mem: 418
Test [85/86] eta: 0:00:00 loss: 1.9774 (1.0820) acc1: 0.0000 (61.6279) time: 0.0270 data: 0.0001 max mem: 418
Test Total time: 0:00:02 (2.6656 s / it)
* Acc@1 61.628 loss 1.082 auroc 0.830 f1_score 0.509
  per-class F1 (Test): {'benign': np.float32(0.712), 'atypical': np.float32(0.067), 'malignant': np.float32(0.747)}
  [DIAG] Tier1 сам по собі: acc=65.988 f1_macro=0.549

Epoch: [10] [  0/389] eta: 0:01:49 lr: 0.000075 tier1_loss: 0.0050 (0.0050) tier2_loss: 0.0080 (0.0080) time: 0.2828 data: 0.1241 max mem: 418
Epoch: [10] [100/389] eta: 0:00:35 lr: 0.000074 tier1_loss: 0.0109 (0.3576) tier2_loss: 0.0070 (0.3911) time: 0.1083 data: 0.0001 max mem: 418
Epoch: [10] [200/389] eta: 0:00:21 lr: 0.000073 tier1_loss: 0.0175 (0.4993) tier2_loss: 0.0185 (0.5369) time: 0.1162 data: 0.0001 max mem: 418
Epoch: [10] [300/389] eta: 0:00:10 lr: 0.000072 tier1_loss: 0.0177 (0.5044) tier2_loss: 0.0117 (0.5301) time: 0.1074 data: 0.0001 max mem: 418
Epoch: [10] [388/389] eta: 0:00:00 lr: 0.000071 tier1_loss: 0.0222 (0.5147) tier2_loss: 0.0137 (0.5479) time: 0.1000 data: 0.0001 max mem: 418
Epoch: [10] Total time: 0:00:43 (43.3410 s / it)
Val [ 0/62] eta: 0:00:10 loss: 4.6013 (4.6013) acc1: 0.0000 (0.0000) time: 0.1718 data: 0.1358 max mem: 418
Val [61/62] eta: 0:00:00 loss: 0.0406 (1.2604) acc1: 100.0000 (67.7419) time: 0.0220 data: 0.0001 max mem: 418
Val Total time: 0:00:01 (1.7932 s / it)
* Acc@1 67.742 loss 1.260 auroc 0.780 f1_score 0.573
  per-class F1 (Val): {'benign': np.float32(0.8), 'atypical': np.float32(0.222), 'malignant': np.float32(0.696)}
  [DIAG] Tier1 сам по собі: acc=70.565 f1_macro=0.595
Test [ 0/86] eta: 0:00:14 loss: 0.5773 (0.5773) acc1: 100.0000 (100.0000) time: 0.1696 data: 0.1197 max mem: 418
Test [85/86] eta: 0:00:00 loss: 1.0102 (1.0762) acc1: 0.0000 (68.6047) time: 0.0239 data: 0.0001 max mem: 418
Test Total time: 0:00:02 (2.5178 s / it)
* Acc@1 68.605 loss 1.076 auroc 0.839 f1_score 0.629
  per-class F1 (Test): {'benign': np.float32(0.754), 'atypical': np.float32(0.343), 'malignant': np.float32(0.789)}
  [DIAG] Tier1 сам по собі: acc=66.424 f1_macro=0.583

Epoch: [11] [  0/389] eta: 0:01:48 lr: 0.000071 tier1_loss: 0.0038 (0.0038) tier2_loss: 0.0064 (0.0064) time: 0.2791 data: 0.1122 max mem: 418
Epoch: [11] [100/389] eta: 0:00:33 lr: 0.000069 tier1_loss: 0.0167 (0.4249) tier2_loss: 0.0116 (0.5015) time: 0.1041 data: 0.0001 max mem: 418
Epoch: [11] [200/389] eta: 0:00:21 lr: 0.000068 tier1_loss: 0.0278 (0.4473) tier2_loss: 0.0086 (0.4811) time: 0.1025 data: 0.0001 max mem: 418
Epoch: [11] [300/389] eta: 0:00:10 lr: 0.000067 tier1_loss: 0.0200 (0.4844) tier2_loss: 0.0180 (0.5542) time: 0.1119 data: 0.0001 max mem: 418
Epoch: [11] [388/389] eta: 0:00:00 lr: 0.000066 tier1_loss: 0.0155 (0.4735) tier2_loss: 0.0109 (0.5378) time: 0.1093 data: 0.0001 max mem: 418
Epoch: [11] Total time: 0:00:44 (44.7333 s / it)
Val [ 0/62] eta: 0:00:12 loss: 4.2592 (4.2592) acc1: 0.0000 (0.0000) time: 0.1962 data: 0.1393 max mem: 418
Val [61/62] eta: 0:00:00 loss: 0.0099 (1.4509) acc1: 100.0000 (61.2903) time: 0.0225 data: 0.0001 max mem: 418
Val Total time: 0:00:01 (1.8505 s / it)
* Acc@1 61.290 loss 1.451 auroc 0.836 f1_score 0.494
  per-class F1 (Val): {'benign': np.float32(0.781), 'atypical': np.float32(0.1), 'malignant': np.float32(0.6)}
  [DIAG] Tier1 сам по собі: acc=64.113 f1_macro=0.513
Test [ 0/86] eta: 0:00:13 loss: 0.2088 (0.2088) acc1: 100.0000 (100.0000) time: 0.1529 data: 0.1165 max mem: 418
Test [85/86] eta: 0:00:00 loss: 0.3244 (1.1455) acc1: 0.0000 (66.2791) time: 0.0237 data: 0.0001 max mem: 418
Test Total time: 0:00:02 (2.4311 s / it)
* Acc@1 66.279 loss 1.145 auroc 0.841 f1_score 0.636
  per-class F1 (Test): {'benign': np.float32(0.746), 'atypical': np.float32(0.419), 'malignant': np.float32(0.742)}
  [DIAG] Tier1 сам по собі: acc=66.570 f1_macro=0.611

Epoch: [12] [  0/389] eta: 0:01:33 lr: 0.000066 tier1_loss: 0.0062 (0.0062) tier2_loss: 0.0066 (0.0066) time: 0.2407 data: 0.1132 max mem: 418
Epoch: [12] [100/389] eta: 0:00:31 lr: 0.000065 tier1_loss: 0.0521 (0.5183) tier2_loss: 0.0125 (0.5656) time: 0.1157 data: 0.0001 max mem: 418
Epoch: [12] [200/389] eta: 0:00:21 lr: 0.000063 tier1_loss: 0.0160 (0.4437) tier2_loss: 0.0046 (0.5059) time: 0.1090 data: 0.0001 max mem: 418
Epoch: [12] [300/389] eta: 0:00:09 lr: 0.000062 tier1_loss: 0.0118 (0.5616) tier2_loss: 0.0266 (0.6204) time: 0.1069 data: 0.0001 max mem: 418
Epoch: [12] [388/389] eta: 0:00:00 lr: 0.000061 tier1_loss: 0.0099 (0.5051) tier2_loss: 0.0073 (0.5530) time: 0.1006 data: 0.0001 max mem: 418
Epoch: [12] Total time: 0:00:42 (42.6778 s / it)
Val [ 0/62] eta: 0:00:13 loss: 4.6320 (4.6320) acc1: 0.0000 (0.0000) time: 0.2190 data: 0.1446 max mem: 418
Val [61/62] eta: 0:00:00 loss: 0.0149 (1.5631) acc1: 100.0000 (61.2903) time: 0.0235 data: 0.0001 max mem: 418
Val Total time: 0:00:01 (1.8645 s / it)
* Acc@1 61.290 loss 1.563 auroc 0.757 f1_score 0.493
  per-class F1 (Val): {'benign': np.float32(0.794), 'atypical': np.float32(0.1), 'malignant': np.float32(0.585)}
  [DIAG] Tier1 сам по собі: acc=62.903 f1_macro=0.511
Test [ 0/86] eta: 0:00:14 loss: 0.0141 (0.0141) acc1: 100.0000 (100.0000) time: 0.1632 data: 0.1126 max mem: 418
Test [85/86] eta: 0:00:00 loss: 0.3300 (1.2564) acc1: 100.0000 (65.1163) time: 0.0247 data: 0.0001 max mem: 418
Test Total time: 0:00:02 (2.5963 s / it)
* Acc@1 65.116 loss 1.256 auroc 0.835 f1_score 0.627
  per-class F1 (Test): {'benign': np.float32(0.727), 'atypical': np.float32(0.4), 'malignant': np.float32(0.754)}
  [DIAG] Tier1 сам по собі: acc=64.826 f1_macro=0.599

Epoch: [13] [  0/389] eta: 0:01:33 lr: 0.000061 tier1_loss: 3.4067 (3.4067) tier2_loss: 4.6127 (4.6127) time: 0.2394 data: 0.1044 max mem: 418
Epoch: [13] [100/389] eta: 0:00:33 lr: 0.000059 tier1_loss: 0.0308 (0.5279) tier2_loss: 0.0212 (0.5205) time: 0.1131 data: 0.0001 max mem: 418
Epoch: [13] [200/389] eta: 0:00:20 lr: 0.000058 tier1_loss: 0.0139 (0.5011) tier2_loss: 0.0175 (0.5273) time: 0.1040 data: 0.0001 max mem: 418
Epoch: [13] [300/389] eta: 0:00:09 lr: 0.000057 tier1_loss: 0.0148 (0.5079) tier2_loss: 0.0140 (0.5209) time: 0.1064 data: 0.0001 max mem: 418
Epoch: [13] [388/389] eta: 0:00:00 lr: 0.000056 tier1_loss: 0.0787 (0.4887) tier2_loss: 0.0094 (0.5035) time: 0.1246 data: 0.0001 max mem: 418
Epoch: [13] Total time: 0:00:42 (42.7088 s / it)
Val [ 0/62] eta: 0:00:12 loss: 4.8523 (4.8523) acc1: 0.0000 (0.0000) time: 0.2083 data: 0.1435 max mem: 418
Val [61/62] eta: 0:00:00 loss: 0.0259 (1.2959) acc1: 0.0000 (62.9032) time: 0.0247 data: 0.0001 max mem: 418
Val Total time: 0:00:02 (2.4616 s / it)
* Acc@1 62.903 loss 1.296 auroc 0.792 f1_score 0.552
  per-class F1 (Val): {'benign': np.float32(0.808), 'atypical': np.float32(0.154), 'malignant': np.float32(0.696)}
  [DIAG] Tier1 сам по собі: acc=68.750 f1_macro=0.599
Test [ 0/86] eta: 0:00:14 loss: 3.2200 (3.2200) acc1: 0.0000 (0.0000) time: 0.1694 data: 0.1190 max mem: 418
Test [85/86] eta: 0:00:00 loss: 0.4994 (1.1554) acc1: 0.0000 (66.2791) time: 0.0243 data: 0.0001 max mem: 418
Test Total time: 0:00:02 (2.5514 s / it)
* Acc@1 66.279 loss 1.155 auroc 0.838 f1_score 0.647
  per-class F1 (Test): {'benign': np.float32(0.702), 'atypical': np.float32(0.44), 'malignant': np.float32(0.8)}
  [DIAG] Tier1 сам по собі: acc=66.424 f1_macro=0.642

Epoch: [14] [  0/389] eta: 0:01:23 lr: 0.000056 tier1_loss: 0.1862 (0.1862) tier2_loss: 0.0848 (0.0848) time: 0.2136 data: 0.1003 max mem: 418
Epoch: [14] [100/389] eta: 0:00:31 lr: 0.000054 tier1_loss: 0.0176 (0.5012) tier2_loss: 0.0199 (0.5722) time: 0.1064 data: 0.0001 max mem: 418
Epoch: [14] [200/389] eta: 0:00:20 lr: 0.000053 tier1_loss: 0.0154 (0.4508) tier2_loss: 0.0071 (0.4645) time: 0.1003 data: 0.0001 max mem: 418
Epoch: [14] [300/389] eta: 0:00:09 lr: 0.000052 tier1_loss: 0.0129 (0.3970) tier2_loss: 0.0049 (0.4129) time: 0.1318 data: 0.0001 max mem: 418
Epoch: [14] [388/389] eta: 0:00:00 lr: 0.000051 tier1_loss: 0.0117 (0.4140) tier2_loss: 0.0037 (0.4435) time: 0.1084 data: 0.0001 max mem: 418
Epoch: [14] Total time: 0:00:43 (43.1170 s / it)
Val [ 0/62] eta: 0:00:12 loss: 4.2938 (4.2938) acc1: 0.0000 (0.0000) time: 0.2018 data: 0.1509 max mem: 418
Val [61/62] eta: 0:00:00 loss: 0.0508 (1.4938) acc1: 100.0000 (61.2903) time: 0.0238 data: 0.0001 max mem: 418
Val Total time: 0:00:01 (1.9384 s / it)
* Acc@1 61.290 loss 1.494 auroc 0.763 f1_score 0.496
  per-class F1 (Val): {'benign': np.float32(0.794), 'atypical': np.float32(0.095), 'malignant': np.float32(0.6)}
  [DIAG] Tier1 сам по собі: acc=62.702 f1_macro=0.527
Test [ 0/86] eta: 0:00:14 loss: 0.0542 (0.0542) acc1: 100.0000 (100.0000) time: 0.1637 data: 0.1145 max mem: 418
Test [85/86] eta: 0:00:00 loss: 0.3645 (1.1204) acc1: 100.0000 (66.2791) time: 0.0249 data: 0.0001 max mem: 418
Test Total time: 0:00:02 (2.6232 s / it)
* Acc@1 66.279 loss 1.120 auroc 0.840 f1_score 0.636
  per-class F1 (Test): {'benign': np.float32(0.754), 'atypical': np.float32(0.409), 'malignant': np.float32(0.746)}
  [DIAG] Tier1 сам по собі: acc=67.006 f1_macro=0.642

Epoch: [15] [  0/389] eta: 0:01:48 lr: 0.000051 tier1_loss: 0.0107 (0.0107) tier2_loss: 0.0049 (0.0049) time: 0.2782 data: 0.1194 max mem: 418
Epoch: [15] [100/389] eta: 0:00:30 lr: 0.000049 tier1_loss: 0.0139 (0.2299) tier2_loss: 0.0044 (0.2063) time: 0.1062 data: 0.0001 max mem: 418
Epoch: [15] [200/389] eta: 0:00:20 lr: 0.000048 tier1_loss: 0.0066 (0.3617) tier2_loss: 0.0026 (0.3942) time: 0.1285 data: 0.0001 max mem: 418
Epoch: [15] [300/389] eta: 0:00:09 lr: 0.000047 tier1_loss: 0.0725 (0.3968) tier2_loss: 0.0088 (0.4143) time: 0.1104 data: 0.0001 max mem: 418
Epoch: [15] [388/389] eta: 0:00:00 lr: 0.000045 tier1_loss: 0.0111 (0.4303) tier2_loss: 0.0129 (0.4635) time: 0.1023 data: 0.0001 max mem: 418
Epoch: [15] Total time: 0:00:43 (43.2070 s / it)
Val [ 0/62] eta: 0:00:12 loss: 4.2974 (4.2974) acc1: 0.0000 (0.0000) time: 0.1992 data: 0.1417 max mem: 418
Val [61/62] eta: 0:00:00 loss: 0.0281 (1.5634) acc1: 100.0000 (62.9032) time: 0.0232 data: 0.0001 max mem: 418
Val Total time: 0:00:01 (1.9084 s / it)
* Acc@1 62.903 loss 1.563 auroc 0.762 f1_score 0.530
  per-class F1 (Val): {'benign': np.float32(0.794), 'atypical': np.float32(0.182), 'malignant': np.float32(0.615)}
  [DIAG] Tier1 сам по собі: acc=60.081 f1_macro=0.507
Test [ 0/86] eta: 0:00:13 loss: 0.0251 (0.0251) acc1: 100.0000 (100.0000) time: 0.1529 data: 0.1058 max mem: 418
Test [85/86] eta: 0:00:00 loss: 0.3366 (1.2537) acc1: 100.0000 (66.2791) time: 0.0233 data: 0.0001 max mem: 418
Test Total time: 0:00:02 (2.5124 s / it)
* Acc@1 66.279 loss 1.254 auroc 0.820 f1_score 0.636
  per-class F1 (Test): {'benign': np.float32(0.743), 'atypical': np.float32(0.419), 'malignant': np.float32(0.746)}
  [DIAG] Tier1 сам по собі: acc=65.698 f1_macro=0.628

Epoch: [16] [  0/389] eta: 0:01:43 lr: 0.000045 tier1_loss: 0.0141 (0.0141) tier2_loss: 0.0190 (0.0190) time: 0.2655 data: 0.1203 max mem: 418
Epoch: [16] [100/389] eta: 0:00:33 lr: 0.000044 tier1_loss: 0.0142 (0.3883) tier2_loss: 0.0041 (0.2975) time: 0.1380 data: 0.0001 max mem: 418
Epoch: [16] [200/389] eta: 0:00:20 lr: 0.000043 tier1_loss: 0.0147 (0.4154) tier2_loss: 0.0024 (0.3430) time: 0.0821 data: 0.0001 max mem: 418
Epoch: [16] [300/389] eta: 0:00:09 lr: 0.000041 tier1_loss: 0.0367 (0.4236) tier2_loss: 0.0135 (0.3880) time: 0.1167 data: 0.0001 max mem: 418
Epoch: [16] [388/389] eta: 0:00:00 lr: 0.000040 tier1_loss: 0.0289 (0.4219) tier2_loss: 0.0054 (0.4177) time: 0.1041 data: 0.0001 max mem: 418
Epoch: [16] Total time: 0:00:42 (42.8143 s / it)
Val [ 0/62] eta: 0:00:13 loss: 5.1615 (5.1615) acc1: 0.0000 (0.0000) time: 0.2168 data: 0.1527 max mem: 418
Val [61/62] eta: 0:00:00 loss: 0.0152 (1.4314) acc1: 100.0000 (59.6774) time: 0.0255 data: 0.0001 max mem: 418
Val Total time: 0:00:01 (1.9507 s / it)
* Acc@1 59.677 loss 1.431 auroc 0.801 f1_score 0.517
  per-class F1 (Val): {'benign': np.float32(0.774), 'atypical': np.float32(0.25), 'malignant': np.float32(0.526)}
  [DIAG] Tier1 сам по собі: acc=62.298 f1_macro=0.537
Test [ 0/86] eta: 0:00:17 loss: 0.3244 (0.3244) acc1: 100.0000 (100.0000) time: 0.2024 data: 0.1320 max mem: 418
Test [85/86] eta: 0:00:00 loss: 0.1558 (1.2189) acc1: 100.0000 (65.1163) time: 0.0340 data: 0.0001 max mem: 418
Test Total time: 0:00:03 (3.5409 s / it)
* Acc@1 65.116 loss 1.219 auroc 0.839 f1_score 0.631
  per-class F1 (Test): {'benign': np.float32(0.725), 'atypical': np.float32(0.444), 'malignant': np.float32(0.724)}
  [DIAG] Tier1 сам по собі: acc=66.424 f1_macro=0.636

Epoch: [17] [  0/389] eta: 0:02:02 lr: 0.000040 tier1_loss: 0.0135 (0.0135) tier2_loss: 0.0060 (0.0060) time: 0.3143 data: 0.1325 max mem: 418
Epoch: [17] [100/389] eta: 0:00:32 lr: 0.000039 tier1_loss: 0.0109 (0.2812) tier2_loss: 0.0028 (0.2567) time: 0.1063 data: 0.0001 max mem: 418
Epoch: [17] [200/389] eta: 0:00:20 lr: 0.000038 tier1_loss: 0.0139 (0.3602) tier2_loss: 0.0018 (0.3718) time: 0.1125 data: 0.0001 max mem: 418
Epoch: [17] [300/389] eta: 0:00:09 lr: 0.000036 tier1_loss: 0.0068 (0.3822) tier2_loss: 0.0032 (0.3998) time: 0.1002 data: 0.0001 max mem: 418
Epoch: [17] [388/389] eta: 0:00:00 lr: 0.000035 tier1_loss: 0.0212 (0.4112) tier2_loss: 0.0122 (0.4442) time: 0.1092 data: 0.0001 max mem: 418
Epoch: [17] Total time: 0:00:43 (43.3485 s / it)
Val [ 0/62] eta: 0:00:12 loss: 4.7238 (4.7238) acc1: 0.0000 (0.0000) time: 0.2038 data: 0.1428 max mem: 418
Val [61/62] eta: 0:00:00 loss: 0.0174 (1.4965) acc1: 100.0000 (66.1290) time: 0.0235 data: 0.0001 max mem: 418
Val Total time: 0:00:01 (1.9270 s / it)
* Acc@1 66.129 loss 1.497 auroc 0.779 f1_score 0.597
  per-class F1 (Val): {'benign': np.float32(0.828), 'atypical': np.float32(0.296), 'malignant': np.float32(0.667)}
  [DIAG] Tier1 сам по собі: acc=59.677 f1_macro=0.517
Test [ 0/86] eta: 0:00:14 loss: 0.0149 (0.0149) acc1: 100.0000 (100.0000) time: 0.1694 data: 0.1173 max mem: 418
Test [85/86] eta: 0:00:00 loss: 0.0620 (1.2530) acc1: 100.0000 (68.6047) time: 0.0255 data: 0.0005 max mem: 418
Test Total time: 0:00:02 (2.9892 s / it)
* Acc@1 68.605 loss 1.253 auroc 0.845 f1_score 0.669
  per-class F1 (Test): {'benign': np.float32(0.746), 'atypical': np.float32(0.468), 'malignant': np.float32(0.793)}
  [DIAG] Tier1 сам по собі: acc=67.006 f1_macro=0.651

Epoch: [18] [  0/389] eta: 0:02:09 lr: 0.000035 tier1_loss: 0.0789 (0.0789) tier2_loss: 0.0157 (0.0157) time: 0.3319 data: 0.1667 max mem: 418
Epoch: [18] [100/389] eta: 0:00:31 lr: 0.000034 tier1_loss: 0.0147 (0.4301) tier2_loss: 0.0044 (0.4115) time: 0.1031 data: 0.0001 max mem: 418
Epoch: [18] [200/389] eta: 0:00:20 lr: 0.000033 tier1_loss: 0.0155 (0.4333) tier2_loss: 0.0042 (0.4131) time: 0.1136 data: 0.0001 max mem: 418
Epoch: [18] [300/389] eta: 0:00:09 lr: 0.000031 tier1_loss: 0.0073 (0.4306) tier2_loss: 0.0013 (0.3974) time: 0.1089 data: 0.0001 max mem: 418
Epoch: [18] [388/389] eta: 0:00:00 lr: 0.000030 tier1_loss: 0.0079 (0.4029) tier2_loss: 0.0039 (0.3790) time: 0.1015 data: 0.0001 max mem: 418
Epoch: [18] Total time: 0:00:43 (43.7145 s / it)
Val [ 0/62] eta: 0:00:11 loss: 5.4159 (5.4159) acc1: 0.0000 (0.0000) time: 0.1844 data: 0.1342 max mem: 418
Val [61/62] eta: 0:00:00 loss: 0.0155 (1.4887) acc1: 100.0000 (67.7419) time: 0.0257 data: 0.0001 max mem: 418
Val Total time: 0:00:02 (2.0099 s / it)
* Acc@1 67.742 loss 1.489 auroc 0.776 f1_score 0.598
  per-class F1 (Val): {'benign': np.float32(0.857), 'atypical': np.float32(0.24), 'malignant': np.float32(0.698)}
  [DIAG] Tier1 сам по собі: acc=67.944 f1_macro=0.597
Test [ 0/86] eta: 0:00:15 loss: 0.0176 (0.0176) acc1: 100.0000 (100.0000) time: 0.1798 data: 0.1344 max mem: 418
Test [85/86] eta: 0:00:00 loss: 0.0634 (1.2808) acc1: 100.0000 (68.6047) time: 0.0268 data: 0.0001 max mem: 418
Test Total time: 0:00:02 (2.6315 s / it)
* Acc@1 68.605 loss 1.281 auroc 0.851 f1_score 0.669
  per-class F1 (Test): {'benign': np.float32(0.794), 'atypical': np.float32(0.458), 'malignant': np.float32(0.754)}
  [DIAG] Tier1 сам по собі: acc=68.605 f1_macro=0.665

Epoch: [19] [  0/389] eta: 0:01:59 lr: 0.000030 tier1_loss: 0.0119 (0.0119) tier2_loss: 0.0046 (0.0046) time: 0.3076 data: 0.1304 max mem: 418
Epoch: [19] [100/389] eta: 0:00:33 lr: 0.000029 tier1_loss: 0.0156 (0.2646) tier2_loss: 0.0041 (0.2945) time: 0.1198 data: 0.0001 max mem: 418
Epoch: [19] [200/389] eta: 0:00:21 lr: 0.000028 tier1_loss: 0.0430 (0.3657) tier2_loss: 0.0045 (0.3570) time: 0.1158 data: 0.0001 max mem: 418
Epoch: [19] [300/389] eta: 0:00:10 lr: 0.000027 tier1_loss: 0.0167 (0.3955) tier2_loss: 0.0054 (0.3799) time: 0.1179 data: 0.0001 max mem: 418
Epoch: [19] [388/389] eta: 0:00:00 lr: 0.000026 tier1_loss: 0.0079 (0.4002) tier2_loss: 0.0050 (0.3852) time: 0.1142 data: 0.0001 max mem: 418
Epoch: [19] Total time: 0:00:44 (44.6474 s / it)
Val [ 0/62] eta: 0:00:13 loss: 6.0250 (6.0250) acc1: 0.0000 (0.0000) time: 0.2120 data: 0.1476 max mem: 418
Val [61/62] eta: 0:00:00 loss: 0.0310 (1.6276) acc1: 100.0000 (66.1290) time: 0.0240 data: 0.0001 max mem: 418
Val Total time: 0:00:01 (1.9449 s / it)
* Acc@1 66.129 loss 1.628 auroc 0.776 f1_score 0.571
  per-class F1 (Val): {'benign': np.float32(0.836), 'atypical': np.float32(0.167), 'malignant': np.float32(0.711)}
  [DIAG] Tier1 сам по собі: acc=68.548 f1_macro=0.618
Test [ 0/86] eta: 0:00:14 loss: 2.1903 (2.1903) acc1: 0.0000 (0.0000) time: 0.1657 data: 0.1204 max mem: 418
Test [85/86] eta: 0:00:00 loss: 0.1112 (1.4602) acc1: 100.0000 (65.1163) time: 0.0258 data: 0.0001 max mem: 418
Test Total time: 0:00:02 (2.5815 s / it)
* Acc@1 65.116 loss 1.460 auroc 0.824 f1_score 0.646
  per-class F1 (Test): {'benign': np.float32(0.727), 'atypical': np.float32(0.481), 'malignant': np.float32(0.73)}
  [DIAG] Tier1 сам по собі: acc=66.860 f1_macro=0.655

Epoch: [20] [  0/389] eta: 0:01:41 lr: 0.000026 tier1_loss: 0.0019 (0.0019) tier2_loss: 0.0012 (0.0012) time: 0.2607 data: 0.1175 max mem: 418
Epoch: [20] [100/389] eta: 0:00:34 lr: 0.000025 tier1_loss: 0.0095 (0.4359) tier2_loss: 0.0070 (0.3402) time: 0.1067 data: 0.0001 max mem: 418
Epoch: [20] [200/389] eta: 0:00:21 lr: 0.000023 tier1_loss: 0.0144 (0.3604) tier2_loss: 0.0023 (0.3072) time: 0.1156 data: 0.0001 max mem: 418
Epoch: [20] [300/389] eta: 0:00:10 lr: 0.000022 tier1_loss: 0.0956 (0.3767) tier2_loss: 0.0038 (0.3603) time: 0.1133 data: 0.0001 max mem: 418
Epoch: [20] [388/389] eta: 0:00:00 lr: 0.000021 tier1_loss: 0.0238 (0.3803) tier2_loss: 0.0075 (0.3682) time: 0.1072 data: 0.0001 max mem: 418
Epoch: [20] Total time: 0:00:44 (44.1256 s / it)
Val [ 0/62] eta: 0:00:11 loss: 5.7480 (5.7480) acc1: 0.0000 (0.0000) time: 0.1892 data: 0.1424 max mem: 418
Val [61/62] eta: 0:00:00 loss: 0.0170 (1.6190) acc1: 100.0000 (66.1290) time: 0.0237 data: 0.0001 max mem: 418
Val Total time: 0:00:01 (1.8788 s / it)
* Acc@1 66.129 loss 1.619 auroc 0.761 f1_score 0.585
  per-class F1 (Val): {'benign': np.float32(0.842), 'atypical': np.float32(0.231), 'malignant': np.float32(0.683)}
  [DIAG] Tier1 сам по собі: acc=66.129 f1_macro=0.582
Test [ 0/86] eta: 0:00:15 loss: 0.0183 (0.0183) acc1: 100.0000 (100.0000) time: 0.1798 data: 0.1345 max mem: 418
Test [85/86] eta: 0:00:00 loss: 0.0155 (1.3940) acc1: 100.0000 (68.6047) time: 0.0242 data: 0.0001 max mem: 418
Test Total time: 0:00:02 (2.5719 s / it)
* Acc@1 68.605 loss 1.394 auroc 0.846 f1_score 0.669
  per-class F1 (Test): {'benign': np.float32(0.735), 'atypical': np.float32(0.478), 'malignant': np.float32(0.793)}
  [DIAG] Tier1 сам по собі: acc=67.297 f1_macro=0.649

Epoch: [21] [  0/389] eta: 0:02:11 lr: 0.000021 tier1_loss: 0.0562 (0.0562) tier2_loss: 0.0069 (0.0069) time: 0.3380 data: 0.1721 max mem: 418
Epoch: [21] [100/389] eta: 0:00:28 lr: 0.000020 tier1_loss: 0.0071 (0.3804) tier2_loss: 0.0019 (0.4659) time: 0.0937 data: 0.0001 max mem: 418
Epoch: [21] [200/389] eta: 0:00:17 lr: 0.000019 tier1_loss: 0.0135 (0.3794) tier2_loss: 0.0043 (0.4067) time: 0.1067 data: 0.0001 max mem: 418
Epoch: [21] [300/389] eta: 0:00:09 lr: 0.000018 tier1_loss: 0.0271 (0.3683) tier2_loss: 0.0101 (0.3686) time: 0.1088 data: 0.0001 max mem: 418
Epoch: [21] [388/389] eta: 0:00:00 lr: 0.000017 tier1_loss: 0.0157 (0.3884) tier2_loss: 0.0036 (0.3867) time: 0.1009 data: 0.0001 max mem: 418
Epoch: [21] Total time: 0:00:40 (40.2544 s / it)
Val [ 0/62] eta: 0:00:11 loss: 6.0193 (6.0193) acc1: 0.0000 (0.0000) time: 0.1821 data: 0.1309 max mem: 418
Val [61/62] eta: 0:00:00 loss: 0.0152 (1.8389) acc1: 100.0000 (62.9032) time: 0.0243 data: 0.0001 max mem: 418
Val Total time: 0:00:01 (1.8791 s / it)
* Acc@1 62.903 loss 1.839 auroc 0.761 f1_score 0.522
  per-class F1 (Val): {'benign': np.float32(0.807), 'atypical': np.float32(0.091), 'malignant': np.float32(0.667)}
  [DIAG] Tier1 сам по собі: acc=67.339 f1_macro=0.580
Test [ 0/86] eta: 0:00:14 loss: 0.1153 (0.1153) acc1: 100.0000 (100.0000) time: 0.1680 data: 0.1111 max mem: 418
Test [85/86] eta: 0:00:00 loss: 0.0649 (1.4703) acc1: 100.0000 (67.4419) time: 0.0245 data: 0.0001 max mem: 418
Test Total time: 0:00:02 (2.6333 s / it)
* Acc@1 67.442 loss 1.470 auroc 0.831 f1_score 0.653
  per-class F1 (Test): {'benign': np.float32(0.781), 'atypical': np.float32(0.435), 'malignant': np.float32(0.742)}
  [DIAG] Tier1 сам по собі: acc=67.006 f1_macro=0.646

Epoch: [22] [  0/389] eta: 0:01:33 lr: 0.000017 tier1_loss: 0.0092 (0.0092) tier2_loss: 0.0016 (0.0016) time: 0.2397 data: 0.0908 max mem: 418
Epoch: [22] [100/389] eta: 0:00:31 lr: 0.000016 tier1_loss: 0.0090 (0.3036) tier2_loss: 0.0039 (0.2210) time: 0.1008 data: 0.0001 max mem: 418
Epoch: [22] [200/389] eta: 0:00:21 lr: 0.000015 tier1_loss: 0.0059 (0.3506) tier2_loss: 0.0041 (0.2905) time: 0.1022 data: 0.0001 max mem: 418
Epoch: [22] [300/389] eta: 0:00:09 lr: 0.000015 tier1_loss: 0.0578 (0.3797) tier2_loss: 0.0038 (0.3329) time: 0.1045 data: 0.0001 max mem: 418
Epoch: [22] [388/389] eta: 0:00:00 lr: 0.000014 tier1_loss: 0.0037 (0.3756) tier2_loss: 0.0006 (0.3275) time: 0.1046 data: 0.0001 max mem: 418
Epoch: [22] Total time: 0:00:42 (42.9774 s / it)
Val [ 0/62] eta: 0:00:13 loss: 6.2751 (6.2751) acc1: 0.0000 (0.0000) time: 0.2151 data: 0.1411 max mem: 418
Val [61/62] eta: 0:00:00 loss: 0.0228 (1.7597) acc1: 100.0000 (66.1290) time: 0.0232 data: 0.0001 max mem: 418
Val Total time: 0:00:01 (1.8727 s / it)
* Acc@1 66.129 loss 1.760 auroc 0.776 f1_score 0.571
  per-class F1 (Val): {'benign': np.float32(0.836), 'atypical': np.float32(0.167), 'malignant': np.float32(0.711)}
  [DIAG] Tier1 сам по собі: acc=68.548 f1_macro=0.611
Test [ 0/86] eta: 0:00:13 loss: 0.0463 (0.0463) acc1: 100.0000 (100.0000) time: 0.1542 data: 0.1133 max mem: 418
Test [85/86] eta: 0:00:00 loss: 0.0261 (1.4828) acc1: 100.0000 (65.1163) time: 0.0239 data: 0.0001 max mem: 418
Test Total time: 0:00:02 (2.5122 s / it)
* Acc@1 65.116 loss 1.483 auroc 0.835 f1_score 0.639
  per-class F1 (Test): {'benign': np.float32(0.746), 'atypical': np.float32(0.44), 'malignant': np.float32(0.73)}
  [DIAG] Tier1 сам по собі: acc=67.006 f1_macro=0.654

Epoch: [23] [  0/389] eta: 0:01:47 lr: 0.000014 tier1_loss: 0.3003 (0.3003) tier2_loss: 0.0178 (0.0178) time: 0.2769 data: 0.1199 max mem: 418
Epoch: [23] [100/389] eta: 0:00:36 lr: 0.000013 tier1_loss: 0.0105 (0.4500) tier2_loss: 0.0030 (0.3257) time: 0.1170 data: 0.0001 max mem: 418
Epoch: [23] [200/389] eta: 0:00:22 lr: 0.000012 tier1_loss: 0.0062 (0.3902) tier2_loss: 0.0043 (0.3322) time: 0.1169 data: 0.0001 max mem: 418
Epoch: [23] [300/389] eta: 0:00:10 lr: 0.000011 tier1_loss: 0.0294 (0.3777) tier2_loss: 0.0054 (0.3092) time: 0.1110 data: 0.0001 max mem: 418
Epoch: [23] [388/389] eta: 0:00:00 lr: 0.000010 tier1_loss: 0.0093 (0.3630) tier2_loss: 0.0025 (0.3109) time: 0.1088 data: 0.0001 max mem: 418
Epoch: [23] Total time: 0:00:46 (46.7058 s / it)
Val [ 0/62] eta: 0:00:12 loss: 6.1593 (6.1593) acc1: 0.0000 (0.0000) time: 0.1998 data: 0.1506 max mem: 418
Val [61/62] eta: 0:00:00 loss: 0.0073 (2.0088) acc1: 100.0000 (66.1290) time: 0.0224 data: 0.0001 max mem: 418
Val Total time: 0:00:01 (1.8436 s / it)
* Acc@1 66.129 loss 2.009 auroc 0.745 f1_score 0.571
  per-class F1 (Val): {'benign': np.float32(0.836), 'atypical': np.float32(0.167), 'malignant': np.float32(0.711)}
  [DIAG] Tier1 сам по собі: acc=67.944 f1_macro=0.584
Test [ 0/86] eta: 0:00:14 loss: 0.0060 (0.0060) acc1: 100.0000 (100.0000) time: 0.1727 data: 0.1229 max mem: 418
Test [85/86] eta: 0:00:00 loss: 0.0305 (1.6420) acc1: 0.0000 (63.9535) time: 0.0244 data: 0.0001 max mem: 418
Test Total time: 0:00:02 (2.5073 s / it)
* Acc@1 63.953 loss 1.642 auroc 0.824 f1_score 0.618
  per-class F1 (Test): {'benign': np.float32(0.754), 'atypical': np.float32(0.391), 'malignant': np.float32(0.708)}
  [DIAG] Tier1 сам по собі: acc=65.843 f1_macro=0.632

Epoch: [24] [  0/389] eta: 0:01:45 lr: 0.000010 tier1_loss: 0.0011 (0.0011) tier2_loss: 0.0002 (0.0002) time: 0.2709 data: 0.1278 max mem: 418
Epoch: [24] [100/389] eta: 0:00:31 lr: 0.000010 tier1_loss: 0.0121 (0.2809) tier2_loss: 0.0025 (0.2125) time: 0.0981 data: 0.0001 max mem: 418
Epoch: [24] [200/389] eta: 0:00:20 lr: 0.000009 tier1_loss: 0.0089 (0.3132) tier2_loss: 0.0029 (0.2429) time: 0.1068 data: 0.0001 max mem: 418
Epoch: [24] [300/389] eta: 0:00:09 lr: 0.000008 tier1_loss: 0.0138 (0.3260) tier2_loss: 0.0024 (0.2550) time: 0.1140 data: 0.0001 max mem: 418
Epoch: [24] [388/389] eta: 0:00:00 lr: 0.000008 tier1_loss: 0.0079 (0.3514) tier2_loss: 0.0026 (0.2936) time: 0.1098 data: 0.0001 max mem: 418
Epoch: [24] Total time: 0:00:43 (43.7125 s / it)
Val [ 0/62] eta: 0:00:12 loss: 6.3521 (6.3521) acc1: 0.0000 (0.0000) time: 0.1969 data: 0.1412 max mem: 418
Val [61/62] eta: 0:00:00 loss: 0.0094 (1.9322) acc1: 100.0000 (64.5161) time: 0.0230 data: 0.0001 max mem: 418
Val Total time: 0:00:01 (1.8956 s / it)
* Acc@1 64.516 loss 1.932 auroc 0.752 f1_score 0.557
  per-class F1 (Val): {'benign': np.float32(0.821), 'atypical': np.float32(0.167), 'malignant': np.float32(0.682)}
  [DIAG] Tier1 сам по собі: acc=67.742 f1_macro=0.588
Test [ 0/86] eta: 0:00:14 loss: 0.3101 (0.3101) acc1: 100.0000 (100.0000) time: 0.1667 data: 0.1152 max mem: 418
Test [85/86] eta: 0:00:00 loss: 0.0223 (1.5631) acc1: 100.0000 (66.2791) time: 0.0231 data: 0.0001 max mem: 418
Test Total time: 0:00:02 (2.4402 s / it)
* Acc@1 66.279 loss 1.563 auroc 0.828 f1_score 0.642
  per-class F1 (Test): {'benign': np.float32(0.762), 'atypical': np.float32(0.435), 'malignant': np.float32(0.73)}
  [DIAG] Tier1 сам по собі: acc=66.134 f1_macro=0.640

Epoch: [25] [  0/389] eta: 0:01:48 lr: 0.000008 tier1_loss: 0.0604 (0.0604) tier2_loss: 0.0077 (0.0077) time: 0.2801 data: 0.1344 max mem: 418
Epoch: [25] [100/389] eta: 0:00:33 lr: 0.000007 tier1_loss: 0.0117 (0.2743) tier2_loss: 0.0023 (0.2341) time: 0.1081 data: 0.0001 max mem: 418
Epoch: [25] [200/389] eta: 0:00:22 lr: 0.000006 tier1_loss: 0.0088 (0.2807) tier2_loss: 0.0017 (0.2058) time: 0.1155 data: 0.0001 max mem: 418
Epoch: [25] [300/389] eta: 0:00:10 lr: 0.000006 tier1_loss: 0.0057 (0.3554) tier2_loss: 0.0033 (0.2967) time: 0.1170 data: 0.0001 max mem: 418
Epoch: [25] [388/389] eta: 0:00:00 lr: 0.000005 tier1_loss: 0.0092 (0.3364) tier2_loss: 0.0015 (0.2725) time: 0.1025 data: 0.0001 max mem: 418
Epoch: [25] Total time: 0:00:45 (45.8873 s / it)
Val [ 0/62] eta: 0:00:10 loss: 6.6108 (6.6108) acc1: 0.0000 (0.0000) time: 0.1759 data: 0.1292 max mem: 418
Val [61/62] eta: 0:00:00 loss: 0.0104 (1.9345) acc1: 100.0000 (64.5161) time: 0.0236 data: 0.0001 max mem: 418
Val Total time: 0:00:01 (1.9045 s / it)
* Acc@1 64.516 loss 1.934 auroc 0.758 f1_score 0.557
  per-class F1 (Val): {'benign': np.float32(0.821), 'atypical': np.float32(0.167), 'malignant': np.float32(0.682)}
  [DIAG] Tier1 сам по собі: acc=67.944 f1_macro=0.605
Test [ 0/86] eta: 0:00:13 loss: 0.1227 (0.1227) acc1: 100.0000 (100.0000) time: 0.1575 data: 0.1169 max mem: 418
Test [85/86] eta: 0:00:00 loss: 0.0155 (1.5218) acc1: 100.0000 (67.4419) time: 0.0241 data: 0.0001 max mem: 418
Test Total time: 0:00:02 (2.5377 s / it)
* Acc@1 67.442 loss 1.522 auroc 0.837 f1_score 0.662
  per-class F1 (Test): {'benign': np.float32(0.754), 'atypical': np.float32(0.49), 'malignant': np.float32(0.742)}
  [DIAG] Tier1 сам по собі: acc=66.860 f1_macro=0.651

Epoch: [26] [  0/389] eta: 0:01:34 lr: 0.000005 tier1_loss: 0.0108 (0.0108) tier2_loss: 0.0021 (0.0021) time: 0.2420 data: 0.1186 max mem: 418
Epoch: [26] [100/389] eta: 0:00:34 lr: 0.000005 tier1_loss: 0.0089 (0.2137) tier2_loss: 0.0011 (0.1203) time: 0.1220 data: 0.0001 max mem: 418
Epoch: [26] [200/389] eta: 0:00:22 lr: 0.000004 tier1_loss: 0.0170 (0.2373) tier2_loss: 0.0073 (0.1890) time: 0.1168 data: 0.0001 max mem: 418
Epoch: [26] [300/389] eta: 0:00:10 lr: 0.000004 tier1_loss: 0.0132 (0.3464) tier2_loss: 0.0073 (0.2602) time: 0.0951 data: 0.0001 max mem: 418
Epoch: [26] [388/389] eta: 0:00:00 lr: 0.000003 tier1_loss: 0.0077 (0.3497) tier2_loss: 0.0019 (0.2677) time: 0.1261 data: 0.0001 max mem: 418
Epoch: [26] Total time: 0:00:43 (43.3409 s / it)
Val [ 0/62] eta: 0:00:13 loss: 6.5155 (6.5155) acc1: 0.0000 (0.0000) time: 0.2240 data: 0.1574 max mem: 418
Val [61/62] eta: 0:00:00 loss: 0.0102 (1.9335) acc1: 100.0000 (64.5161) time: 0.0351 data: 0.0001 max mem: 418
Val Total time: 0:00:02 (2.6661 s / it)
* Acc@1 64.516 loss 1.934 auroc 0.767 f1_score 0.557
  per-class F1 (Val): {'benign': np.float32(0.821), 'atypical': np.float32(0.167), 'malignant': np.float32(0.682)}
  [DIAG] Tier1 сам по собі: acc=68.347 f1_macro=0.602
Test [ 0/86] eta: 0:00:13 loss: 0.0331 (0.0331) acc1: 100.0000 (100.0000) time: 0.1562 data: 0.1055 max mem: 418
Test [85/86] eta: 0:00:00 loss: 0.0199 (1.5657) acc1: 100.0000 (65.1163) time: 0.0233 data: 0.0001 max mem: 418
Test Total time: 0:00:02 (2.4213 s / it)
* Acc@1 65.116 loss 1.566 auroc 0.832 f1_score 0.634
  per-class F1 (Test): {'benign': np.float32(0.742), 'atypical': np.float32(0.417), 'malignant': np.float32(0.742)}
  [DIAG] Tier1 сам по собі: acc=66.134 f1_macro=0.642

Epoch: [27] [  0/389] eta: 0:01:53 lr: 0.000003 tier1_loss: 1.0223 (1.0223) tier2_loss: 0.0677 (0.0677) time: 0.2909 data: 0.1287 max mem: 418
Epoch: [27] [100/389] eta: 0:00:31 lr: 0.000003 tier1_loss: 0.0086 (0.4730) tier2_loss: 0.0033 (0.3558) time: 0.1184 data: 0.0001 max mem: 418
Epoch: [27] [200/389] eta: 0:00:20 lr: 0.000003 tier1_loss: 0.0149 (0.4034) tier2_loss: 0.0030 (0.3203) time: 0.1119 data: 0.0001 max mem: 418
Epoch: [27] [300/389] eta: 0:00:10 lr: 0.000002 tier1_loss: 0.0121 (0.3811) tier2_loss: 0.0012 (0.2875) time: 0.1378 data: 0.0001 max mem: 418
Epoch: [27] [388/389] eta: 0:00:00 lr: 0.000002 tier1_loss: 0.0077 (0.3381) tier2_loss: 0.0010 (0.2464) time: 0.1058 data: 0.0001 max mem: 418
Epoch: [27] Total time: 0:00:43 (43.8187 s / it)
Val [ 0/62] eta: 0:00:11 loss: 6.8941 (6.8941) acc1: 0.0000 (0.0000) time: 0.1817 data: 0.1331 max mem: 418
Val [61/62] eta: 0:00:00 loss: 0.0089 (1.9588) acc1: 100.0000 (64.5161) time: 0.0227 data: 0.0001 max mem: 418
Val Total time: 0:00:01 (1.8647 s / it)
* Acc@1 64.516 loss 1.959 auroc 0.760 f1_score 0.557
  per-class F1 (Val): {'benign': np.float32(0.821), 'atypical': np.float32(0.167), 'malignant': np.float32(0.682)}
  [DIAG] Tier1 сам по собі: acc=68.548 f1_macro=0.607
Test [ 0/86] eta: 0:00:13 loss: 0.0637 (0.0637) acc1: 100.0000 (100.0000) time: 0.1589 data: 0.1042 max mem: 418
Test [85/86] eta: 0:00:00 loss: 0.0147 (1.5922) acc1: 100.0000 (66.2791) time: 0.0255 data: 0.0001 max mem: 418
Test Total time: 0:00:02 (2.5659 s / it)
* Acc@1 66.279 loss 1.592 auroc 0.831 f1_score 0.642
  per-class F1 (Test): {'benign': np.float32(0.75), 'atypical': np.float32(0.435), 'malignant': np.float32(0.742)}
  [DIAG] Tier1 сам по собі: acc=66.570 f1_macro=0.647

Epoch: [28] [  0/389] eta: 0:02:02 lr: 0.000002 tier1_loss: 4.0297 (4.0297) tier2_loss: 2.7575 (2.7575) time: 0.3147 data: 0.1411 max mem: 418
Epoch: [28] [100/389] eta: 0:00:31 lr: 0.000002 tier1_loss: 0.0126 (0.4353) tier2_loss: 0.0034 (0.3916) time: 0.1020 data: 0.0001 max mem: 418
Epoch: [28] [200/389] eta: 0:00:22 lr: 0.000002 tier1_loss: 0.0122 (0.3255) tier2_loss: 0.0017 (0.2737) time: 0.1381 data: 0.0001 max mem: 418
Epoch: [28] [300/389] eta: 0:00:10 lr: 0.000001 tier1_loss: 0.0152 (0.3426) tier2_loss: 0.0017 (0.2692) time: 0.1133 data: 0.0001 max mem: 418
Epoch: [28] [388/389] eta: 0:00:00 lr: 0.000001 tier1_loss: 0.0045 (0.3382) tier2_loss: 0.0014 (0.2555) time: 0.1073 data: 0.0001 max mem: 418
Epoch: [28] Total time: 0:00:45 (45.1045 s / it)
Val [ 0/62] eta: 0:00:12 loss: 6.8620 (6.8620) acc1: 0.0000 (0.0000) time: 0.1978 data: 0.1318 max mem: 418
Val [61/62] eta: 0:00:00 loss: 0.0118 (1.9584) acc1: 100.0000 (64.5161) time: 0.0230 data: 0.0001 max mem: 418
Val Total time: 0:00:01 (1.9141 s / it)
* Acc@1 64.516 loss 1.958 auroc 0.765 f1_score 0.557
  per-class F1 (Val): {'benign': np.float32(0.821), 'atypical': np.float32(0.167), 'malignant': np.float32(0.682)}
  [DIAG] Tier1 сам по собі: acc=66.331 f1_macro=0.580
Test [ 0/86] eta: 0:00:13 loss: 0.0152 (0.0152) acc1: 100.0000 (100.0000) time: 0.1545 data: 0.1108 max mem: 418
Test [85/86] eta: 0:00:00 loss: 0.0146 (1.5774) acc1: 100.0000 (65.1163) time: 0.0248 data: 0.0001 max mem: 418
Test Total time: 0:00:02 (2.5309 s / it)
* Acc@1 65.116 loss 1.577 auroc 0.828 f1_score 0.634
  per-class F1 (Test): {'benign': np.float32(0.742), 'atypical': np.float32(0.417), 'malignant': np.float32(0.742)}
  [DIAG] Tier1 сам по собі: acc=66.424 f1_macro=0.646

Epoch: [29] [  0/389] eta: 0:01:57 lr: 0.000001 tier1_loss: 0.0016 (0.0016) tier2_loss: 0.0002 (0.0002) time: 0.3009 data: 0.1596 max mem: 418
Epoch: [29] [100/389] eta: 0:00:33 lr: 0.000001 tier1_loss: 0.0187 (0.3274) tier2_loss: 0.0029 (0.2485) time: 0.1181 data: 0.0001 max mem: 418
Epoch: [29] [200/389] eta: 0:00:22 lr: 0.000001 tier1_loss: 0.0129 (0.3478) tier2_loss: 0.0025 (0.2447) time: 0.1305 data: 0.0001 max mem: 418
Epoch: [29] [300/389] eta: 0:00:10 lr: 0.000001 tier1_loss: 0.0052 (0.3213) tier2_loss: 0.0017 (0.2237) time: 0.1202 data: 0.0001 max mem: 418
Epoch: [29] [388/389] eta: 0:00:00 lr: 0.000001 tier1_loss: 0.0183 (0.3347) tier2_loss: 0.0019 (0.2487) time: 0.1271 data: 0.0001 max mem: 418
Epoch: [29] Total time: 0:00:47 (47.6598 s / it)
Val [ 0/62] eta: 0:00:12 loss: 6.9724 (6.9724) acc1: 0.0000 (0.0000) time: 0.2031 data: 0.1492 max mem: 418
Val [61/62] eta: 0:00:00 loss: 0.0112 (1.9874) acc1: 100.0000 (64.5161) time: 0.0234 data: 0.0001 max mem: 418
Val Total time: 0:00:01 (1.9160 s / it)
* Acc@1 64.516 loss 1.987 auroc 0.767 f1_score 0.557
  per-class F1 (Val): {'benign': np.float32(0.821), 'atypical': np.float32(0.167), 'malignant': np.float32(0.682)}
  [DIAG] Tier1 сам по собі: acc=67.540 f1_macro=0.593
wandb: 
wandb: Run history:
wandb: diag/test_tier1_acc ▁▃▃▂▅▆▆██▇▇▇▇▇▇▇▇▇█▇▇▇▇▇▇▇▇▇▇▇
wandb:  diag/test_tier1_f1 ▁▂▂▂▄▄▄▇▇▅▆▇▆▇▇▇▇██████▇▇█▇██▇
wandb:       perf/test_auc ▁▄▄▃▇▇▇██▇██▇██▇███▇█▇▇▇▇█▇▇▇▇
wandb:        perf/test_f1 ▁▆▃▂▅█▄▇█▄▇▇▇▇▇▇▇██▇█▇▇▇▇█▇▇▇▇
wandb:        perf/val_auc ▃▅▁▃▅▅▆▅▆▅▆█▅▆▅▅▇▆▆▆▅▅▆▄▅▅▅▅▅▅
wandb:         perf/val_f1 ▁▇▅▃▅▆▆▇██▇▅▅▆▅▆▆▇▇▇▇▆▇▇▆▆▆▆▆▆
wandb:          tier1_loss ▄▂▁▇▂▁▁▁▂▁▁▁▅▁▁▁▁▁▂▂▂▁▁▁▁▁▁▁▁▁█▁▁▁▁▁▁▁▁▁
wandb:          tier2_loss ▂▁▁▄▁▁▅▁▁█▁▇▁▁▃▁▃▁▁▁▂▁▁▁▁▁▁▁▁▁▁▁▁▁▁▁▁▁▁▁
wandb: 
wandb: Run summary:
wandb: diag/test_tier1_acc 65.69768
wandb:  diag/test_tier1_f1 0.6384
wandb:       perf/test_auc 0.8295
wandb:        perf/test_f1 0.64834
wandb:        perf/val_auc 0.76705
wandb:         perf/val_f1 0.55664
wandb:          tier1_loss 0.07549
wandb:          tier2_loss 0.01129
wandb: 
wandb: You can sync this run to the cloud by running:
wandb: wandb sync /data/bohatyrenko1/EXPERIMENTS_2/Hi-MoE_MIL/wandb/offline-run-20260927_071736-05uw28cu
wandb: Find logs at: ./wandb/offline-run-20260927_071736-05uw28cu/logs
Test [ 0/86] eta: 0:00:13 loss: 0.0093 (0.0093) acc1: 100.0000 (100.0000) time: 0.1548 data: 0.1135 max mem: 418
Test [85/86] eta: 0:00:00 loss: 0.0158 (1.5896) acc1: 100.0000 (66.2791) time: 0.0240 data: 0.0001 max mem: 418
Test Total time: 0:00:02 (2.5560 s / it)
* Acc@1 66.279 loss 1.590 auroc 0.829 f1_score 0.648
  per-class F1 (Test): {'benign': np.float32(0.754), 'atypical': np.float32(0.449), 'malignant': np.float32(0.742)}
  [DIAG] Tier1 сам по собі: acc=65.698 f1_macro=0.638

============================================================
FINAL EPOCH (29) RESULTS (DTFD-ASMIL v2):
  test_auc=0.8295 test_acc=66.28 test_f1(macro)=0.6483
  [DIAG] Tier1 сам по собі: acc=65.698 f1_macro=0.638
  test per-class F1: {'benign': np.float32(0.754), 'atypical': np.float32(0.449), 'malignant': np.float32(0.742)}
  test confusion matrix (rows=true, cols=pred):
            benign    atypical   malignant
  benign         23           6           2
atypical          7          11           5
malignant          0           9          23
============================================================
Best epoch: {'epoch': 8, 'val_f1': 0.6144350171089172, 'val_auc': 0.7935266494750977, 'test_f1': 0.6862069368362427, 'test_auc': 0.8467249870300293}
