wandb: Tracking run with wandb version 0.28.0
wandb: W&B syncing is set to `offline` in this directory. Run `wandb online` or set WANDB_MODE=online to enable cloud syncing.
wandb: Run data is saved locally in /data/bohatyrenko1/EXPERIMENTS_2/Hi-MoE_MIL/wandb/offline-run-20260927_083417-j6pyb1tn
wandb: View this run in the terminal with `wandb leet`
Used config (DTFD-ASMIL v2):
{'B': 1,
 'D_feat': 384,
 'D_inner': 128,
 'M': None,
 'ckpt_dir': 'ckpt/bracs_dtfd_v2_seed4',
 'config': 'config/bracs_vits_dino_config_100ep.yml',
 'dataset': 'bracs',
 'lr': 0.0001,
 'min_lr': 1e-06,
 'n_class': 3,
 'n_token': 8,
 'n_worker': 4,
 'pin_memory': True,
 'pretrain': 'medical_ssl',
 'seed': 4,
 'splits_dir': '/home/root_server/bohatyrenko/BRACS/splits',
 'test_dir': '/data/bohatyrenko1/features_vits_dino_bracs',
 'tier1_weight': 0.1,
 'tier2_D_inner': None,
 'tier2_n_heads': 4,
 'train_dir': '/data/bohatyrenko1/features_vits_dino_bracs',
 'train_epoch': 30,
 'wandb_mode': 'offline',
 'warmup_epoch': 0,
 'wd': 1e-05}
M (псевдо-bags) = 8, tier1_weight = 0.1
Class weights: [0.6582064032554626, 2.4935896396636963, 0.9261904954910278]
Epoch: [0] [  0/389] eta: 0:04:55 lr: 0.000100 tier1_loss: 0.9908 (0.9908) tier2_loss: 1.9230 (1.9230) time: 0.7584 data: 0.1755 max mem: 203
Epoch: [0] [100/389] eta: 0:00:36 lr: 0.000100 tier1_loss: 0.3550 (1.0048) tier2_loss: 0.2040 (0.9774) time: 0.1120 data: 0.0001 max mem: 333
Epoch: [0] [200/389] eta: 0:00:22 lr: 0.000100 tier1_loss: 0.3941 (0.9782) tier2_loss: 0.3760 (1.1353) time: 0.1081 data: 0.0001 max mem: 361
Epoch: [0] [300/389] eta: 0:00:10 lr: 0.000100 tier1_loss: 0.2967 (0.9558) tier2_loss: 0.1865 (1.1342) time: 0.1159 data: 0.0001 max mem: 361
Epoch: [0] [388/389] eta: 0:00:00 lr: 0.000100 tier1_loss: 0.2591 (0.9510) tier2_loss: 0.1664 (1.1067) time: 0.1240 data: 0.0001 max mem: 418
Epoch: [0] Total time: 0:00:46 (46.8853 s / it)
Val [ 0/62] eta: 0:00:13 loss: 0.0876 (0.0876) acc1: 100.0000 (100.0000) time: 0.2139 data: 0.1293 max mem: 418
Val [61/62] eta: 0:00:00 loss: 0.1375 (1.0875) acc1: 100.0000 (61.2903) time: 0.0265 data: 0.0001 max mem: 418
Val Total time: 0:00:02 (2.1807 s / it)
* Acc@1 61.290 loss 1.087 auroc 0.772 f1_score 0.454
  per-class F1 (Val): {'benign': np.float32(0.712), 'atypical': np.float32(0.0), 'malignant': np.float32(0.649)}
  [DIAG] Tier1 сам по собі: acc=61.492 f1_macro=0.455
Test [ 0/86] eta: 0:00:15 loss: 0.1116 (0.1116) acc1: 100.0000 (100.0000) time: 0.1818 data: 0.1331 max mem: 418
Test [85/86] eta: 0:00:00 loss: 1.7165 (1.2607) acc1: 0.0000 (54.6512) time: 0.0357 data: 0.0001 max mem: 418
Test Total time: 0:00:02 (2.9804 s / it)
* Acc@1 54.651 loss 1.261 auroc 0.695 f1_score 0.430
  per-class F1 (Test): {'benign': np.float32(0.598), 'atypical': np.float32(0.0), 'malignant': np.float32(0.692)}
  [DIAG] Tier1 сам по собі: acc=53.488 f1_macro=0.419

Epoch: [1] [  0/389] eta: 0:01:53 lr: 0.000100 tier1_loss: 0.1686 (0.1686) tier2_loss: 0.0859 (0.0859) time: 0.2927 data: 0.1497 max mem: 418
Epoch: [1] [100/389] eta: 0:00:36 lr: 0.000100 tier1_loss: 0.1609 (0.8293) tier2_loss: 0.1063 (0.9545) time: 0.1142 data: 0.0001 max mem: 418
Epoch: [1] [200/389] eta: 0:00:23 lr: 0.000099 tier1_loss: 0.0647 (0.7796) tier2_loss: 0.0623 (0.9036) time: 0.1271 data: 0.0001 max mem: 418
Epoch: [1] [300/389] eta: 0:00:11 lr: 0.000099 tier1_loss: 0.1871 (0.8332) tier2_loss: 0.1042 (0.9550) time: 0.1223 data: 0.0001 max mem: 418
Epoch: [1] [388/389] eta: 0:00:00 lr: 0.000099 tier1_loss: 0.0915 (0.8452) tier2_loss: 0.0944 (0.9606) time: 0.1064 data: 0.0001 max mem: 418
Epoch: [1] Total time: 0:00:48 (48.2707 s / it)
Val [ 0/62] eta: 0:00:13 loss: 0.0878 (0.0878) acc1: 100.0000 (100.0000) time: 0.2175 data: 0.1482 max mem: 418
Val [61/62] eta: 0:00:00 loss: 0.1254 (1.1138) acc1: 100.0000 (59.6774) time: 0.0257 data: 0.0001 max mem: 418
Val Total time: 0:00:02 (2.0796 s / it)
* Acc@1 59.677 loss 1.114 auroc 0.763 f1_score 0.436
  per-class F1 (Val): {'benign': np.float32(0.712), 'atypical': np.float32(0.0), 'malignant': np.float32(0.595)}
  [DIAG] Tier1 сам по собі: acc=61.492 f1_macro=0.451
Test [ 0/86] eta: 0:00:19 loss: 0.1603 (0.1603) acc1: 100.0000 (100.0000) time: 0.2229 data: 0.1404 max mem: 418
Test [85/86] eta: 0:00:00 loss: 1.6597 (1.2664) acc1: 0.0000 (54.6512) time: 0.0278 data: 0.0001 max mem: 418
Test Total time: 0:00:02 (2.9519 s / it)
* Acc@1 54.651 loss 1.266 auroc 0.753 f1_score 0.428
  per-class F1 (Test): {'benign': np.float32(0.604), 'atypical': np.float32(0.0), 'malignant': np.float32(0.679)}
  [DIAG] Tier1 сам по собі: acc=56.831 f1_macro=0.446

Epoch: [2] [  0/389] eta: 0:01:45 lr: 0.000099 tier1_loss: 0.0536 (0.0536) tier2_loss: 0.0659 (0.0659) time: 0.2710 data: 0.1219 max mem: 418
Epoch: [2] [100/389] eta: 0:00:33 lr: 0.000099 tier1_loss: 0.1745 (0.7657) tier2_loss: 0.1003 (0.8225) time: 0.1074 data: 0.0001 max mem: 418
Epoch: [2] [200/389] eta: 0:00:22 lr: 0.000098 tier1_loss: 0.0473 (0.8024) tier2_loss: 0.0310 (0.8682) time: 0.1242 data: 0.0001 max mem: 418
Epoch: [2] [300/389] eta: 0:00:10 lr: 0.000098 tier1_loss: 0.0887 (0.7827) tier2_loss: 0.0400 (0.8624) time: 0.1202 data: 0.0001 max mem: 418
Epoch: [2] [388/389] eta: 0:00:00 lr: 0.000098 tier1_loss: 0.0816 (0.8074) tier2_loss: 0.0522 (0.8809) time: 0.1143 data: 0.0001 max mem: 418
Epoch: [2] Total time: 0:00:47 (47.1363 s / it)
Val [ 0/62] eta: 0:00:12 loss: 0.1343 (0.1343) acc1: 100.0000 (100.0000) time: 0.2059 data: 0.1486 max mem: 418
Val [61/62] eta: 0:00:00 loss: 0.3925 (1.3968) acc1: 100.0000 (61.2903) time: 0.0269 data: 0.0001 max mem: 418
Val Total time: 0:00:02 (2.1865 s / it)
* Acc@1 61.290 loss 1.397 auroc 0.705 f1_score 0.539
  per-class F1 (Val): {'benign': np.float32(0.765), 'atypical': np.float32(0.421), 'malignant': np.float32(0.432)}
  [DIAG] Tier1 сам по собі: acc=55.040 f1_macro=0.383
Test [ 0/86] eta: 0:00:16 loss: 0.7200 (0.7200) acc1: 100.0000 (100.0000) time: 0.1948 data: 0.1318 max mem: 418
Test [85/86] eta: 0:00:00 loss: 1.3235 (1.3022) acc1: 0.0000 (58.1395) time: 0.0278 data: 0.0001 max mem: 418
Test Total time: 0:00:03 (3.0038 s / it)
* Acc@1 58.140 loss 1.302 auroc 0.729 f1_score 0.506
  per-class F1 (Test): {'benign': np.float32(0.643), 'atypical': np.float32(0.231), 'malignant': np.float32(0.645)}
  [DIAG] Tier1 сам по собі: acc=54.506 f1_macro=0.421

Epoch: [3] [  0/389] eta: 0:01:54 lr: 0.000098 tier1_loss: 0.5289 (0.5289) tier2_loss: 0.3675 (0.3675) time: 0.2948 data: 0.1217 max mem: 418
Epoch: [3] [100/389] eta: 0:00:32 lr: 0.000097 tier1_loss: 0.0902 (0.7642) tier2_loss: 0.0795 (0.8950) time: 0.1166 data: 0.0001 max mem: 418
Epoch: [3] [200/389] eta: 0:00:21 lr: 0.000097 tier1_loss: 0.0753 (0.6282) tier2_loss: 0.0309 (0.7290) time: 0.1146 data: 0.0001 max mem: 418
Epoch: [3] [300/389] eta: 0:00:10 lr: 0.000096 tier1_loss: 0.2746 (0.7147) tier2_loss: 0.2681 (0.8086) time: 0.1207 data: 0.0001 max mem: 418
Epoch: [3] [388/389] eta: 0:00:00 lr: 0.000096 tier1_loss: 0.1670 (0.7300) tier2_loss: 0.1794 (0.8342) time: 0.1292 data: 0.0001 max mem: 418
Epoch: [3] Total time: 0:00:45 (45.4516 s / it)
Val [ 0/62] eta: 0:00:15 loss: 0.2396 (0.2396) acc1: 100.0000 (100.0000) time: 0.2433 data: 0.1738 max mem: 418
Val [61/62] eta: 0:00:00 loss: 0.1031 (1.2448) acc1: 100.0000 (64.5161) time: 0.0279 data: 0.0001 max mem: 418
Val Total time: 0:00:02 (2.2501 s / it)
* Acc@1 64.516 loss 1.245 auroc 0.681 f1_score 0.478
  per-class F1 (Val): {'benign': np.float32(0.833), 'atypical': np.float32(0.0), 'malignant': np.float32(0.6)}
  [DIAG] Tier1 сам по собі: acc=63.508 f1_macro=0.467
Test [ 0/86] eta: 0:00:16 loss: 0.4896 (0.4896) acc1: 100.0000 (100.0000) time: 0.1966 data: 0.1393 max mem: 418
Test [85/86] eta: 0:00:00 loss: 2.1793 (1.1829) acc1: 0.0000 (59.3023) time: 0.0379 data: 0.0001 max mem: 418
Test Total time: 0:00:03 (3.4234 s / it)
* Acc@1 59.302 loss 1.183 auroc 0.764 f1_score 0.456
  per-class F1 (Test): {'benign': np.float32(0.685), 'atypical': np.float32(0.0), 'malignant': np.float32(0.684)}
  [DIAG] Tier1 сам по собі: acc=59.448 f1_macro=0.457

Epoch: [4] [  0/389] eta: 0:02:21 lr: 0.000096 tier1_loss: 2.3916 (2.3916) tier2_loss: 2.3946 (2.3946) time: 0.3636 data: 0.1809 max mem: 418
Epoch: [4] [100/389] eta: 0:00:36 lr: 0.000095 tier1_loss: 0.0302 (0.6764) tier2_loss: 0.0535 (0.7098) time: 0.1221 data: 0.0001 max mem: 418
Epoch: [4] [200/389] eta: 0:00:23 lr: 0.000095 tier1_loss: 0.0379 (0.6754) tier2_loss: 0.0757 (0.7371) time: 0.1185 data: 0.0001 max mem: 418
Epoch: [4] [300/389] eta: 0:00:10 lr: 0.000094 tier1_loss: 0.0306 (0.6406) tier2_loss: 0.0348 (0.7061) time: 0.1230 data: 0.0001 max mem: 418
Epoch: [4] [388/389] eta: 0:00:00 lr: 0.000093 tier1_loss: 0.0765 (0.6665) tier2_loss: 0.0585 (0.7287) time: 0.1206 data: 0.0001 max mem: 418
Epoch: [4] Total time: 0:00:48 (48.5522 s / it)
Val [ 0/62] eta: 0:00:13 loss: 1.8001 (1.8001) acc1: 0.0000 (0.0000) time: 0.2205 data: 0.1569 max mem: 418
Val [61/62] eta: 0:00:00 loss: 0.0378 (1.0520) acc1: 100.0000 (64.5161) time: 0.0263 data: 0.0001 max mem: 418
Val Total time: 0:00:02 (2.1552 s / it)
* Acc@1 64.516 loss 1.052 auroc 0.822 f1_score 0.484
  per-class F1 (Val): {'benign': np.float32(0.821), 'atypical': np.float32(0.0), 'malignant': np.float32(0.63)}
  [DIAG] Tier1 сам по собі: acc=65.121 f1_macro=0.483
Test [ 0/86] eta: 0:00:19 loss: 0.2945 (0.2945) acc1: 100.0000 (100.0000) time: 0.2214 data: 0.1347 max mem: 418
Test [85/86] eta: 0:00:00 loss: 2.2156 (1.2052) acc1: 0.0000 (65.1163) time: 0.0282 data: 0.0001 max mem: 418
Test Total time: 0:00:02 (2.9885 s / it)
* Acc@1 65.116 loss 1.205 auroc 0.802 f1_score 0.546
  per-class F1 (Test): {'benign': np.float32(0.754), 'atypical': np.float32(0.154), 'malignant': np.float32(0.729)}
  [DIAG] Tier1 сам по собі: acc=61.047 f1_macro=0.470

Epoch: [5] [  0/389] eta: 0:02:12 lr: 0.000093 tier1_loss: 0.0328 (0.0328) tier2_loss: 0.0368 (0.0368) time: 0.3399 data: 0.2008 max mem: 418
Epoch: [5] [100/389] eta: 0:00:36 lr: 0.000093 tier1_loss: 0.0348 (0.5962) tier2_loss: 0.0519 (0.6173) time: 0.1236 data: 0.0001 max mem: 418
Epoch: [5] [200/389] eta: 0:00:23 lr: 0.000092 tier1_loss: 0.0227 (0.5579) tier2_loss: 0.0173 (0.6108) time: 0.1306 data: 0.0001 max mem: 418
Epoch: [5] [300/389] eta: 0:00:11 lr: 0.000091 tier1_loss: 0.0178 (0.6362) tier2_loss: 0.0192 (0.6740) time: 0.1189 data: 0.0001 max mem: 418
Epoch: [5] [388/389] eta: 0:00:00 lr: 0.000091 tier1_loss: 0.0214 (0.6297) tier2_loss: 0.0271 (0.6622) time: 0.1232 data: 0.0001 max mem: 418
Epoch: [5] Total time: 0:00:47 (47.7964 s / it)
Val [ 0/62] eta: 0:00:14 loss: 2.3131 (2.3131) acc1: 0.0000 (0.0000) time: 0.2313 data: 0.1588 max mem: 418
Val [61/62] eta: 0:00:00 loss: 0.0299 (1.2701) acc1: 100.0000 (64.5161) time: 0.0270 data: 0.0001 max mem: 418
Val Total time: 0:00:02 (2.1764 s / it)
* Acc@1 64.516 loss 1.270 auroc 0.741 f1_score 0.480
  per-class F1 (Val): {'benign': np.float32(0.814), 'atypical': np.float32(0.0), 'malignant': np.float32(0.627)}
  [DIAG] Tier1 сам по собі: acc=65.323 f1_macro=0.484
Test [ 0/86] eta: 0:00:17 loss: 0.1146 (0.1146) acc1: 100.0000 (100.0000) time: 0.2028 data: 0.1404 max mem: 418
Test [85/86] eta: 0:00:00 loss: 2.3651 (1.1825) acc1: 0.0000 (61.6279) time: 0.0270 data: 0.0001 max mem: 418
Test Total time: 0:00:02 (2.8539 s / it)
* Acc@1 61.628 loss 1.182 auroc 0.820 f1_score 0.475
  per-class F1 (Test): {'benign': np.float32(0.725), 'atypical': np.float32(0.0), 'malignant': np.float32(0.7)}
  [DIAG] Tier1 сам по собі: acc=63.081 f1_macro=0.485

Epoch: [6] [  0/389] eta: 0:01:44 lr: 0.000091 tier1_loss: 0.0245 (0.0245) tier2_loss: 0.0340 (0.0340) time: 0.2684 data: 0.1000 max mem: 418
Epoch: [6] [100/389] eta: 0:00:36 lr: 0.000090 tier1_loss: 0.0183 (0.6324) tier2_loss: 0.0229 (0.6787) time: 0.1348 data: 0.0001 max mem: 418
Epoch: [6] [200/389] eta: 0:00:23 lr: 0.000089 tier1_loss: 0.0164 (0.5392) tier2_loss: 0.0112 (0.5705) time: 0.1194 data: 0.0001 max mem: 418
Epoch: [6] [300/389] eta: 0:00:10 lr: 0.000088 tier1_loss: 0.0273 (0.6148) tier2_loss: 0.0331 (0.6594) time: 0.1107 data: 0.0001 max mem: 418
Epoch: [6] [388/389] eta: 0:00:00 lr: 0.000087 tier1_loss: 0.0197 (0.6290) tier2_loss: 0.0192 (0.6837) time: 0.1210 data: 0.0001 max mem: 418
Epoch: [6] Total time: 0:00:47 (47.6549 s / it)
Val [ 0/62] eta: 0:00:13 loss: 2.6918 (2.6918) acc1: 0.0000 (0.0000) time: 0.2187 data: 0.1546 max mem: 418
Val [61/62] eta: 0:00:00 loss: 0.0959 (1.0150) acc1: 100.0000 (64.5161) time: 0.0321 data: 0.0001 max mem: 418
Val Total time: 0:00:02 (2.6106 s / it)
* Acc@1 64.516 loss 1.015 auroc 0.810 f1_score 0.545
  per-class F1 (Val): {'benign': np.float32(0.8), 'atypical': np.float32(0.2), 'malignant': np.float32(0.636)}
  [DIAG] Tier1 сам по собі: acc=66.129 f1_macro=0.527
Test [ 0/86] eta: 0:00:16 loss: 0.4175 (0.4175) acc1: 100.0000 (100.0000) time: 0.1950 data: 0.1437 max mem: 418
Test [85/86] eta: 0:00:00 loss: 0.6724 (0.9440) acc1: 0.0000 (63.9535) time: 0.0269 data: 0.0001 max mem: 418
Test Total time: 0:00:03 (3.0985 s / it)
* Acc@1 63.953 loss 0.944 auroc 0.806 f1_score 0.610
  per-class F1 (Test): {'benign': np.float32(0.738), 'atypical': np.float32(0.372), 'malignant': np.float32(0.719)}
  [DIAG] Tier1 сам по собі: acc=61.337 f1_macro=0.499

Epoch: [7] [  0/389] eta: 0:01:40 lr: 0.000087 tier1_loss: 0.0157 (0.0157) tier2_loss: 0.0170 (0.0170) time: 0.2585 data: 0.1209 max mem: 418
Epoch: [7] [100/389] eta: 0:00:36 lr: 0.000086 tier1_loss: 0.0221 (0.4678) tier2_loss: 0.0236 (0.4685) time: 0.1244 data: 0.0001 max mem: 418
Epoch: [7] [200/389] eta: 0:00:22 lr: 0.000085 tier1_loss: 0.0363 (0.4761) tier2_loss: 0.0166 (0.5097) time: 0.1102 data: 0.0001 max mem: 418
Epoch: [7] [300/389] eta: 0:00:10 lr: 0.000084 tier1_loss: 0.0597 (0.5648) tier2_loss: 0.0921 (0.5910) time: 0.1386 data: 0.0001 max mem: 418
Epoch: [7] [388/389] eta: 0:00:00 lr: 0.000084 tier1_loss: 0.0995 (0.5681) tier2_loss: 0.0782 (0.6117) time: 0.1039 data: 0.0001 max mem: 418
Epoch: [7] Total time: 0:00:46 (46.5353 s / it)
Val [ 0/62] eta: 0:00:16 loss: 2.8890 (2.8890) acc1: 0.0000 (0.0000) time: 0.2697 data: 0.1612 max mem: 418
Val [61/62] eta: 0:00:00 loss: 0.0884 (1.1148) acc1: 100.0000 (69.3548) time: 0.0278 data: 0.0001 max mem: 418
Val Total time: 0:00:02 (2.2624 s / it)
* Acc@1 69.355 loss 1.115 auroc 0.743 f1_score 0.625
  per-class F1 (Val): {'benign': np.float32(0.828), 'atypical': np.float32(0.381), 'malignant': np.float32(0.667)}
  [DIAG] Tier1 сам по собі: acc=69.556 f1_macro=0.604
Test [ 0/86] eta: 0:00:18 loss: 0.6041 (0.6041) acc1: 100.0000 (100.0000) time: 0.2108 data: 0.1359 max mem: 418
Test [85/86] eta: 0:00:00 loss: 0.3696 (0.9784) acc1: 0.0000 (69.7674) time: 0.0298 data: 0.0001 max mem: 418
Test Total time: 0:00:03 (3.0363 s / it)
* Acc@1 69.767 loss 0.978 auroc 0.831 f1_score 0.677
  per-class F1 (Test): {'benign': np.float32(0.746), 'atypical': np.float32(0.478), 'malignant': np.float32(0.806)}
  [DIAG] Tier1 сам по собі: acc=66.424 f1_macro=0.631

Epoch: [8] [  0/389] eta: 0:01:57 lr: 0.000084 tier1_loss: 0.0140 (0.0140) tier2_loss: 0.0101 (0.0101) time: 0.3025 data: 0.1600 max mem: 418
Epoch: [8] [100/389] eta: 0:00:35 lr: 0.000083 tier1_loss: 0.0223 (0.5372) tier2_loss: 0.0270 (0.5865) time: 0.1181 data: 0.0001 max mem: 418
Epoch: [8] [200/389] eta: 0:00:23 lr: 0.000082 tier1_loss: 0.0448 (0.5495) tier2_loss: 0.0215 (0.5614) time: 0.1401 data: 0.0001 max mem: 418
Epoch: [8] [300/389] eta: 0:00:11 lr: 0.000081 tier1_loss: 0.0534 (0.5655) tier2_loss: 0.0395 (0.6243) time: 0.1301 data: 0.0001 max mem: 418
Epoch: [8] [388/389] eta: 0:00:00 lr: 0.000080 tier1_loss: 0.0314 (0.5540) tier2_loss: 0.0645 (0.6064) time: 0.1157 data: 0.0001 max mem: 418
Epoch: [8] Total time: 0:00:48 (48.9865 s / it)
Val [ 0/62] eta: 0:00:12 loss: 3.1447 (3.1447) acc1: 0.0000 (0.0000) time: 0.2003 data: 0.1418 max mem: 418
Val [61/62] eta: 0:00:00 loss: 0.1092 (1.2387) acc1: 100.0000 (66.1290) time: 0.0263 data: 0.0001 max mem: 418
Val Total time: 0:00:02 (2.1439 s / it)
* Acc@1 66.129 loss 1.239 auroc 0.731 f1_score 0.559
  per-class F1 (Val): {'benign': np.float32(0.8), 'atypical': np.float32(0.211), 'malignant': np.float32(0.667)}
  [DIAG] Tier1 сам по собі: acc=68.548 f1_macro=0.572
Test [ 0/86] eta: 0:00:15 loss: 0.3937 (0.3937) acc1: 100.0000 (100.0000) time: 0.1811 data: 0.1415 max mem: 418
Test [85/86] eta: 0:00:00 loss: 0.6031 (0.8968) acc1: 100.0000 (70.9302) time: 0.0286 data: 0.0001 max mem: 418
Test Total time: 0:00:02 (2.9012 s / it)
* Acc@1 70.930 loss 0.897 auroc 0.839 f1_score 0.675
  per-class F1 (Test): {'benign': np.float32(0.75), 'atypical': np.float32(0.45), 'malignant': np.float32(0.824)}
  [DIAG] Tier1 сам по собі: acc=65.843 f1_macro=0.605

Epoch: [9] [  0/389] eta: 0:01:48 lr: 0.000080 tier1_loss: 0.1764 (0.1764) tier2_loss: 0.1274 (0.1274) time: 0.2777 data: 0.1376 max mem: 418
Epoch: [9] [100/389] eta: 0:00:36 lr: 0.000079 tier1_loss: 0.0495 (0.4848) tier2_loss: 0.0245 (0.5363) time: 0.1397 data: 0.0001 max mem: 418
Epoch: [9] [200/389] eta: 0:00:23 lr: 0.000077 tier1_loss: 0.0136 (0.4778) tier2_loss: 0.0145 (0.5486) time: 0.1195 data: 0.0001 max mem: 418
Epoch: [9] [300/389] eta: 0:00:10 lr: 0.000076 tier1_loss: 0.0210 (0.5549) tier2_loss: 0.0471 (0.6332) time: 0.1128 data: 0.0001 max mem: 418
Epoch: [9] [388/389] eta: 0:00:00 lr: 0.000075 tier1_loss: 0.0186 (0.5102) tier2_loss: 0.0187 (0.5824) time: 0.1100 data: 0.0001 max mem: 418
Epoch: [9] Total time: 0:00:45 (45.8263 s / it)
Val [ 0/62] eta: 0:00:13 loss: 2.7265 (2.7265) acc1: 0.0000 (0.0000) time: 0.2137 data: 0.1483 max mem: 418
Val [61/62] eta: 0:00:00 loss: 0.0189 (1.5481) acc1: 100.0000 (66.1290) time: 0.0352 data: 0.0001 max mem: 418
Val Total time: 0:00:02 (2.3412 s / it)
* Acc@1 66.129 loss 1.548 auroc 0.742 f1_score 0.555
  per-class F1 (Val): {'benign': np.float32(0.794), 'atypical': np.float32(0.25), 'malignant': np.float32(0.622)}
  [DIAG] Tier1 сам по собі: acc=66.129 f1_macro=0.511
Test [ 0/86] eta: 0:00:17 loss: 0.0231 (0.0231) acc1: 100.0000 (100.0000) time: 0.2054 data: 0.1415 max mem: 418
Test [85/86] eta: 0:00:00 loss: 1.3463 (1.2783) acc1: 0.0000 (60.4651) time: 0.0362 data: 0.0001 max mem: 418
Test Total time: 0:00:03 (3.7754 s / it)
* Acc@1 60.465 loss 1.278 auroc 0.798 f1_score 0.496
  per-class F1 (Test): {'benign': np.float32(0.696), 'atypical': np.float32(0.071), 'malignant': np.float32(0.72)}
  [DIAG] Tier1 сам по собі: acc=63.372 f1_macro=0.490

Epoch: [10] [  0/389] eta: 0:02:01 lr: 0.000075 tier1_loss: 4.2030 (4.2030) tier2_loss: 4.3135 (4.3135) time: 0.3121 data: 0.1379 max mem: 418
Epoch: [10] [100/389] eta: 0:00:33 lr: 0.000074 tier1_loss: 0.0172 (0.4550) tier2_loss: 0.0132 (0.4548) time: 0.1119 data: 0.0001 max mem: 418
Epoch: [10] [200/389] eta: 0:00:21 lr: 0.000073 tier1_loss: 0.0232 (0.4723) tier2_loss: 0.0161 (0.5491) time: 0.1197 data: 0.0001 max mem: 418
Epoch: [10] [300/389] eta: 0:00:10 lr: 0.000072 tier1_loss: 0.0139 (0.4944) tier2_loss: 0.0106 (0.5569) time: 0.1200 data: 0.0001 max mem: 418
Epoch: [10] [388/389] eta: 0:00:00 lr: 0.000071 tier1_loss: 0.0123 (0.5196) tier2_loss: 0.0198 (0.5816) time: 0.1146 data: 0.0001 max mem: 418
Epoch: [10] Total time: 0:00:45 (45.1923 s / it)
Val [ 0/62] eta: 0:00:14 loss: 3.4232 (3.4232) acc1: 0.0000 (0.0000) time: 0.2330 data: 0.1390 max mem: 418
Val [61/62] eta: 0:00:00 loss: 0.0897 (1.3159) acc1: 100.0000 (66.1290) time: 0.0265 data: 0.0001 max mem: 418
Val Total time: 0:00:02 (2.2092 s / it)
* Acc@1 66.129 loss 1.316 auroc 0.732 f1_score 0.558
  per-class F1 (Val): {'benign': np.float32(0.787), 'atypical': np.float32(0.235), 'malignant': np.float32(0.652)}
  [DIAG] Tier1 сам по собі: acc=65.726 f1_macro=0.546
Test [ 0/86] eta: 0:00:17 loss: 0.1033 (0.1033) acc1: 100.0000 (100.0000) time: 0.1989 data: 0.1516 max mem: 418
Test [85/86] eta: 0:00:00 loss: 0.7679 (0.9399) acc1: 0.0000 (67.4419) time: 0.0280 data: 0.0001 max mem: 418
Test Total time: 0:00:02 (2.9702 s / it)
* Acc@1 67.442 loss 0.940 auroc 0.839 f1_score 0.630
  per-class F1 (Test): {'benign': np.float32(0.754), 'atypical': np.float32(0.378), 'malignant': np.float32(0.757)}
  [DIAG] Tier1 сам по собі: acc=66.570 f1_macro=0.616

Epoch: [11] [  0/389] eta: 0:01:34 lr: 0.000071 tier1_loss: 1.8991 (1.8991) tier2_loss: 1.2961 (1.2961) time: 0.2431 data: 0.1250 max mem: 418
Epoch: [11] [100/389] eta: 0:00:33 lr: 0.000069 tier1_loss: 0.0122 (0.4164) tier2_loss: 0.0128 (0.4814) time: 0.1137 data: 0.0001 max mem: 418
Epoch: [11] [200/389] eta: 0:00:21 lr: 0.000068 tier1_loss: 0.0177 (0.4712) tier2_loss: 0.0139 (0.5170) time: 0.1073 data: 0.0001 max mem: 418
Epoch: [11] [300/389] eta: 0:00:10 lr: 0.000067 tier1_loss: 0.0167 (0.4046) tier2_loss: 0.0119 (0.4597) time: 0.1187 data: 0.0001 max mem: 418
Epoch: [11] [388/389] eta: 0:00:00 lr: 0.000066 tier1_loss: 0.0524 (0.4705) tier2_loss: 0.0234 (0.5176) time: 0.1150 data: 0.0001 max mem: 418
Epoch: [11] Total time: 0:00:45 (45.7086 s / it)
Val [ 0/62] eta: 0:00:13 loss: 4.0410 (4.0410) acc1: 0.0000 (0.0000) time: 0.2156 data: 0.1622 max mem: 418
Val [61/62] eta: 0:00:00 loss: 0.2185 (1.2355) acc1: 100.0000 (61.2903) time: 0.0273 data: 0.0001 max mem: 418
Val Total time: 0:00:02 (2.1674 s / it)
* Acc@1 61.290 loss 1.236 auroc 0.761 f1_score 0.543
  per-class F1 (Val): {'benign': np.float32(0.786), 'atypical': np.float32(0.24), 'malignant': np.float32(0.605)}
  [DIAG] Tier1 сам по собі: acc=63.508 f1_macro=0.561
Test [ 0/86] eta: 0:00:17 loss: 0.8310 (0.8310) acc1: 0.0000 (0.0000) time: 0.2019 data: 0.1255 max mem: 418
Test [85/86] eta: 0:00:00 loss: 0.4198 (1.0009) acc1: 100.0000 (65.1163) time: 0.0277 data: 0.0001 max mem: 418
Test Total time: 0:00:02 (2.9535 s / it)
* Acc@1 65.116 loss 1.001 auroc 0.835 f1_score 0.647
  per-class F1 (Test): {'benign': np.float32(0.714), 'atypical': np.float32(0.473), 'malignant': np.float32(0.754)}
  [DIAG] Tier1 сам по собі: acc=67.442 f1_macro=0.666

Epoch: [12] [  0/389] eta: 0:01:44 lr: 0.000066 tier1_loss: 0.6797 (0.6797) tier2_loss: 2.2795 (2.2795) time: 0.2685 data: 0.1082 max mem: 418
Epoch: [12] [100/389] eta: 0:00:34 lr: 0.000065 tier1_loss: 0.0248 (0.4497) tier2_loss: 0.0063 (0.4505) time: 0.1250 data: 0.0001 max mem: 418
Epoch: [12] [200/389] eta: 0:00:22 lr: 0.000063 tier1_loss: 0.0230 (0.3619) tier2_loss: 0.0070 (0.3918) time: 0.1150 data: 0.0001 max mem: 418
Epoch: [12] [300/389] eta: 0:00:10 lr: 0.000062 tier1_loss: 0.0299 (0.3862) tier2_loss: 0.0069 (0.4245) time: 0.1114 data: 0.0001 max mem: 418
Epoch: [12] [388/389] eta: 0:00:00 lr: 0.000061 tier1_loss: 0.0169 (0.4522) tier2_loss: 0.0147 (0.5022) time: 0.1053 data: 0.0001 max mem: 418
Epoch: [12] Total time: 0:00:44 (44.0986 s / it)
Val [ 0/62] eta: 0:00:14 loss: 2.3559 (2.3559) acc1: 0.0000 (0.0000) time: 0.2332 data: 0.1666 max mem: 418
Val [61/62] eta: 0:00:00 loss: 0.0327 (1.1979) acc1: 100.0000 (59.6774) time: 0.0264 data: 0.0001 max mem: 418
Val Total time: 0:00:02 (2.1461 s / it)
* Acc@1 59.677 loss 1.198 auroc 0.820 f1_score 0.528
  per-class F1 (Val): {'benign': np.float32(0.787), 'atypical': np.float32(0.296), 'malignant': np.float32(0.5)}
  [DIAG] Tier1 сам по собі: acc=60.081 f1_macro=0.511
Test [ 0/86] eta: 0:00:15 loss: 0.0177 (0.0177) acc1: 100.0000 (100.0000) time: 0.1859 data: 0.1351 max mem: 418
Test [85/86] eta: 0:00:00 loss: 0.1895 (1.1043) acc1: 100.0000 (68.6047) time: 0.0285 data: 0.0001 max mem: 418
Test Total time: 0:00:02 (2.8947 s / it)
* Acc@1 68.605 loss 1.104 auroc 0.823 f1_score 0.676
  per-class F1 (Test): {'benign': np.float32(0.75), 'atypical': np.float32(0.52), 'malignant': np.float32(0.759)}
  [DIAG] Tier1 сам по собі: acc=65.116 f1_macro=0.631

Epoch: [13] [  0/389] eta: 0:01:39 lr: 0.000061 tier1_loss: 0.0065 (0.0065) tier2_loss: 0.0103 (0.0103) time: 0.2554 data: 0.1094 max mem: 418
Epoch: [13] [100/389] eta: 0:00:34 lr: 0.000059 tier1_loss: 0.0151 (0.4995) tier2_loss: 0.0064 (0.4792) time: 0.1135 data: 0.0001 max mem: 418
Epoch: [13] [200/389] eta: 0:00:22 lr: 0.000058 tier1_loss: 0.0246 (0.4909) tier2_loss: 0.0074 (0.5018) time: 0.1183 data: 0.0001 max mem: 418
Epoch: [13] [300/389] eta: 0:00:10 lr: 0.000057 tier1_loss: 0.0092 (0.4665) tier2_loss: 0.0089 (0.4952) time: 0.1138 data: 0.0001 max mem: 418
Epoch: [13] [388/389] eta: 0:00:00 lr: 0.000056 tier1_loss: 0.0088 (0.4445) tier2_loss: 0.0036 (0.4694) time: 0.1159 data: 0.0001 max mem: 418
Epoch: [13] Total time: 0:00:46 (46.2241 s / it)
Val [ 0/62] eta: 0:00:12 loss: 2.2470 (2.2470) acc1: 0.0000 (0.0000) time: 0.2071 data: 0.1460 max mem: 418
Val [61/62] eta: 0:00:00 loss: 0.0070 (1.7956) acc1: 100.0000 (54.8387) time: 0.0260 data: 0.0001 max mem: 418
Val Total time: 0:00:02 (2.1490 s / it)
* Acc@1 54.839 loss 1.796 auroc 0.770 f1_score 0.444
  per-class F1 (Val): {'benign': np.float32(0.762), 'atypical': np.float32(0.083), 'malignant': np.float32(0.486)}
  [DIAG] Tier1 сам по собі: acc=58.871 f1_macro=0.470
Test [ 0/86] eta: 0:00:14 loss: 0.0063 (0.0063) acc1: 100.0000 (100.0000) time: 0.1737 data: 0.1318 max mem: 418
Test [85/86] eta: 0:00:00 loss: 0.7485 (1.6379) acc1: 0.0000 (62.7907) time: 0.0269 data: 0.0001 max mem: 418
Test Total time: 0:00:02 (2.7652 s / it)
* Acc@1 62.791 loss 1.638 auroc 0.813 f1_score 0.563
  per-class F1 (Test): {'benign': np.float32(0.709), 'atypical': np.float32(0.235), 'malignant': np.float32(0.746)}
  [DIAG] Tier1 сам по собі: acc=61.337 f1_macro=0.557

Epoch: [14] [  0/389] eta: 0:01:47 lr: 0.000056 tier1_loss: 3.7179 (3.7179) tier2_loss: 4.7504 (4.7504) time: 0.2759 data: 0.1264 max mem: 418
Epoch: [14] [100/389] eta: 0:00:34 lr: 0.000054 tier1_loss: 0.0108 (0.4041) tier2_loss: 0.0073 (0.4534) time: 0.1074 data: 0.0001 max mem: 418
Epoch: [14] [200/389] eta: 0:00:22 lr: 0.000053 tier1_loss: 0.0069 (0.3920) tier2_loss: 0.0060 (0.4121) time: 0.1218 data: 0.0001 max mem: 418
Epoch: [14] [300/389] eta: 0:00:10 lr: 0.000052 tier1_loss: 0.0637 (0.4087) tier2_loss: 0.0090 (0.4524) time: 0.1069 data: 0.0001 max mem: 418
Epoch: [14] [388/389] eta: 0:00:00 lr: 0.000051 tier1_loss: 0.0191 (0.4566) tier2_loss: 0.0073 (0.4901) time: 0.1072 data: 0.0001 max mem: 418
Epoch: [14] Total time: 0:00:45 (45.0662 s / it)
Val [ 0/62] eta: 0:00:12 loss: 4.7239 (4.7239) acc1: 0.0000 (0.0000) time: 0.2027 data: 0.1499 max mem: 418
Val [61/62] eta: 0:00:00 loss: 0.7183 (1.4885) acc1: 0.0000 (58.0645) time: 0.0253 data: 0.0001 max mem: 418
Val Total time: 0:00:02 (2.0635 s / it)
* Acc@1 58.065 loss 1.488 auroc 0.731 f1_score 0.529
  per-class F1 (Val): {'benign': np.float32(0.764), 'atypical': np.float32(0.286), 'malignant': np.float32(0.537)}
  [DIAG] Tier1 сам по собі: acc=62.702 f1_macro=0.557
Test [ 0/86] eta: 0:00:15 loss: 2.2127 (2.2127) acc1: 0.0000 (0.0000) time: 0.1831 data: 0.1327 max mem: 418
Test [85/86] eta: 0:00:00 loss: 0.1127 (1.1962) acc1: 100.0000 (63.9535) time: 0.0272 data: 0.0001 max mem: 418
Test Total time: 0:00:02 (2.8238 s / it)
* Acc@1 63.953 loss 1.196 auroc 0.832 f1_score 0.639
  per-class F1 (Test): {'benign': np.float32(0.704), 'atypical': np.float32(0.491), 'malignant': np.float32(0.721)}
  [DIAG] Tier1 сам по собі: acc=67.006 f1_macro=0.663

Epoch: [15] [  0/389] eta: 0:02:07 lr: 0.000051 tier1_loss: 0.2192 (0.2192) tier2_loss: 0.1968 (0.1968) time: 0.3275 data: 0.1878 max mem: 418
Epoch: [15] [100/389] eta: 0:00:32 lr: 0.000049 tier1_loss: 0.0101 (0.2153) tier2_loss: 0.0027 (0.2591) time: 0.1154 data: 0.0001 max mem: 418
Epoch: [15] [200/389] eta: 0:00:22 lr: 0.000048 tier1_loss: 0.0082 (0.3246) tier2_loss: 0.0047 (0.3225) time: 0.1202 data: 0.0001 max mem: 418
Epoch: [15] [300/389] eta: 0:00:10 lr: 0.000047 tier1_loss: 0.0099 (0.3979) tier2_loss: 0.0080 (0.4004) time: 0.1184 data: 0.0001 max mem: 418
Epoch: [15] [388/389] eta: 0:00:00 lr: 0.000045 tier1_loss: 0.0144 (0.4199) tier2_loss: 0.0138 (0.4217) time: 0.1163 data: 0.0001 max mem: 418
Epoch: [15] Total time: 0:00:46 (46.8203 s / it)
Val [ 0/62] eta: 0:00:15 loss: 4.4163 (4.4163) acc1: 0.0000 (0.0000) time: 0.2521 data: 0.1664 max mem: 418
Val [61/62] eta: 0:00:00 loss: 0.0923 (1.2936) acc1: 100.0000 (61.2903) time: 0.0286 data: 0.0001 max mem: 418
Val Total time: 0:00:02 (2.3022 s / it)
* Acc@1 61.290 loss 1.294 auroc 0.792 f1_score 0.561
  per-class F1 (Val): {'benign': np.float32(0.793), 'atypical': np.float32(0.333), 'malignant': np.float32(0.556)}
  [DIAG] Tier1 сам по собі: acc=60.887 f1_macro=0.531
Test [ 0/86] eta: 0:00:16 loss: 1.0415 (1.0415) acc1: 0.0000 (0.0000) time: 0.1967 data: 0.1307 max mem: 418
Test [85/86] eta: 0:00:00 loss: 0.0862 (1.1174) acc1: 100.0000 (65.1163) time: 0.0291 data: 0.0001 max mem: 418
Test Total time: 0:00:03 (3.0205 s / it)
* Acc@1 65.116 loss 1.117 auroc 0.835 f1_score 0.653
  per-class F1 (Test): {'benign': np.float32(0.714), 'atypical': np.float32(0.508), 'malignant': np.float32(0.737)}
  [DIAG] Tier1 сам по собі: acc=69.622 f1_macro=0.686

Epoch: [16] [  0/389] eta: 0:02:02 lr: 0.000045 tier1_loss: 0.0135 (0.0135) tier2_loss: 0.0292 (0.0292) time: 0.3147 data: 0.1687 max mem: 418
Epoch: [16] [100/389] eta: 0:00:37 lr: 0.000044 tier1_loss: 0.0104 (0.3666) tier2_loss: 0.0044 (0.3246) time: 0.1199 data: 0.0001 max mem: 418
Epoch: [16] [200/389] eta: 0:00:22 lr: 0.000043 tier1_loss: 0.0080 (0.4234) tier2_loss: 0.0028 (0.3902) time: 0.1073 data: 0.0001 max mem: 418
Epoch: [16] [300/389] eta: 0:00:10 lr: 0.000041 tier1_loss: 0.0078 (0.3918) tier2_loss: 0.0031 (0.3927) time: 0.1296 data: 0.0001 max mem: 418
Epoch: [16] [388/389] eta: 0:00:00 lr: 0.000040 tier1_loss: 0.0123 (0.3995) tier2_loss: 0.0037 (0.4051) time: 0.1259 data: 0.0001 max mem: 418
Epoch: [16] Total time: 0:00:47 (47.9702 s / it)
Val [ 0/62] eta: 0:00:13 loss: 4.3261 (4.3261) acc1: 0.0000 (0.0000) time: 0.2248 data: 0.1657 max mem: 418
Val [61/62] eta: 0:00:00 loss: 0.0650 (1.6818) acc1: 100.0000 (61.2903) time: 0.0262 data: 0.0001 max mem: 418
Val Total time: 0:00:02 (2.1828 s / it)
* Acc@1 61.290 loss 1.682 auroc 0.773 f1_score 0.545
  per-class F1 (Val): {'benign': np.float32(0.774), 'atypical': np.float32(0.32), 'malignant': np.float32(0.541)}
  [DIAG] Tier1 сам по собі: acc=61.694 f1_macro=0.523
Test [ 0/86] eta: 0:00:16 loss: 0.0332 (0.0332) acc1: 100.0000 (100.0000) time: 0.1956 data: 0.1287 max mem: 418
Test [85/86] eta: 0:00:00 loss: 0.0769 (1.3208) acc1: 100.0000 (63.9535) time: 0.0274 data: 0.0001 max mem: 418
Test Total time: 0:00:02 (2.8980 s / it)
* Acc@1 63.953 loss 1.321 auroc 0.833 f1_score 0.618
  per-class F1 (Test): {'benign': np.float32(0.716), 'atypical': np.float32(0.391), 'malignant': np.float32(0.746)}
  [DIAG] Tier1 сам по собі: acc=67.297 f1_macro=0.653

Epoch: [17] [  0/389] eta: 0:02:03 lr: 0.000040 tier1_loss: 0.0063 (0.0063) tier2_loss: 0.0045 (0.0045) time: 0.3170 data: 0.1354 max mem: 418
Epoch: [17] [100/389] eta: 0:00:36 lr: 0.000039 tier1_loss: 0.0176 (0.3963) tier2_loss: 0.0064 (0.3836) time: 0.1219 data: 0.0001 max mem: 418
Epoch: [17] [200/389] eta: 0:00:23 lr: 0.000038 tier1_loss: 0.0143 (0.4373) tier2_loss: 0.0051 (0.4156) time: 0.1245 data: 0.0001 max mem: 418
Epoch: [17] [300/389] eta: 0:00:11 lr: 0.000036 tier1_loss: 0.0078 (0.3627) tier2_loss: 0.0016 (0.3239) time: 0.1195 data: 0.0001 max mem: 418
Epoch: [17] [388/389] eta: 0:00:00 lr: 0.000035 tier1_loss: 0.0081 (0.4010) tier2_loss: 0.0057 (0.3838) time: 0.1208 data: 0.0001 max mem: 418
Epoch: [17] Total time: 0:00:48 (48.1325 s / it)
Val [ 0/62] eta: 0:00:15 loss: 3.7896 (3.7896) acc1: 0.0000 (0.0000) time: 0.2504 data: 0.1829 max mem: 418
Val [61/62] eta: 0:00:00 loss: 0.0498 (1.7704) acc1: 100.0000 (64.5161) time: 0.0264 data: 0.0001 max mem: 418
Val Total time: 0:00:02 (2.2163 s / it)
* Acc@1 64.516 loss 1.770 auroc 0.743 f1_score 0.583
  per-class F1 (Val): {'benign': np.float32(0.794), 'atypical': np.float32(0.4), 'malignant': np.float32(0.556)}
  [DIAG] Tier1 сам по собі: acc=61.492 f1_macro=0.527
Test [ 0/86] eta: 0:00:17 loss: 0.0843 (0.0843) acc1: 100.0000 (100.0000) time: 0.2035 data: 0.1417 max mem: 418
Test [85/86] eta: 0:00:00 loss: 0.0387 (1.4055) acc1: 100.0000 (67.4419) time: 0.0261 data: 0.0001 max mem: 418
Test Total time: 0:00:02 (2.7851 s / it)
* Acc@1 67.442 loss 1.406 auroc 0.820 f1_score 0.665
  per-class F1 (Test): {'benign': np.float32(0.75), 'atypical': np.float32(0.52), 'malignant': np.float32(0.724)}
  [DIAG] Tier1 сам по собі: acc=67.442 f1_macro=0.662

Epoch: [18] [  0/389] eta: 0:01:54 lr: 0.000035 tier1_loss: 0.0135 (0.0135) tier2_loss: 0.0026 (0.0026) time: 0.2956 data: 0.1307 max mem: 418
Epoch: [18] [100/389] eta: 0:00:35 lr: 0.000034 tier1_loss: 0.0151 (0.4110) tier2_loss: 0.0089 (0.3915) time: 0.1306 data: 0.0001 max mem: 418
Epoch: [18] [200/389] eta: 0:00:22 lr: 0.000033 tier1_loss: 0.0244 (0.3882) tier2_loss: 0.0064 (0.3509) time: 0.1300 data: 0.0001 max mem: 418
Epoch: [18] [300/389] eta: 0:00:10 lr: 0.000031 tier1_loss: 0.0080 (0.4052) tier2_loss: 0.0061 (0.4038) time: 0.1119 data: 0.0001 max mem: 418
Epoch: [18] [388/389] eta: 0:00:00 lr: 0.000030 tier1_loss: 0.0212 (0.3950) tier2_loss: 0.0064 (0.3806) time: 0.1176 data: 0.0001 max mem: 418
Epoch: [18] Total time: 0:00:46 (46.6859 s / it)
Val [ 0/62] eta: 0:00:14 loss: 4.4541 (4.4541) acc1: 0.0000 (0.0000) time: 0.2309 data: 0.1650 max mem: 418
Val [61/62] eta: 0:00:00 loss: 0.0400 (1.5708) acc1: 100.0000 (62.9032) time: 0.0316 data: 0.0001 max mem: 418
Val Total time: 0:00:02 (2.6535 s / it)
* Acc@1 62.903 loss 1.571 auroc 0.770 f1_score 0.562
  per-class F1 (Val): {'benign': np.float32(0.787), 'atypical': np.float32(0.32), 'malignant': np.float32(0.579)}
  [DIAG] Tier1 сам по собі: acc=63.911 f1_macro=0.554
Test [ 0/86] eta: 0:00:17 loss: 0.0232 (0.0232) acc1: 100.0000 (100.0000) time: 0.2031 data: 0.1355 max mem: 418
Test [85/86] eta: 0:00:00 loss: 0.0267 (1.3358) acc1: 100.0000 (68.6047) time: 0.0330 data: 0.0001 max mem: 418
Test Total time: 0:00:03 (3.3476 s / it)
* Acc@1 68.605 loss 1.336 auroc 0.830 f1_score 0.679
  per-class F1 (Test): {'benign': np.float32(0.767), 'atypical': np.float32(0.538), 'malignant': np.float32(0.733)}
  [DIAG] Tier1 сам по собі: acc=68.023 f1_macro=0.669

Epoch: [19] [  0/389] eta: 0:02:02 lr: 0.000030 tier1_loss: 0.9364 (0.9364) tier2_loss: 0.4289 (0.4289) time: 0.3159 data: 0.1535 max mem: 418
Epoch: [19] [100/389] eta: 0:00:36 lr: 0.000029 tier1_loss: 0.0104 (0.3020) tier2_loss: 0.0039 (0.2804) time: 0.1250 data: 0.0001 max mem: 418
Epoch: [19] [200/389] eta: 0:00:23 lr: 0.000028 tier1_loss: 0.0115 (0.3436) tier2_loss: 0.0022 (0.3117) time: 0.1081 data: 0.0001 max mem: 418
Epoch: [19] [300/389] eta: 0:00:10 lr: 0.000027 tier1_loss: 0.0301 (0.3482) tier2_loss: 0.0045 (0.3272) time: 0.1143 data: 0.0001 max mem: 418
Epoch: [19] [388/389] eta: 0:00:00 lr: 0.000026 tier1_loss: 0.0483 (0.3687) tier2_loss: 0.0055 (0.3587) time: 0.1034 data: 0.0001 max mem: 418
Epoch: [19] Total time: 0:00:46 (46.9006 s / it)
Val [ 0/62] eta: 0:00:13 loss: 5.2610 (5.2610) acc1: 0.0000 (0.0000) time: 0.2258 data: 0.1579 max mem: 418
Val [61/62] eta: 0:00:00 loss: 0.0725 (1.7279) acc1: 100.0000 (61.2903) time: 0.0255 data: 0.0001 max mem: 418
Val Total time: 0:00:02 (2.1835 s / it)
* Acc@1 61.290 loss 1.728 auroc 0.726 f1_score 0.535
  per-class F1 (Val): {'benign': np.float32(0.8), 'atypical': np.float32(0.24), 'malignant': np.float32(0.564)}
  [DIAG] Tier1 сам по собі: acc=65.524 f1_macro=0.554
Test [ 0/86] eta: 0:00:15 loss: 0.0128 (0.0128) acc1: 100.0000 (100.0000) time: 0.1807 data: 0.1295 max mem: 418
Test [85/86] eta: 0:00:00 loss: 0.7847 (1.4761) acc1: 0.0000 (63.9535) time: 0.0268 data: 0.0001 max mem: 418
Test Total time: 0:00:02 (2.8989 s / it)
* Acc@1 63.953 loss 1.476 auroc 0.808 f1_score 0.626
  per-class F1 (Test): {'benign': np.float32(0.7), 'atypical': np.float32(0.458), 'malignant': np.float32(0.719)}
  [DIAG] Tier1 сам по собі: acc=67.297 f1_macro=0.653

Epoch: [20] [  0/389] eta: 0:01:31 lr: 0.000026 tier1_loss: 0.0044 (0.0044) tier2_loss: 0.0008 (0.0008) time: 0.2360 data: 0.1159 max mem: 418
Epoch: [20] [100/389] eta: 0:00:32 lr: 0.000025 tier1_loss: 0.0242 (0.4437) tier2_loss: 0.0060 (0.4639) time: 0.1080 data: 0.0001 max mem: 418
Epoch: [20] [200/389] eta: 0:00:21 lr: 0.000023 tier1_loss: 0.0221 (0.4473) tier2_loss: 0.0066 (0.4513) time: 0.1088 data: 0.0001 max mem: 418
Epoch: [20] [300/389] eta: 0:00:09 lr: 0.000022 tier1_loss: 0.0122 (0.3608) tier2_loss: 0.0028 (0.3652) time: 0.1064 data: 0.0001 max mem: 418
Epoch: [20] [388/389] eta: 0:00:00 lr: 0.000021 tier1_loss: 0.0151 (0.3724) tier2_loss: 0.0016 (0.3488) time: 0.1057 data: 0.0001 max mem: 418
Epoch: [20] Total time: 0:00:43 (43.2628 s / it)
Val [ 0/62] eta: 0:00:13 loss: 5.0158 (5.0158) acc1: 0.0000 (0.0000) time: 0.2255 data: 0.1610 max mem: 418
Val [61/62] eta: 0:00:00 loss: 0.1176 (1.8320) acc1: 100.0000 (59.6774) time: 0.0264 data: 0.0001 max mem: 418
Val Total time: 0:00:02 (2.2416 s / it)
* Acc@1 59.677 loss 1.832 auroc 0.724 f1_score 0.511
  per-class F1 (Val): {'benign': np.float32(0.78), 'atypical': np.float32(0.167), 'malignant': np.float32(0.585)}
  [DIAG] Tier1 сам по собі: acc=63.105 f1_macro=0.537
Test [ 0/86] eta: 0:00:14 loss: 0.1127 (0.1127) acc1: 100.0000 (100.0000) time: 0.1691 data: 0.1264 max mem: 418
Test [85/86] eta: 0:00:00 loss: 0.2564 (1.4858) acc1: 100.0000 (68.6047) time: 0.0276 data: 0.0001 max mem: 418
Test Total time: 0:00:02 (2.8749 s / it)
* Acc@1 68.605 loss 1.486 auroc 0.808 f1_score 0.679
  per-class F1 (Test): {'benign': np.float32(0.746), 'atypical': np.float32(0.549), 'malignant': np.float32(0.742)}
  [DIAG] Tier1 сам по собі: acc=67.151 f1_macro=0.655

Epoch: [21] [  0/389] eta: 0:01:49 lr: 0.000021 tier1_loss: 0.0009 (0.0009) tier2_loss: 0.0005 (0.0005) time: 0.2809 data: 0.1228 max mem: 418
Epoch: [21] [100/389] eta: 0:00:37 lr: 0.000020 tier1_loss: 0.0138 (0.2565) tier2_loss: 0.0017 (0.1515) time: 0.1351 data: 0.0001 max mem: 418
Epoch: [21] [200/389] eta: 0:00:24 lr: 0.000019 tier1_loss: 0.0070 (0.3007) tier2_loss: 0.0014 (0.3061) time: 0.1340 data: 0.0001 max mem: 418
Epoch: [21] [300/389] eta: 0:00:11 lr: 0.000018 tier1_loss: 0.0338 (0.3141) tier2_loss: 0.0034 (0.3022) time: 0.1186 data: 0.0001 max mem: 418
Epoch: [21] [388/389] eta: 0:00:00 lr: 0.000017 tier1_loss: 0.0188 (0.3553) tier2_loss: 0.0038 (0.3483) time: 0.1281 data: 0.0001 max mem: 418
Epoch: [21] Total time: 0:00:49 (49.8129 s / it)
Val [ 0/62] eta: 0:00:14 loss: 5.7718 (5.7718) acc1: 0.0000 (0.0000) time: 0.2378 data: 0.1656 max mem: 418
Val [61/62] eta: 0:00:00 loss: 0.1594 (1.7551) acc1: 0.0000 (56.4516) time: 0.0303 data: 0.0001 max mem: 418
Val Total time: 0:00:02 (2.6334 s / it)
* Acc@1 56.452 loss 1.755 auroc 0.734 f1_score 0.505
  per-class F1 (Val): {'benign': np.float32(0.737), 'atypical': np.float32(0.214), 'malignant': np.float32(0.564)}
  [DIAG] Tier1 сам по собі: acc=62.500 f1_macro=0.546
Test [ 0/86] eta: 0:00:16 loss: 0.0095 (0.0095) acc1: 100.0000 (100.0000) time: 0.1954 data: 0.1385 max mem: 418
Test [85/86] eta: 0:00:00 loss: 0.1329 (1.4672) acc1: 100.0000 (68.6047) time: 0.0274 data: 0.0001 max mem: 418
Test Total time: 0:00:03 (3.0493 s / it)
* Acc@1 68.605 loss 1.467 auroc 0.824 f1_score 0.680
  per-class F1 (Test): {'benign': np.float32(0.759), 'atypical': np.float32(0.538), 'malignant': np.float32(0.742)}
  [DIAG] Tier1 сам по собі: acc=68.750 f1_macro=0.677

Epoch: [22] [  0/389] eta: 0:01:49 lr: 0.000017 tier1_loss: 0.0154 (0.0154) tier2_loss: 0.0052 (0.0052) time: 0.2824 data: 0.1158 max mem: 418
Epoch: [22] [100/389] eta: 0:00:35 lr: 0.000016 tier1_loss: 0.0193 (0.2490) tier2_loss: 0.0040 (0.2302) time: 0.1244 data: 0.0001 max mem: 418
Epoch: [22] [200/389] eta: 0:00:23 lr: 0.000015 tier1_loss: 0.0169 (0.3360) tier2_loss: 0.0019 (0.2945) time: 0.1279 data: 0.0001 max mem: 418
Epoch: [22] [300/389] eta: 0:00:10 lr: 0.000015 tier1_loss: 0.0110 (0.3676) tier2_loss: 0.0091 (0.3474) time: 0.1146 data: 0.0001 max mem: 418
Epoch: [22] [388/389] eta: 0:00:00 lr: 0.000014 tier1_loss: 0.0052 (0.3356) tier2_loss: 0.0014 (0.3036) time: 0.1174 data: 0.0001 max mem: 418
Epoch: [22] Total time: 0:00:47 (47.2123 s / it)
Val [ 0/62] eta: 0:00:13 loss: 4.5500 (4.5500) acc1: 0.0000 (0.0000) time: 0.2132 data: 0.1569 max mem: 418
Val [61/62] eta: 0:00:00 loss: 0.0279 (2.0477) acc1: 100.0000 (59.6774) time: 0.0264 data: 0.0001 max mem: 418
Val Total time: 0:00:02 (2.2073 s / it)
* Acc@1 59.677 loss 2.048 auroc 0.726 f1_score 0.506
  per-class F1 (Val): {'benign': np.float32(0.787), 'atypical': np.float32(0.167), 'malignant': np.float32(0.564)}
  [DIAG] Tier1 сам по собі: acc=60.685 f1_macro=0.505
Test [ 0/86] eta: 0:00:18 loss: 0.0037 (0.0037) acc1: 100.0000 (100.0000) time: 0.2114 data: 0.1434 max mem: 418
Test [85/86] eta: 0:00:00 loss: 0.0385 (1.5911) acc1: 100.0000 (63.9535) time: 0.0266 data: 0.0001 max mem: 418
Test Total time: 0:00:02 (2.7800 s / it)
* Acc@1 63.953 loss 1.591 auroc 0.827 f1_score 0.603
  per-class F1 (Test): {'benign': np.float32(0.714), 'atypical': np.float32(0.341), 'malignant': np.float32(0.754)}
  [DIAG] Tier1 сам по собі: acc=65.407 f1_macro=0.631

Epoch: [23] [  0/389] eta: 0:02:01 lr: 0.000014 tier1_loss: 2.1267 (2.1267) tier2_loss: 4.8215 (4.8215) time: 0.3121 data: 0.1454 max mem: 418
Epoch: [23] [100/389] eta: 0:00:32 lr: 0.000013 tier1_loss: 0.0109 (0.3785) tier2_loss: 0.0018 (0.3509) time: 0.1188 data: 0.0001 max mem: 418
Epoch: [23] [200/389] eta: 0:00:22 lr: 0.000012 tier1_loss: 0.0159 (0.4030) tier2_loss: 0.0015 (0.3236) time: 0.1233 data: 0.0001 max mem: 418
Epoch: [23] [300/389] eta: 0:00:10 lr: 0.000011 tier1_loss: 0.0180 (0.3625) tier2_loss: 0.0024 (0.3085) time: 0.1116 data: 0.0001 max mem: 418
Epoch: [23] [388/389] eta: 0:00:00 lr: 0.000010 tier1_loss: 0.0146 (0.3466) tier2_loss: 0.0018 (0.2924) time: 0.1108 data: 0.0001 max mem: 418
Epoch: [23] Total time: 0:00:45 (45.9456 s / it)
Val [ 0/62] eta: 0:00:13 loss: 4.3195 (4.3195) acc1: 0.0000 (0.0000) time: 0.2240 data: 0.1539 max mem: 418
Val [61/62] eta: 0:00:00 loss: 0.0546 (2.1420) acc1: 100.0000 (59.6774) time: 0.0263 data: 0.0001 max mem: 418
Val Total time: 0:00:02 (2.1790 s / it)
* Acc@1 59.677 loss 2.142 auroc 0.724 f1_score 0.506
  per-class F1 (Val): {'benign': np.float32(0.787), 'atypical': np.float32(0.167), 'malignant': np.float32(0.564)}
  [DIAG] Tier1 сам по собі: acc=60.282 f1_macro=0.508
Test [ 0/86] eta: 0:00:16 loss: 0.0027 (0.0027) acc1: 100.0000 (100.0000) time: 0.1914 data: 0.1486 max mem: 418
Test [85/86] eta: 0:00:00 loss: 0.0478 (1.6837) acc1: 100.0000 (62.7907) time: 0.0269 data: 0.0001 max mem: 418
Test Total time: 0:00:02 (2.8493 s / it)
* Acc@1 62.791 loss 1.684 auroc 0.816 f1_score 0.594
  per-class F1 (Test): {'benign': np.float32(0.714), 'atypical': np.float32(0.333), 'malignant': np.float32(0.733)}
  [DIAG] Tier1 сам по собі: acc=65.988 f1_macro=0.638

Epoch: [24] [  0/389] eta: 0:01:54 lr: 0.000010 tier1_loss: 0.0280 (0.0280) tier2_loss: 0.0010 (0.0010) time: 0.2939 data: 0.1597 max mem: 418
Epoch: [24] [100/389] eta: 0:00:34 lr: 0.000010 tier1_loss: 0.0094 (0.3748) tier2_loss: 0.0020 (0.3668) time: 0.1144 data: 0.0001 max mem: 418
Epoch: [24] [200/389] eta: 0:00:22 lr: 0.000009 tier1_loss: 0.0068 (0.3294) tier2_loss: 0.0018 (0.3036) time: 0.1170 data: 0.0001 max mem: 418
Epoch: [24] [300/389] eta: 0:00:10 lr: 0.000008 tier1_loss: 0.0137 (0.3450) tier2_loss: 0.0027 (0.2997) time: 0.1131 data: 0.0001 max mem: 418
Epoch: [24] [388/389] eta: 0:00:00 lr: 0.000008 tier1_loss: 0.0124 (0.3389) tier2_loss: 0.0015 (0.2885) time: 0.1210 data: 0.0001 max mem: 418
Epoch: [24] Total time: 0:00:44 (44.8949 s / it)
Val [ 0/62] eta: 0:00:13 loss: 4.6298 (4.6298) acc1: 0.0000 (0.0000) time: 0.2217 data: 0.1547 max mem: 418
Val [61/62] eta: 0:00:00 loss: 0.0384 (2.0252) acc1: 100.0000 (59.6774) time: 0.0266 data: 0.0001 max mem: 418
Val Total time: 0:00:02 (2.5394 s / it)
* Acc@1 59.677 loss 2.025 auroc 0.719 f1_score 0.521
  per-class F1 (Val): {'benign': np.float32(0.821), 'atypical': np.float32(0.143), 'malignant': np.float32(0.6)}
  [DIAG] Tier1 сам по собі: acc=59.274 f1_macro=0.489
Test [ 0/86] eta: 0:00:16 loss: 0.0025 (0.0025) acc1: 100.0000 (100.0000) time: 0.1880 data: 0.1425 max mem: 418
Test [85/86] eta: 0:00:00 loss: 0.1473 (1.6500) acc1: 100.0000 (63.9535) time: 0.0281 data: 0.0001 max mem: 418
Test Total time: 0:00:02 (2.8999 s / it)
* Acc@1 63.953 loss 1.650 auroc 0.815 f1_score 0.603
  per-class F1 (Test): {'benign': np.float32(0.697), 'atypical': np.float32(0.341), 'malignant': np.float32(0.769)}
  [DIAG] Tier1 сам по собі: acc=66.570 f1_macro=0.646

Epoch: [25] [  0/389] eta: 0:02:00 lr: 0.000008 tier1_loss: 0.0048 (0.0048) tier2_loss: 0.0023 (0.0023) time: 0.3092 data: 0.1767 max mem: 418
Epoch: [25] [100/389] eta: 0:00:33 lr: 0.000007 tier1_loss: 0.0154 (0.3425) tier2_loss: 0.0020 (0.2145) time: 0.1176 data: 0.0001 max mem: 418
Epoch: [25] [200/389] eta: 0:00:21 lr: 0.000006 tier1_loss: 0.0092 (0.2884) tier2_loss: 0.0007 (0.1819) time: 0.1015 data: 0.0001 max mem: 418
Epoch: [25] [300/389] eta: 0:00:10 lr: 0.000006 tier1_loss: 0.0034 (0.3346) tier2_loss: 0.0012 (0.2413) time: 0.1286 data: 0.0001 max mem: 418
Epoch: [25] [388/389] eta: 0:00:00 lr: 0.000005 tier1_loss: 0.0140 (0.3333) tier2_loss: 0.0012 (0.2579) time: 0.1142 data: 0.0001 max mem: 418
Epoch: [25] Total time: 0:00:45 (45.8879 s / it)
Val [ 0/62] eta: 0:00:13 loss: 5.0561 (5.0561) acc1: 0.0000 (0.0000) time: 0.2230 data: 0.1683 max mem: 418
Val [61/62] eta: 0:00:00 loss: 0.0254 (2.0411) acc1: 100.0000 (59.6774) time: 0.0261 data: 0.0001 max mem: 418
Val Total time: 0:00:02 (2.2067 s / it)
* Acc@1 59.677 loss 2.041 auroc 0.729 f1_score 0.531
  per-class F1 (Val): {'benign': np.float32(0.821), 'atypical': np.float32(0.207), 'malignant': np.float32(0.564)}
  [DIAG] Tier1 сам по собі: acc=61.492 f1_macro=0.521
Test [ 0/86] eta: 0:00:16 loss: 0.0041 (0.0041) acc1: 100.0000 (100.0000) time: 0.1883 data: 0.1376 max mem: 418
Test [85/86] eta: 0:00:00 loss: 0.0293 (1.6615) acc1: 100.0000 (65.1163) time: 0.0274 data: 0.0001 max mem: 418
Test Total time: 0:00:02 (2.8477 s / it)
* Acc@1 65.116 loss 1.661 auroc 0.817 f1_score 0.633
  per-class F1 (Test): {'benign': np.float32(0.73), 'atypical': np.float32(0.426), 'malignant': np.float32(0.742)}
  [DIAG] Tier1 сам по собі: acc=65.843 f1_macro=0.642

Epoch: [26] [  0/389] eta: 0:01:54 lr: 0.000005 tier1_loss: 0.0085 (0.0085) tier2_loss: 0.0169 (0.0169) time: 0.2941 data: 0.1665 max mem: 418
Epoch: [26] [100/389] eta: 0:00:34 lr: 0.000005 tier1_loss: 0.0364 (0.2089) tier2_loss: 0.0014 (0.2227) time: 0.1154 data: 0.0001 max mem: 418
Epoch: [26] [200/389] eta: 0:00:23 lr: 0.000004 tier1_loss: 0.0114 (0.2910) tier2_loss: 0.0019 (0.2567) time: 0.1133 data: 0.0001 max mem: 418
Epoch: [26] [300/389] eta: 0:00:10 lr: 0.000004 tier1_loss: 0.0109 (0.3328) tier2_loss: 0.0023 (0.2707) time: 0.1047 data: 0.0001 max mem: 418
Epoch: [26] [388/389] eta: 0:00:00 lr: 0.000003 tier1_loss: 0.0110 (0.3164) tier2_loss: 0.0020 (0.2560) time: 0.1080 data: 0.0001 max mem: 418
Epoch: [26] Total time: 0:00:45 (45.0015 s / it)
Val [ 0/62] eta: 0:00:13 loss: 4.8343 (4.8343) acc1: 0.0000 (0.0000) time: 0.2241 data: 0.1596 max mem: 418
Val [61/62] eta: 0:00:00 loss: 0.0290 (2.0950) acc1: 100.0000 (59.6774) time: 0.0262 data: 0.0001 max mem: 418
Val Total time: 0:00:02 (2.1399 s / it)
* Acc@1 59.677 loss 2.095 auroc 0.728 f1_score 0.528
  per-class F1 (Val): {'benign': np.float32(0.807), 'atypical': np.float32(0.214), 'malignant': np.float32(0.564)}
  [DIAG] Tier1 сам по собі: acc=61.694 f1_macro=0.527
Test [ 0/86] eta: 0:00:14 loss: 0.0055 (0.0055) acc1: 100.0000 (100.0000) time: 0.1728 data: 0.1251 max mem: 418
Test [85/86] eta: 0:00:00 loss: 0.0220 (1.5913) acc1: 100.0000 (65.1163) time: 0.0272 data: 0.0001 max mem: 418
Test Total time: 0:00:02 (2.7846 s / it)
* Acc@1 65.116 loss 1.591 auroc 0.824 f1_score 0.633
  per-class F1 (Test): {'benign': np.float32(0.73), 'atypical': np.float32(0.426), 'malignant': np.float32(0.742)}
  [DIAG] Tier1 сам по собі: acc=66.860 f1_macro=0.652

Epoch: [27] [  0/389] eta: 0:01:48 lr: 0.000003 tier1_loss: 0.0182 (0.0182) tier2_loss: 0.0041 (0.0041) time: 0.2800 data: 0.1219 max mem: 418
Epoch: [27] [100/389] eta: 0:00:35 lr: 0.000003 tier1_loss: 0.0107 (0.2387) tier2_loss: 0.0013 (0.1907) time: 0.1183 data: 0.0001 max mem: 418
Epoch: [27] [200/389] eta: 0:00:22 lr: 0.000003 tier1_loss: 0.0183 (0.3101) tier2_loss: 0.0015 (0.2515) time: 0.1150 data: 0.0001 max mem: 418
Epoch: [27] [300/389] eta: 0:00:10 lr: 0.000002 tier1_loss: 0.0104 (0.2970) tier2_loss: 0.0007 (0.2230) time: 0.1178 data: 0.0001 max mem: 418
Epoch: [27] [388/389] eta: 0:00:00 lr: 0.000002 tier1_loss: 0.0044 (0.3275) tier2_loss: 0.0020 (0.2568) time: 0.1298 data: 0.0001 max mem: 418
Epoch: [27] Total time: 0:00:46 (46.9659 s / it)
Val [ 0/62] eta: 0:00:16 loss: 4.6587 (4.6587) acc1: 0.0000 (0.0000) time: 0.2603 data: 0.1896 max mem: 418
Val [61/62] eta: 0:00:00 loss: 0.0431 (2.0492) acc1: 100.0000 (59.6774) time: 0.0324 data: 0.0001 max mem: 418
Val Total time: 0:00:02 (2.7573 s / it)
* Acc@1 59.677 loss 2.049 auroc 0.729 f1_score 0.531
  per-class F1 (Val): {'benign': np.float32(0.821), 'atypical': np.float32(0.207), 'malignant': np.float32(0.564)}
  [DIAG] Tier1 сам по собі: acc=60.685 f1_macro=0.512
Test [ 0/86] eta: 0:00:18 loss: 0.0025 (0.0025) acc1: 100.0000 (100.0000) time: 0.2101 data: 0.1480 max mem: 418
Test [85/86] eta: 0:00:00 loss: 0.0563 (1.6756) acc1: 100.0000 (66.2791) time: 0.0280 data: 0.0001 max mem: 418
Test Total time: 0:00:02 (2.9469 s / it)
* Acc@1 66.279 loss 1.676 auroc 0.814 f1_score 0.642
  per-class F1 (Test): {'benign': np.float32(0.742), 'atypical': np.float32(0.435), 'malignant': np.float32(0.75)}
  [DIAG] Tier1 сам по собі: acc=67.297 f1_macro=0.658

Epoch: [28] [  0/389] eta: 0:01:33 lr: 0.000002 tier1_loss: 0.0685 (0.0685) tier2_loss: 0.0043 (0.0043) time: 0.2414 data: 0.1061 max mem: 418
Epoch: [28] [100/389] eta: 0:00:33 lr: 0.000002 tier1_loss: 0.0271 (0.3024) tier2_loss: 0.0018 (0.2088) time: 0.1124 data: 0.0001 max mem: 418
Epoch: [28] [200/389] eta: 0:00:21 lr: 0.000002 tier1_loss: 0.0046 (0.3020) tier2_loss: 0.0008 (0.2108) time: 0.1120 data: 0.0001 max mem: 418
Epoch: [28] [300/389] eta: 0:00:10 lr: 0.000001 tier1_loss: 0.0119 (0.2963) tier2_loss: 0.0016 (0.2069) time: 0.1368 data: 0.0001 max mem: 418
Epoch: [28] [388/389] eta: 0:00:00 lr: 0.000001 tier1_loss: 0.0068 (0.3235) tier2_loss: 0.0004 (0.2454) time: 0.1129 data: 0.0001 max mem: 418
Epoch: [28] Total time: 0:00:46 (46.1696 s / it)
Val [ 0/62] eta: 0:00:13 loss: 5.3536 (5.3536) acc1: 0.0000 (0.0000) time: 0.2148 data: 0.1579 max mem: 418
Val [61/62] eta: 0:00:00 loss: 0.0433 (2.1000) acc1: 100.0000 (59.6774) time: 0.0265 data: 0.0001 max mem: 418
Val Total time: 0:00:02 (2.1664 s / it)
* Acc@1 59.677 loss 2.100 auroc 0.727 f1_score 0.531
  per-class F1 (Val): {'benign': np.float32(0.821), 'atypical': np.float32(0.207), 'malignant': np.float32(0.564)}
  [DIAG] Tier1 сам по собі: acc=60.282 f1_macro=0.505
Test [ 0/86] eta: 0:00:17 loss: 0.0027 (0.0027) acc1: 100.0000 (100.0000) time: 0.2069 data: 0.1470 max mem: 418
Test [85/86] eta: 0:00:00 loss: 0.0353 (1.6885) acc1: 100.0000 (65.1163) time: 0.0281 data: 0.0001 max mem: 418
Test Total time: 0:00:02 (2.9661 s / it)
* Acc@1 65.116 loss 1.688 auroc 0.815 f1_score 0.632
  per-class F1 (Test): {'benign': np.float32(0.733), 'atypical': np.float32(0.426), 'malignant': np.float32(0.738)}
  [DIAG] Tier1 сам по собі: acc=65.407 f1_macro=0.639

Epoch: [29] [  0/389] eta: 0:02:28 lr: 0.000001 tier1_loss: 2.9508 (2.9508) tier2_loss: 2.0366 (2.0366) time: 0.3818 data: 0.2073 max mem: 418
Epoch: [29] [100/389] eta: 0:00:35 lr: 0.000001 tier1_loss: 0.0093 (0.2667) tier2_loss: 0.0012 (0.2194) time: 0.1196 data: 0.0001 max mem: 418
Epoch: [29] [200/389] eta: 0:00:23 lr: 0.000001 tier1_loss: 0.0085 (0.3282) tier2_loss: 0.0020 (0.1943) time: 0.1274 data: 0.0001 max mem: 418
Epoch: [29] [300/389] eta: 0:00:11 lr: 0.000001 tier1_loss: 0.0136 (0.2886) tier2_loss: 0.0020 (0.1941) time: 0.1201 data: 0.0001 max mem: 418
Epoch: [29] [388/389] eta: 0:00:00 lr: 0.000001 tier1_loss: 0.0104 (0.3179) tier2_loss: 0.0008 (0.2439) time: 0.1125 data: 0.0001 max mem: 418
Epoch: [29] Total time: 0:00:47 (47.8916 s / it)
Val [ 0/62] eta: 0:00:12 loss: 5.7318 (5.7318) acc1: 0.0000 (0.0000) time: 0.2055 data: 0.1605 max mem: 418
Val [61/62] eta: 0:00:00 loss: 0.0350 (2.1495) acc1: 100.0000 (59.6774) time: 0.0279 data: 0.0001 max mem: 418
Val Total time: 0:00:02 (2.2166 s / it)
* Acc@1 59.677 loss 2.150 auroc 0.725 f1_score 0.531
  per-class F1 (Val): {'benign': np.float32(0.821), 'atypical': np.float32(0.207), 'malignant': np.float32(0.564)}
  [DIAG] Tier1 сам по собі: acc=61.089 f1_macro=0.517
wandb: 
wandb: Run history:
wandb: diag/test_tier1_acc ▁▂▁▄▄▅▄▇▆▅▇▇▆▄▇█▇▇▇▇▇█▆▆▇▆▇▇▆▇
wandb:  diag/test_tier1_f1 ▁▂▁▂▂▃▃▇▆▃▆▇▇▅▇█▇▇█▇▇█▇▇▇▇▇▇▇▇
wandb:       perf/test_auc ▁▄▃▄▆▇▆██▆██▇▇███▇█▇▆▇▇▇▇▇▇▇▇▇
wandb:        perf/test_f1 ▁▁▃▂▄▂▆██▃▇▇█▅▇▇▆██▆██▆▆▆▇▇▇▇▇
wandb:        perf/val_auc ▆▅▂▁█▄▇▄▃▄▄▅█▅▃▆▆▄▅▃▃▄▃▃▃▃▃▃▃▃
wandb:         perf/val_f1 ▂▁▅▃▃▃▅█▆▅▆▅▄▁▄▆▅▆▆▅▄▄▄▄▄▅▄▅▅▅
wandb:          tier1_loss ▂▃▁▁▇▁▅▁▁▁▄▁▁▂▁▁▄▂▁▁▁▁▁▁▁█▁▇▂▁▁▁▁▁▁▁▁▁▁▁
wandb:          tier2_loss ▁▅▃▄▅▁▁▁▁▅▁▁▁▁▁▁▁█▁▁▁▅▁▁▁▁▁▁▁▁▁▂▁▁▇▁▁▄▁▁
wandb: 
wandb: Run summary:
wandb: diag/test_tier1_acc 67.29651
wandb:  diag/test_tier1_f1 0.65756
wandb:       perf/test_auc 0.81407
wandb:        perf/test_f1 0.64245
wandb:        perf/val_auc 0.72539
wandb:         perf/val_f1 0.53081
wandb:          tier1_loss 0.04193
wandb:          tier2_loss 0.00016
wandb: 
wandb: You can sync this run to the cloud by running:
wandb: wandb sync /data/bohatyrenko1/EXPERIMENTS_2/Hi-MoE_MIL/wandb/offline-run-20260927_083417-j6pyb1tn
wandb: Find logs at: ./wandb/offline-run-20260927_083417-j6pyb1tn/logs
Test [ 0/86] eta: 0:00:14 loss: 0.0026 (0.0026) acc1: 100.0000 (100.0000) time: 0.1733 data: 0.1302 max mem: 418
Test [85/86] eta: 0:00:00 loss: 0.0462 (1.6572) acc1: 100.0000 (66.2791) time: 0.0288 data: 0.0001 max mem: 418
Test Total time: 0:00:02 (2.9279 s / it)
* Acc@1 66.279 loss 1.657 auroc 0.814 f1_score 0.642
  per-class F1 (Test): {'benign': np.float32(0.754), 'atypical': np.float32(0.435), 'malignant': np.float32(0.738)}
  [DIAG] Tier1 сам по собі: acc=67.297 f1_macro=0.658

============================================================
FINAL EPOCH (29) RESULTS (DTFD-ASMIL v2):
  test_auc=0.8141 test_acc=66.28 test_f1(macro)=0.6424
  [DIAG] Tier1 сам по собі: acc=67.297 f1_macro=0.658
  test per-class F1: {'benign': np.float32(0.754), 'atypical': np.float32(0.435), 'malignant': np.float32(0.738)}
  test confusion matrix (rows=true, cols=pred):
            benign    atypical   malignant
  benign         23           5           3
atypical          7          10           6
malignant          0           8          24
============================================================
Best epoch: {'epoch': 7, 'val_f1': 0.6250684261322021, 'val_auc': 0.7429208755493164, 'test_f1': 0.6766645908355713, 'test_auc': 0.8313745260238647}
