wandb: Tracking run with wandb version 0.28.0
wandb: W&B syncing is set to `offline` in this directory. Run `wandb online` or set WANDB_MODE=online to enable cloud syncing.
wandb: Run data is saved locally in /data/bohatyrenko1/EXPERIMENTS_2/Hi-MoE_MIL/wandb/offline-run-20260927_080603-e3e7d1ju
wandb: View this run in the terminal with `wandb leet`
Used config (DTFD-ASMIL v2):
{'B': 1,
 'D_feat': 384,
 'D_inner': 128,
 'M': None,
 'ckpt_dir': 'ckpt/bracs_dtfd_v2_seed8',
 'config': 'config/bracs_vits_dino_config_100ep.yml',
 'dataset': 'bracs',
 'lr': 0.0001,
 'min_lr': 1e-06,
 'n_class': 3,
 'n_token': 8,
 'n_worker': 4,
 'pin_memory': True,
 'pretrain': 'medical_ssl',
 'seed': 8,
 'splits_dir': '/home/root_server/bohatyrenko/BRACS/splits',
 'test_dir': '/data/bohatyrenko1/features_vits_dino_bracs',
 'tier1_weight': 0.1,
 'tier2_D_inner': None,
 'tier2_n_heads': 4,
 'train_dir': '/data/bohatyrenko1/features_vits_dino_bracs',
 'train_epoch': 30,
 'wandb_mode': 'offline',
 'warmup_epoch': 0,
 'wd': 1e-05}
M (псевдо-bags) = 8, tier1_weight = 0.1
Class weights: [0.6582064032554626, 2.4935896396636963, 0.9261904954910278]
Epoch: [0] [  0/389] eta: 0:04:57 lr: 0.000100 tier1_loss: 1.0979 (1.0979) tier2_loss: 1.1717 (1.1717) time: 0.7649 data: 0.1695 max mem: 227
Epoch: [0] [100/389] eta: 0:00:33 lr: 0.000100 tier1_loss: 0.2529 (0.9969) tier2_loss: 0.2495 (0.9825) time: 0.1047 data: 0.0001 max mem: 327
Epoch: [0] [200/389] eta: 0:00:21 lr: 0.000100 tier1_loss: 1.0325 (1.0314) tier2_loss: 0.4326 (1.0771) time: 0.1088 data: 0.0001 max mem: 357
Epoch: [0] [300/389] eta: 0:00:10 lr: 0.000100 tier1_loss: 0.9071 (1.0034) tier2_loss: 1.5473 (1.1203) time: 0.1041 data: 0.0001 max mem: 361
Epoch: [0] [388/389] eta: 0:00:00 lr: 0.000100 tier1_loss: 0.1876 (0.9599) tier2_loss: 0.1141 (1.0875) time: 0.1059 data: 0.0001 max mem: 419
Epoch: [0] Total time: 0:00:43 (43.2086 s / it)
Val [ 0/62] eta: 0:00:14 loss: 0.1143 (0.1143) acc1: 100.0000 (100.0000) time: 0.2324 data: 0.1455 max mem: 419
Val [61/62] eta: 0:00:00 loss: 0.4767 (1.3444) acc1: 100.0000 (64.5161) time: 0.0235 data: 0.0001 max mem: 419
Val Total time: 0:00:01 (1.9119 s / it)
* Acc@1 64.516 loss 1.344 auroc 0.644 f1_score 0.480
  per-class F1 (Val): {'benign': np.float32(0.814), 'atypical': np.float32(0.0), 'malignant': np.float32(0.627)}
  [DIAG] Tier1 сам по собі: acc=64.113 f1_macro=0.475
Test [ 0/86] eta: 0:00:18 loss: 1.4084 (1.4084) acc1: 0.0000 (0.0000) time: 0.2107 data: 0.1595 max mem: 419
Test [85/86] eta: 0:00:00 loss: 3.2419 (1.5008) acc1: 0.0000 (54.6512) time: 0.0239 data: 0.0001 max mem: 419
Test Total time: 0:00:02 (2.5699 s / it)
* Acc@1 54.651 loss 1.501 auroc 0.687 f1_score 0.421
  per-class F1 (Test): {'benign': np.float32(0.623), 'atypical': np.float32(0.0), 'malignant': np.float32(0.639)}
  [DIAG] Tier1 сам по собі: acc=55.959 f1_macro=0.432

Epoch: [1] [  0/389] eta: 0:01:43 lr: 0.000100 tier1_loss: 0.2852 (0.2852) tier2_loss: 0.0744 (0.0744) time: 0.2654 data: 0.1272 max mem: 419
Epoch: [1] [100/389] eta: 0:00:33 lr: 0.000100 tier1_loss: 0.1068 (0.7556) tier2_loss: 0.0934 (0.8845) time: 0.1117 data: 0.0001 max mem: 419
Epoch: [1] [200/389] eta: 0:00:21 lr: 0.000099 tier1_loss: 1.3713 (0.8124) tier2_loss: 0.9584 (0.9596) time: 0.1146 data: 0.0001 max mem: 419
Epoch: [1] [300/389] eta: 0:00:10 lr: 0.000099 tier1_loss: 0.1800 (0.8448) tier2_loss: 0.1664 (0.9527) time: 0.1118 data: 0.0001 max mem: 419
Epoch: [1] [388/389] eta: 0:00:00 lr: 0.000099 tier1_loss: 1.0568 (0.8445) tier2_loss: 1.4107 (0.9558) time: 0.1049 data: 0.0001 max mem: 419
Epoch: [1] Total time: 0:00:43 (43.9362 s / it)
Val [ 0/62] eta: 0:00:11 loss: 1.0744 (1.0744) acc1: 0.0000 (0.0000) time: 0.1805 data: 0.1375 max mem: 419
Val [61/62] eta: 0:00:00 loss: 1.3223 (1.2699) acc1: 0.0000 (46.7742) time: 0.0246 data: 0.0001 max mem: 419
Val Total time: 0:00:01 (1.8729 s / it)
* Acc@1 46.774 loss 1.270 auroc 0.720 f1_score 0.379
  per-class F1 (Val): {'benign': np.float32(0.565), 'atypical': np.float32(0.0), 'malignant': np.float32(0.571)}
  [DIAG] Tier1 сам по собі: acc=52.621 f1_macro=0.400
Test [ 0/86] eta: 0:00:13 loss: 3.6000 (3.6000) acc1: 0.0000 (0.0000) time: 0.1573 data: 0.1212 max mem: 419
Test [85/86] eta: 0:00:00 loss: 1.0177 (1.2825) acc1: 0.0000 (51.1628) time: 0.0243 data: 0.0001 max mem: 419
Test Total time: 0:00:02 (2.5212 s / it)
* Acc@1 51.163 loss 1.283 auroc 0.717 f1_score 0.465
  per-class F1 (Test): {'benign': np.float32(0.473), 'atypical': np.float32(0.263), 'malignant': np.float32(0.658)}
  [DIAG] Tier1 сам по собі: acc=49.709 f1_macro=0.379

Epoch: [2] [  0/389] eta: 0:01:51 lr: 0.000099 tier1_loss: 1.6156 (1.6156) tier2_loss: 2.8024 (2.8024) time: 0.2862 data: 0.1244 max mem: 419
Epoch: [2] [100/389] eta: 0:00:33 lr: 0.000099 tier1_loss: 0.1821 (0.9729) tier2_loss: 0.1810 (1.0631) time: 0.1135 data: 0.0001 max mem: 419
Epoch: [2] [200/389] eta: 0:00:21 lr: 0.000098 tier1_loss: 0.1973 (0.8689) tier2_loss: 0.1065 (0.9913) time: 0.1053 data: 0.0001 max mem: 419
Epoch: [2] [300/389] eta: 0:00:09 lr: 0.000098 tier1_loss: 0.0985 (0.8243) tier2_loss: 0.1057 (0.9154) time: 0.1132 data: 0.0001 max mem: 419
Epoch: [2] [388/389] eta: 0:00:00 lr: 0.000098 tier1_loss: 0.1055 (0.8309) tier2_loss: 0.0723 (0.9178) time: 0.1115 data: 0.0001 max mem: 419
Epoch: [2] Total time: 0:00:43 (43.0247 s / it)
Val [ 0/62] eta: 0:00:12 loss: 0.9927 (0.9927) acc1: 0.0000 (0.0000) time: 0.2096 data: 0.1609 max mem: 419
Val [61/62] eta: 0:00:00 loss: 3.6101 (1.9662) acc1: 0.0000 (51.6129) time: 0.0300 data: 0.0001 max mem: 419
Val Total time: 0:00:02 (2.0793 s / it)
* Acc@1 51.613 loss 1.966 auroc 0.564 f1_score 0.393
  per-class F1 (Val): {'benign': np.float32(0.638), 'atypical': np.float32(0.0), 'malignant': np.float32(0.54)}
  [DIAG] Tier1 сам по собі: acc=51.613 f1_macro=0.393
Test [ 0/86] eta: 0:00:16 loss: 4.4552 (4.4552) acc1: 0.0000 (0.0000) time: 0.1889 data: 0.1291 max mem: 419
Test [85/86] eta: 0:00:00 loss: 3.1274 (1.8132) acc1: 0.0000 (52.3256) time: 0.0307 data: 0.0001 max mem: 419
Test Total time: 0:00:03 (3.3111 s / it)
* Acc@1 52.326 loss 1.813 auroc 0.625 f1_score 0.401
  per-class F1 (Test): {'benign': np.float32(0.586), 'atypical': np.float32(0.0), 'malignant': np.float32(0.615)}
  [DIAG] Tier1 сам по собі: acc=51.890 f1_macro=0.399

Epoch: [3] [  0/389] eta: 0:01:47 lr: 0.000098 tier1_loss: 3.6142 (3.6142) tier2_loss: 4.3726 (4.3726) time: 0.2762 data: 0.1402 max mem: 419
Epoch: [3] [100/389] eta: 0:00:38 lr: 0.000097 tier1_loss: 0.0650 (0.8500) tier2_loss: 0.0749 (0.9308) time: 0.1433 data: 0.0001 max mem: 419
Epoch: [3] [200/389] eta: 0:00:24 lr: 0.000097 tier1_loss: 0.0341 (0.6930) tier2_loss: 0.0307 (0.7921) time: 0.1114 data: 0.0001 max mem: 419
Epoch: [3] [300/389] eta: 0:00:11 lr: 0.000096 tier1_loss: 0.0928 (0.7684) tier2_loss: 0.0444 (0.8694) time: 0.1214 data: 0.0001 max mem: 419
Epoch: [3] [388/389] eta: 0:00:00 lr: 0.000096 tier1_loss: 0.0336 (0.7952) tier2_loss: 0.0492 (0.8924) time: 0.1075 data: 0.0001 max mem: 419
Epoch: [3] Total time: 0:00:47 (47.8520 s / it)
Val [ 0/62] eta: 0:00:13 loss: 0.0559 (0.0559) acc1: 100.0000 (100.0000) time: 0.2192 data: 0.1613 max mem: 419
Val [61/62] eta: 0:00:00 loss: 0.0796 (0.9703) acc1: 100.0000 (69.3548) time: 0.0234 data: 0.0001 max mem: 419
Val Total time: 0:00:01 (1.9680 s / it)
* Acc@1 69.355 loss 0.970 auroc 0.799 f1_score 0.648
  per-class F1 (Val): {'benign': np.float32(0.806), 'atypical': np.float32(0.522), 'malignant': np.float32(0.615)}
  [DIAG] Tier1 сам по собі: acc=64.315 f1_macro=0.472
Test [ 0/86] eta: 0:00:16 loss: 0.3142 (0.3142) acc1: 100.0000 (100.0000) time: 0.1872 data: 0.1331 max mem: 419
Test [85/86] eta: 0:00:00 loss: 1.4403 (1.1214) acc1: 0.0000 (61.6279) time: 0.0237 data: 0.0001 max mem: 419
Test Total time: 0:00:02 (2.5060 s / it)
* Acc@1 61.628 loss 1.121 auroc 0.771 f1_score 0.580
  per-class F1 (Test): {'benign': np.float32(0.627), 'atypical': np.float32(0.364), 'malignant': np.float32(0.75)}
  [DIAG] Tier1 сам по собі: acc=56.250 f1_macro=0.436

Epoch: [4] [  0/389] eta: 0:01:44 lr: 0.000096 tier1_loss: 0.0237 (0.0237) tier2_loss: 0.0296 (0.0296) time: 0.2681 data: 0.1045 max mem: 419
Epoch: [4] [100/389] eta: 0:00:34 lr: 0.000095 tier1_loss: 0.0595 (0.6628) tier2_loss: 0.0495 (0.6999) time: 0.1229 data: 0.0001 max mem: 419
Epoch: [4] [200/389] eta: 0:00:22 lr: 0.000095 tier1_loss: 0.0422 (0.6562) tier2_loss: 0.0243 (0.7495) time: 0.1074 data: 0.0001 max mem: 419
Epoch: [4] [300/389] eta: 0:00:10 lr: 0.000094 tier1_loss: 0.0343 (0.7480) tier2_loss: 0.0332 (0.8309) time: 0.1098 data: 0.0001 max mem: 419
Epoch: [4] [388/389] eta: 0:00:00 lr: 0.000093 tier1_loss: 0.0287 (0.7506) tier2_loss: 0.0160 (0.8430) time: 0.1025 data: 0.0001 max mem: 419
Epoch: [4] Total time: 0:00:44 (44.5309 s / it)
Val [ 0/62] eta: 0:00:12 loss: 0.2070 (0.2070) acc1: 100.0000 (100.0000) time: 0.2095 data: 0.1589 max mem: 419
Val [61/62] eta: 0:00:00 loss: 0.1079 (1.1413) acc1: 100.0000 (66.1290) time: 0.0230 data: 0.0001 max mem: 419
Val Total time: 0:00:01 (1.8690 s / it)
* Acc@1 66.129 loss 1.141 auroc 0.758 f1_score 0.555
  per-class F1 (Val): {'benign': np.float32(0.833), 'atypical': np.float32(0.222), 'malignant': np.float32(0.609)}
  [DIAG] Tier1 сам по собі: acc=67.339 f1_macro=0.524
Test [ 0/86] eta: 0:00:15 loss: 0.4475 (0.4475) acc1: 100.0000 (100.0000) time: 0.1816 data: 0.1362 max mem: 419
Test [85/86] eta: 0:00:00 loss: 1.0266 (1.0411) acc1: 0.0000 (62.7907) time: 0.0240 data: 0.0001 max mem: 419
Test Total time: 0:00:02 (2.5268 s / it)
* Acc@1 62.791 loss 1.041 auroc 0.799 f1_score 0.572
  per-class F1 (Test): {'benign': np.float32(0.685), 'atypical': np.float32(0.303), 'malignant': np.float32(0.727)}
  [DIAG] Tier1 сам по собі: acc=59.302 f1_macro=0.456

Epoch: [5] [  0/389] eta: 0:01:45 lr: 0.000093 tier1_loss: 0.0167 (0.0167) tier2_loss: 0.0154 (0.0154) time: 0.2708 data: 0.1209 max mem: 419
Epoch: [5] [100/389] eta: 0:00:30 lr: 0.000093 tier1_loss: 0.0435 (0.5984) tier2_loss: 0.0294 (0.6555) time: 0.1093 data: 0.0001 max mem: 419
Epoch: [5] [200/389] eta: 0:00:20 lr: 0.000092 tier1_loss: 0.0888 (0.6327) tier2_loss: 0.0474 (0.6568) time: 0.1087 data: 0.0001 max mem: 419
Epoch: [5] [300/389] eta: 0:00:09 lr: 0.000091 tier1_loss: 0.1731 (0.6513) tier2_loss: 0.0952 (0.6762) time: 0.1059 data: 0.0001 max mem: 419
Epoch: [5] [388/389] eta: 0:00:00 lr: 0.000091 tier1_loss: 0.0204 (0.6772) tier2_loss: 0.0368 (0.7078) time: 0.1121 data: 0.0001 max mem: 419
Epoch: [5] Total time: 0:00:43 (43.3655 s / it)
Val [ 0/62] eta: 0:00:13 loss: 0.0402 (0.0402) acc1: 100.0000 (100.0000) time: 0.2137 data: 0.1635 max mem: 419
Val [61/62] eta: 0:00:00 loss: 0.0372 (1.5565) acc1: 100.0000 (56.4516) time: 0.0312 data: 0.0001 max mem: 419
Val Total time: 0:00:02 (2.2683 s / it)
* Acc@1 56.452 loss 1.556 auroc 0.830 f1_score 0.395
  per-class F1 (Val): {'benign': np.float32(0.701), 'atypical': np.float32(0.0), 'malignant': np.float32(0.485)}
  [DIAG] Tier1 сам по собі: acc=56.855 f1_macro=0.400
Test [ 0/86] eta: 0:00:18 loss: 0.0398 (0.0398) acc1: 100.0000 (100.0000) time: 0.2106 data: 0.1454 max mem: 419
Test [85/86] eta: 0:00:00 loss: 2.7752 (1.7320) acc1: 0.0000 (50.0000) time: 0.0318 data: 0.0001 max mem: 419
Test Total time: 0:00:03 (3.2466 s / it)
* Acc@1 50.000 loss 1.732 auroc 0.685 f1_score 0.382
  per-class F1 (Test): {'benign': np.float32(0.594), 'atypical': np.float32(0.0), 'malignant': np.float32(0.553)}
  [DIAG] Tier1 сам по собі: acc=55.378 f1_macro=0.432

Epoch: [6] [  0/389] eta: 0:01:42 lr: 0.000091 tier1_loss: 0.0141 (0.0141) tier2_loss: 0.0516 (0.0516) time: 0.2640 data: 0.1365 max mem: 419
Epoch: [6] [100/389] eta: 0:00:31 lr: 0.000090 tier1_loss: 0.0833 (0.5954) tier2_loss: 0.0259 (0.6116) time: 0.0999 data: 0.0001 max mem: 419
Epoch: [6] [200/389] eta: 0:00:19 lr: 0.000089 tier1_loss: 0.0323 (0.5747) tier2_loss: 0.0273 (0.6028) time: 0.1051 data: 0.0001 max mem: 419
Epoch: [6] [300/389] eta: 0:00:09 lr: 0.000088 tier1_loss: 0.0850 (0.6175) tier2_loss: 0.0772 (0.6557) time: 0.1082 data: 0.0001 max mem: 419
Epoch: [6] [388/389] eta: 0:00:00 lr: 0.000087 tier1_loss: 0.0357 (0.6078) tier2_loss: 0.0250 (0.6493) time: 0.1065 data: 0.0001 max mem: 419
Epoch: [6] Total time: 0:00:42 (42.5293 s / it)
Val [ 0/62] eta: 0:00:13 loss: 4.2770 (4.2770) acc1: 0.0000 (0.0000) time: 0.2100 data: 0.1591 max mem: 419
Val [61/62] eta: 0:00:00 loss: 0.2069 (1.3225) acc1: 100.0000 (70.9677) time: 0.0230 data: 0.0001 max mem: 419
Val Total time: 0:00:01 (1.8982 s / it)
* Acc@1 70.968 loss 1.322 auroc 0.722 f1_score 0.576
  per-class F1 (Val): {'benign': np.float32(0.88), 'atypical': np.float32(0.125), 'malignant': np.float32(0.724)}
  [DIAG] Tier1 сам по собі: acc=69.758 f1_macro=0.532
Test [ 0/86] eta: 0:00:13 loss: 3.3984 (3.3984) acc1: 0.0000 (0.0000) time: 0.1604 data: 0.1234 max mem: 419
Test [85/86] eta: 0:00:00 loss: 3.8842 (1.6268) acc1: 0.0000 (58.1395) time: 0.0248 data: 0.0001 max mem: 419
Test Total time: 0:00:02 (2.5989 s / it)
* Acc@1 58.140 loss 1.627 auroc 0.750 f1_score 0.454
  per-class F1 (Test): {'benign': np.float32(0.667), 'atypical': np.float32(0.0), 'malignant': np.float32(0.696)}
  [DIAG] Tier1 сам по собі: acc=63.517 f1_macro=0.515

Epoch: [7] [  0/389] eta: 0:01:49 lr: 0.000087 tier1_loss: 0.5256 (0.5256) tier2_loss: 2.0440 (2.0440) time: 0.2816 data: 0.1472 max mem: 419
Epoch: [7] [100/389] eta: 0:00:31 lr: 0.000086 tier1_loss: 0.0255 (0.5697) tier2_loss: 0.0487 (0.6374) time: 0.1066 data: 0.0001 max mem: 419
Epoch: [7] [200/389] eta: 0:00:20 lr: 0.000085 tier1_loss: 0.0592 (0.6456) tier2_loss: 0.0429 (0.6972) time: 0.1064 data: 0.0001 max mem: 419
Epoch: [7] [300/389] eta: 0:00:09 lr: 0.000084 tier1_loss: 0.0449 (0.6076) tier2_loss: 0.0289 (0.6581) time: 0.1088 data: 0.0001 max mem: 419
Epoch: [7] [388/389] eta: 0:00:00 lr: 0.000084 tier1_loss: 0.0221 (0.6008) tier2_loss: 0.0323 (0.6436) time: 0.0979 data: 0.0001 max mem: 419
Epoch: [7] Total time: 0:00:41 (41.7590 s / it)
Val [ 0/62] eta: 0:00:12 loss: 2.8931 (2.8931) acc1: 0.0000 (0.0000) time: 0.2032 data: 0.1572 max mem: 419
Val [61/62] eta: 0:00:00 loss: 0.0547 (0.7428) acc1: 100.0000 (70.9677) time: 0.0233 data: 0.0001 max mem: 419
Val Total time: 0:00:01 (1.8816 s / it)
* Acc@1 70.968 loss 0.743 auroc 0.868 f1_score 0.655
  per-class F1 (Val): {'benign': np.float32(0.885), 'atypical': np.float32(0.37), 'malignant': np.float32(0.711)}
  [DIAG] Tier1 сам по собі: acc=73.589 f1_macro=0.617
Test [ 0/86] eta: 0:00:15 loss: 0.7359 (0.7359) acc1: 0.0000 (0.0000) time: 0.1766 data: 0.1349 max mem: 419
Test [85/86] eta: 0:00:00 loss: 0.2239 (0.7918) acc1: 100.0000 (70.9302) time: 0.0247 data: 0.0001 max mem: 419
Test Total time: 0:00:02 (2.5912 s / it)
* Acc@1 70.930 loss 0.792 auroc 0.855 f1_score 0.702
  per-class F1 (Test): {'benign': np.float32(0.767), 'atypical': np.float32(0.538), 'malignant': np.float32(0.8)}
  [DIAG] Tier1 сам по собі: acc=67.006 f1_macro=0.591

Epoch: [8] [  0/389] eta: 0:01:56 lr: 0.000084 tier1_loss: 0.0616 (0.0616) tier2_loss: 0.0246 (0.0246) time: 0.3004 data: 0.1272 max mem: 419
Epoch: [8] [100/389] eta: 0:00:32 lr: 0.000083 tier1_loss: 0.0306 (0.4623) tier2_loss: 0.0184 (0.4323) time: 0.1066 data: 0.0001 max mem: 419
Epoch: [8] [200/389] eta: 0:00:21 lr: 0.000082 tier1_loss: 0.0183 (0.4015) tier2_loss: 0.0104 (0.4245) time: 0.1370 data: 0.0001 max mem: 419
Epoch: [8] [300/389] eta: 0:00:09 lr: 0.000081 tier1_loss: 0.0229 (0.5302) tier2_loss: 0.0194 (0.5856) time: 0.1080 data: 0.0001 max mem: 419
Epoch: [8] [388/389] eta: 0:00:00 lr: 0.000080 tier1_loss: 0.1597 (0.5710) tier2_loss: 0.1976 (0.6389) time: 0.0986 data: 0.0001 max mem: 419
Epoch: [8] Total time: 0:00:43 (43.2830 s / it)
Val [ 0/62] eta: 0:00:12 loss: 3.2138 (3.2138) acc1: 0.0000 (0.0000) time: 0.2085 data: 0.1622 max mem: 419
Val [61/62] eta: 0:00:00 loss: 0.2403 (1.0029) acc1: 100.0000 (70.9677) time: 0.0222 data: 0.0001 max mem: 419
Val Total time: 0:00:01 (1.7962 s / it)
* Acc@1 70.968 loss 1.003 auroc 0.769 f1_score 0.575
  per-class F1 (Val): {'benign': np.float32(0.863), 'atypical': np.float32(0.125), 'malignant': np.float32(0.737)}
  [DIAG] Tier1 сам по собі: acc=72.782 f1_macro=0.610
Test [ 0/86] eta: 0:00:14 loss: 1.4975 (1.4975) acc1: 0.0000 (0.0000) time: 0.1732 data: 0.1353 max mem: 419
Test [85/86] eta: 0:00:00 loss: 1.6345 (1.0995) acc1: 0.0000 (60.4651) time: 0.0224 data: 0.0001 max mem: 419
Test Total time: 0:00:02 (2.3448 s / it)
* Acc@1 60.465 loss 1.100 auroc 0.803 f1_score 0.496
  per-class F1 (Test): {'benign': np.float32(0.691), 'atypical': np.float32(0.069), 'malignant': np.float32(0.727)}
  [DIAG] Tier1 сам по собі: acc=63.663 f1_macro=0.533

Epoch: [9] [  0/389] eta: 0:01:52 lr: 0.000080 tier1_loss: 0.0193 (0.0193) tier2_loss: 0.0659 (0.0659) time: 0.2887 data: 0.1566 max mem: 419
Epoch: [9] [100/389] eta: 0:00:35 lr: 0.000079 tier1_loss: 0.0422 (0.6986) tier2_loss: 0.0382 (0.7172) time: 0.1180 data: 0.0001 max mem: 419
Epoch: [9] [200/389] eta: 0:00:21 lr: 0.000077 tier1_loss: 0.0542 (0.5446) tier2_loss: 0.0177 (0.5460) time: 0.1014 data: 0.0001 max mem: 419
Epoch: [9] [300/389] eta: 0:00:10 lr: 0.000076 tier1_loss: 0.0424 (0.5336) tier2_loss: 0.0264 (0.5356) time: 0.1229 data: 0.0001 max mem: 419
Epoch: [9] [388/389] eta: 0:00:00 lr: 0.000075 tier1_loss: 0.0192 (0.5287) tier2_loss: 0.0129 (0.5535) time: 0.1108 data: 0.0001 max mem: 419
Epoch: [9] Total time: 0:00:44 (44.2507 s / it)
Val [ 0/62] eta: 0:00:13 loss: 2.4215 (2.4215) acc1: 0.0000 (0.0000) time: 0.2192 data: 0.1606 max mem: 419
Val [61/62] eta: 0:00:00 loss: 0.0143 (1.1272) acc1: 100.0000 (66.1290) time: 0.0320 data: 0.0001 max mem: 419
Val Total time: 0:00:02 (2.2063 s / it)
* Acc@1 66.129 loss 1.127 auroc 0.848 f1_score 0.560
  per-class F1 (Val): {'benign': np.float32(0.787), 'atypical': np.float32(0.211), 'malignant': np.float32(0.682)}
  [DIAG] Tier1 сам по собі: acc=67.944 f1_macro=0.550
Test [ 0/86] eta: 0:00:17 loss: 0.0185 (0.0185) acc1: 100.0000 (100.0000) time: 0.2068 data: 0.1506 max mem: 419
Test [85/86] eta: 0:00:00 loss: 0.8397 (1.1252) acc1: 0.0000 (65.1163) time: 0.0319 data: 0.0001 max mem: 419
Test Total time: 0:00:03 (3.2561 s / it)
* Acc@1 65.116 loss 1.125 auroc 0.830 f1_score 0.613
  per-class F1 (Test): {'benign': np.float32(0.722), 'atypical': np.float32(0.35), 'malignant': np.float32(0.767)}
  [DIAG] Tier1 сам по собі: acc=63.663 f1_macro=0.572

Epoch: [10] [  0/389] eta: 0:01:43 lr: 0.000075 tier1_loss: 0.0171 (0.0171) tier2_loss: 0.0117 (0.0117) time: 0.2652 data: 0.1199 max mem: 419
Epoch: [10] [100/389] eta: 0:00:36 lr: 0.000074 tier1_loss: 0.0147 (0.4893) tier2_loss: 0.0118 (0.4591) time: 0.1244 data: 0.0001 max mem: 419
Epoch: [10] [200/389] eta: 0:00:22 lr: 0.000073 tier1_loss: 0.0188 (0.5624) tier2_loss: 0.0102 (0.5882) time: 0.1185 data: 0.0001 max mem: 419
Epoch: [10] [300/389] eta: 0:00:10 lr: 0.000072 tier1_loss: 0.0564 (0.5396) tier2_loss: 0.0407 (0.5603) time: 0.1046 data: 0.0001 max mem: 419
Epoch: [10] [388/389] eta: 0:00:00 lr: 0.000071 tier1_loss: 0.0151 (0.5130) tier2_loss: 0.0143 (0.5315) time: 0.0962 data: 0.0001 max mem: 419
Epoch: [10] Total time: 0:00:43 (43.6320 s / it)
Val [ 0/62] eta: 0:00:14 loss: 3.5645 (3.5645) acc1: 0.0000 (0.0000) time: 0.2275 data: 0.1536 max mem: 419
Val [61/62] eta: 0:00:00 loss: 0.0173 (1.1593) acc1: 100.0000 (72.5806) time: 0.0240 data: 0.0001 max mem: 419
Val Total time: 0:00:01 (1.9743 s / it)
* Acc@1 72.581 loss 1.159 auroc 0.787 f1_score 0.614
  per-class F1 (Val): {'benign': np.float32(0.873), 'atypical': np.float32(0.211), 'malignant': np.float32(0.76)}
  [DIAG] Tier1 сам по собі: acc=72.782 f1_macro=0.611
Test [ 0/86] eta: 0:00:17 loss: 0.0250 (0.0250) acc1: 100.0000 (100.0000) time: 0.2002 data: 0.1455 max mem: 419
Test [85/86] eta: 0:00:00 loss: 1.8551 (1.0890) acc1: 0.0000 (69.7674) time: 0.0250 data: 0.0001 max mem: 419
Test Total time: 0:00:02 (2.5697 s / it)
* Acc@1 69.767 loss 1.089 auroc 0.834 f1_score 0.639
  per-class F1 (Test): {'benign': np.float32(0.781), 'atypical': np.float32(0.364), 'malignant': np.float32(0.773)}
  [DIAG] Tier1 сам по собі: acc=67.733 f1_macro=0.603

Epoch: [11] [  0/389] eta: 0:01:55 lr: 0.000071 tier1_loss: 0.0120 (0.0120) tier2_loss: 0.0112 (0.0112) time: 0.2963 data: 0.1312 max mem: 419
Epoch: [11] [100/389] eta: 0:00:31 lr: 0.000069 tier1_loss: 0.0290 (0.3838) tier2_loss: 0.0147 (0.4027) time: 0.1303 data: 0.0001 max mem: 419
Epoch: [11] [200/389] eta: 0:00:21 lr: 0.000068 tier1_loss: 0.0237 (0.4449) tier2_loss: 0.0120 (0.4868) time: 0.1136 data: 0.0001 max mem: 419
Epoch: [11] [300/389] eta: 0:00:09 lr: 0.000067 tier1_loss: 0.0266 (0.4408) tier2_loss: 0.0080 (0.4725) time: 0.1078 data: 0.0001 max mem: 419
Epoch: [11] [388/389] eta: 0:00:00 lr: 0.000066 tier1_loss: 0.0372 (0.4573) tier2_loss: 0.0183 (0.4899) time: 0.0944 data: 0.0001 max mem: 419
Epoch: [11] Total time: 0:00:41 (41.6994 s / it)
Val [ 0/62] eta: 0:00:12 loss: 0.8853 (0.8853) acc1: 0.0000 (0.0000) time: 0.1956 data: 0.1451 max mem: 419
Val [61/62] eta: 0:00:00 loss: 0.0404 (1.5910) acc1: 100.0000 (61.2903) time: 0.0293 data: 0.0001 max mem: 419
Val Total time: 0:00:02 (2.1408 s / it)
* Acc@1 61.290 loss 1.591 auroc 0.790 f1_score 0.532
  per-class F1 (Val): {'benign': np.float32(0.788), 'atypical': np.float32(0.308), 'malignant': np.float32(0.5)}
  [DIAG] Tier1 сам по собі: acc=59.879 f1_macro=0.499
Test [ 0/86] eta: 0:00:17 loss: 0.0467 (0.0467) acc1: 100.0000 (100.0000) time: 0.2021 data: 0.1439 max mem: 419
Test [85/86] eta: 0:00:00 loss: 0.1579 (1.4740) acc1: 100.0000 (61.6279) time: 0.0298 data: 0.0001 max mem: 419
Test Total time: 0:00:03 (3.1486 s / it)
* Acc@1 61.628 loss 1.474 auroc 0.823 f1_score 0.579
  per-class F1 (Test): {'benign': np.float32(0.675), 'atypical': np.float32(0.316), 'malignant': np.float32(0.745)}
  [DIAG] Tier1 сам по собі: acc=59.884 f1_macro=0.543

Epoch: [12] [  0/389] eta: 0:01:46 lr: 0.000066 tier1_loss: 1.4443 (1.4443) tier2_loss: 0.6182 (0.6182) time: 0.2744 data: 0.1236 max mem: 419
Epoch: [12] [100/389] eta: 0:00:30 lr: 0.000065 tier1_loss: 0.0147 (0.4458) tier2_loss: 0.0084 (0.4023) time: 0.1033 data: 0.0001 max mem: 419
Epoch: [12] [200/389] eta: 0:00:19 lr: 0.000063 tier1_loss: 0.0184 (0.4919) tier2_loss: 0.0210 (0.5282) time: 0.0976 data: 0.0001 max mem: 419
Epoch: [12] [300/389] eta: 0:00:09 lr: 0.000062 tier1_loss: 0.0234 (0.4604) tier2_loss: 0.0095 (0.5016) time: 0.1117 data: 0.0001 max mem: 419
Epoch: [12] [388/389] eta: 0:00:00 lr: 0.000061 tier1_loss: 0.1869 (0.4939) tier2_loss: 0.0609 (0.5409) time: 0.1097 data: 0.0001 max mem: 419
Epoch: [12] Total time: 0:00:41 (41.8151 s / it)
Val [ 0/62] eta: 0:00:11 loss: 2.8139 (2.8139) acc1: 0.0000 (0.0000) time: 0.1827 data: 0.1418 max mem: 419
Val [61/62] eta: 0:00:00 loss: 0.0563 (1.2904) acc1: 100.0000 (70.9677) time: 0.0251 data: 0.0001 max mem: 419
Val Total time: 0:00:01 (1.9818 s / it)
* Acc@1 70.968 loss 1.290 auroc 0.759 f1_score 0.602
  per-class F1 (Val): {'benign': np.float32(0.857), 'atypical': np.float32(0.2), 'malignant': np.float32(0.75)}
  [DIAG] Tier1 сам по собі: acc=73.387 f1_macro=0.655
Test [ 0/86] eta: 0:00:14 loss: 0.4848 (0.4848) acc1: 100.0000 (100.0000) time: 0.1730 data: 0.1352 max mem: 419
Test [85/86] eta: 0:00:00 loss: 1.2745 (1.0844) acc1: 0.0000 (69.7674) time: 0.0245 data: 0.0001 max mem: 419
Test Total time: 0:00:02 (2.5166 s / it)
* Acc@1 69.767 loss 1.084 auroc 0.822 f1_score 0.638
  per-class F1 (Test): {'benign': np.float32(0.746), 'atypical': np.float32(0.364), 'malignant': np.float32(0.806)}
  [DIAG] Tier1 сам по собі: acc=67.151 f1_macro=0.628

Epoch: [13] [  0/389] eta: 0:01:47 lr: 0.000061 tier1_loss: 0.0015 (0.0015) tier2_loss: 0.0025 (0.0025) time: 0.2770 data: 0.1260 max mem: 419
Epoch: [13] [100/389] eta: 0:00:35 lr: 0.000059 tier1_loss: 0.0884 (0.4754) tier2_loss: 0.0433 (0.5687) time: 0.1058 data: 0.0001 max mem: 419
Epoch: [13] [200/389] eta: 0:00:21 lr: 0.000058 tier1_loss: 0.0380 (0.4857) tier2_loss: 0.0310 (0.5473) time: 0.1041 data: 0.0001 max mem: 419
Epoch: [13] [300/389] eta: 0:00:09 lr: 0.000057 tier1_loss: 0.0131 (0.4347) tier2_loss: 0.0097 (0.4898) time: 0.1003 data: 0.0001 max mem: 419
Epoch: [13] [388/389] eta: 0:00:00 lr: 0.000056 tier1_loss: 0.0970 (0.4398) tier2_loss: 0.0227 (0.4716) time: 0.0998 data: 0.0001 max mem: 419
Epoch: [13] Total time: 0:00:43 (43.7769 s / it)
Val [ 0/62] eta: 0:00:11 loss: 4.2469 (4.2469) acc1: 0.0000 (0.0000) time: 0.1925 data: 0.1450 max mem: 419
Val [61/62] eta: 0:00:00 loss: 0.0265 (1.3942) acc1: 100.0000 (70.9677) time: 0.0237 data: 0.0001 max mem: 419
Val Total time: 0:00:01 (1.9160 s / it)
* Acc@1 70.968 loss 1.394 auroc 0.770 f1_score 0.604
  per-class F1 (Val): {'benign': np.float32(0.873), 'atypical': np.float32(0.19), 'malignant': np.float32(0.75)}
  [DIAG] Tier1 сам по собі: acc=71.371 f1_macro=0.610
Test [ 0/86] eta: 0:00:14 loss: 0.2011 (0.2011) acc1: 100.0000 (100.0000) time: 0.1694 data: 0.1281 max mem: 419
Test [85/86] eta: 0:00:00 loss: 0.5212 (1.1137) acc1: 0.0000 (72.0930) time: 0.0248 data: 0.0001 max mem: 419
Test Total time: 0:00:02 (2.5712 s / it)
* Acc@1 72.093 loss 1.114 auroc 0.829 f1_score 0.677
  per-class F1 (Test): {'benign': np.float32(0.762), 'atypical': np.float32(0.457), 'malignant': np.float32(0.811)}
  [DIAG] Tier1 сам по собі: acc=68.023 f1_macro=0.644

Epoch: [14] [  0/389] eta: 0:02:06 lr: 0.000056 tier1_loss: 0.0020 (0.0020) tier2_loss: 0.0035 (0.0035) time: 0.3242 data: 0.1626 max mem: 419
Epoch: [14] [100/389] eta: 0:00:29 lr: 0.000054 tier1_loss: 0.0345 (0.4418) tier2_loss: 0.0240 (0.4546) time: 0.0997 data: 0.0001 max mem: 419
Epoch: [14] [200/389] eta: 0:00:19 lr: 0.000053 tier1_loss: 0.1812 (0.4911) tier2_loss: 0.0290 (0.5437) time: 0.0986 data: 0.0001 max mem: 419
Epoch: [14] [300/389] eta: 0:00:09 lr: 0.000052 tier1_loss: 0.0436 (0.4442) tier2_loss: 0.0089 (0.4988) time: 0.1067 data: 0.0001 max mem: 419
Epoch: [14] [388/389] eta: 0:00:00 lr: 0.000051 tier1_loss: 0.0175 (0.4548) tier2_loss: 0.0241 (0.5104) time: 0.1000 data: 0.0001 max mem: 419
Epoch: [14] Total time: 0:00:41 (41.7636 s / it)
Val [ 0/62] eta: 0:00:12 loss: 3.3861 (3.3861) acc1: 0.0000 (0.0000) time: 0.2046 data: 0.1556 max mem: 419
Val [61/62] eta: 0:00:00 loss: 0.0845 (1.3641) acc1: 100.0000 (61.2903) time: 0.0247 data: 0.0001 max mem: 419
Val Total time: 0:00:01 (1.9552 s / it)
* Acc@1 61.290 loss 1.364 auroc 0.758 f1_score 0.503
  per-class F1 (Val): {'benign': np.float32(0.814), 'atypical': np.float32(0.091), 'malignant': np.float32(0.605)}
  [DIAG] Tier1 сам по собі: acc=68.750 f1_macro=0.565
Test [ 0/86] eta: 0:00:14 loss: 0.1557 (0.1557) acc1: 100.0000 (100.0000) time: 0.1678 data: 0.1279 max mem: 419
Test [85/86] eta: 0:00:00 loss: 2.0007 (1.1232) acc1: 0.0000 (63.9535) time: 0.0243 data: 0.0001 max mem: 419
Test Total time: 0:00:02 (2.4832 s / it)
* Acc@1 63.953 loss 1.123 auroc 0.820 f1_score 0.601
  per-class F1 (Test): {'benign': np.float32(0.735), 'atypical': np.float32(0.359), 'malignant': np.float32(0.708)}
  [DIAG] Tier1 сам по собі: acc=63.517 f1_macro=0.578

Epoch: [15] [  0/389] eta: 0:01:48 lr: 0.000051 tier1_loss: 0.0011 (0.0011) tier2_loss: 0.0013 (0.0013) time: 0.2780 data: 0.1223 max mem: 419
Epoch: [15] [100/389] eta: 0:00:31 lr: 0.000049 tier1_loss: 0.1290 (0.4681) tier2_loss: 0.0261 (0.4281) time: 0.1036 data: 0.0001 max mem: 419
Epoch: [15] [200/389] eta: 0:00:21 lr: 0.000048 tier1_loss: 0.0156 (0.4772) tier2_loss: 0.0050 (0.4640) time: 0.1264 data: 0.0001 max mem: 419
Epoch: [15] [300/389] eta: 0:00:10 lr: 0.000047 tier1_loss: 0.0487 (0.4204) tier2_loss: 0.0051 (0.4173) time: 0.1048 data: 0.0001 max mem: 419
Epoch: [15] [388/389] eta: 0:00:00 lr: 0.000045 tier1_loss: 0.0117 (0.4210) tier2_loss: 0.0060 (0.4210) time: 0.1249 data: 0.0001 max mem: 419
Epoch: [15] Total time: 0:00:45 (45.2232 s / it)
Val [ 0/62] eta: 0:00:14 loss: 4.0367 (4.0367) acc1: 0.0000 (0.0000) time: 0.2312 data: 0.1643 max mem: 419
Val [61/62] eta: 0:00:00 loss: 0.0167 (1.3336) acc1: 100.0000 (67.7419) time: 0.0303 data: 0.0001 max mem: 419
Val Total time: 0:00:02 (2.5481 s / it)
* Acc@1 67.742 loss 1.334 auroc 0.798 f1_score 0.598
  per-class F1 (Val): {'benign': np.float32(0.857), 'atypical': np.float32(0.24), 'malignant': np.float32(0.698)}
  [DIAG] Tier1 сам по собі: acc=67.137 f1_macro=0.569
Test [ 0/86] eta: 0:00:18 loss: 0.0431 (0.0431) acc1: 100.0000 (100.0000) time: 0.2159 data: 0.1548 max mem: 419
Test [85/86] eta: 0:00:00 loss: 0.6286 (1.1245) acc1: 100.0000 (68.6047) time: 0.0241 data: 0.0001 max mem: 419
Test Total time: 0:00:03 (3.2269 s / it)
* Acc@1 68.605 loss 1.125 auroc 0.839 f1_score 0.673
  per-class F1 (Test): {'benign': np.float32(0.774), 'atypical': np.float32(0.49), 'malignant': np.float32(0.754)}
  [DIAG] Tier1 сам по собі: acc=65.552 f1_macro=0.625

Epoch: [16] [  0/389] eta: 0:01:37 lr: 0.000045 tier1_loss: 0.0212 (0.0212) tier2_loss: 0.0052 (0.0052) time: 0.2498 data: 0.1064 max mem: 419
Epoch: [16] [100/389] eta: 0:00:33 lr: 0.000044 tier1_loss: 0.0095 (0.3192) tier2_loss: 0.0041 (0.2987) time: 0.1147 data: 0.0001 max mem: 419
Epoch: [16] [200/389] eta: 0:00:21 lr: 0.000043 tier1_loss: 0.0084 (0.3463) tier2_loss: 0.0022 (0.3083) time: 0.1025 data: 0.0001 max mem: 419
Epoch: [16] [300/389] eta: 0:00:10 lr: 0.000041 tier1_loss: 0.0142 (0.4241) tier2_loss: 0.0093 (0.4023) time: 0.1402 data: 0.0001 max mem: 419
Epoch: [16] [388/389] eta: 0:00:00 lr: 0.000040 tier1_loss: 0.0300 (0.4044) tier2_loss: 0.0075 (0.4092) time: 0.1179 data: 0.0001 max mem: 419
Epoch: [16] Total time: 0:00:44 (44.9684 s / it)
Val [ 0/62] eta: 0:00:13 loss: 3.4454 (3.4454) acc1: 0.0000 (0.0000) time: 0.2101 data: 0.1531 max mem: 419
Val [61/62] eta: 0:00:00 loss: 0.0074 (1.4647) acc1: 100.0000 (67.7419) time: 0.0324 data: 0.0001 max mem: 419
Val Total time: 0:00:02 (2.3829 s / it)
* Acc@1 67.742 loss 1.465 auroc 0.790 f1_score 0.581
  per-class F1 (Val): {'benign': np.float32(0.842), 'atypical': np.float32(0.174), 'malignant': np.float32(0.727)}
  [DIAG] Tier1 сам по собі: acc=68.952 f1_macro=0.593
Test [ 0/86] eta: 0:00:18 loss: 0.0076 (0.0076) acc1: 100.0000 (100.0000) time: 0.2189 data: 0.1560 max mem: 419
Test [85/86] eta: 0:00:00 loss: 0.2182 (1.3035) acc1: 0.0000 (66.2791) time: 0.0336 data: 0.0001 max mem: 419
Test Total time: 0:00:03 (3.3811 s / it)
* Acc@1 66.279 loss 1.303 auroc 0.841 f1_score 0.642
  per-class F1 (Test): {'benign': np.float32(0.758), 'atypical': np.float32(0.435), 'malignant': np.float32(0.733)}
  [DIAG] Tier1 сам по собі: acc=65.407 f1_macro=0.627

Epoch: [17] [  0/389] eta: 0:01:58 lr: 0.000040 tier1_loss: 0.0014 (0.0014) tier2_loss: 0.0009 (0.0009) time: 0.3048 data: 0.1500 max mem: 419
Epoch: [17] [100/389] eta: 0:00:27 lr: 0.000039 tier1_loss: 0.0119 (0.3649) tier2_loss: 0.0027 (0.4228) time: 0.0921 data: 0.0001 max mem: 419
Epoch: [17] [200/389] eta: 0:00:17 lr: 0.000038 tier1_loss: 0.0212 (0.3987) tier2_loss: 0.0039 (0.4161) time: 0.1106 data: 0.0001 max mem: 419
Epoch: [17] [300/389] eta: 0:00:09 lr: 0.000036 tier1_loss: 0.0096 (0.4094) tier2_loss: 0.0028 (0.3954) time: 0.1256 data: 0.0001 max mem: 419
Epoch: [17] [388/389] eta: 0:00:00 lr: 0.000035 tier1_loss: 0.0115 (0.4022) tier2_loss: 0.0039 (0.3896) time: 0.1140 data: 0.0001 max mem: 419
Epoch: [17] Total time: 0:00:41 (41.6256 s / it)
Val [ 0/62] eta: 0:00:14 loss: 5.2428 (5.2428) acc1: 0.0000 (0.0000) time: 0.2330 data: 0.1747 max mem: 419
Val [61/62] eta: 0:00:00 loss: 0.0686 (1.3898) acc1: 100.0000 (69.3548) time: 0.0229 data: 0.0001 max mem: 419
Val Total time: 0:00:01 (1.9187 s / it)
* Acc@1 69.355 loss 1.390 auroc 0.794 f1_score 0.631
  per-class F1 (Val): {'benign': np.float32(0.885), 'atypical': np.float32(0.296), 'malignant': np.float32(0.711)}
  [DIAG] Tier1 сам по собі: acc=70.161 f1_macro=0.628
Test [ 0/86] eta: 0:00:16 loss: 1.2216 (1.2216) acc1: 0.0000 (0.0000) time: 0.1907 data: 0.1398 max mem: 419
Test [85/86] eta: 0:00:00 loss: 0.8801 (1.1958) acc1: 0.0000 (62.7907) time: 0.0239 data: 0.0001 max mem: 419
Test Total time: 0:00:02 (2.5560 s / it)
* Acc@1 62.791 loss 1.196 auroc 0.831 f1_score 0.618
  per-class F1 (Test): {'benign': np.float32(0.712), 'atypical': np.float32(0.431), 'malignant': np.float32(0.71)}
  [DIAG] Tier1 сам по собі: acc=64.971 f1_macro=0.630

Epoch: [18] [  0/389] eta: 0:02:07 lr: 0.000035 tier1_loss: 0.0121 (0.0121) tier2_loss: 0.0044 (0.0044) time: 0.3280 data: 0.1692 max mem: 419
Epoch: [18] [100/389] eta: 0:00:33 lr: 0.000034 tier1_loss: 0.0210 (0.3460) tier2_loss: 0.0054 (0.3499) time: 0.1095 data: 0.0001 max mem: 419
Epoch: [18] [200/389] eta: 0:00:21 lr: 0.000033 tier1_loss: 0.0112 (0.4002) tier2_loss: 0.0021 (0.4029) time: 0.1139 data: 0.0001 max mem: 419
Epoch: [18] [300/389] eta: 0:00:10 lr: 0.000031 tier1_loss: 0.0129 (0.3731) tier2_loss: 0.0020 (0.3710) time: 0.1138 data: 0.0001 max mem: 419
Epoch: [18] [388/389] eta: 0:00:00 lr: 0.000030 tier1_loss: 0.0197 (0.3833) tier2_loss: 0.0025 (0.3785) time: 0.1178 data: 0.0001 max mem: 419
Epoch: [18] Total time: 0:00:44 (44.9869 s / it)
Val [ 0/62] eta: 0:00:15 loss: 5.4488 (5.4488) acc1: 0.0000 (0.0000) time: 0.2439 data: 0.1769 max mem: 419
Val [61/62] eta: 0:00:00 loss: 0.0781 (1.3057) acc1: 100.0000 (72.5806) time: 0.0237 data: 0.0001 max mem: 419
Val Total time: 0:00:01 (1.9438 s / it)
* Acc@1 72.581 loss 1.306 auroc 0.822 f1_score 0.689
  per-class F1 (Val): {'benign': np.float32(0.885), 'atypical': np.float32(0.452), 'malignant': np.float32(0.732)}
  [DIAG] Tier1 сам по собі: acc=69.556 f1_macro=0.650
Test [ 0/86] eta: 0:00:16 loss: 3.7690 (3.7690) acc1: 0.0000 (0.0000) time: 0.1943 data: 0.1549 max mem: 419
Test [85/86] eta: 0:00:00 loss: 0.0283 (1.3760) acc1: 100.0000 (67.4419) time: 0.0243 data: 0.0001 max mem: 419
Test Total time: 0:00:02 (2.5645 s / it)
* Acc@1 67.442 loss 1.376 auroc 0.841 f1_score 0.675
  per-class F1 (Test): {'benign': np.float32(0.714), 'atypical': np.float32(0.552), 'malignant': np.float32(0.759)}
  [DIAG] Tier1 сам по собі: acc=66.279 f1_macro=0.659

Epoch: [19] [  0/389] eta: 0:02:08 lr: 0.000030 tier1_loss: 0.7248 (0.7248) tier2_loss: 0.1026 (0.1026) time: 0.3307 data: 0.1759 max mem: 419
Epoch: [19] [100/389] eta: 0:00:34 lr: 0.000029 tier1_loss: 0.0224 (0.3942) tier2_loss: 0.0066 (0.3327) time: 0.1193 data: 0.0001 max mem: 419
Epoch: [19] [200/389] eta: 0:00:22 lr: 0.000028 tier1_loss: 0.0463 (0.3414) tier2_loss: 0.0069 (0.3178) time: 0.1163 data: 0.0001 max mem: 419
Epoch: [19] [300/389] eta: 0:00:10 lr: 0.000027 tier1_loss: 0.0090 (0.2953) tier2_loss: 0.0018 (0.2880) time: 0.1155 data: 0.0001 max mem: 419
Epoch: [19] [388/389] eta: 0:00:00 lr: 0.000026 tier1_loss: 0.0098 (0.3392) tier2_loss: 0.0049 (0.3288) time: 0.1037 data: 0.0001 max mem: 419
Epoch: [19] Total time: 0:00:43 (43.9555 s / it)
Val [ 0/62] eta: 0:00:11 loss: 3.9546 (3.9546) acc1: 0.0000 (0.0000) time: 0.1780 data: 0.1410 max mem: 419
Val [61/62] eta: 0:00:00 loss: 0.0100 (1.8864) acc1: 100.0000 (64.5161) time: 0.0232 data: 0.0001 max mem: 419
Val Total time: 0:00:01 (1.8784 s / it)
* Acc@1 64.516 loss 1.886 auroc 0.712 f1_score 0.524
  per-class F1 (Val): {'benign': np.float32(0.82), 'atypical': np.float32(0.1), 'malignant': np.float32(0.651)}
  [DIAG] Tier1 сам по собі: acc=64.315 f1_macro=0.530
Test [ 0/86] eta: 0:00:16 loss: 0.0088 (0.0088) acc1: 100.0000 (100.0000) time: 0.1928 data: 0.1537 max mem: 419
Test [85/86] eta: 0:00:00 loss: 3.5566 (1.7948) acc1: 0.0000 (65.1163) time: 0.0251 data: 0.0001 max mem: 419
Test Total time: 0:00:02 (2.6511 s / it)
* Acc@1 65.116 loss 1.795 auroc 0.787 f1_score 0.591
  per-class F1 (Test): {'benign': np.float32(0.743), 'atypical': np.float32(0.294), 'malignant': np.float32(0.735)}
  [DIAG] Tier1 сам по собі: acc=61.628 f1_macro=0.567

Epoch: [20] [  0/389] eta: 0:01:51 lr: 0.000026 tier1_loss: 0.0074 (0.0074) tier2_loss: 0.0008 (0.0008) time: 0.2873 data: 0.1293 max mem: 419
Epoch: [20] [100/389] eta: 0:00:33 lr: 0.000025 tier1_loss: 0.0081 (0.1929) tier2_loss: 0.0014 (0.1862) time: 0.1253 data: 0.0001 max mem: 419
Epoch: [20] [200/389] eta: 0:00:21 lr: 0.000023 tier1_loss: 0.0100 (0.3311) tier2_loss: 0.0047 (0.3496) time: 0.1107 data: 0.0001 max mem: 419
Epoch: [20] [300/389] eta: 0:00:09 lr: 0.000022 tier1_loss: 0.0096 (0.3640) tier2_loss: 0.0022 (0.3734) time: 0.1086 data: 0.0001 max mem: 419
Epoch: [20] [388/389] eta: 0:00:00 lr: 0.000021 tier1_loss: 0.0094 (0.3529) tier2_loss: 0.0017 (0.3645) time: 0.1048 data: 0.0001 max mem: 419
Epoch: [20] Total time: 0:00:43 (43.6591 s / it)
Val [ 0/62] eta: 0:00:13 loss: 4.9818 (4.9818) acc1: 0.0000 (0.0000) time: 0.2128 data: 0.1602 max mem: 419
Val [61/62] eta: 0:00:00 loss: 0.0061 (1.4270) acc1: 100.0000 (67.7419) time: 0.0265 data: 0.0001 max mem: 419
Val Total time: 0:00:01 (1.9822 s / it)
* Acc@1 67.742 loss 1.427 auroc 0.824 f1_score 0.612
  per-class F1 (Val): {'benign': np.float32(0.828), 'atypical': np.float32(0.308), 'malignant': np.float32(0.7)}
  [DIAG] Tier1 сам по собі: acc=67.944 f1_macro=0.612
Test [ 0/86] eta: 0:00:19 loss: 0.0157 (0.0157) acc1: 100.0000 (100.0000) time: 0.2257 data: 0.1662 max mem: 419
Test [85/86] eta: 0:00:00 loss: 0.0314 (1.3445) acc1: 100.0000 (66.2791) time: 0.0319 data: 0.0001 max mem: 419
Test Total time: 0:00:03 (3.3712 s / it)
* Acc@1 66.279 loss 1.345 auroc 0.852 f1_score 0.650
  per-class F1 (Test): {'benign': np.float32(0.735), 'atypical': np.float32(0.5), 'malignant': np.float32(0.714)}
  [DIAG] Tier1 сам по собі: acc=66.134 f1_macro=0.648

Epoch: [21] [  0/389] eta: 0:02:14 lr: 0.000021 tier1_loss: 0.0318 (0.0318) tier2_loss: 0.0027 (0.0027) time: 0.3463 data: 0.1802 max mem: 419
Epoch: [21] [100/389] eta: 0:00:31 lr: 0.000020 tier1_loss: 0.0104 (0.3359) tier2_loss: 0.0026 (0.1871) time: 0.1065 data: 0.0001 max mem: 419
Epoch: [21] [200/389] eta: 0:00:20 lr: 0.000019 tier1_loss: 0.0202 (0.3279) tier2_loss: 0.0032 (0.2763) time: 0.1187 data: 0.0001 max mem: 419
Epoch: [21] [300/389] eta: 0:00:10 lr: 0.000018 tier1_loss: 0.0136 (0.3566) tier2_loss: 0.0033 (0.3104) time: 0.1116 data: 0.0001 max mem: 419
Epoch: [21] [388/389] eta: 0:00:00 lr: 0.000017 tier1_loss: 0.0225 (0.3293) tier2_loss: 0.0032 (0.2895) time: 0.1065 data: 0.0001 max mem: 419
Epoch: [21] Total time: 0:00:44 (44.5396 s / it)
Val [ 0/62] eta: 0:00:14 loss: 4.8249 (4.8249) acc1: 0.0000 (0.0000) time: 0.2321 data: 0.1672 max mem: 419
Val [61/62] eta: 0:00:00 loss: 0.0159 (1.6587) acc1: 100.0000 (70.9677) time: 0.0234 data: 0.0001 max mem: 419
Val Total time: 0:00:01 (1.9357 s / it)
* Acc@1 70.968 loss 1.659 auroc 0.765 f1_score 0.640
  per-class F1 (Val): {'benign': np.float32(0.857), 'atypical': np.float32(0.32), 'malignant': np.float32(0.744)}
  [DIAG] Tier1 сам по собі: acc=68.145 f1_macro=0.590
Test [ 0/86] eta: 0:00:14 loss: 0.0070 (0.0070) acc1: 100.0000 (100.0000) time: 0.1704 data: 0.1329 max mem: 419
Test [85/86] eta: 0:00:00 loss: 0.1649 (1.3857) acc1: 0.0000 (65.1163) time: 0.0240 data: 0.0001 max mem: 419
Test Total time: 0:00:02 (2.4957 s / it)
* Acc@1 65.116 loss 1.386 auroc 0.840 f1_score 0.619
  per-class F1 (Test): {'benign': np.float32(0.746), 'atypical': np.float32(0.381), 'malignant': np.float32(0.73)}
  [DIAG] Tier1 сам по собі: acc=62.936 f1_macro=0.601

Epoch: [22] [  0/389] eta: 0:01:53 lr: 0.000017 tier1_loss: 0.0454 (0.0454) tier2_loss: 0.0101 (0.0101) time: 0.2923 data: 0.1304 max mem: 419
Epoch: [22] [100/389] eta: 0:00:31 lr: 0.000016 tier1_loss: 0.0085 (0.3275) tier2_loss: 0.0009 (0.2551) time: 0.1145 data: 0.0001 max mem: 419
Epoch: [22] [200/389] eta: 0:00:21 lr: 0.000015 tier1_loss: 0.0124 (0.3269) tier2_loss: 0.0024 (0.2625) time: 0.1124 data: 0.0001 max mem: 419
Epoch: [22] [300/389] eta: 0:00:10 lr: 0.000015 tier1_loss: 0.0111 (0.3546) tier2_loss: 0.0042 (0.3104) time: 0.1107 data: 0.0001 max mem: 419
Epoch: [22] [388/389] eta: 0:00:00 lr: 0.000014 tier1_loss: 0.0375 (0.3543) tier2_loss: 0.0049 (0.3108) time: 0.0955 data: 0.0001 max mem: 419
Epoch: [22] Total time: 0:00:43 (43.8925 s / it)
Val [ 0/62] eta: 0:00:12 loss: 5.2388 (5.2388) acc1: 0.0000 (0.0000) time: 0.1971 data: 0.1481 max mem: 419
Val [61/62] eta: 0:00:00 loss: 0.0110 (1.5758) acc1: 100.0000 (70.9677) time: 0.0244 data: 0.0001 max mem: 419
Val Total time: 0:00:01 (1.9016 s / it)
* Acc@1 70.968 loss 1.576 auroc 0.799 f1_score 0.640
  per-class F1 (Val): {'benign': np.float32(0.857), 'atypical': np.float32(0.32), 'malignant': np.float32(0.744)}
  [DIAG] Tier1 сам по собі: acc=69.153 f1_macro=0.618
Test [ 0/86] eta: 0:00:17 loss: 0.0143 (0.0143) acc1: 100.0000 (100.0000) time: 0.2017 data: 0.1324 max mem: 419
Test [85/86] eta: 0:00:00 loss: 0.0498 (1.3442) acc1: 100.0000 (68.6047) time: 0.0241 data: 0.0001 max mem: 419
Test Total time: 0:00:02 (2.5495 s / it)
* Acc@1 68.605 loss 1.344 auroc 0.851 f1_score 0.672
  per-class F1 (Test): {'benign': np.float32(0.75), 'atypical': np.float32(0.5), 'malignant': np.float32(0.767)}
  [DIAG] Tier1 сам по собі: acc=65.116 f1_macro=0.635

Epoch: [23] [  0/389] eta: 0:01:41 lr: 0.000014 tier1_loss: 0.0342 (0.0342) tier2_loss: 0.0039 (0.0039) time: 0.2600 data: 0.1189 max mem: 419
Epoch: [23] [100/389] eta: 0:00:31 lr: 0.000013 tier1_loss: 0.0125 (0.4497) tier2_loss: 0.0029 (0.4917) time: 0.1117 data: 0.0001 max mem: 419
Epoch: [23] [200/389] eta: 0:00:21 lr: 0.000012 tier1_loss: 0.0113 (0.3886) tier2_loss: 0.0019 (0.3330) time: 0.1194 data: 0.0001 max mem: 419
Epoch: [23] [300/389] eta: 0:00:10 lr: 0.000011 tier1_loss: 0.0152 (0.3630) tier2_loss: 0.0018 (0.3061) time: 0.1096 data: 0.0001 max mem: 419
Epoch: [23] [388/389] eta: 0:00:00 lr: 0.000010 tier1_loss: 0.0107 (0.3374) tier2_loss: 0.0017 (0.2908) time: 0.1022 data: 0.0001 max mem: 419
Epoch: [23] Total time: 0:00:43 (43.3429 s / it)
Val [ 0/62] eta: 0:00:13 loss: 5.8555 (5.8555) acc1: 0.0000 (0.0000) time: 0.2231 data: 0.1712 max mem: 419
Val [61/62] eta: 0:00:00 loss: 0.0113 (1.6895) acc1: 100.0000 (72.5806) time: 0.0243 data: 0.0001 max mem: 419
Val Total time: 0:00:01 (1.9389 s / it)
* Acc@1 72.581 loss 1.690 auroc 0.761 f1_score 0.667
  per-class F1 (Val): {'benign': np.float32(0.873), 'atypical': np.float32(0.385), 'malignant': np.float32(0.744)}
  [DIAG] Tier1 сам по собі: acc=68.347 f1_macro=0.609
Test [ 0/86] eta: 0:00:15 loss: 0.0376 (0.0376) acc1: 100.0000 (100.0000) time: 0.1793 data: 0.1372 max mem: 419
Test [85/86] eta: 0:00:00 loss: 0.0456 (1.4437) acc1: 0.0000 (65.1163) time: 0.0238 data: 0.0001 max mem: 419
Test Total time: 0:00:02 (2.5001 s / it)
* Acc@1 65.116 loss 1.444 auroc 0.834 f1_score 0.626
  per-class F1 (Test): {'benign': np.float32(0.708), 'atypical': np.float32(0.409), 'malignant': np.float32(0.762)}
  [DIAG] Tier1 сам по собі: acc=63.517 f1_macro=0.610

Epoch: [24] [  0/389] eta: 0:01:47 lr: 0.000010 tier1_loss: 0.0010 (0.0010) tier2_loss: 0.0002 (0.0002) time: 0.2774 data: 0.1222 max mem: 419
Epoch: [24] [100/389] eta: 0:00:35 lr: 0.000010 tier1_loss: 0.0072 (0.3281) tier2_loss: 0.0015 (0.3098) time: 0.1319 data: 0.0001 max mem: 419
Epoch: [24] [200/389] eta: 0:00:21 lr: 0.000009 tier1_loss: 0.0125 (0.2759) tier2_loss: 0.0031 (0.2638) time: 0.1112 data: 0.0001 max mem: 419
Epoch: [24] [300/389] eta: 0:00:10 lr: 0.000008 tier1_loss: 0.0095 (0.2765) tier2_loss: 0.0011 (0.2352) time: 0.1171 data: 0.0001 max mem: 419
Epoch: [24] [388/389] eta: 0:00:00 lr: 0.000008 tier1_loss: 0.0149 (0.3215) tier2_loss: 0.0009 (0.2651) time: 0.1051 data: 0.0001 max mem: 419
Epoch: [24] Total time: 0:00:43 (43.8579 s / it)
Val [ 0/62] eta: 0:00:14 loss: 5.6087 (5.6087) acc1: 0.0000 (0.0000) time: 0.2287 data: 0.1653 max mem: 419
Val [61/62] eta: 0:00:00 loss: 0.0163 (1.6569) acc1: 100.0000 (70.9677) time: 0.0248 data: 0.0001 max mem: 419
Val Total time: 0:00:01 (1.9527 s / it)
* Acc@1 70.968 loss 1.657 auroc 0.762 f1_score 0.640
  per-class F1 (Val): {'benign': np.float32(0.857), 'atypical': np.float32(0.32), 'malignant': np.float32(0.744)}
  [DIAG] Tier1 сам по собі: acc=67.944 f1_macro=0.599
Test [ 0/86] eta: 0:00:17 loss: 0.0053 (0.0053) acc1: 100.0000 (100.0000) time: 0.2088 data: 0.1473 max mem: 419
Test [85/86] eta: 0:00:00 loss: 0.2040 (1.3943) acc1: 100.0000 (69.7674) time: 0.0320 data: 0.0001 max mem: 419
Test Total time: 0:00:03 (3.3775 s / it)
* Acc@1 69.767 loss 1.394 auroc 0.845 f1_score 0.677
  per-class F1 (Test): {'benign': np.float32(0.746), 'atypical': np.float32(0.512), 'malignant': np.float32(0.774)}
  [DIAG] Tier1 сам по собі: acc=63.808 f1_macro=0.612

Epoch: [25] [  0/389] eta: 0:02:05 lr: 0.000008 tier1_loss: 0.0140 (0.0140) tier2_loss: 0.0018 (0.0018) time: 0.3230 data: 0.1523 max mem: 419
Epoch: [25] [100/389] eta: 0:00:35 lr: 0.000007 tier1_loss: 0.0035 (0.2038) tier2_loss: 0.0002 (0.1595) time: 0.1095 data: 0.0001 max mem: 419
Epoch: [25] [200/389] eta: 0:00:21 lr: 0.000006 tier1_loss: 0.0109 (0.2464) tier2_loss: 0.0041 (0.1785) time: 0.1091 data: 0.0001 max mem: 419
Epoch: [25] [300/389] eta: 0:00:10 lr: 0.000006 tier1_loss: 0.0195 (0.3353) tier2_loss: 0.0029 (0.2880) time: 0.1136 data: 0.0001 max mem: 419
Epoch: [25] [388/389] eta: 0:00:00 lr: 0.000005 tier1_loss: 0.0113 (0.3221) tier2_loss: 0.0024 (0.2729) time: 0.1287 data: 0.0001 max mem: 419
Epoch: [25] Total time: 0:00:44 (44.4361 s / it)
Val [ 0/62] eta: 0:00:15 loss: 6.1281 (6.1281) acc1: 0.0000 (0.0000) time: 0.2563 data: 0.1830 max mem: 419
Val [61/62] eta: 0:00:00 loss: 0.0189 (1.7121) acc1: 100.0000 (70.9677) time: 0.0231 data: 0.0001 max mem: 419
Val Total time: 0:00:02 (2.4004 s / it)
* Acc@1 70.968 loss 1.712 auroc 0.761 f1_score 0.655
  per-class F1 (Val): {'benign': np.float32(0.852), 'atypical': np.float32(0.37), 'malignant': np.float32(0.744)}
  [DIAG] Tier1 сам по собі: acc=69.153 f1_macro=0.619
Test [ 0/86] eta: 0:00:15 loss: 0.3322 (0.3322) acc1: 100.0000 (100.0000) time: 0.1792 data: 0.1420 max mem: 419
Test [85/86] eta: 0:00:00 loss: 0.0141 (1.4297) acc1: 100.0000 (67.4419) time: 0.0242 data: 0.0001 max mem: 419
Test Total time: 0:00:02 (2.5372 s / it)
* Acc@1 67.442 loss 1.430 auroc 0.838 f1_score 0.662
  per-class F1 (Test): {'benign': np.float32(0.698), 'atypical': np.float32(0.5), 'malignant': np.float32(0.787)}
  [DIAG] Tier1 сам по собі: acc=63.808 f1_macro=0.617

Epoch: [26] [  0/389] eta: 0:01:52 lr: 0.000005 tier1_loss: 0.0012 (0.0012) tier2_loss: 0.0001 (0.0001) time: 0.2882 data: 0.1241 max mem: 419
Epoch: [26] [100/389] eta: 0:00:32 lr: 0.000005 tier1_loss: 0.0132 (0.3777) tier2_loss: 0.0018 (0.2869) time: 0.1098 data: 0.0001 max mem: 419
Epoch: [26] [200/389] eta: 0:00:21 lr: 0.000004 tier1_loss: 0.0310 (0.3413) tier2_loss: 0.0030 (0.2462) time: 0.1024 data: 0.0001 max mem: 419
Epoch: [26] [300/389] eta: 0:00:10 lr: 0.000004 tier1_loss: 0.0102 (0.3409) tier2_loss: 0.0035 (0.2451) time: 0.1340 data: 0.0001 max mem: 419
Epoch: [26] [388/389] eta: 0:00:00 lr: 0.000003 tier1_loss: 0.0172 (0.3095) tier2_loss: 0.0040 (0.2179) time: 0.1015 data: 0.0001 max mem: 419
Epoch: [26] Total time: 0:00:43 (43.7862 s / it)
Val [ 0/62] eta: 0:00:12 loss: 6.0856 (6.0856) acc1: 0.0000 (0.0000) time: 0.1983 data: 0.1576 max mem: 419
Val [61/62] eta: 0:00:00 loss: 0.0081 (1.7047) acc1: 100.0000 (69.3548) time: 0.0234 data: 0.0001 max mem: 419
Val Total time: 0:00:01 (1.8677 s / it)
* Acc@1 69.355 loss 1.705 auroc 0.776 f1_score 0.625
  per-class F1 (Val): {'benign': np.float32(0.842), 'atypical': np.float32(0.32), 'malignant': np.float32(0.714)}
  [DIAG] Tier1 сам по собі: acc=67.540 f1_macro=0.599
Test [ 0/86] eta: 0:00:15 loss: 0.0055 (0.0055) acc1: 100.0000 (100.0000) time: 0.1810 data: 0.1344 max mem: 419
Test [85/86] eta: 0:00:00 loss: 0.0304 (1.4442) acc1: 100.0000 (70.9302) time: 0.0237 data: 0.0001 max mem: 419
Test Total time: 0:00:02 (2.5018 s / it)
* Acc@1 70.930 loss 1.444 auroc 0.838 f1_score 0.697
  per-class F1 (Test): {'benign': np.float32(0.746), 'atypical': np.float32(0.565), 'malignant': np.float32(0.78)}
  [DIAG] Tier1 сам по собі: acc=64.826 f1_macro=0.628

Epoch: [27] [  0/389] eta: 0:01:53 lr: 0.000003 tier1_loss: 0.0040 (0.0040) tier2_loss: 0.0021 (0.0021) time: 0.2918 data: 0.1183 max mem: 419
Epoch: [27] [100/389] eta: 0:00:29 lr: 0.000003 tier1_loss: 0.0422 (0.3972) tier2_loss: 0.0021 (0.3189) time: 0.0980 data: 0.0001 max mem: 419
Epoch: [27] [200/389] eta: 0:00:20 lr: 0.000003 tier1_loss: 0.0317 (0.3761) tier2_loss: 0.0018 (0.2874) time: 0.1323 data: 0.0001 max mem: 419
Epoch: [27] [300/389] eta: 0:00:09 lr: 0.000002 tier1_loss: 0.0145 (0.3231) tier2_loss: 0.0019 (0.2502) time: 0.1044 data: 0.0001 max mem: 419
Epoch: [27] [388/389] eta: 0:00:00 lr: 0.000002 tier1_loss: 0.0121 (0.3147) tier2_loss: 0.0023 (0.2483) time: 0.0981 data: 0.0001 max mem: 419
Epoch: [27] Total time: 0:00:42 (42.5557 s / it)
Val [ 0/62] eta: 0:00:12 loss: 6.1052 (6.1052) acc1: 0.0000 (0.0000) time: 0.2075 data: 0.1569 max mem: 419
Val [61/62] eta: 0:00:00 loss: 0.0144 (1.7829) acc1: 100.0000 (70.9677) time: 0.0284 data: 0.0001 max mem: 419
Val Total time: 0:00:02 (2.0910 s / it)
* Acc@1 70.968 loss 1.783 auroc 0.760 f1_score 0.642
  per-class F1 (Val): {'benign': np.float32(0.873), 'atypical': np.float32(0.308), 'malignant': np.float32(0.744)}
  [DIAG] Tier1 сам по собі: acc=69.960 f1_macro=0.626
Test [ 0/86] eta: 0:00:18 loss: 0.0056 (0.0056) acc1: 100.0000 (100.0000) time: 0.2181 data: 0.1555 max mem: 419
Test [85/86] eta: 0:00:00 loss: 0.0114 (1.4606) acc1: 100.0000 (68.6047) time: 0.0326 data: 0.0001 max mem: 419
Test Total time: 0:00:03 (3.4027 s / it)
* Acc@1 68.605 loss 1.461 auroc 0.839 f1_score 0.668
  per-class F1 (Test): {'benign': np.float32(0.738), 'atypical': np.float32(0.478), 'malignant': np.float32(0.787)}
  [DIAG] Tier1 сам по собі: acc=63.663 f1_macro=0.613

Epoch: [28] [  0/389] eta: 0:02:16 lr: 0.000002 tier1_loss: 4.5976 (4.5976) tier2_loss: 3.5729 (3.5729) time: 0.3514 data: 0.1971 max mem: 419
Epoch: [28] [100/389] eta: 0:00:32 lr: 0.000002 tier1_loss: 0.0093 (0.3616) tier2_loss: 0.0041 (0.3212) time: 0.1120 data: 0.0001 max mem: 419
Epoch: [28] [200/389] eta: 0:00:20 lr: 0.000002 tier1_loss: 0.0088 (0.2927) tier2_loss: 0.0011 (0.2463) time: 0.1080 data: 0.0001 max mem: 419
Epoch: [28] [300/389] eta: 0:00:09 lr: 0.000001 tier1_loss: 0.0104 (0.2760) tier2_loss: 0.0008 (0.1883) time: 0.1079 data: 0.0001 max mem: 419
Epoch: [28] [388/389] eta: 0:00:00 lr: 0.000001 tier1_loss: 0.0149 (0.3125) tier2_loss: 0.0039 (0.2186) time: 0.1059 data: 0.0001 max mem: 419
Epoch: [28] Total time: 0:00:42 (42.3723 s / it)
Val [ 0/62] eta: 0:00:12 loss: 6.1116 (6.1116) acc1: 0.0000 (0.0000) time: 0.2026 data: 0.1550 max mem: 419
Val [61/62] eta: 0:00:00 loss: 0.0101 (1.7886) acc1: 100.0000 (72.5806) time: 0.0229 data: 0.0001 max mem: 419
Val Total time: 0:00:01 (1.8564 s / it)
* Acc@1 72.581 loss 1.789 auroc 0.760 f1_score 0.667
  per-class F1 (Val): {'benign': np.float32(0.873), 'atypical': np.float32(0.385), 'malignant': np.float32(0.744)}
  [DIAG] Tier1 сам по собі: acc=69.556 f1_macro=0.626
Test [ 0/86] eta: 0:00:15 loss: 0.4065 (0.4065) acc1: 100.0000 (100.0000) time: 0.1844 data: 0.1470 max mem: 419
Test [85/86] eta: 0:00:00 loss: 0.0124 (1.4424) acc1: 100.0000 (69.7674) time: 0.0227 data: 0.0001 max mem: 419
Test Total time: 0:00:02 (2.4213 s / it)
* Acc@1 69.767 loss 1.442 auroc 0.840 f1_score 0.677
  per-class F1 (Test): {'benign': np.float32(0.769), 'atypical': np.float32(0.489), 'malignant': np.float32(0.774)}
  [DIAG] Tier1 сам по собі: acc=63.227 f1_macro=0.610

Epoch: [29] [  0/389] eta: 0:01:35 lr: 0.000001 tier1_loss: 0.0030 (0.0030) tier2_loss: 0.0001 (0.0001) time: 0.2455 data: 0.1101 max mem: 419
Epoch: [29] [100/389] eta: 0:00:31 lr: 0.000001 tier1_loss: 0.0119 (0.3043) tier2_loss: 0.0012 (0.1951) time: 0.1099 data: 0.0001 max mem: 419
Epoch: [29] [200/389] eta: 0:00:19 lr: 0.000001 tier1_loss: 0.0023 (0.3195) tier2_loss: 0.0003 (0.2229) time: 0.0961 data: 0.0001 max mem: 419
Epoch: [29] [300/389] eta: 0:00:09 lr: 0.000001 tier1_loss: 0.0099 (0.2915) tier2_loss: 0.0019 (0.1925) time: 0.1253 data: 0.0001 max mem: 419
Epoch: [29] [388/389] eta: 0:00:00 lr: 0.000001 tier1_loss: 0.0100 (0.3063) tier2_loss: 0.0018 (0.2167) time: 0.1047 data: 0.0001 max mem: 419
Epoch: [29] Total time: 0:00:41 (41.2860 s / it)
Val [ 0/62] eta: 0:00:12 loss: 5.8970 (5.8970) acc1: 0.0000 (0.0000) time: 0.1943 data: 0.1537 max mem: 419
Val [61/62] eta: 0:00:00 loss: 0.0104 (1.8262) acc1: 100.0000 (72.5806) time: 0.0227 data: 0.0001 max mem: 419
Val Total time: 0:00:01 (1.8420 s / it)
* Acc@1 72.581 loss 1.826 auroc 0.758 f1_score 0.667
  per-class F1 (Val): {'benign': np.float32(0.873), 'atypical': np.float32(0.385), 'malignant': np.float32(0.744)}
  [DIAG] Tier1 сам по собі: acc=71.371 f1_macro=0.649
wandb: 
wandb: Run history:
wandb: diag/test_tier1_acc ▃▁▂▄▅▃▆█▆▆█▅██▆▇▇▇▇▆▇▆▇▆▆▆▇▆▆▆
wandb:  diag/test_tier1_f1 ▂▁▁▂▃▂▄▆▅▆▇▅▇█▆▇▇▇█▆█▇▇▇▇▇▇▇▇▇
wandb:       perf/test_auc ▃▄▁▅▆▃▅█▆▇▇▇▇▇▇██▇█▆███▇█▇▇███
wandb:        perf/test_f1 ▂▃▁▅▅▁▃█▃▆▇▅▇▇▆▇▇▆▇▆▇▆▇▆▇▇█▇▇▇
wandb:        perf/val_auc ▃▅▁▆▅▇▅█▆█▆▆▆▆▅▆▆▆▇▄▇▆▆▆▆▆▆▆▆▅
wandb:         perf/val_f1 ▃▁▁▇▅▁▅▇▅▅▆▄▆▆▄▆▆▇█▄▆▇▇█▇▇▇▇██
wandb:          tier1_loss ▇▁▇▆▁▁▂▁▁▁▁▁▁▇▁▁▁▄▆▁█▁▁▁▆▁▁▁▁▆▁▁▁▁▁▁▁▁▁▁
wandb:          tier2_loss ▁▁▁▁▁▁▁▁▂▁▁▁▁▁▃▁▁▁▁▁▁▁▁▁█▁▂▁▁▁▁▁▁▁▁▁▁▅▁▁
wandb: 
wandb: Run summary:
wandb: diag/test_tier1_acc 63.66279
wandb:  diag/test_tier1_f1 0.61559
wandb:       perf/test_auc 0.83972
wandb:        perf/test_f1 0.66693
wandb:        perf/val_auc 0.7582
wandb:         perf/val_f1 0.66718
wandb:          tier1_loss 0.03745
wandb:          tier2_loss 0.00154
wandb: 
wandb: You can sync this run to the cloud by running:
wandb: wandb sync /data/bohatyrenko1/EXPERIMENTS_2/Hi-MoE_MIL/wandb/offline-run-20260927_080603-e3e7d1ju
wandb: Find logs at: ./wandb/offline-run-20260927_080603-e3e7d1ju/logs
Test [ 0/86] eta: 0:00:15 loss: 0.0069 (0.0069) acc1: 100.0000 (100.0000) time: 0.1751 data: 0.1291 max mem: 419
Test [85/86] eta: 0:00:00 loss: 0.0119 (1.4554) acc1: 100.0000 (68.6047) time: 0.0239 data: 0.0001 max mem: 419
Test Total time: 0:00:02 (2.5046 s / it)
* Acc@1 68.605 loss 1.455 auroc 0.840 f1_score 0.667
  per-class F1 (Test): {'benign': np.float32(0.75), 'atypical': np.float32(0.489), 'malignant': np.float32(0.762)}
  [DIAG] Tier1 сам по собі: acc=63.663 f1_macro=0.616

============================================================
FINAL EPOCH (29) RESULTS (DTFD-ASMIL v2):
  test_auc=0.8397 test_acc=68.60 test_f1(macro)=0.6669
  [DIAG] Tier1 сам по собі: acc=63.663 f1_macro=0.616
  test per-class F1: {'benign': np.float32(0.75), 'atypical': np.float32(0.489), 'malignant': np.float32(0.762)}
  test confusion matrix (rows=true, cols=pred):
            benign    atypical   malignant
  benign         24           4           3
atypical          8          11           4
malignant          1           7          24
============================================================
Best epoch: {'epoch': 7, 'val_f1': 0.6553655862808228, 'val_auc': 0.8676545023918152, 'test_f1': 0.7017093896865845, 'test_auc': 0.855097770690918}
