wandb: Tracking run with wandb version 0.28.0
wandb: W&B syncing is set to `offline` in this directory. Run `wandb online` or set WANDB_MODE=online to enable cloud syncing.
wandb: Run data is saved locally in /data/bohatyrenko1/EXPERIMENTS_2/Hi-MoE_MIL/wandb/offline-run-20260927_164111-ggx5srdy
wandb: View this run in the terminal with `wandb leet`
Used config (DTFD-ASMIL v2):
{'B': 1,
 'D_feat': 1536,
 'D_inner': 768,
 'M': None,
 'ckpt_dir': 'ckpt/bracs_dtfd_v2_uni2h_seed10',
 'config': 'config/bracs_uni2h_config.yml',
 'dataset': 'bracs',
 'lr': 0.0001,
 'min_lr': 1e-06,
 'n_class': 3,
 'n_token': 8,
 'n_worker': 4,
 'pin_memory': True,
 'pretrain': 'UNI2h',
 'seed': 10,
 'splits_dir': '/home/root_server/bohatyrenko/BRACS/splits',
 'test_dir': '/data/bohatyrenko1/features_uni2h_bracs_v2',
 'tier1_weight': 0.1,
 'tier2_D_inner': None,
 'tier2_n_heads': 4,
 'train_dir': '/data/bohatyrenko1/features_uni2h_bracs_v2',
 'train_epoch': 15,
 'wandb_mode': 'offline',
 'warmup_epoch': 5,
 'wd': 1e-05}
M (псевдо-bags) = 8, tier1_weight = 0.1
Class weights: [0.6582064032554626, 2.4935896396636963, 0.9261904954910278]
Epoch: [0] [  0/389] eta: 0:09:19 lr: 0.000000 tier1_loss: 1.3838 (1.3838) tier2_loss: 0.9560 (0.9560) time: 1.4376 data: 0.3601 max mem: 860
Epoch: [0] [100/389] eta: 0:00:53 lr: 0.000005 tier1_loss: 0.9287 (1.1112) tier2_loss: 0.2617 (1.0211) time: 0.1699 data: 0.0001 max mem: 2245
Epoch: [0] [200/389] eta: 0:00:32 lr: 0.000010 tier1_loss: 0.0969 (1.1643) tier2_loss: 0.3471 (1.1763) time: 0.1449 data: 0.0001 max mem: 2245
Epoch: [0] [300/389] eta: 0:00:15 lr: 0.000015 tier1_loss: 0.6328 (1.2026) tier2_loss: 0.5611 (1.1764) time: 0.1577 data: 0.0001 max mem: 2335
Epoch: [0] [388/389] eta: 0:00:00 lr: 0.000020 tier1_loss: 0.3811 (1.1730) tier2_loss: 0.3799 (1.1759) time: 0.1418 data: 0.0001 max mem: 2746
Epoch: [0] Total time: 0:01:05 (65.3254 s / it)
Val [ 0/62] eta: 0:00:26 loss: 0.1382 (0.1382) acc1: 100.0000 (100.0000) time: 0.4345 data: 0.3226 max mem: 2746
Val [61/62] eta: 0:00:00 loss: 0.1340 (1.0969) acc1: 100.0000 (59.6774) time: 0.0400 data: 0.0002 max mem: 2746
Val Total time: 0:00:03 (3.7615 s / it)
* Acc@1 59.677 loss 1.097 auroc 0.785 f1_score 0.441
  per-class F1 (Val): {'benign': np.float32(0.693), 'atypical': np.float32(0.0), 'malignant': np.float32(0.629)}
  [DIAG] Tier1 сам по собі: acc=63.105 f1_macro=0.470
Test [ 0/86] eta: 0:00:31 loss: 0.1328 (0.1328) acc1: 100.0000 (100.0000) time: 0.3629 data: 0.3128 max mem: 2746
Test [85/86] eta: 0:00:00 loss: 2.5485 (1.1880) acc1: 0.0000 (59.3023) time: 0.0474 data: 0.0051 max mem: 2746
Test Total time: 0:00:04 (4.9925 s / it)
* Acc@1 59.302 loss 1.188 auroc 0.773 f1_score 0.469
  per-class F1 (Test): {'benign': np.float32(0.639), 'atypical': np.float32(0.0), 'malignant': np.float32(0.769)}
  [DIAG] Tier1 сам по собі: acc=57.703 f1_macro=0.448

Epoch: [1] [  0/389] eta: 0:02:55 lr: 0.000020 tier1_loss: 0.6280 (0.6280) tier2_loss: 0.0936 (0.0936) time: 0.4506 data: 0.2815 max mem: 2746
Epoch: [1] [100/389] eta: 0:00:47 lr: 0.000025 tier1_loss: 0.0407 (0.7193) tier2_loss: 0.0276 (0.7968) time: 0.1691 data: 0.0001 max mem: 2746
Epoch: [1] [200/389] eta: 0:00:31 lr: 0.000030 tier1_loss: 0.1591 (0.9860) tier2_loss: 0.0787 (1.1840) time: 0.1671 data: 0.0001 max mem: 2746
Epoch: [1] [300/389] eta: 0:00:14 lr: 0.000035 tier1_loss: 0.0517 (0.9200) tier2_loss: 0.0223 (1.1512) time: 0.1654 data: 0.0001 max mem: 2746
Epoch: [1] [388/389] eta: 0:00:00 lr: 0.000040 tier1_loss: 0.0224 (0.8778) tier2_loss: 0.0295 (1.0966) time: 0.1434 data: 0.0001 max mem: 2746
Epoch: [1] Total time: 0:01:03 (63.7285 s / it)
Val [ 0/62] eta: 0:00:30 loss: 1.5429 (1.5429) acc1: 0.0000 (0.0000) time: 0.4913 data: 0.4357 max mem: 2746
Val [61/62] eta: 0:00:00 loss: 0.1218 (1.5286) acc1: 100.0000 (64.5161) time: 0.0404 data: 0.0002 max mem: 2746
Val Total time: 0:00:03 (3.9600 s / it)
* Acc@1 64.516 loss 1.529 auroc 0.715 f1_score 0.483
  per-class F1 (Val): {'benign': np.float32(0.754), 'atypical': np.float32(0.0), 'malignant': np.float32(0.694)}
  [DIAG] Tier1 сам по собі: acc=62.903 f1_macro=0.472
Test [ 0/86] eta: 0:00:37 loss: 0.4738 (0.4738) acc1: 100.0000 (100.0000) time: 0.4407 data: 0.3985 max mem: 2746
Test [85/86] eta: 0:00:00 loss: 3.9613 (1.7572) acc1: 0.0000 (58.1395) time: 0.0413 data: 0.0001 max mem: 2746
Test Total time: 0:00:04 (4.9895 s / it)
* Acc@1 58.140 loss 1.757 auroc 0.730 f1_score 0.448
  per-class F1 (Test): {'benign': np.float32(0.632), 'atypical': np.float32(0.0), 'malignant': np.float32(0.712)}
  [DIAG] Tier1 сам по собі: acc=56.395 f1_macro=0.433

Epoch: [2] [  0/389] eta: 0:04:15 lr: 0.000040 tier1_loss: 0.0157 (0.0157) tier2_loss: 0.0407 (0.0407) time: 0.6568 data: 0.3817 max mem: 2746
Epoch: [2] [100/389] eta: 0:00:50 lr: 0.000045 tier1_loss: 0.1317 (0.6059) tier2_loss: 0.1888 (0.8555) time: 0.1635 data: 0.0001 max mem: 2746
Epoch: [2] [200/389] eta: 0:00:31 lr: 0.000050 tier1_loss: 0.0225 (0.6379) tier2_loss: 0.0684 (0.8140) time: 0.1518 data: 0.0001 max mem: 2746
Epoch: [2] [300/389] eta: 0:00:14 lr: 0.000055 tier1_loss: 0.0252 (0.6575) tier2_loss: 0.0657 (0.7868) time: 0.1740 data: 0.0001 max mem: 2746
Epoch: [2] [388/389] eta: 0:00:00 lr: 0.000060 tier1_loss: 0.0070 (0.6816) tier2_loss: 0.0743 (0.7919) time: 0.1509 data: 0.0001 max mem: 2746
Epoch: [2] Total time: 0:01:03 (63.6684 s / it)
Val [ 0/62] eta: 0:00:32 loss: 2.4318 (2.4318) acc1: 0.0000 (0.0000) time: 0.5276 data: 0.4688 max mem: 2746
Val [61/62] eta: 0:00:00 loss: 0.9776 (0.8635) acc1: 0.0000 (64.5161) time: 0.0410 data: 0.0002 max mem: 2746
Val Total time: 0:00:03 (3.8458 s / it)
* Acc@1 64.516 loss 0.864 auroc 0.823 f1_score 0.528
  per-class F1 (Val): {'benign': np.float32(0.769), 'atypical': np.float32(0.111), 'malignant': np.float32(0.704)}
  [DIAG] Tier1 сам по собі: acc=62.702 f1_macro=0.541
Test [ 0/86] eta: 0:00:38 loss: 1.5647 (1.5647) acc1: 0.0000 (0.0000) time: 0.4480 data: 0.3808 max mem: 2746
Test [85/86] eta: 0:00:00 loss: 0.9595 (0.8610) acc1: 0.0000 (60.4651) time: 0.0440 data: 0.0001 max mem: 2746
Test Total time: 0:00:05 (5.0606 s / it)
* Acc@1 60.465 loss 0.861 auroc 0.832 f1_score 0.506
  per-class F1 (Test): {'benign': np.float32(0.655), 'atypical': np.float32(0.143), 'malignant': np.float32(0.721)}
  [DIAG] Tier1 сам по собі: acc=60.610 f1_macro=0.531

Epoch: [3] [  0/389] eta: 0:02:45 lr: 0.000060 tier1_loss: 0.0259 (0.0259) tier2_loss: 0.0105 (0.0105) time: 0.4258 data: 0.2363 max mem: 2746
Epoch: [3] [100/389] eta: 0:00:46 lr: 0.000065 tier1_loss: 0.0221 (0.6742) tier2_loss: 0.0466 (0.7387) time: 0.1490 data: 0.0001 max mem: 2746
Epoch: [3] [200/389] eta: 0:00:30 lr: 0.000070 tier1_loss: 0.1010 (0.7045) tier2_loss: 0.0963 (0.7666) time: 0.1498 data: 0.0001 max mem: 2746
Epoch: [3] [300/389] eta: 0:00:14 lr: 0.000075 tier1_loss: 0.0069 (0.6295) tier2_loss: 0.0215 (0.6582) time: 0.1578 data: 0.0001 max mem: 2746
Epoch: [3] [388/389] eta: 0:00:00 lr: 0.000080 tier1_loss: 0.0129 (0.6163) tier2_loss: 0.0203 (0.6539) time: 0.1527 data: 0.0001 max mem: 2746
Epoch: [3] Total time: 0:01:03 (63.8510 s / it)
Val [ 0/62] eta: 0:00:24 loss: 0.1954 (0.1954) acc1: 100.0000 (100.0000) time: 0.3967 data: 0.3527 max mem: 2746
Val [61/62] eta: 0:00:00 loss: 0.0176 (1.0833) acc1: 100.0000 (69.3548) time: 0.0402 data: 0.0001 max mem: 2746
Val Total time: 0:00:03 (3.7381 s / it)
* Acc@1 69.355 loss 1.083 auroc 0.798 f1_score 0.517
  per-class F1 (Val): {'benign': np.float32(0.812), 'atypical': np.float32(0.0), 'malignant': np.float32(0.739)}
  [DIAG] Tier1 сам по собі: acc=69.153 f1_macro=0.551
Test [ 0/86] eta: 0:00:36 loss: 0.0174 (0.0174) acc1: 100.0000 (100.0000) time: 0.4209 data: 0.3656 max mem: 2746
Test [85/86] eta: 0:00:00 loss: 1.2959 (1.1737) acc1: 0.0000 (67.4419) time: 0.0428 data: 0.0001 max mem: 2746
Test Total time: 0:00:05 (5.0112 s / it)
* Acc@1 67.442 loss 1.174 auroc 0.776 f1_score 0.521
  per-class F1 (Test): {'benign': np.float32(0.75), 'atypical': np.float32(0.0), 'malignant': np.float32(0.812)}
  [DIAG] Tier1 сам по собі: acc=71.948 f1_macro=0.651

Epoch: [4] [  0/389] eta: 0:02:55 lr: 0.000080 tier1_loss: 0.0342 (0.0342) tier2_loss: 0.3579 (0.3579) time: 0.4512 data: 0.2458 max mem: 2746
Epoch: [4] [100/389] eta: 0:00:48 lr: 0.000085 tier1_loss: 0.0110 (0.6128) tier2_loss: 0.0429 (0.6828) time: 0.1731 data: 0.0001 max mem: 2746
Epoch: [4] [200/389] eta: 0:00:31 lr: 0.000090 tier1_loss: 0.0238 (0.5347) tier2_loss: 0.0620 (0.6471) time: 0.1737 data: 0.0001 max mem: 2746
Epoch: [4] [300/389] eta: 0:00:14 lr: 0.000095 tier1_loss: 0.1967 (0.6095) tier2_loss: 1.1334 (0.7467) time: 0.1684 data: 0.0001 max mem: 2746
Epoch: [4] [388/389] eta: 0:00:00 lr: 0.000100 tier1_loss: 0.0093 (0.6332) tier2_loss: 0.0299 (0.8083) time: 0.1328 data: 0.0001 max mem: 2746
Epoch: [4] Total time: 0:01:04 (64.1312 s / it)
Val [ 0/62] eta: 0:00:22 loss: 0.0676 (0.0676) acc1: 100.0000 (100.0000) time: 0.3678 data: 0.3216 max mem: 2746
Val [61/62] eta: 0:00:00 loss: 0.0111 (1.5485) acc1: 100.0000 (70.9677) time: 0.0413 data: 0.0001 max mem: 2746
Val Total time: 0:00:03 (3.8163 s / it)
* Acc@1 70.968 loss 1.549 auroc 0.646 f1_score 0.530
  per-class F1 (Val): {'benign': np.float32(0.825), 'atypical': np.float32(0.0), 'malignant': np.float32(0.766)}
  [DIAG] Tier1 сам по собі: acc=68.548 f1_macro=0.512
Test [ 0/86] eta: 0:00:31 loss: 0.0111 (0.0111) acc1: 100.0000 (100.0000) time: 0.3615 data: 0.3183 max mem: 2746
Test [85/86] eta: 0:00:00 loss: 4.7415 (1.6685) acc1: 0.0000 (67.4419) time: 0.0428 data: 0.0001 max mem: 2746
Test Total time: 0:00:04 (4.9408 s / it)
* Acc@1 67.442 loss 1.668 auroc 0.723 f1_score 0.520
  per-class F1 (Test): {'benign': np.float32(0.759), 'atypical': np.float32(0.0), 'malignant': np.float32(0.8)}
  [DIAG] Tier1 сам по собі: acc=65.552 f1_macro=0.512

Epoch: [5] [  0/389] eta: 0:03:32 lr: 0.000100 tier1_loss: 0.0004 (0.0004) tier2_loss: 0.0104 (0.0104) time: 0.5464 data: 0.3158 max mem: 2746
Epoch: [5] [100/389] eta: 0:00:49 lr: 0.000100 tier1_loss: 0.0223 (0.8804) tier2_loss: 0.0465 (0.9436) time: 0.1792 data: 0.0001 max mem: 2746
Epoch: [5] [200/389] eta: 0:00:31 lr: 0.000099 tier1_loss: 0.0182 (0.6807) tier2_loss: 0.0380 (0.8098) time: 0.1563 data: 0.0001 max mem: 2746
Epoch: [5] [300/389] eta: 0:00:14 lr: 0.000099 tier1_loss: 0.0203 (0.7091) tier2_loss: 0.1349 (0.7873) time: 0.1703 data: 0.0001 max mem: 2746
Epoch: [5] [388/389] eta: 0:00:00 lr: 0.000098 tier1_loss: 0.0242 (0.6860) tier2_loss: 0.0300 (0.7588) time: 0.1566 data: 0.0001 max mem: 2746
Epoch: [5] Total time: 0:01:03 (63.7970 s / it)
Val [ 0/62] eta: 0:00:22 loss: 0.0368 (0.0368) acc1: 100.0000 (100.0000) time: 0.3654 data: 0.3311 max mem: 2746
Val [61/62] eta: 0:00:00 loss: 0.0156 (1.6058) acc1: 100.0000 (67.7419) time: 0.0424 data: 0.0023 max mem: 2746
Val Total time: 0:00:03 (3.7442 s / it)
* Acc@1 67.742 loss 1.606 auroc 0.779 f1_score 0.507
  per-class F1 (Val): {'benign': np.float32(0.771), 'atypical': np.float32(0.0), 'malignant': np.float32(0.75)}
  [DIAG] Tier1 сам по собі: acc=67.944 f1_macro=0.509
Test [ 0/86] eta: 0:00:36 loss: 0.0156 (0.0156) acc1: 100.0000 (100.0000) time: 0.4235 data: 0.3844 max mem: 2746
Test [85/86] eta: 0:00:00 loss: 3.1251 (1.7692) acc1: 0.0000 (61.6279) time: 0.0411 data: 0.0001 max mem: 2746
Test Total time: 0:00:05 (5.0112 s / it)
* Acc@1 61.628 loss 1.769 auroc 0.823 f1_score 0.489
  per-class F1 (Test): {'benign': np.float32(0.659), 'atypical': np.float32(0.0), 'malignant': np.float32(0.807)}
  [DIAG] Tier1 сам по собі: acc=64.390 f1_macro=0.507

Epoch: [6] [  0/389] eta: 0:02:34 lr: 0.000098 tier1_loss: 0.0298 (0.0298) tier2_loss: 0.0153 (0.0153) time: 0.3962 data: 0.2412 max mem: 2746
Epoch: [6] [100/389] eta: 0:00:50 lr: 0.000096 tier1_loss: 0.0198 (0.5006) tier2_loss: 0.0338 (0.5858) time: 0.1715 data: 0.0001 max mem: 2746
Epoch: [6] [200/389] eta: 0:00:31 lr: 0.000095 tier1_loss: 0.0240 (0.5009) tier2_loss: 0.0514 (0.5981) time: 0.1604 data: 0.0001 max mem: 2746
Epoch: [6] [300/389] eta: 0:00:14 lr: 0.000093 tier1_loss: 0.0422 (0.5778) tier2_loss: 0.0878 (0.6627) time: 0.1672 data: 0.0001 max mem: 2746
Epoch: [6] [388/389] eta: 0:00:00 lr: 0.000091 tier1_loss: 0.0592 (0.6232) tier2_loss: 0.0883 (0.7291) time: 0.1389 data: 0.0001 max mem: 2746
Epoch: [6] Total time: 0:01:03 (63.7120 s / it)
Val [ 0/62] eta: 0:00:29 loss: 0.5146 (0.5146) acc1: 100.0000 (100.0000) time: 0.4824 data: 0.4289 max mem: 2746
Val [61/62] eta: 0:00:00 loss: 0.5135 (0.9882) acc1: 100.0000 (62.9032) time: 0.0385 data: 0.0001 max mem: 2746
Val Total time: 0:00:03 (3.7323 s / it)
* Acc@1 62.903 loss 0.988 auroc 0.794 f1_score 0.472
  per-class F1 (Val): {'benign': np.float32(0.712), 'atypical': np.float32(0.0), 'malignant': np.float32(0.703)}
  [DIAG] Tier1 сам по собі: acc=69.153 f1_macro=0.518
Test [ 0/86] eta: 0:00:36 loss: 0.5116 (0.5116) acc1: 100.0000 (100.0000) time: 0.4190 data: 0.3698 max mem: 2746
Test [85/86] eta: 0:00:00 loss: 1.8135 (0.8417) acc1: 0.0000 (61.6279) time: 0.0378 data: 0.0001 max mem: 2746
Test Total time: 0:00:04 (4.8746 s / it)
* Acc@1 61.628 loss 0.842 auroc 0.828 f1_score 0.486
  per-class F1 (Test): {'benign': np.float32(0.652), 'atypical': np.float32(0.0), 'malignant': np.float32(0.807)}
  [DIAG] Tier1 сам по собі: acc=62.936 f1_macro=0.497

Epoch: [7] [  0/389] eta: 0:02:41 lr: 0.000091 tier1_loss: 0.0028 (0.0028) tier2_loss: 0.0012 (0.0012) time: 0.4141 data: 0.2724 max mem: 2746
Epoch: [7] [100/389] eta: 0:00:46 lr: 0.000088 tier1_loss: 0.0289 (0.5514) tier2_loss: 0.0853 (0.6867) time: 0.1581 data: 0.0001 max mem: 2746
Epoch: [7] [200/389] eta: 0:00:31 lr: 0.000085 tier1_loss: 0.0089 (0.4896) tier2_loss: 0.0590 (0.6346) time: 0.1810 data: 0.0001 max mem: 2746
Epoch: [7] [300/389] eta: 0:00:14 lr: 0.000082 tier1_loss: 0.0333 (0.5005) tier2_loss: 0.0458 (0.6260) time: 0.1672 data: 0.0001 max mem: 2746
Epoch: [7] [388/389] eta: 0:00:00 lr: 0.000080 tier1_loss: 0.0388 (0.5405) tier2_loss: 0.0538 (0.6601) time: 0.1630 data: 0.0001 max mem: 2746
Epoch: [7] Total time: 0:01:04 (64.1928 s / it)
Val [ 0/62] eta: 0:00:26 loss: 5.6621 (5.6621) acc1: 0.0000 (0.0000) time: 0.4271 data: 0.3754 max mem: 2746
Val [61/62] eta: 0:00:00 loss: 0.0607 (1.1776) acc1: 100.0000 (67.7419) time: 0.0408 data: 0.0002 max mem: 2746
Val Total time: 0:00:03 (3.8778 s / it)
* Acc@1 67.742 loss 1.178 auroc 0.794 f1_score 0.507
  per-class F1 (Val): {'benign': np.float32(0.787), 'atypical': np.float32(0.0), 'malignant': np.float32(0.735)}
  [DIAG] Tier1 сам по собі: acc=69.556 f1_macro=0.551
Test [ 0/86] eta: 0:00:35 loss: 0.0607 (0.0607) acc1: 100.0000 (100.0000) time: 0.4169 data: 0.3661 max mem: 2746
Test [85/86] eta: 0:00:00 loss: 2.9488 (1.1107) acc1: 0.0000 (66.2791) time: 0.0401 data: 0.0001 max mem: 2746
Test Total time: 0:00:04 (4.7275 s / it)
* Acc@1 66.279 loss 1.111 auroc 0.829 f1_score 0.510
  per-class F1 (Test): {'benign': np.float32(0.73), 'atypical': np.float32(0.0), 'malignant': np.float32(0.8)}
  [DIAG] Tier1 сам по собі: acc=70.930 f1_macro=0.607

Epoch: [8] [  0/389] eta: 0:02:39 lr: 0.000080 tier1_loss: 0.1125 (0.1125) tier2_loss: 0.0549 (0.0549) time: 0.4098 data: 0.2071 max mem: 2746
Epoch: [8] [100/389] eta: 0:00:48 lr: 0.000076 tier1_loss: 0.0579 (0.4197) tier2_loss: 0.1043 (0.6332) time: 0.1624 data: 0.0001 max mem: 2746
Epoch: [8] [200/389] eta: 0:00:31 lr: 0.000073 tier1_loss: 0.0979 (0.5281) tier2_loss: 0.0943 (0.6818) time: 0.1737 data: 0.0001 max mem: 2746
Epoch: [8] [300/389] eta: 0:00:14 lr: 0.000069 tier1_loss: 0.0176 (0.4813) tier2_loss: 0.0503 (0.6508) time: 0.1637 data: 0.0001 max mem: 2746
Epoch: [8] [388/389] eta: 0:00:00 lr: 0.000066 tier1_loss: 0.0079 (0.4500) tier2_loss: 0.0341 (0.6182) time: 0.1410 data: 0.0001 max mem: 2746
Epoch: [8] Total time: 0:01:04 (64.1671 s / it)
Val [ 0/62] eta: 0:00:28 loss: 6.1064 (6.1064) acc1: 0.0000 (0.0000) time: 0.4531 data: 0.3996 max mem: 2746
Val [61/62] eta: 0:00:00 loss: 0.0276 (1.3172) acc1: 100.0000 (69.3548) time: 0.0428 data: 0.0041 max mem: 2746
Val Total time: 0:00:03 (3.9460 s / it)
* Acc@1 69.355 loss 1.317 auroc 0.830 f1_score 0.520
  per-class F1 (Val): {'benign': np.float32(0.842), 'atypical': np.float32(0.0), 'malignant': np.float32(0.717)}
  [DIAG] Tier1 сам по собі: acc=69.153 f1_macro=0.529
Test [ 0/86] eta: 0:00:32 loss: 0.0270 (0.0270) acc1: 100.0000 (100.0000) time: 0.3831 data: 0.3283 max mem: 2746
Test [85/86] eta: 0:00:00 loss: 3.5549 (1.2910) acc1: 0.0000 (68.6047) time: 0.0405 data: 0.0001 max mem: 2746
Test Total time: 0:00:04 (4.9866 s / it)
* Acc@1 68.605 loss 1.291 auroc 0.805 f1_score 0.530
  per-class F1 (Test): {'benign': np.float32(0.818), 'atypical': np.float32(0.0), 'malignant': np.float32(0.771)}
  [DIAG] Tier1 сам по собі: acc=67.442 f1_macro=0.540

Epoch: [9] [  0/389] eta: 0:02:30 lr: 0.000066 tier1_loss: 0.2357 (0.2357) tier2_loss: 0.1256 (0.1256) time: 0.3866 data: 0.2078 max mem: 2746
Epoch: [9] [100/389] eta: 0:00:48 lr: 0.000062 tier1_loss: 0.0164 (0.4016) tier2_loss: 0.0390 (0.4197) time: 0.1700 data: 0.0001 max mem: 2746
Epoch: [9] [200/389] eta: 0:00:30 lr: 0.000058 tier1_loss: 0.0278 (0.4499) tier2_loss: 0.0533 (0.5501) time: 0.1657 data: 0.0001 max mem: 2746
Epoch: [9] [300/389] eta: 0:00:14 lr: 0.000054 tier1_loss: 0.0338 (0.4626) tier2_loss: 0.0735 (0.5713) time: 0.1615 data: 0.0001 max mem: 2746
Epoch: [9] [388/389] eta: 0:00:00 lr: 0.000051 tier1_loss: 0.0473 (0.4557) tier2_loss: 0.0841 (0.5784) time: 0.1446 data: 0.0001 max mem: 2746
Epoch: [9] Total time: 0:01:03 (63.7379 s / it)
Val [ 0/62] eta: 0:00:24 loss: 4.3127 (4.3127) acc1: 0.0000 (0.0000) time: 0.4027 data: 0.3615 max mem: 2746
Val [61/62] eta: 0:00:00 loss: 0.0854 (1.0030) acc1: 100.0000 (67.7419) time: 0.0447 data: 0.0084 max mem: 2746
Val Total time: 0:00:03 (3.8187 s / it)
* Acc@1 67.742 loss 1.003 auroc 0.805 f1_score 0.514
  per-class F1 (Val): {'benign': np.float32(0.833), 'atypical': np.float32(0.0), 'malignant': np.float32(0.708)}
  [DIAG] Tier1 сам по собі: acc=70.161 f1_macro=0.573
Test [ 0/86] eta: 0:00:33 loss: 0.0951 (0.0951) acc1: 100.0000 (100.0000) time: 0.3869 data: 0.3396 max mem: 2746
Test [85/86] eta: 0:00:00 loss: 1.1931 (0.9097) acc1: 0.0000 (67.4419) time: 0.0481 data: 0.0047 max mem: 2746
Test Total time: 0:00:05 (5.2024 s / it)
* Acc@1 67.442 loss 0.910 auroc 0.871 f1_score 0.582
  per-class F1 (Test): {'benign': np.float32(0.761), 'atypical': np.float32(0.207), 'malignant': np.float32(0.778)}
  [DIAG] Tier1 сам по собі: acc=70.640 f1_macro=0.643

Epoch: [10] [  0/389] eta: 0:02:59 lr: 0.000051 tier1_loss: 0.1726 (0.1726) tier2_loss: 0.5340 (0.5340) time: 0.4608 data: 0.2342 max mem: 2746
Epoch: [10] [100/389] eta: 0:00:48 lr: 0.000047 tier1_loss: 0.0131 (0.4563) tier2_loss: 0.0496 (0.5420) time: 0.1732 data: 0.0001 max mem: 2746
Epoch: [10] [200/389] eta: 0:00:31 lr: 0.000043 tier1_loss: 0.0040 (0.4086) tier2_loss: 0.0258 (0.5003) time: 0.1499 data: 0.0001 max mem: 2746
Epoch: [10] [300/389] eta: 0:00:14 lr: 0.000039 tier1_loss: 0.0070 (0.3969) tier2_loss: 0.0423 (0.5209) time: 0.1781 data: 0.0001 max mem: 2746
Epoch: [10] [388/389] eta: 0:00:00 lr: 0.000035 tier1_loss: 0.0346 (0.3865) tier2_loss: 0.0536 (0.5237) time: 0.1571 data: 0.0001 max mem: 2746
Epoch: [10] Total time: 0:01:03 (63.6624 s / it)
Val [ 0/62] eta: 0:00:28 loss: 0.9192 (0.9192) acc1: 0.0000 (0.0000) time: 0.4529 data: 0.3921 max mem: 2746
Val [61/62] eta: 0:00:00 loss: 0.0681 (0.8652) acc1: 100.0000 (77.4194) time: 0.0412 data: 0.0043 max mem: 2746
Val Total time: 0:00:03 (3.8238 s / it)
* Acc@1 77.419 loss 0.865 auroc 0.876 f1_score 0.748
  per-class F1 (Val): {'benign': np.float32(0.794), 'atypical': np.float32(0.609), 'malignant': np.float32(0.842)}
  [DIAG] Tier1 сам по собі: acc=75.000 f1_macro=0.689
Test [ 0/86] eta: 0:00:34 loss: 0.0644 (0.0644) acc1: 100.0000 (100.0000) time: 0.3968 data: 0.3507 max mem: 2746
Test [85/86] eta: 0:00:00 loss: 0.3563 (0.9962) acc1: 100.0000 (69.7674) time: 0.0402 data: 0.0002 max mem: 2746
Test Total time: 0:00:05 (5.0417 s / it)
* Acc@1 69.767 loss 0.996 auroc 0.875 f1_score 0.644
  per-class F1 (Test): {'benign': np.float32(0.741), 'atypical': np.float32(0.364), 'malignant': np.float32(0.828)}
  [DIAG] Tier1 сам по собі: acc=74.419 f1_macro=0.721

Epoch: [11] [  0/389] eta: 0:03:51 lr: 0.000035 tier1_loss: 0.0175 (0.0175) tier2_loss: 0.0491 (0.0491) time: 0.5956 data: 0.3491 max mem: 2746
Epoch: [11] [100/389] eta: 0:00:48 lr: 0.000031 tier1_loss: 0.0087 (0.2748) tier2_loss: 0.0208 (0.3076) time: 0.1598 data: 0.0001 max mem: 2746
Epoch: [11] [200/389] eta: 0:00:31 lr: 0.000028 tier1_loss: 0.0077 (0.2775) tier2_loss: 0.0224 (0.3438) time: 0.1558 data: 0.0001 max mem: 2746
Epoch: [11] [300/389] eta: 0:00:14 lr: 0.000024 tier1_loss: 0.0052 (0.3615) tier2_loss: 0.0201 (0.4455) time: 0.1548 data: 0.0001 max mem: 2746
Epoch: [11] [388/389] eta: 0:00:00 lr: 0.000021 tier1_loss: 0.0199 (0.3661) tier2_loss: 0.0248 (0.4509) time: 0.1467 data: 0.0001 max mem: 2746
Epoch: [11] Total time: 0:01:03 (63.6665 s / it)
Val [ 0/62] eta: 0:00:28 loss: 6.9199 (6.9199) acc1: 0.0000 (0.0000) time: 0.4596 data: 0.4031 max mem: 2746
Val [61/62] eta: 0:00:00 loss: 0.1960 (1.4717) acc1: 100.0000 (67.7419) time: 0.0432 data: 0.0001 max mem: 2746
Val Total time: 0:00:03 (3.8521 s / it)
* Acc@1 67.742 loss 1.472 auroc 0.757 f1_score 0.576
  per-class F1 (Val): {'benign': np.float32(0.772), 'atypical': np.float32(0.222), 'malignant': np.float32(0.735)}
  [DIAG] Tier1 сам по собі: acc=69.355 f1_macro=0.561
Test [ 0/86] eta: 0:00:33 loss: 0.0447 (0.0447) acc1: 100.0000 (100.0000) time: 0.3939 data: 0.3445 max mem: 2746
Test [85/86] eta: 0:00:00 loss: 1.1277 (1.0935) acc1: 0.0000 (66.2791) time: 0.0311 data: 0.0001 max mem: 2746
Test Total time: 0:00:04 (4.7479 s / it)
* Acc@1 66.279 loss 1.094 auroc 0.840 f1_score 0.540
  per-class F1 (Test): {'benign': np.float32(0.771), 'atypical': np.float32(0.074), 'malignant': np.float32(0.773)}
  [DIAG] Tier1 сам по собі: acc=69.767 f1_macro=0.605

Epoch: [12] [  0/389] eta: 0:02:11 lr: 0.000021 tier1_loss: 0.0205 (0.0205) tier2_loss: 0.0180 (0.0180) time: 0.3381 data: 0.1828 max mem: 2746
Epoch: [12] [100/389] eta: 0:00:40 lr: 0.000018 tier1_loss: 0.0034 (0.1881) tier2_loss: 0.0064 (0.2799) time: 0.1361 data: 0.0001 max mem: 2747
Epoch: [12] [200/389] eta: 0:00:25 lr: 0.000015 tier1_loss: 0.0157 (0.2226) tier2_loss: 0.0058 (0.3029) time: 0.1268 data: 0.0001 max mem: 2747
Epoch: [12] [300/389] eta: 0:00:12 lr: 0.000013 tier1_loss: 0.0033 (0.2825) tier2_loss: 0.0091 (0.3958) time: 0.1334 data: 0.0001 max mem: 2747
Epoch: [12] [388/389] eta: 0:00:00 lr: 0.000010 tier1_loss: 0.0091 (0.3377) tier2_loss: 0.0092 (0.4550) time: 0.1191 data: 0.0001 max mem: 2747
Epoch: [12] Total time: 0:00:52 (52.4660 s / it)
Val [ 0/62] eta: 0:00:19 loss: 5.1087 (5.1087) acc1: 0.0000 (0.0000) time: 0.3084 data: 0.2729 max mem: 2747
Val [61/62] eta: 0:00:00 loss: 0.0885 (1.3244) acc1: 100.0000 (69.3548) time: 0.0320 data: 0.0001 max mem: 2747
Val Total time: 0:00:02 (2.9606 s / it)
* Acc@1 69.355 loss 1.324 auroc 0.829 f1_score 0.658
  per-class F1 (Val): {'benign': np.float32(0.741), 'atypical': np.float32(0.462), 'malignant': np.float32(0.773)}
  [DIAG] Tier1 сам по собі: acc=71.976 f1_macro=0.672
Test [ 0/86] eta: 0:00:25 loss: 1.4102 (1.4102) acc1: 0.0000 (0.0000) time: 0.3004 data: 0.2482 max mem: 2747
Test [85/86] eta: 0:00:00 loss: 0.0266 (0.9177) acc1: 100.0000 (76.7442) time: 0.0306 data: 0.0001 max mem: 2747
Test Total time: 0:00:03 (3.7398 s / it)
* Acc@1 76.744 loss 0.918 auroc 0.871 f1_score 0.760
  per-class F1 (Test): {'benign': np.float32(0.774), 'atypical': np.float32(0.64), 'malignant': np.float32(0.867)}
  [DIAG] Tier1 сам по собі: acc=74.273 f1_macro=0.728

Epoch: [13] [  0/389] eta: 0:02:31 lr: 0.000010 tier1_loss: 0.0051 (0.0051) tier2_loss: 0.0135 (0.0135) time: 0.3901 data: 0.2388 max mem: 2747
Epoch: [13] [100/389] eta: 0:00:40 lr: 0.000008 tier1_loss: 0.0045 (0.2836) tier2_loss: 0.0103 (0.3800) time: 0.1387 data: 0.0001 max mem: 2747
Epoch: [13] [200/389] eta: 0:00:26 lr: 0.000006 tier1_loss: 0.0044 (0.3249) tier2_loss: 0.0091 (0.3849) time: 0.1385 data: 0.0001 max mem: 2747
Epoch: [13] [300/389] eta: 0:00:12 lr: 0.000005 tier1_loss: 0.0043 (0.2753) tier2_loss: 0.0083 (0.3285) time: 0.1313 data: 0.0001 max mem: 2747
Epoch: [13] [388/389] eta: 0:00:00 lr: 0.000003 tier1_loss: 0.0093 (0.2749) tier2_loss: 0.0103 (0.3216) time: 0.1242 data: 0.0001 max mem: 2747
Epoch: [13] Total time: 0:00:52 (52.8239 s / it)
Val [ 0/62] eta: 0:00:19 loss: 6.4484 (6.4484) acc1: 0.0000 (0.0000) time: 0.3165 data: 0.2775 max mem: 2747
Val [61/62] eta: 0:00:00 loss: 0.0183 (1.4150) acc1: 100.0000 (70.9677) time: 0.0326 data: 0.0001 max mem: 2747
Val Total time: 0:00:02 (2.9728 s / it)
* Acc@1 70.968 loss 1.415 auroc 0.817 f1_score 0.624
  per-class F1 (Val): {'benign': np.float32(0.8), 'atypical': np.float32(0.333), 'malignant': np.float32(0.739)}
  [DIAG] Tier1 сам по собі: acc=71.371 f1_macro=0.642
Test [ 0/86] eta: 0:00:22 loss: 0.0137 (0.0137) acc1: 100.0000 (100.0000) time: 0.2587 data: 0.2236 max mem: 2747
Test [85/86] eta: 0:00:00 loss: 0.0299 (1.1016) acc1: 100.0000 (72.0930) time: 0.0290 data: 0.0001 max mem: 2747
Test Total time: 0:00:03 (3.7582 s / it)
* Acc@1 72.093 loss 1.102 auroc 0.859 f1_score 0.693
  per-class F1 (Test): {'benign': np.float32(0.771), 'atypical': np.float32(0.488), 'malignant': np.float32(0.82)}
  [DIAG] Tier1 сам по собі: acc=72.238 f1_macro=0.684

Epoch: [14] [  0/389] eta: 0:02:51 lr: 0.000003 tier1_loss: 0.0031 (0.0031) tier2_loss: 0.0040 (0.0040) time: 0.4416 data: 0.2620 max mem: 2747
Epoch: [14] [100/389] eta: 0:00:38 lr: 0.000002 tier1_loss: 0.0155 (0.3186) tier2_loss: 0.0105 (0.4030) time: 0.1212 data: 0.0001 max mem: 2747
Epoch: [14] [200/389] eta: 0:00:25 lr: 0.000002 tier1_loss: 0.0044 (0.2248) tier2_loss: 0.0071 (0.2619) time: 0.1460 data: 0.0001 max mem: 2747
Epoch: [14] [300/389] eta: 0:00:11 lr: 0.000001 tier1_loss: 0.0048 (0.2665) tier2_loss: 0.0111 (0.3241) time: 0.1330 data: 0.0001 max mem: 2747
Epoch: [14] [388/389] eta: 0:00:00 lr: 0.000001 tier1_loss: 0.0040 (0.2527) tier2_loss: 0.0078 (0.2933) time: 0.1261 data: 0.0001 max mem: 2747
Epoch: [14] Total time: 0:00:52 (52.2575 s / it)
Val [ 0/62] eta: 0:00:18 loss: 6.4568 (6.4568) acc1: 0.0000 (0.0000) time: 0.2908 data: 0.2585 max mem: 2747
Val [61/62] eta: 0:00:00 loss: 0.0128 (1.4310) acc1: 100.0000 (72.5806) time: 0.0307 data: 0.0001 max mem: 2747
Val Total time: 0:00:02 (2.8491 s / it)
* Acc@1 72.581 loss 1.431 auroc 0.818 f1_score 0.659
  per-class F1 (Val): {'benign': np.float32(0.8), 'atypical': np.float32(0.421), 'malignant': np.float32(0.756)}
  [DIAG] Tier1 сам по собі: acc=72.177 f1_macro=0.654
wandb: 
wandb: Run history:
wandb: diag/test_tier1_acc ▂▁▃▇▅▄▄▇▅▇█▆█▇▇
wandb:  diag/test_tier1_f1 ▁▁▃▆▃▃▃▅▄▆█▅█▇▇
wandb:       perf/test_auc ▃▁▆▃▁▆▆▆▅██▆█▇▇
wandb:        perf/test_f1 ▁▁▂▃▃▂▂▂▃▄▅▃█▆▇
wandb:        perf/val_auc ▅▃▆▆▁▅▅▅▇▆█▄▇▆▆
wandb:         perf/val_f1 ▁▂▃▃▃▃▂▃▃▃█▄▆▅▆
wandb:          tier1_loss ▁▁▁▅▁▁▁▁▁▁▁█▁▁▁▁▂▁▁▁▁▁▂▁▁▁▃▁▂▁▁▁▁▅▁▁▁▁▁▁
wandb:          tier2_loss █▁▄▁▁▁▇▁▁▁▁▁▁▁▁▁▁▆▁▁▆▁▁▁▁▁▁▁▁▁▁▁▁▁▁▁▁▁▁▂
wandb: 
wandb: Run summary:
wandb: diag/test_tier1_acc 73.11047
wandb:  diag/test_tier1_f1 0.69894
wandb:       perf/test_auc 0.85812
wandb:        perf/test_f1 0.70952
wandb:        perf/val_auc 0.81782
wandb:         perf/val_f1 0.65887
wandb:          tier1_loss 0.00349
wandb:          tier2_loss 0.00454
wandb: 
wandb: You can sync this run to the cloud by running:
wandb: wandb sync /data/bohatyrenko1/EXPERIMENTS_2/Hi-MoE_MIL/wandb/offline-run-20260927_164111-ggx5srdy
wandb: Find logs at: ./wandb/offline-run-20260927_164111-ggx5srdy/logs
Test [ 0/86] eta: 0:00:26 loss: 0.0106 (0.0106) acc1: 100.0000 (100.0000) time: 0.3038 data: 0.2320 max mem: 2747
Test [85/86] eta: 0:00:00 loss: 0.0243 (1.1423) acc1: 100.0000 (73.2558) time: 0.0291 data: 0.0001 max mem: 2747
Test Total time: 0:00:03 (3.7081 s / it)
* Acc@1 73.256 loss 1.142 auroc 0.858 f1_score 0.710
  per-class F1 (Test): {'benign': np.float32(0.771), 'atypical': np.float32(0.524), 'malignant': np.float32(0.833)}
  [DIAG] Tier1 сам по собі: acc=73.110 f1_macro=0.699

============================================================
FINAL EPOCH (14) RESULTS (DTFD-ASMIL v2):
  test_auc=0.8581 test_acc=73.26 test_f1(macro)=0.7095
  [DIAG] Tier1 сам по собі: acc=73.110 f1_macro=0.699
  test per-class F1: {'benign': np.float32(0.771), 'atypical': np.float32(0.524), 'malignant': np.float32(0.833)}
  test confusion matrix (rows=true, cols=pred):
            benign    atypical   malignant
  benign         27           3           1
atypical         10          11           2
malignant          2           5          25
============================================================
Best epoch: {'epoch': 10, 'val_f1': 0.7481505870819092, 'val_auc': 0.8760006427764893, 'test_f1': 0.643987774848938, 'test_auc': 0.8746716976165771}
