wandb: Tracking run with wandb version 0.28.0
wandb: W&B syncing is set to `offline` in this directory. Run `wandb online` or set WANDB_MODE=online to enable cloud syncing.
wandb: Run data is saved locally in /data/bohatyrenko1/EXPERIMENTS_2/Hi-MoE_MIL/wandb/offline-run-20260927_135035-bvnh8xu1
wandb: View this run in the terminal with `wandb leet`
Used config (DTFD-ASMIL v2):
{'B': 1,
 'D_feat': 1536,
 'D_inner': 768,
 'M': None,
 'ckpt_dir': 'ckpt/bracs_dtfd_v2_uni2h_seed1',
 'config': 'config/bracs_uni2h_config.yml',
 'dataset': 'bracs',
 'lr': 0.0001,
 'min_lr': 1e-06,
 'n_class': 3,
 'n_token': 8,
 'n_worker': 4,
 'pin_memory': True,
 'pretrain': 'UNI2h',
 'seed': 1,
 'splits_dir': '/home/root_server/bohatyrenko/BRACS/splits',
 'test_dir': '/data/bohatyrenko1/features_uni2h_bracs_v2',
 'tier1_weight': 0.1,
 'tier2_D_inner': None,
 'tier2_n_heads': 4,
 'train_dir': '/data/bohatyrenko1/features_uni2h_bracs_v2',
 'train_epoch': 15,
 'wandb_mode': 'offline',
 'warmup_epoch': 5,
 'wd': 1e-05}
M (псевдо-bags) = 8, tier1_weight = 0.1
Class weights: [0.6582064032554626, 2.4935896396636963, 0.9261904954910278]
Epoch: [0] [  0/389] eta: 0:09:27 lr: 0.000000 tier1_loss: 0.7544 (0.7544) tier2_loss: 1.2436 (1.2436) time: 1.4591 data: 0.5063 max mem: 1277
Epoch: [0] [100/389] eta: 0:00:55 lr: 0.000005 tier1_loss: 0.7349 (1.0017) tier2_loss: 0.1972 (1.0754) time: 0.1753 data: 0.0002 max mem: 2184
Epoch: [0] [200/389] eta: 0:00:34 lr: 0.000010 tier1_loss: 0.0913 (1.0900) tier2_loss: 0.1580 (1.2165) time: 0.1782 data: 0.0001 max mem: 2750
Epoch: [0] [300/389] eta: 0:00:16 lr: 0.000015 tier1_loss: 0.0862 (1.1709) tier2_loss: 0.0343 (1.1786) time: 0.1654 data: 0.0002 max mem: 2750
Epoch: [0] [388/389] eta: 0:00:00 lr: 0.000020 tier1_loss: 0.1346 (1.1206) tier2_loss: 0.0799 (1.1314) time: 0.1566 data: 0.0001 max mem: 2750
Epoch: [0] Total time: 0:01:09 (69.9286 s / it)
Val [ 0/62] eta: 0:00:25 loss: 0.0502 (0.0502) acc1: 100.0000 (100.0000) time: 0.4181 data: 0.3240 max mem: 2750
Val [61/62] eta: 0:00:00 loss: 0.1816 (1.4348) acc1: 100.0000 (62.9032) time: 0.0476 data: 0.0002 max mem: 2750
Val Total time: 0:00:03 (3.9189 s / it)
* Acc@1 62.903 loss 1.435 auroc 0.715 f1_score 0.467
  per-class F1 (Val): {'benign': np.float32(0.75), 'atypical': np.float32(0.0), 'malignant': np.float32(0.652)}
  [DIAG] Tier1 сам по собі: acc=59.677 f1_macro=0.442
Test [ 0/86] eta: 0:00:30 loss: 0.0959 (0.0959) acc1: 100.0000 (100.0000) time: 0.3518 data: 0.3044 max mem: 2750
Test [85/86] eta: 0:00:00 loss: 3.1409 (1.4047) acc1: 0.0000 (59.3023) time: 0.0428 data: 0.0002 max mem: 2750
Test Total time: 0:00:05 (5.3883 s / it)
* Acc@1 59.302 loss 1.405 auroc 0.724 f1_score 0.462
  per-class F1 (Test): {'benign': np.float32(0.644), 'atypical': np.float32(0.0), 'malignant': np.float32(0.742)}
  [DIAG] Tier1 сам по собі: acc=57.849 f1_macro=0.457

Epoch: [1] [  0/389] eta: 0:05:17 lr: 0.000020 tier1_loss: 0.1048 (0.1048) tier2_loss: 0.0342 (0.0342) time: 0.8171 data: 0.5201 max mem: 2750
Epoch: [1] [100/389] eta: 0:00:54 lr: 0.000025 tier1_loss: 0.0439 (0.7875) tier2_loss: 0.0362 (0.9078) time: 0.1805 data: 0.0003 max mem: 2750
Epoch: [1] [200/389] eta: 0:00:33 lr: 0.000030 tier1_loss: 0.0294 (0.7993) tier2_loss: 0.0196 (0.9354) time: 0.1610 data: 0.0002 max mem: 2750
Epoch: [1] [300/389] eta: 0:00:15 lr: 0.000035 tier1_loss: 0.0367 (0.7862) tier2_loss: 0.0153 (0.9337) time: 0.1533 data: 0.0001 max mem: 2750
Epoch: [1] [388/389] eta: 0:00:00 lr: 0.000040 tier1_loss: 0.0538 (0.7910) tier2_loss: 0.0885 (0.9300) time: 0.1509 data: 0.0002 max mem: 2750
Epoch: [1] Total time: 0:01:06 (66.9180 s / it)
Val [ 0/62] eta: 0:00:32 loss: 2.3106 (2.3106) acc1: 0.0000 (0.0000) time: 0.5205 data: 0.4516 max mem: 2750
Val [61/62] eta: 0:00:00 loss: 3.4402 (1.9740) acc1: 0.0000 (61.2903) time: 0.0437 data: 0.0002 max mem: 2750
Val Total time: 0:00:04 (4.4137 s / it)
* Acc@1 61.290 loss 1.974 auroc 0.638 f1_score 0.464
  per-class F1 (Val): {'benign': np.float32(0.76), 'atypical': np.float32(0.0), 'malignant': np.float32(0.633)}
  [DIAG] Tier1 сам по собі: acc=58.871 f1_macro=0.444
Test [ 0/86] eta: 0:00:39 loss: 2.8666 (2.8666) acc1: 0.0000 (0.0000) time: 0.4588 data: 0.4089 max mem: 2750
Test [85/86] eta: 0:00:00 loss: 2.0098 (1.8480) acc1: 0.0000 (56.9767) time: 0.0499 data: 0.0041 max mem: 2750
Test Total time: 0:00:05 (5.7676 s / it)
* Acc@1 56.977 loss 1.848 auroc 0.710 f1_score 0.437
  per-class F1 (Test): {'benign': np.float32(0.636), 'atypical': np.float32(0.0), 'malignant': np.float32(0.675)}
  [DIAG] Tier1 сам по собі: acc=57.558 f1_macro=0.441

Epoch: [2] [  0/389] eta: 0:02:05 lr: 0.000040 tier1_loss: 0.0252 (0.0252) tier2_loss: 0.0021 (0.0021) time: 0.3225 data: 0.1792 max mem: 2750
Epoch: [2] [100/389] eta: 0:00:50 lr: 0.000045 tier1_loss: 0.0116 (0.7717) tier2_loss: 0.0590 (0.9239) time: 0.1702 data: 0.0001 max mem: 2750
Epoch: [2] [200/389] eta: 0:00:31 lr: 0.000050 tier1_loss: 0.0067 (0.7233) tier2_loss: 0.0117 (0.8695) time: 0.1713 data: 0.0009 max mem: 2750
Epoch: [2] [300/389] eta: 0:00:15 lr: 0.000055 tier1_loss: 0.0131 (0.8109) tier2_loss: 0.0442 (0.9036) time: 0.1833 data: 0.0002 max mem: 2750
Epoch: [2] [388/389] eta: 0:00:00 lr: 0.000060 tier1_loss: 0.0122 (0.7777) tier2_loss: 0.0457 (0.8635) time: 0.1660 data: 0.0001 max mem: 2750
Epoch: [2] Total time: 0:01:05 (65.0724 s / it)
Val [ 0/62] eta: 0:00:22 loss: 0.0533 (0.0533) acc1: 100.0000 (100.0000) time: 0.3632 data: 0.3204 max mem: 2750
Val [61/62] eta: 0:00:00 loss: 0.0550 (1.4874) acc1: 100.0000 (62.9032) time: 0.0444 data: 0.0001 max mem: 2750
Val Total time: 0:00:03 (3.9270 s / it)
* Acc@1 62.903 loss 1.487 auroc 0.740 f1_score 0.465
  per-class F1 (Val): {'benign': np.float32(0.73), 'atypical': np.float32(0.0), 'malignant': np.float32(0.667)}
  [DIAG] Tier1 сам по собі: acc=64.315 f1_macro=0.477
Test [ 0/86] eta: 0:00:28 loss: 0.0560 (0.0560) acc1: 100.0000 (100.0000) time: 0.3367 data: 0.2930 max mem: 2750
Test [85/86] eta: 0:00:00 loss: 3.5090 (1.4595) acc1: 0.0000 (60.4651) time: 0.0454 data: 0.0002 max mem: 2750
Test Total time: 0:00:05 (5.1601 s / it)
* Acc@1 60.465 loss 1.459 auroc 0.748 f1_score 0.479
  per-class F1 (Test): {'benign': np.float32(0.638), 'atypical': np.float32(0.0), 'malignant': np.float32(0.8)}
  [DIAG] Tier1 сам по собі: acc=61.919 f1_macro=0.489

Epoch: [3] [  0/389] eta: 0:02:38 lr: 0.000060 tier1_loss: 0.0004 (0.0004) tier2_loss: 0.0033 (0.0033) time: 0.4079 data: 0.2710 max mem: 2750
Epoch: [3] [100/389] eta: 0:00:49 lr: 0.000065 tier1_loss: 0.0035 (0.4733) tier2_loss: 0.0174 (0.6250) time: 0.1565 data: 0.0002 max mem: 2750
Epoch: [3] [200/389] eta: 0:00:32 lr: 0.000070 tier1_loss: 0.0004 (0.4203) tier2_loss: 0.0029 (0.5423) time: 0.1649 data: 0.0001 max mem: 2750
Epoch: [3] [300/389] eta: 0:00:15 lr: 0.000075 tier1_loss: 0.0138 (0.8535) tier2_loss: 0.0647 (0.7675) time: 0.1744 data: 0.0001 max mem: 2750
Epoch: [3] [388/389] eta: 0:00:00 lr: 0.000080 tier1_loss: 0.0806 (0.8859) tier2_loss: 0.0777 (0.8884) time: 0.1505 data: 0.0001 max mem: 2750
Epoch: [3] Total time: 0:01:05 (65.7675 s / it)
Val [ 0/62] eta: 0:00:28 loss: 0.1289 (0.1289) acc1: 100.0000 (100.0000) time: 0.4661 data: 0.4089 max mem: 2750
Val [61/62] eta: 0:00:00 loss: 0.1419 (1.0944) acc1: 100.0000 (66.1290) time: 0.0461 data: 0.0002 max mem: 2750
Val Total time: 0:00:04 (4.9241 s / it)
* Acc@1 66.129 loss 1.094 auroc 0.794 f1_score 0.496
  per-class F1 (Val): {'benign': np.float32(0.75), 'atypical': np.float32(0.0), 'malignant': np.float32(0.737)}
  [DIAG] Tier1 сам по собі: acc=66.935 f1_macro=0.502
Test [ 0/86] eta: 0:00:37 loss: 0.1382 (0.1382) acc1: 100.0000 (100.0000) time: 0.4381 data: 0.3834 max mem: 2750
Test [85/86] eta: 0:00:00 loss: 2.1185 (1.0994) acc1: 0.0000 (62.7907) time: 0.0528 data: 0.0032 max mem: 2750
Test Total time: 0:00:06 (6.2336 s / it)
* Acc@1 62.791 loss 1.099 auroc 0.770 f1_score 0.496
  per-class F1 (Test): {'benign': np.float32(0.659), 'atypical': np.float32(0.0), 'malignant': np.float32(0.828)}
  [DIAG] Tier1 сам по собі: acc=64.390 f1_macro=0.521

Epoch: [4] [  0/389] eta: 0:02:54 lr: 0.000080 tier1_loss: 0.0256 (0.0256) tier2_loss: 0.0165 (0.0165) time: 0.4485 data: 0.2528 max mem: 2750
Epoch: [4] [100/389] eta: 0:00:47 lr: 0.000085 tier1_loss: 0.0116 (0.4201) tier2_loss: 0.0496 (0.5548) time: 0.1594 data: 0.0002 max mem: 2750
Epoch: [4] [200/389] eta: 0:00:31 lr: 0.000090 tier1_loss: 0.0150 (0.5753) tier2_loss: 0.1064 (0.7554) time: 0.1763 data: 0.0001 max mem: 2750
Epoch: [4] [300/389] eta: 0:00:14 lr: 0.000095 tier1_loss: 0.1414 (0.6330) tier2_loss: 0.2660 (0.8431) time: 0.1624 data: 0.0001 max mem: 2750
Epoch: [4] [388/389] eta: 0:00:00 lr: 0.000100 tier1_loss: 0.0214 (0.6321) tier2_loss: 0.0860 (0.8102) time: 0.1684 data: 0.0001 max mem: 2750
Epoch: [4] Total time: 0:01:05 (65.1149 s / it)
Val [ 0/62] eta: 0:00:24 loss: 5.7992 (5.7992) acc1: 0.0000 (0.0000) time: 0.3899 data: 0.3450 max mem: 2750
Val [61/62] eta: 0:00:00 loss: 0.1621 (1.2761) acc1: 100.0000 (69.3548) time: 0.0415 data: 0.0001 max mem: 2750
Val Total time: 0:00:03 (3.8580 s / it)
* Acc@1 69.355 loss 1.276 auroc 0.705 f1_score 0.520
  per-class F1 (Val): {'benign': np.float32(0.8), 'atypical': np.float32(0.0), 'malignant': np.float32(0.76)}
  [DIAG] Tier1 сам по собі: acc=68.347 f1_macro=0.515
Test [ 0/86] eta: 0:00:29 loss: 0.1651 (0.1651) acc1: 100.0000 (100.0000) time: 0.3372 data: 0.2730 max mem: 2750
Test [85/86] eta: 0:00:00 loss: 2.1225 (1.1233) acc1: 0.0000 (68.6047) time: 0.0399 data: 0.0001 max mem: 2750
Test Total time: 0:00:04 (4.9082 s / it)
* Acc@1 68.605 loss 1.123 auroc 0.725 f1_score 0.528
  per-class F1 (Test): {'benign': np.float32(0.784), 'atypical': np.float32(0.0), 'malignant': np.float32(0.8)}
  [DIAG] Tier1 сам по собі: acc=65.698 f1_macro=0.515

Epoch: [5] [  0/389] eta: 0:02:18 lr: 0.000100 tier1_loss: 0.0036 (0.0036) tier2_loss: 0.0137 (0.0137) time: 0.3551 data: 0.1837 max mem: 2750
Epoch: [5] [100/389] eta: 0:00:48 lr: 0.000100 tier1_loss: 0.0292 (0.5093) tier2_loss: 0.0558 (0.5505) time: 0.1623 data: 0.0002 max mem: 2750
Epoch: [5] [200/389] eta: 0:00:31 lr: 0.000099 tier1_loss: 0.0471 (0.5864) tier2_loss: 0.1447 (0.6598) time: 0.1633 data: 0.0001 max mem: 2750
Epoch: [5] [300/389] eta: 0:00:14 lr: 0.000099 tier1_loss: 0.0156 (0.5806) tier2_loss: 0.0106 (0.7030) time: 0.1745 data: 0.0001 max mem: 2750
Epoch: [5] [388/389] eta: 0:00:00 lr: 0.000098 tier1_loss: 0.0470 (0.5939) tier2_loss: 0.0555 (0.8020) time: 0.1662 data: 0.0001 max mem: 2750
Epoch: [5] Total time: 0:01:05 (65.0256 s / it)
Val [ 0/62] eta: 0:00:23 loss: 5.1740 (5.1740) acc1: 0.0000 (0.0000) time: 0.3739 data: 0.3325 max mem: 2750
Val [61/62] eta: 0:00:00 loss: 0.0380 (1.2447) acc1: 100.0000 (69.3548) time: 0.0453 data: 0.0025 max mem: 2750
Val Total time: 0:00:04 (4.2361 s / it)
* Acc@1 69.355 loss 1.245 auroc 0.729 f1_score 0.520
  per-class F1 (Val): {'benign': np.float32(0.8), 'atypical': np.float32(0.0), 'malignant': np.float32(0.76)}
  [DIAG] Tier1 сам по собі: acc=67.540 f1_macro=0.506
Test [ 0/86] eta: 0:00:39 loss: 0.0347 (0.0347) acc1: 100.0000 (100.0000) time: 0.4583 data: 0.4060 max mem: 2750
Test [85/86] eta: 0:00:00 loss: 2.6055 (1.0881) acc1: 0.0000 (67.4419) time: 0.0491 data: 0.0018 max mem: 2750
Test Total time: 0:00:06 (6.0183 s / it)
* Acc@1 67.442 loss 1.088 auroc 0.812 f1_score 0.520
  per-class F1 (Test): {'benign': np.float32(0.753), 'atypical': np.float32(0.0), 'malignant': np.float32(0.806)}
  [DIAG] Tier1 сам по собі: acc=67.878 f1_macro=0.525

Epoch: [6] [  0/389] eta: 0:04:07 lr: 0.000098 tier1_loss: 0.0030 (0.0030) tier2_loss: 0.0416 (0.0416) time: 0.6352 data: 0.3926 max mem: 2750
Epoch: [6] [100/389] eta: 0:00:47 lr: 0.000096 tier1_loss: 0.0098 (0.5181) tier2_loss: 0.0470 (0.5854) time: 0.1713 data: 0.0002 max mem: 2750
Epoch: [6] [200/389] eta: 0:00:30 lr: 0.000095 tier1_loss: 0.0256 (0.5303) tier2_loss: 0.0256 (0.5655) time: 0.1612 data: 0.0002 max mem: 2750
Epoch: [6] [300/389] eta: 0:00:14 lr: 0.000093 tier1_loss: 0.0102 (0.6273) tier2_loss: 0.0689 (0.6391) time: 0.1664 data: 0.0002 max mem: 2750
Epoch: [6] [388/389] eta: 0:00:00 lr: 0.000091 tier1_loss: 0.0110 (0.5924) tier2_loss: 0.0222 (0.6252) time: 0.1524 data: 0.0001 max mem: 2750
Epoch: [6] Total time: 0:01:03 (63.8547 s / it)
Val [ 0/62] eta: 0:00:24 loss: 0.0332 (0.0332) acc1: 100.0000 (100.0000) time: 0.3877 data: 0.3365 max mem: 2750
Val [61/62] eta: 0:00:00 loss: 0.0335 (1.3379) acc1: 100.0000 (67.7419) time: 0.0410 data: 0.0001 max mem: 2750
Val Total time: 0:00:04 (4.0173 s / it)
* Acc@1 67.742 loss 1.338 auroc 0.745 f1_score 0.505
  per-class F1 (Val): {'benign': np.float32(0.788), 'atypical': np.float32(0.0), 'malignant': np.float32(0.727)}
  [DIAG] Tier1 сам по собі: acc=69.355 f1_macro=0.518
Test [ 0/86] eta: 0:00:27 loss: 0.0337 (0.0337) acc1: 100.0000 (100.0000) time: 0.3215 data: 0.2685 max mem: 2750
Test [85/86] eta: 0:00:00 loss: 3.4326 (1.5389) acc1: 0.0000 (63.9535) time: 0.0429 data: 0.0001 max mem: 2750
Test Total time: 0:00:04 (4.9139 s / it)
* Acc@1 63.953 loss 1.539 auroc 0.782 f1_score 0.505
  per-class F1 (Test): {'benign': np.float32(0.667), 'atypical': np.float32(0.0), 'malignant': np.float32(0.847)}
  [DIAG] Tier1 сам по собі: acc=63.953 f1_macro=0.505

Epoch: [7] [  0/389] eta: 0:02:59 lr: 0.000091 tier1_loss: 0.0085 (0.0085) tier2_loss: 0.0213 (0.0213) time: 0.4611 data: 0.2653 max mem: 2750
Epoch: [7] [100/389] eta: 0:00:49 lr: 0.000088 tier1_loss: 0.0301 (0.4579) tier2_loss: 0.0285 (0.5559) time: 0.1631 data: 0.0001 max mem: 2750
Epoch: [7] [200/389] eta: 0:00:31 lr: 0.000085 tier1_loss: 0.0130 (0.4738) tier2_loss: 0.0134 (0.4967) time: 0.1743 data: 0.0002 max mem: 2750
Epoch: [7] [300/389] eta: 0:00:14 lr: 0.000082 tier1_loss: 0.0089 (0.5327) tier2_loss: 0.0190 (0.5918) time: 0.1664 data: 0.0001 max mem: 2750
Epoch: [7] [388/389] eta: 0:00:00 lr: 0.000080 tier1_loss: 0.0282 (0.5361) tier2_loss: 0.0624 (0.6135) time: 0.1624 data: 0.0001 max mem: 2750
Epoch: [7] Total time: 0:01:05 (65.0714 s / it)
Val [ 0/62] eta: 0:00:21 loss: 6.5069 (6.5069) acc1: 0.0000 (0.0000) time: 0.3505 data: 0.3023 max mem: 2750
Val [61/62] eta: 0:00:00 loss: 0.0497 (1.2331) acc1: 100.0000 (70.9677) time: 0.0408 data: 0.0001 max mem: 2750
Val Total time: 0:00:03 (3.9188 s / it)
* Acc@1 70.968 loss 1.233 auroc 0.777 f1_score 0.569
  per-class F1 (Val): {'benign': np.float32(0.814), 'atypical': np.float32(0.133), 'malignant': np.float32(0.76)}
  [DIAG] Tier1 сам по собі: acc=69.153 f1_macro=0.543
Test [ 0/86] eta: 0:00:27 loss: 0.0581 (0.0581) acc1: 100.0000 (100.0000) time: 0.3237 data: 0.2879 max mem: 2750
Test [85/86] eta: 0:00:00 loss: 1.8321 (1.0928) acc1: 0.0000 (67.4419) time: 0.0457 data: 0.0002 max mem: 2750
Test Total time: 0:00:05 (5.1860 s / it)
* Acc@1 67.442 loss 1.093 auroc 0.803 f1_score 0.523
  per-class F1 (Test): {'benign': np.float32(0.8), 'atypical': np.float32(0.0), 'malignant': np.float32(0.769)}
  [DIAG] Tier1 сам по собі: acc=70.785 f1_macro=0.604

Epoch: [8] [  0/389] eta: 0:05:22 lr: 0.000080 tier1_loss: 0.0293 (0.0293) tier2_loss: 0.0629 (0.0629) time: 0.8300 data: 0.5593 max mem: 2750
Epoch: [8] [100/389] eta: 0:00:50 lr: 0.000076 tier1_loss: 0.0359 (0.6065) tier2_loss: 0.0985 (0.7643) time: 0.1622 data: 0.0002 max mem: 2750
Epoch: [8] [200/389] eta: 0:00:31 lr: 0.000073 tier1_loss: 0.0144 (0.5434) tier2_loss: 0.0492 (0.6720) time: 0.1774 data: 0.0001 max mem: 2758
Epoch: [8] [300/389] eta: 0:00:14 lr: 0.000069 tier1_loss: 0.0156 (0.4729) tier2_loss: 0.0227 (0.5909) time: 0.1668 data: 0.0002 max mem: 2758
Epoch: [8] [388/389] eta: 0:00:00 lr: 0.000066 tier1_loss: 0.0811 (0.5120) tier2_loss: 0.0617 (0.6401) time: 0.1541 data: 0.0001 max mem: 2758
Epoch: [8] Total time: 0:01:04 (64.1437 s / it)
Val [ 0/62] eta: 0:00:24 loss: 0.6819 (0.6819) acc1: 100.0000 (100.0000) time: 0.3997 data: 0.3446 max mem: 2758
Val [61/62] eta: 0:00:00 loss: 0.1337 (0.9767) acc1: 100.0000 (69.3548) time: 0.0445 data: 0.0001 max mem: 2758
Val Total time: 0:00:03 (3.9876 s / it)
* Acc@1 69.355 loss 0.977 auroc 0.680 f1_score 0.517
  per-class F1 (Val): {'benign': np.float32(0.812), 'atypical': np.float32(0.0), 'malignant': np.float32(0.739)}
  [DIAG] Tier1 сам по собі: acc=70.363 f1_macro=0.526
Test [ 0/86] eta: 0:00:33 loss: 0.1335 (0.1335) acc1: 100.0000 (100.0000) time: 0.3894 data: 0.3239 max mem: 2758
Test [85/86] eta: 0:00:00 loss: 1.9752 (0.8628) acc1: 0.0000 (68.6047) time: 0.0417 data: 0.0001 max mem: 2758
Test Total time: 0:00:05 (5.2528 s / it)
* Acc@1 68.605 loss 0.863 auroc 0.786 f1_score 0.529
  per-class F1 (Test): {'benign': np.float32(0.759), 'atypical': np.float32(0.0), 'malignant': np.float32(0.829)}
  [DIAG] Tier1 сам по собі: acc=68.169 f1_macro=0.529

Epoch: [9] [  0/389] eta: 0:04:00 lr: 0.000066 tier1_loss: 0.0557 (0.0557) tier2_loss: 0.1121 (0.1121) time: 0.6179 data: 0.4001 max mem: 2758
Epoch: [9] [100/389] eta: 0:00:50 lr: 0.000062 tier1_loss: 0.0206 (0.4007) tier2_loss: 0.0422 (0.5373) time: 0.1620 data: 0.0001 max mem: 2758
Epoch: [9] [200/389] eta: 0:00:31 lr: 0.000058 tier1_loss: 0.0157 (0.4463) tier2_loss: 0.0409 (0.5662) time: 0.1671 data: 0.0002 max mem: 2758
Epoch: [9] [300/389] eta: 0:00:15 lr: 0.000054 tier1_loss: 0.0018 (0.4021) tier2_loss: 0.0255 (0.5169) time: 0.1717 data: 0.0002 max mem: 2758
Epoch: [9] [388/389] eta: 0:00:00 lr: 0.000051 tier1_loss: 0.0083 (0.4282) tier2_loss: 0.0496 (0.5566) time: 0.1492 data: 0.0001 max mem: 2758
Epoch: [9] Total time: 0:01:04 (64.8537 s / it)
Val [ 0/62] eta: 0:00:23 loss: 0.1922 (0.1922) acc1: 100.0000 (100.0000) time: 0.3775 data: 0.3184 max mem: 2758
Val [61/62] eta: 0:00:00 loss: 0.0429 (1.2051) acc1: 100.0000 (69.3548) time: 0.0412 data: 0.0015 max mem: 2758
Val Total time: 0:00:03 (3.7857 s / it)
* Acc@1 69.355 loss 1.205 auroc 0.775 f1_score 0.517
  per-class F1 (Val): {'benign': np.float32(0.806), 'atypical': np.float32(0.0), 'malignant': np.float32(0.744)}
  [DIAG] Tier1 сам по собі: acc=68.548 f1_macro=0.512
Test [ 0/86] eta: 0:00:29 loss: 0.0335 (0.0335) acc1: 100.0000 (100.0000) time: 0.3396 data: 0.2932 max mem: 2758
Test [85/86] eta: 0:00:00 loss: 2.0314 (1.2130) acc1: 0.0000 (66.2791) time: 0.0458 data: 0.0002 max mem: 2758
Test Total time: 0:00:05 (5.1179 s / it)
* Acc@1 66.279 loss 1.213 auroc 0.749 f1_score 0.515
  per-class F1 (Test): {'benign': np.float32(0.714), 'atypical': np.float32(0.0), 'malignant': np.float32(0.831)}
  [DIAG] Tier1 сам по собі: acc=65.843 f1_macro=0.547

Epoch: [10] [  0/389] eta: 0:02:07 lr: 0.000051 tier1_loss: 0.0073 (0.0073) tier2_loss: 0.0260 (0.0260) time: 0.3275 data: 0.1876 max mem: 2758
Epoch: [10] [100/389] eta: 0:00:48 lr: 0.000047 tier1_loss: 0.0053 (0.2782) tier2_loss: 0.0305 (0.4404) time: 0.1566 data: 0.0001 max mem: 2758
Epoch: [10] [200/389] eta: 0:00:30 lr: 0.000043 tier1_loss: 0.0910 (0.4047) tier2_loss: 0.0920 (0.5414) time: 0.1546 data: 0.0001 max mem: 2758
Epoch: [10] [300/389] eta: 0:00:14 lr: 0.000039 tier1_loss: 0.0102 (0.3947) tier2_loss: 0.0167 (0.5067) time: 0.1607 data: 0.0001 max mem: 2758
Epoch: [10] [388/389] eta: 0:00:00 lr: 0.000035 tier1_loss: 0.0147 (0.3859) tier2_loss: 0.0218 (0.5030) time: 0.1692 data: 0.0001 max mem: 2758
Epoch: [10] Total time: 0:01:03 (63.8322 s / it)
Val [ 0/62] eta: 0:00:34 loss: 6.1112 (6.1112) acc1: 0.0000 (0.0000) time: 0.5531 data: 0.5017 max mem: 2758
Val [61/62] eta: 0:00:00 loss: 0.4599 (1.1092) acc1: 100.0000 (69.3548) time: 0.0461 data: 0.0058 max mem: 2758
Val Total time: 0:00:04 (4.6732 s / it)
* Acc@1 69.355 loss 1.109 auroc 0.810 f1_score 0.562
  per-class F1 (Val): {'benign': np.float32(0.807), 'atypical': np.float32(0.118), 'malignant': np.float32(0.76)}
  [DIAG] Tier1 сам по собі: acc=65.323 f1_macro=0.622
Test [ 0/86] eta: 0:00:30 loss: 0.4674 (0.4674) acc1: 100.0000 (100.0000) time: 0.3512 data: 0.2828 max mem: 2758
Test [85/86] eta: 0:00:00 loss: 0.7718 (1.1350) acc1: 0.0000 (67.4419) time: 0.0449 data: 0.0001 max mem: 2758
Test Total time: 0:00:04 (4.9458 s / it)
* Acc@1 67.442 loss 1.135 auroc 0.793 f1_score 0.546
  per-class F1 (Test): {'benign': np.float32(0.783), 'atypical': np.float32(0.077), 'malignant': np.float32(0.779)}
  [DIAG] Tier1 сам по собі: acc=68.023 f1_macro=0.647

Epoch: [11] [  0/389] eta: 0:03:17 lr: 0.000035 tier1_loss: 0.8720 (0.8720) tier2_loss: 0.3982 (0.3982) time: 0.5073 data: 0.2591 max mem: 2758
Epoch: [11] [100/389] eta: 0:00:48 lr: 0.000031 tier1_loss: 0.0145 (0.3976) tier2_loss: 0.0305 (0.5105) time: 0.1629 data: 0.0002 max mem: 2758
Epoch: [11] [200/389] eta: 0:00:30 lr: 0.000028 tier1_loss: 0.0082 (0.3565) tier2_loss: 0.0267 (0.5019) time: 0.1463 data: 0.0002 max mem: 2758
Epoch: [11] [300/389] eta: 0:00:14 lr: 0.000024 tier1_loss: 0.0084 (0.3270) tier2_loss: 0.0178 (0.4925) time: 0.1601 data: 0.0001 max mem: 2758
Epoch: [11] [388/389] eta: 0:00:00 lr: 0.000021 tier1_loss: 0.0112 (0.3391) tier2_loss: 0.0146 (0.5041) time: 0.1480 data: 0.0001 max mem: 2758
Epoch: [11] Total time: 0:01:04 (64.4865 s / it)
Val [ 0/62] eta: 0:00:26 loss: 4.3984 (4.3984) acc1: 0.0000 (0.0000) time: 0.4285 data: 0.3567 max mem: 2758
Val [61/62] eta: 0:00:00 loss: 0.6779 (1.0058) acc1: 0.0000 (67.7419) time: 0.0402 data: 0.0001 max mem: 2758
Val Total time: 0:00:03 (3.9230 s / it)
* Acc@1 67.742 loss 1.006 auroc 0.855 f1_score 0.600
  per-class F1 (Val): {'benign': np.float32(0.8), 'atypical': np.float32(0.261), 'malignant': np.float32(0.739)}
  [DIAG] Tier1 сам по собі: acc=71.573 f1_macro=0.646
Test [ 0/86] eta: 0:00:29 loss: 1.4088 (1.4088) acc1: 0.0000 (0.0000) time: 0.3403 data: 0.2951 max mem: 2758
Test [85/86] eta: 0:00:00 loss: 0.1175 (1.0182) acc1: 100.0000 (69.7674) time: 0.0417 data: 0.0001 max mem: 2758
Test Total time: 0:00:05 (5.0744 s / it)
* Acc@1 69.767 loss 1.018 auroc 0.852 f1_score 0.657
  per-class F1 (Test): {'benign': np.float32(0.754), 'atypical': np.float32(0.41), 'malignant': np.float32(0.806)}
  [DIAG] Tier1 сам по собі: acc=70.640 f1_macro=0.677

Epoch: [12] [  0/389] eta: 0:03:29 lr: 0.000021 tier1_loss: 0.0070 (0.0070) tier2_loss: 0.0087 (0.0087) time: 0.5379 data: 0.3118 max mem: 2758
Epoch: [12] [100/389] eta: 0:00:50 lr: 0.000018 tier1_loss: 0.0074 (0.2598) tier2_loss: 0.0117 (0.3310) time: 0.1721 data: 0.0002 max mem: 2758
Epoch: [12] [200/389] eta: 0:00:31 lr: 0.000015 tier1_loss: 0.0049 (0.3225) tier2_loss: 0.0129 (0.4077) time: 0.1624 data: 0.0001 max mem: 2758
Epoch: [12] [300/389] eta: 0:00:14 lr: 0.000013 tier1_loss: 0.0080 (0.3068) tier2_loss: 0.0097 (0.4061) time: 0.1612 data: 0.0009 max mem: 2758
Epoch: [12] [388/389] eta: 0:00:00 lr: 0.000010 tier1_loss: 0.0059 (0.3151) tier2_loss: 0.0140 (0.4197) time: 0.1787 data: 0.0002 max mem: 2758
Epoch: [12] Total time: 0:01:03 (63.3364 s / it)
Val [ 0/62] eta: 0:00:28 loss: 1.6808 (1.6808) acc1: 0.0000 (0.0000) time: 0.4527 data: 0.4063 max mem: 2758
Val [61/62] eta: 0:00:00 loss: 0.0154 (1.2113) acc1: 100.0000 (70.9677) time: 0.0567 data: 0.0155 max mem: 2758
Val Total time: 0:00:04 (4.7562 s / it)
* Acc@1 70.968 loss 1.211 auroc 0.826 f1_score 0.571
  per-class F1 (Val): {'benign': np.float32(0.839), 'atypical': np.float32(0.118), 'malignant': np.float32(0.756)}
  [DIAG] Tier1 сам по собі: acc=72.177 f1_macro=0.614
Test [ 0/86] eta: 0:00:36 loss: 0.0140 (0.0140) acc1: 100.0000 (100.0000) time: 0.4220 data: 0.3766 max mem: 2758
Test [85/86] eta: 0:00:00 loss: 0.1522 (1.1664) acc1: 100.0000 (70.9302) time: 0.0400 data: 0.0001 max mem: 2758
Test Total time: 0:00:06 (6.1931 s / it)
* Acc@1 70.930 loss 1.166 auroc 0.825 f1_score 0.650
  per-class F1 (Test): {'benign': np.float32(0.75), 'atypical': np.float32(0.364), 'malignant': np.float32(0.836)}
  [DIAG] Tier1 сам по собі: acc=71.076 f1_macro=0.674

Epoch: [13] [  0/389] eta: 0:03:10 lr: 0.000010 tier1_loss: 0.1032 (0.1032) tier2_loss: 0.0185 (0.0185) time: 0.4886 data: 0.2853 max mem: 2758
Epoch: [13] [100/389] eta: 0:00:47 lr: 0.000008 tier1_loss: 0.0045 (0.2471) tier2_loss: 0.0092 (0.3065) time: 0.1642 data: 0.0001 max mem: 2758
Epoch: [13] [200/389] eta: 0:00:31 lr: 0.000006 tier1_loss: 0.0085 (0.3030) tier2_loss: 0.0110 (0.3654) time: 0.1653 data: 0.0001 max mem: 2758
Epoch: [13] [300/389] eta: 0:00:14 lr: 0.000005 tier1_loss: 0.0057 (0.2283) tier2_loss: 0.0079 (0.2796) time: 0.1945 data: 0.0002 max mem: 2758
Epoch: [13] [388/389] eta: 0:00:00 lr: 0.000003 tier1_loss: 0.0212 (0.2526) tier2_loss: 0.0090 (0.3222) time: 0.1706 data: 0.0001 max mem: 2758
Epoch: [13] Total time: 0:01:04 (64.4499 s / it)
Val [ 0/62] eta: 0:00:26 loss: 4.1700 (4.1700) acc1: 0.0000 (0.0000) time: 0.4203 data: 0.3715 max mem: 2758
Val [61/62] eta: 0:00:00 loss: 0.0090 (1.2156) acc1: 100.0000 (72.5806) time: 0.0422 data: 0.0001 max mem: 2758
Val Total time: 0:00:04 (4.0424 s / it)
* Acc@1 72.581 loss 1.216 auroc 0.833 f1_score 0.611
  per-class F1 (Val): {'benign': np.float32(0.839), 'atypical': np.float32(0.222), 'malignant': np.float32(0.773)}
  [DIAG] Tier1 сам по собі: acc=71.371 f1_macro=0.594
Test [ 0/86] eta: 0:00:31 loss: 0.0097 (0.0097) acc1: 100.0000 (100.0000) time: 0.3607 data: 0.2867 max mem: 2758
Test [85/86] eta: 0:00:00 loss: 0.0455 (1.1683) acc1: 100.0000 (69.7674) time: 0.0424 data: 0.0001 max mem: 2758
Test Total time: 0:00:04 (4.9305 s / it)
* Acc@1 69.767 loss 1.168 auroc 0.849 f1_score 0.651
  per-class F1 (Test): {'benign': np.float32(0.743), 'atypical': np.float32(0.378), 'malignant': np.float32(0.831)}
  [DIAG] Tier1 сам по собі: acc=71.221 f1_macro=0.677

Epoch: [14] [  0/389] eta: 0:03:09 lr: 0.000003 tier1_loss: 0.0050 (0.0050) tier2_loss: 0.0043 (0.0043) time: 0.4872 data: 0.2739 max mem: 2758
Epoch: [14] [100/389] eta: 0:00:49 lr: 0.000002 tier1_loss: 0.0067 (0.2784) tier2_loss: 0.0069 (0.3715) time: 0.1648 data: 0.0002 max mem: 2758
Epoch: [14] [200/389] eta: 0:00:33 lr: 0.000002 tier1_loss: 0.0067 (0.2924) tier2_loss: 0.0075 (0.3948) time: 0.1723 data: 0.0001 max mem: 2758
Epoch: [14] [300/389] eta: 0:00:15 lr: 0.000001 tier1_loss: 0.0051 (0.2561) tier2_loss: 0.0098 (0.3307) time: 0.1671 data: 0.0001 max mem: 2758
Epoch: [14] [388/389] eta: 0:00:00 lr: 0.000001 tier1_loss: 0.0049 (0.2475) tier2_loss: 0.0080 (0.3127) time: 0.1631 data: 0.0001 max mem: 2758
Epoch: [14] Total time: 0:01:05 (65.3407 s / it)
Val [ 0/62] eta: 0:00:34 loss: 5.7028 (5.7028) acc1: 0.0000 (0.0000) time: 0.5641 data: 0.4921 max mem: 2758
Val [61/62] eta: 0:00:00 loss: 0.0119 (1.2377) acc1: 100.0000 (72.5806) time: 0.0507 data: 0.0072 max mem: 2758
Val Total time: 0:00:04 (4.7192 s / it)
* Acc@1 72.581 loss 1.238 auroc 0.843 f1_score 0.611
  per-class F1 (Val): {'benign': np.float32(0.839), 'atypical': np.float32(0.222), 'malignant': np.float32(0.773)}
  [DIAG] Tier1 сам по собі: acc=70.968 f1_macro=0.592
wandb: 
wandb: Run history:
wandb: diag/test_tier1_acc ▁▁▃▄▅▆▄█▆▅▆████
wandb:  diag/test_tier1_f1 ▁▁▂▃▃▃▃▆▄▄▇████
wandb:       perf/test_auc ▂▁▃▄▂▆▅▆▅▃▅█▇██
wandb:        perf/test_f1 ▂▁▂▃▄▄▃▄▄▃▄████
wandb:        perf/val_auc ▃▁▄▆▃▄▄▅▂▅▇█▇▇█
wandb:         perf/val_f1 ▁▁▁▂▄▄▃▆▄▃▆▇▆██
wandb:          tier1_loss ▅▁▂▁▁▁█▁▁▁▁▄▅▁▅▁▁▂▁▁▁▁▁▁▁▁▅▁▁▁▁▁▁▁▁▁▁▁▁▁
wandb:          tier2_loss ▂▁▃▁▁▁▁▅▁▂▁▁▁▁▁▁▁▁▁▁▁▁▄▂▁▁▁▄▁▁▁▁▁▁▁▁▁▁▅█
wandb: 
wandb: Run summary:
wandb: diag/test_tier1_acc 70.63953
wandb:  diag/test_tier1_f1 0.66514
wandb:       perf/test_auc 0.85235
wandb:        perf/test_f1 0.64126
wandb:        perf/val_auc 0.84313
wandb:         perf/val_f1 0.61122
wandb:          tier1_loss 0.00109
wandb:          tier2_loss 0.01939
wandb: 
wandb: You can sync this run to the cloud by running:
wandb: wandb sync /data/bohatyrenko1/EXPERIMENTS_2/Hi-MoE_MIL/wandb/offline-run-20260927_135035-bvnh8xu1
wandb: Find logs at: ./wandb/offline-run-20260927_135035-bvnh8xu1/logs
Test [ 0/86] eta: 0:00:35 loss: 0.0115 (0.0115) acc1: 100.0000 (100.0000) time: 0.4086 data: 0.3631 max mem: 2758
Test [85/86] eta: 0:00:00 loss: 0.0372 (1.1753) acc1: 100.0000 (68.6047) time: 0.0464 data: 0.0017 max mem: 2758
Test Total time: 0:00:05 (5.9065 s / it)
* Acc@1 68.605 loss 1.175 auroc 0.852 f1_score 0.641
  per-class F1 (Test): {'benign': np.float32(0.743), 'atypical': np.float32(0.368), 'malignant': np.float32(0.812)}
  [DIAG] Tier1 сам по собі: acc=70.640 f1_macro=0.665

============================================================
FINAL EPOCH (14) RESULTS (DTFD-ASMIL v2):
  test_auc=0.8524 test_acc=68.60 test_f1(macro)=0.6413
  [DIAG] Tier1 сам по собі: acc=70.640 f1_macro=0.665
  test per-class F1: {'benign': np.float32(0.743), 'atypical': np.float32(0.368), 'malignant': np.float32(0.812)}
  test confusion matrix (rows=true, cols=pred):
            benign    atypical   malignant
  benign         26           4           1
atypical         11           7           5
malignant          2           4          26
============================================================
Best epoch: {'epoch': 11, 'val_f1': 0.6000000238418579, 'val_auc': 0.8545621633529663, 'test_f1': 0.6566367745399475, 'test_auc': 0.8518301844596863}
