wandb: Tracking run with wandb version 0.28.0
wandb: W&B syncing is set to `offline` in this directory. Run `wandb online` or set WANDB_MODE=online to enable cloud syncing.
wandb: Run data is saved locally in /data/bohatyrenko1/EXPERIMENTS_2/Hi-MoE_MIL/wandb/offline-run-20260927_083017-znqtrhqg
wandb: View this run in the terminal with `wandb leet`
Used config (DTFD-ASMIL v2):
{'B': 1,
 'D_feat': 384,
 'D_inner': 128,
 'M': None,
 'ckpt_dir': 'ckpt/bracs_dtfd_v2_seed9',
 'config': 'config/bracs_vits_dino_config_100ep.yml',
 'dataset': 'bracs',
 'lr': 0.0001,
 'min_lr': 1e-06,
 'n_class': 3,
 'n_token': 8,
 'n_worker': 4,
 'pin_memory': True,
 'pretrain': 'medical_ssl',
 'seed': 9,
 'splits_dir': '/home/root_server/bohatyrenko/BRACS/splits',
 'test_dir': '/data/bohatyrenko1/features_vits_dino_bracs',
 'tier1_weight': 0.1,
 'tier2_D_inner': None,
 'tier2_n_heads': 4,
 'train_dir': '/data/bohatyrenko1/features_vits_dino_bracs',
 'train_epoch': 30,
 'wandb_mode': 'offline',
 'warmup_epoch': 0,
 'wd': 1e-05}
M (псевдо-bags) = 8, tier1_weight = 0.1
Class weights: [0.6582064032554626, 2.4935896396636963, 0.9261904954910278]
Epoch: [0] [  0/389] eta: 0:04:26 lr: 0.000100 tier1_loss: 1.1142 (1.1142) tier2_loss: 1.1141 (1.1141) time: 0.6839 data: 0.1676 max mem: 191
Epoch: [0] [100/389] eta: 0:00:35 lr: 0.000100 tier1_loss: 0.8384 (0.9866) tier2_loss: 0.5518 (1.0521) time: 0.1136 data: 0.0001 max mem: 352
Epoch: [0] [200/389] eta: 0:00:22 lr: 0.000100 tier1_loss: 0.4063 (0.9350) tier2_loss: 0.1406 (1.0233) time: 0.1165 data: 0.0001 max mem: 361
Epoch: [0] [300/389] eta: 0:00:10 lr: 0.000100 tier1_loss: 0.7947 (0.9490) tier2_loss: 0.9293 (1.0669) time: 0.1046 data: 0.0001 max mem: 361
Epoch: [0] [388/389] eta: 0:00:00 lr: 0.000100 tier1_loss: 0.1265 (0.9201) tier2_loss: 0.0976 (1.0374) time: 0.1049 data: 0.0001 max mem: 419
Epoch: [0] Total time: 0:00:44 (44.6294 s / it)
Val [ 0/62] eta: 0:00:13 loss: 0.0901 (0.0901) acc1: 100.0000 (100.0000) time: 0.2221 data: 0.1318 max mem: 419
Val [61/62] eta: 0:00:00 loss: 0.1102 (1.1378) acc1: 100.0000 (59.6774) time: 0.0231 data: 0.0001 max mem: 419
Val Total time: 0:00:01 (1.8636 s / it)
* Acc@1 59.677 loss 1.138 auroc 0.790 f1_score 0.434
  per-class F1 (Val): {'benign': np.float32(0.722), 'atypical': np.float32(0.0), 'malignant': np.float32(0.579)}
  [DIAG] Tier1 сам по собі: acc=60.685 f1_macro=0.443
Test [ 0/86] eta: 0:00:16 loss: 0.1075 (0.1075) acc1: 100.0000 (100.0000) time: 0.1976 data: 0.1485 max mem: 419
Test [85/86] eta: 0:00:00 loss: 2.4575 (1.3045) acc1: 0.0000 (56.9767) time: 0.0252 data: 0.0001 max mem: 419
Test Total time: 0:00:02 (2.5555 s / it)
* Acc@1 56.977 loss 1.305 auroc 0.719 f1_score 0.450
  per-class F1 (Test): {'benign': np.float32(0.611), 'atypical': np.float32(0.0), 'malignant': np.float32(0.741)}
  [DIAG] Tier1 сам по собі: acc=55.233 f1_macro=0.435

Epoch: [1] [  0/389] eta: 0:01:50 lr: 0.000100 tier1_loss: 0.1899 (0.1899) tier2_loss: 0.1159 (0.1159) time: 0.2839 data: 0.1673 max mem: 419
Epoch: [1] [100/389] eta: 0:00:31 lr: 0.000100 tier1_loss: 0.2214 (0.8877) tier2_loss: 0.1947 (1.0490) time: 0.1279 data: 0.0001 max mem: 419
Epoch: [1] [200/389] eta: 0:00:21 lr: 0.000099 tier1_loss: 0.0784 (0.8655) tier2_loss: 0.0949 (0.9747) time: 0.1089 data: 0.0001 max mem: 419
Epoch: [1] [300/389] eta: 0:00:09 lr: 0.000099 tier1_loss: 0.1312 (0.8851) tier2_loss: 0.0996 (1.0070) time: 0.1112 data: 0.0001 max mem: 419
Epoch: [1] [388/389] eta: 0:00:00 lr: 0.000099 tier1_loss: 0.1398 (0.8529) tier2_loss: 0.1115 (0.9808) time: 0.1046 data: 0.0001 max mem: 419
Epoch: [1] Total time: 0:00:41 (41.9604 s / it)
Val [ 0/62] eta: 0:00:12 loss: 0.0863 (0.0863) acc1: 100.0000 (100.0000) time: 0.2062 data: 0.1577 max mem: 419
Val [61/62] eta: 0:00:00 loss: 0.1567 (1.1783) acc1: 100.0000 (64.5161) time: 0.0239 data: 0.0001 max mem: 419
Val Total time: 0:00:01 (1.9520 s / it)
* Acc@1 64.516 loss 1.178 auroc 0.709 f1_score 0.475
  per-class F1 (Val): {'benign': np.float32(0.788), 'atypical': np.float32(0.0), 'malignant': np.float32(0.636)}
  [DIAG] Tier1 сам по собі: acc=65.726 f1_macro=0.485
Test [ 0/86] eta: 0:00:15 loss: 0.2249 (0.2249) acc1: 100.0000 (100.0000) time: 0.1758 data: 0.1277 max mem: 419
Test [85/86] eta: 0:00:00 loss: 2.3230 (1.3049) acc1: 0.0000 (54.6512) time: 0.0262 data: 0.0001 max mem: 419
Test Total time: 0:00:02 (2.6558 s / it)
* Acc@1 54.651 loss 1.305 auroc 0.749 f1_score 0.422
  per-class F1 (Test): {'benign': np.float32(0.619), 'atypical': np.float32(0.0), 'malignant': np.float32(0.646)}
  [DIAG] Tier1 сам по собі: acc=56.686 f1_macro=0.438

Epoch: [2] [  0/389] eta: 0:01:42 lr: 0.000099 tier1_loss: 0.4510 (0.4510) tier2_loss: 0.2521 (0.2521) time: 0.2642 data: 0.1144 max mem: 419
Epoch: [2] [100/389] eta: 0:00:33 lr: 0.000099 tier1_loss: 0.1548 (0.8393) tier2_loss: 0.1999 (0.9181) time: 0.0998 data: 0.0001 max mem: 419
Epoch: [2] [200/389] eta: 0:00:20 lr: 0.000098 tier1_loss: 0.1130 (0.8341) tier2_loss: 0.0976 (0.9291) time: 0.0996 data: 0.0001 max mem: 419
Epoch: [2] [300/389] eta: 0:00:09 lr: 0.000098 tier1_loss: 0.0505 (0.8073) tier2_loss: 0.0551 (0.9058) time: 0.1055 data: 0.0001 max mem: 419
Epoch: [2] [388/389] eta: 0:00:00 lr: 0.000098 tier1_loss: 0.1051 (0.8389) tier2_loss: 0.0569 (0.9468) time: 0.1182 data: 0.0001 max mem: 419
Epoch: [2] Total time: 0:00:42 (42.9657 s / it)
Val [ 0/62] eta: 0:00:13 loss: 0.0834 (0.0834) acc1: 100.0000 (100.0000) time: 0.2163 data: 0.1578 max mem: 419
Val [61/62] eta: 0:00:00 loss: 0.7871 (1.4433) acc1: 0.0000 (59.6774) time: 0.0275 data: 0.0001 max mem: 419
Val Total time: 0:00:02 (2.4049 s / it)
* Acc@1 59.677 loss 1.443 auroc 0.664 f1_score 0.450
  per-class F1 (Val): {'benign': np.float32(0.778), 'atypical': np.float32(0.0), 'malignant': np.float32(0.571)}
  [DIAG] Tier1 сам по собі: acc=65.121 f1_macro=0.484
Test [ 0/86] eta: 0:00:17 loss: 2.1622 (2.1622) acc1: 0.0000 (0.0000) time: 0.2063 data: 0.1450 max mem: 419
Test [85/86] eta: 0:00:00 loss: 2.3633 (1.5387) acc1: 0.0000 (55.8140) time: 0.0239 data: 0.0001 max mem: 419
Test Total time: 0:00:02 (2.7132 s / it)
* Acc@1 55.814 loss 1.539 auroc 0.729 f1_score 0.430
  per-class F1 (Test): {'benign': np.float32(0.648), 'atypical': np.float32(0.0), 'malignant': np.float32(0.641)}
  [DIAG] Tier1 сам по собі: acc=56.831 f1_macro=0.438

Epoch: [3] [  0/389] eta: 0:02:04 lr: 0.000098 tier1_loss: 1.5589 (1.5589) tier2_loss: 2.1396 (2.1396) time: 0.3200 data: 0.1731 max mem: 419
Epoch: [3] [100/389] eta: 0:00:31 lr: 0.000097 tier1_loss: 0.0250 (0.6869) tier2_loss: 0.0256 (0.7261) time: 0.0872 data: 0.0001 max mem: 419
Epoch: [3] [200/389] eta: 0:00:20 lr: 0.000097 tier1_loss: 0.0364 (0.7497) tier2_loss: 0.0583 (0.7890) time: 0.1079 data: 0.0001 max mem: 419
Epoch: [3] [300/389] eta: 0:00:09 lr: 0.000096 tier1_loss: 0.5089 (0.7884) tier2_loss: 0.1429 (0.8353) time: 0.1140 data: 0.0001 max mem: 419
Epoch: [3] [388/389] eta: 0:00:00 lr: 0.000096 tier1_loss: 0.0475 (0.7721) tier2_loss: 0.0410 (0.8233) time: 0.1067 data: 0.0001 max mem: 419
Epoch: [3] Total time: 0:00:43 (43.3667 s / it)
Val [ 0/62] eta: 0:00:12 loss: 0.0576 (0.0576) acc1: 100.0000 (100.0000) time: 0.2075 data: 0.1547 max mem: 419
Val [61/62] eta: 0:00:00 loss: 0.0712 (1.7523) acc1: 100.0000 (53.2258) time: 0.0232 data: 0.0001 max mem: 419
Val Total time: 0:00:01 (1.9548 s / it)
* Acc@1 53.226 loss 1.752 auroc 0.662 f1_score 0.364
  per-class F1 (Val): {'benign': np.float32(0.693), 'atypical': np.float32(0.0), 'malignant': np.float32(0.4)}
  [DIAG] Tier1 сам по собі: acc=55.444 f1_macro=0.389
Test [ 0/86] eta: 0:00:18 loss: 0.0857 (0.0857) acc1: 100.0000 (100.0000) time: 0.2093 data: 0.1386 max mem: 419
Test [85/86] eta: 0:00:00 loss: 2.8538 (1.5026) acc1: 0.0000 (53.4884) time: 0.0241 data: 0.0001 max mem: 419
Test Total time: 0:00:02 (2.5458 s / it)
* Acc@1 53.488 loss 1.503 auroc 0.739 f1_score 0.415
  per-class F1 (Test): {'benign': np.float32(0.602), 'atypical': np.float32(0.0), 'malignant': np.float32(0.643)}
  [DIAG] Tier1 сам по собі: acc=56.395 f1_macro=0.438

Epoch: [4] [  0/389] eta: 0:02:03 lr: 0.000096 tier1_loss: 0.0583 (0.0583) tier2_loss: 0.0703 (0.0703) time: 0.3163 data: 0.1738 max mem: 419
Epoch: [4] [100/389] eta: 0:00:33 lr: 0.000095 tier1_loss: 0.0516 (0.6895) tier2_loss: 0.0370 (0.8062) time: 0.1152 data: 0.0001 max mem: 419
Epoch: [4] [200/389] eta: 0:00:21 lr: 0.000095 tier1_loss: 0.0655 (0.6926) tier2_loss: 0.0407 (0.7946) time: 0.1147 data: 0.0001 max mem: 419
Epoch: [4] [300/389] eta: 0:00:10 lr: 0.000094 tier1_loss: 0.0514 (0.6967) tier2_loss: 0.0619 (0.8277) time: 0.1098 data: 0.0001 max mem: 419
Epoch: [4] [388/389] eta: 0:00:00 lr: 0.000093 tier1_loss: 0.0530 (0.6850) tier2_loss: 0.0455 (0.8005) time: 0.1103 data: 0.0001 max mem: 419
Epoch: [4] Total time: 0:00:44 (44.5281 s / it)
Val [ 0/62] eta: 0:00:12 loss: 0.1893 (0.1893) acc1: 100.0000 (100.0000) time: 0.2001 data: 0.1426 max mem: 419
Val [61/62] eta: 0:00:00 loss: 0.0303 (1.2362) acc1: 100.0000 (70.9677) time: 0.0234 data: 0.0001 max mem: 419
Val Total time: 0:00:01 (1.8748 s / it)
* Acc@1 70.968 loss 1.236 auroc 0.733 f1_score 0.567
  per-class F1 (Val): {'benign': np.float32(0.862), 'atypical': np.float32(0.133), 'malignant': np.float32(0.706)}
  [DIAG] Tier1 сам по собі: acc=68.548 f1_macro=0.511
Test [ 0/86] eta: 0:00:15 loss: 0.0842 (0.0842) acc1: 100.0000 (100.0000) time: 0.1752 data: 0.1335 max mem: 419
Test [85/86] eta: 0:00:00 loss: 2.3260 (1.3896) acc1: 0.0000 (62.7907) time: 0.0247 data: 0.0001 max mem: 419
Test Total time: 0:00:02 (2.5313 s / it)
* Acc@1 62.791 loss 1.390 auroc 0.806 f1_score 0.506
  per-class F1 (Test): {'benign': np.float32(0.725), 'atypical': np.float32(0.083), 'malignant': np.float32(0.709)}
  [DIAG] Tier1 сам по собі: acc=61.773 f1_macro=0.475

Epoch: [5] [  0/389] eta: 0:01:44 lr: 0.000093 tier1_loss: 0.2751 (0.2751) tier2_loss: 0.0583 (0.0583) time: 0.2675 data: 0.1274 max mem: 419
Epoch: [5] [100/389] eta: 0:00:32 lr: 0.000093 tier1_loss: 0.0278 (0.7958) tier2_loss: 0.0551 (0.7619) time: 0.1038 data: 0.0001 max mem: 419
Epoch: [5] [200/389] eta: 0:00:21 lr: 0.000092 tier1_loss: 0.0257 (0.6589) tier2_loss: 0.0259 (0.7032) time: 0.1106 data: 0.0001 max mem: 419
Epoch: [5] [300/389] eta: 0:00:10 lr: 0.000091 tier1_loss: 0.1099 (0.6545) tier2_loss: 0.0584 (0.7094) time: 0.1053 data: 0.0001 max mem: 419
Epoch: [5] [388/389] eta: 0:00:00 lr: 0.000091 tier1_loss: 0.0241 (0.6494) tier2_loss: 0.0553 (0.7404) time: 0.1010 data: 0.0001 max mem: 419
Epoch: [5] Total time: 0:00:43 (43.5624 s / it)
Val [ 0/62] eta: 0:00:14 loss: 0.2064 (0.2064) acc1: 100.0000 (100.0000) time: 0.2276 data: 0.1735 max mem: 419
Val [61/62] eta: 0:00:00 loss: 0.0669 (1.1227) acc1: 100.0000 (66.1290) time: 0.0224 data: 0.0001 max mem: 419
Val Total time: 0:00:01 (1.8573 s / it)
* Acc@1 66.129 loss 1.123 auroc 0.764 f1_score 0.530
  per-class F1 (Val): {'benign': np.float32(0.82), 'atypical': np.float32(0.118), 'malignant': np.float32(0.652)}
  [DIAG] Tier1 сам по собі: acc=66.532 f1_macro=0.493
Test [ 0/86] eta: 0:00:15 loss: 0.0874 (0.0874) acc1: 100.0000 (100.0000) time: 0.1829 data: 0.1363 max mem: 419
Test [85/86] eta: 0:00:00 loss: 1.6231 (1.1153) acc1: 0.0000 (63.9535) time: 0.0239 data: 0.0001 max mem: 419
Test Total time: 0:00:02 (2.5464 s / it)
* Acc@1 63.953 loss 1.115 auroc 0.822 f1_score 0.571
  per-class F1 (Test): {'benign': np.float32(0.691), 'atypical': np.float32(0.267), 'malignant': np.float32(0.754)}
  [DIAG] Tier1 сам по собі: acc=61.773 f1_macro=0.478

Epoch: [6] [  0/389] eta: 0:01:39 lr: 0.000091 tier1_loss: 0.0227 (0.0227) tier2_loss: 0.0347 (0.0347) time: 0.2565 data: 0.1294 max mem: 419
Epoch: [6] [100/389] eta: 0:00:36 lr: 0.000090 tier1_loss: 0.0327 (0.5653) tier2_loss: 0.0286 (0.6382) time: 0.1219 data: 0.0001 max mem: 419
Epoch: [6] [200/389] eta: 0:00:22 lr: 0.000089 tier1_loss: 0.0195 (0.6226) tier2_loss: 0.0255 (0.6938) time: 0.1139 data: 0.0001 max mem: 419
Epoch: [6] [300/389] eta: 0:00:10 lr: 0.000088 tier1_loss: 0.0166 (0.5927) tier2_loss: 0.0108 (0.6571) time: 0.1158 data: 0.0001 max mem: 419
Epoch: [6] [388/389] eta: 0:00:00 lr: 0.000087 tier1_loss: 0.0627 (0.6006) tier2_loss: 0.0370 (0.6763) time: 0.1231 data: 0.0001 max mem: 419
Epoch: [6] Total time: 0:00:47 (47.1802 s / it)
Val [ 0/62] eta: 0:00:13 loss: 3.0465 (3.0465) acc1: 0.0000 (0.0000) time: 0.2205 data: 0.1534 max mem: 419
Val [61/62] eta: 0:00:00 loss: 0.1099 (1.1240) acc1: 100.0000 (66.1290) time: 0.0224 data: 0.0001 max mem: 419
Val Total time: 0:00:01 (1.8494 s / it)
* Acc@1 66.129 loss 1.124 auroc 0.744 f1_score 0.556
  per-class F1 (Val): {'benign': np.float32(0.82), 'atypical': np.float32(0.211), 'malignant': np.float32(0.636)}
  [DIAG] Tier1 сам по собі: acc=70.363 f1_macro=0.581
Test [ 0/86] eta: 0:00:15 loss: 0.7269 (0.7269) acc1: 100.0000 (100.0000) time: 0.1836 data: 0.1366 max mem: 419
Test [85/86] eta: 0:00:00 loss: 0.6982 (1.0478) acc1: 0.0000 (69.7674) time: 0.0235 data: 0.0001 max mem: 419
Test Total time: 0:00:02 (2.5024 s / it)
* Acc@1 69.767 loss 1.048 auroc 0.814 f1_score 0.649
  per-class F1 (Test): {'benign': np.float32(0.746), 'atypical': np.float32(0.4), 'malignant': np.float32(0.8)}
  [DIAG] Tier1 сам по собі: acc=64.680 f1_macro=0.577

Epoch: [7] [  0/389] eta: 0:01:41 lr: 0.000087 tier1_loss: 0.0091 (0.0091) tier2_loss: 0.0087 (0.0087) time: 0.2604 data: 0.1255 max mem: 419
Epoch: [7] [100/389] eta: 0:00:35 lr: 0.000086 tier1_loss: 0.0198 (0.5996) tier2_loss: 0.0188 (0.7016) time: 0.1235 data: 0.0001 max mem: 419
Epoch: [7] [200/389] eta: 0:00:23 lr: 0.000085 tier1_loss: 0.0268 (0.6410) tier2_loss: 0.0411 (0.7001) time: 0.1267 data: 0.0001 max mem: 419
Epoch: [7] [300/389] eta: 0:00:11 lr: 0.000084 tier1_loss: 0.0173 (0.6085) tier2_loss: 0.0285 (0.6866) time: 0.1144 data: 0.0001 max mem: 419
Epoch: [7] [388/389] eta: 0:00:00 lr: 0.000084 tier1_loss: 0.0400 (0.5627) tier2_loss: 0.0163 (0.6300) time: 0.1110 data: 0.0001 max mem: 419
Epoch: [7] Total time: 0:00:47 (47.6935 s / it)
Val [ 0/62] eta: 0:00:13 loss: 4.7394 (4.7394) acc1: 0.0000 (0.0000) time: 0.2179 data: 0.1615 max mem: 419
Val [61/62] eta: 0:00:00 loss: 0.1240 (1.1856) acc1: 100.0000 (70.9677) time: 0.0232 data: 0.0001 max mem: 419
Val Total time: 0:00:01 (1.9018 s / it)
* Acc@1 70.968 loss 1.186 auroc 0.779 f1_score 0.644
  per-class F1 (Val): {'benign': np.float32(0.863), 'atypical': np.float32(0.364), 'malignant': np.float32(0.706)}
  [DIAG] Tier1 сам по собі: acc=73.185 f1_macro=0.663
Test [ 0/86] eta: 0:00:15 loss: 2.6258 (2.6258) acc1: 0.0000 (0.0000) time: 0.1809 data: 0.1450 max mem: 419
Test [85/86] eta: 0:00:00 loss: 0.5317 (1.2533) acc1: 0.0000 (63.9535) time: 0.0237 data: 0.0001 max mem: 419
Test Total time: 0:00:02 (2.4722 s / it)
* Acc@1 63.953 loss 1.253 auroc 0.821 f1_score 0.598
  per-class F1 (Test): {'benign': np.float32(0.691), 'atypical': np.float32(0.35), 'malignant': np.float32(0.753)}
  [DIAG] Tier1 сам по собі: acc=62.791 f1_macro=0.588

Epoch: [8] [  0/389] eta: 0:01:56 lr: 0.000084 tier1_loss: 0.0664 (0.0664) tier2_loss: 0.0409 (0.0409) time: 0.2985 data: 0.1704 max mem: 419
Epoch: [8] [100/389] eta: 0:00:37 lr: 0.000083 tier1_loss: 0.7310 (0.6117) tier2_loss: 0.2309 (0.7062) time: 0.1323 data: 0.0001 max mem: 419
Epoch: [8] [200/389] eta: 0:00:23 lr: 0.000082 tier1_loss: 0.0257 (0.6090) tier2_loss: 0.0284 (0.7087) time: 0.1163 data: 0.0001 max mem: 419
Epoch: [8] [300/389] eta: 0:00:11 lr: 0.000081 tier1_loss: 0.0233 (0.5796) tier2_loss: 0.0133 (0.6574) time: 0.1248 data: 0.0001 max mem: 419
Epoch: [8] [388/389] eta: 0:00:00 lr: 0.000080 tier1_loss: 0.0091 (0.5192) tier2_loss: 0.0086 (0.5745) time: 0.1113 data: 0.0001 max mem: 419
Epoch: [8] Total time: 0:00:47 (47.9351 s / it)
Val [ 0/62] eta: 0:00:13 loss: 1.4792 (1.4792) acc1: 0.0000 (0.0000) time: 0.2162 data: 0.1549 max mem: 419
Val [61/62] eta: 0:00:00 loss: 0.0154 (1.4539) acc1: 100.0000 (61.2903) time: 0.0227 data: 0.0001 max mem: 419
Val Total time: 0:00:01 (1.9003 s / it)
* Acc@1 61.290 loss 1.454 auroc 0.768 f1_score 0.493
  per-class F1 (Val): {'benign': np.float32(0.758), 'atypical': np.float32(0.105), 'malignant': np.float32(0.615)}
  [DIAG] Tier1 сам по собі: acc=60.282 f1_macro=0.453
Test [ 0/86] eta: 0:00:17 loss: 0.0160 (0.0160) acc1: 100.0000 (100.0000) time: 0.2003 data: 0.1396 max mem: 419
Test [85/86] eta: 0:00:00 loss: 1.8864 (1.5807) acc1: 0.0000 (60.4651) time: 0.0250 data: 0.0001 max mem: 419
Test Total time: 0:00:02 (2.5408 s / it)
* Acc@1 60.465 loss 1.581 auroc 0.803 f1_score 0.530
  per-class F1 (Test): {'benign': np.float32(0.674), 'atypical': np.float32(0.2), 'malignant': np.float32(0.714)}
  [DIAG] Tier1 сам по собі: acc=59.012 f1_macro=0.495

Epoch: [9] [  0/389] eta: 0:01:49 lr: 0.000080 tier1_loss: 0.0088 (0.0088) tier2_loss: 0.0075 (0.0075) time: 0.2811 data: 0.1391 max mem: 419
Epoch: [9] [100/389] eta: 0:00:32 lr: 0.000079 tier1_loss: 0.1219 (0.5615) tier2_loss: 0.0233 (0.6882) time: 0.1014 data: 0.0001 max mem: 419
Epoch: [9] [200/389] eta: 0:00:20 lr: 0.000077 tier1_loss: 0.0171 (0.5972) tier2_loss: 0.0173 (0.6867) time: 0.1035 data: 0.0001 max mem: 419
Epoch: [9] [300/389] eta: 0:00:09 lr: 0.000076 tier1_loss: 0.0267 (0.5273) tier2_loss: 0.0088 (0.5826) time: 0.1092 data: 0.0001 max mem: 419
Epoch: [9] [388/389] eta: 0:00:00 lr: 0.000075 tier1_loss: 0.0134 (0.5221) tier2_loss: 0.0070 (0.5953) time: 0.1059 data: 0.0001 max mem: 419
Epoch: [9] Total time: 0:00:41 (41.8716 s / it)
Val [ 0/62] eta: 0:00:13 loss: 4.6062 (4.6062) acc1: 0.0000 (0.0000) time: 0.2141 data: 0.1520 max mem: 419
Val [61/62] eta: 0:00:00 loss: 0.0306 (1.1068) acc1: 100.0000 (75.8065) time: 0.0283 data: 0.0001 max mem: 419
Val Total time: 0:00:02 (2.4722 s / it)
* Acc@1 75.806 loss 1.107 auroc 0.784 f1_score 0.666
  per-class F1 (Val): {'benign': np.float32(0.889), 'atypical': np.float32(0.353), 'malignant': np.float32(0.755)}
  [DIAG] Tier1 сам по собі: acc=74.194 f1_macro=0.639
Test [ 0/86] eta: 0:00:16 loss: 1.0636 (1.0636) acc1: 0.0000 (0.0000) time: 0.1958 data: 0.1400 max mem: 419
Test [85/86] eta: 0:00:00 loss: 0.8409 (1.2465) acc1: 0.0000 (62.7907) time: 0.0227 data: 0.0001 max mem: 419
Test Total time: 0:00:03 (3.0353 s / it)
* Acc@1 62.791 loss 1.247 auroc 0.829 f1_score 0.572
  per-class F1 (Test): {'benign': np.float32(0.702), 'atypical': np.float32(0.27), 'malignant': np.float32(0.744)}
  [DIAG] Tier1 сам по собі: acc=65.698 f1_macro=0.588

Epoch: [10] [  0/389] eta: 0:01:55 lr: 0.000075 tier1_loss: 0.0097 (0.0097) tier2_loss: 0.0074 (0.0074) time: 0.2965 data: 0.1296 max mem: 419
Epoch: [10] [100/389] eta: 0:00:33 lr: 0.000074 tier1_loss: 0.0162 (0.4485) tier2_loss: 0.0117 (0.4889) time: 0.1186 data: 0.0001 max mem: 419
Epoch: [10] [200/389] eta: 0:00:22 lr: 0.000073 tier1_loss: 0.0153 (0.4444) tier2_loss: 0.0081 (0.5225) time: 0.1145 data: 0.0001 max mem: 419
Epoch: [10] [300/389] eta: 0:00:10 lr: 0.000072 tier1_loss: 0.0221 (0.4227) tier2_loss: 0.0123 (0.4656) time: 0.1253 data: 0.0001 max mem: 419
Epoch: [10] [388/389] eta: 0:00:00 lr: 0.000071 tier1_loss: 0.0133 (0.4528) tier2_loss: 0.0087 (0.4940) time: 0.1154 data: 0.0001 max mem: 419
Epoch: [10] Total time: 0:00:46 (46.5109 s / it)
Val [ 0/62] eta: 0:00:13 loss: 0.1513 (0.1513) acc1: 100.0000 (100.0000) time: 0.2151 data: 0.1540 max mem: 419
Val [61/62] eta: 0:00:00 loss: 0.0136 (1.9457) acc1: 100.0000 (58.0645) time: 0.0230 data: 0.0001 max mem: 419
Val Total time: 0:00:01 (1.9377 s / it)
* Acc@1 58.065 loss 1.946 auroc 0.731 f1_score 0.443
  per-class F1 (Val): {'benign': np.float32(0.74), 'atypical': np.float32(0.118), 'malignant': np.float32(0.471)}
  [DIAG] Tier1 сам по собі: acc=56.653 f1_macro=0.439
Test [ 0/86] eta: 0:00:15 loss: 0.0142 (0.0142) acc1: 100.0000 (100.0000) time: 0.1780 data: 0.1380 max mem: 419
Test [85/86] eta: 0:00:00 loss: 3.3953 (1.9698) acc1: 0.0000 (55.8140) time: 0.0238 data: 0.0001 max mem: 419
Test Total time: 0:00:02 (2.5230 s / it)
* Acc@1 55.814 loss 1.970 auroc 0.751 f1_score 0.453
  per-class F1 (Test): {'benign': np.float32(0.638), 'atypical': np.float32(0.08), 'malignant': np.float32(0.642)}
  [DIAG] Tier1 сам по собі: acc=57.267 f1_macro=0.482

Epoch: [11] [  0/389] eta: 0:02:05 lr: 0.000071 tier1_loss: 0.0068 (0.0068) tier2_loss: 0.0173 (0.0173) time: 0.3218 data: 0.1596 max mem: 419
Epoch: [11] [100/389] eta: 0:00:32 lr: 0.000069 tier1_loss: 0.0148 (0.5145) tier2_loss: 0.0156 (0.5034) time: 0.1032 data: 0.0001 max mem: 419
Epoch: [11] [200/389] eta: 0:00:21 lr: 0.000068 tier1_loss: 0.0173 (0.4940) tier2_loss: 0.0119 (0.5584) time: 0.1219 data: 0.0001 max mem: 419
Epoch: [11] [300/389] eta: 0:00:10 lr: 0.000067 tier1_loss: 0.0124 (0.5115) tier2_loss: 0.0172 (0.5536) time: 0.1153 data: 0.0001 max mem: 419
Epoch: [11] [388/389] eta: 0:00:00 lr: 0.000066 tier1_loss: 0.0081 (0.4931) tier2_loss: 0.0056 (0.5373) time: 0.1089 data: 0.0001 max mem: 419
Epoch: [11] Total time: 0:00:44 (44.5004 s / it)
Val [ 0/62] eta: 0:00:13 loss: 4.9897 (4.9897) acc1: 0.0000 (0.0000) time: 0.2146 data: 0.1688 max mem: 419
Val [61/62] eta: 0:00:00 loss: 0.0171 (1.1308) acc1: 100.0000 (67.7419) time: 0.0237 data: 0.0001 max mem: 419
Val Total time: 0:00:01 (1.8964 s / it)
* Acc@1 67.742 loss 1.131 auroc 0.796 f1_score 0.598
  per-class F1 (Val): {'benign': np.float32(0.868), 'atypical': np.float32(0.261), 'malignant': np.float32(0.667)}
  [DIAG] Tier1 сам по собі: acc=72.177 f1_macro=0.631
Test [ 0/86] eta: 0:00:16 loss: 1.1728 (1.1728) acc1: 0.0000 (0.0000) time: 0.1863 data: 0.1451 max mem: 419
Test [85/86] eta: 0:00:00 loss: 0.4871 (1.1839) acc1: 100.0000 (68.6047) time: 0.0240 data: 0.0001 max mem: 419
Test Total time: 0:00:02 (2.5253 s / it)
* Acc@1 68.605 loss 1.184 auroc 0.837 f1_score 0.670
  per-class F1 (Test): {'benign': np.float32(0.727), 'atypical': np.float32(0.522), 'malignant': np.float32(0.761)}
  [DIAG] Tier1 сам по собі: acc=67.006 f1_macro=0.641

Epoch: [12] [  0/389] eta: 0:01:47 lr: 0.000066 tier1_loss: 3.2370 (3.2370) tier2_loss: 2.6023 (2.6023) time: 0.2764 data: 0.1161 max mem: 419
Epoch: [12] [100/389] eta: 0:00:35 lr: 0.000065 tier1_loss: 0.0108 (0.4382) tier2_loss: 0.0102 (0.4598) time: 0.1247 data: 0.0001 max mem: 419
Epoch: [12] [200/389] eta: 0:00:22 lr: 0.000063 tier1_loss: 0.0286 (0.4323) tier2_loss: 0.0114 (0.4783) time: 0.1167 data: 0.0001 max mem: 419
Epoch: [12] [300/389] eta: 0:00:10 lr: 0.000062 tier1_loss: 0.0121 (0.4547) tier2_loss: 0.0080 (0.5026) time: 0.1108 data: 0.0001 max mem: 419
Epoch: [12] [388/389] eta: 0:00:00 lr: 0.000061 tier1_loss: 0.0120 (0.4778) tier2_loss: 0.0161 (0.5287) time: 0.1091 data: 0.0001 max mem: 419
Epoch: [12] Total time: 0:00:46 (46.2177 s / it)
Val [ 0/62] eta: 0:00:13 loss: 4.3382 (4.3382) acc1: 0.0000 (0.0000) time: 0.2195 data: 0.1672 max mem: 419
Val [61/62] eta: 0:00:00 loss: 0.0345 (1.3340) acc1: 100.0000 (72.5806) time: 0.0229 data: 0.0001 max mem: 419
Val Total time: 0:00:01 (1.8808 s / it)
* Acc@1 72.581 loss 1.334 auroc 0.742 f1_score 0.638
  per-class F1 (Val): {'benign': np.float32(0.868), 'atypical': np.float32(0.3), 'malignant': np.float32(0.745)}
  [DIAG] Tier1 сам по собі: acc=74.395 f1_macro=0.661
Test [ 0/86] eta: 0:00:18 loss: 1.1160 (1.1160) acc1: 0.0000 (0.0000) time: 0.2174 data: 0.1382 max mem: 419
Test [85/86] eta: 0:00:00 loss: 1.8754 (1.4477) acc1: 0.0000 (62.7907) time: 0.0304 data: 0.0001 max mem: 419
Test Total time: 0:00:02 (2.8066 s / it)
* Acc@1 62.791 loss 1.448 auroc 0.812 f1_score 0.572
  per-class F1 (Test): {'benign': np.float32(0.714), 'atypical': np.float32(0.278), 'malignant': np.float32(0.725)}
  [DIAG] Tier1 сам по собі: acc=63.227 f1_macro=0.563

Epoch: [13] [  0/389] eta: 0:01:54 lr: 0.000061 tier1_loss: 0.0040 (0.0040) tier2_loss: 0.0017 (0.0017) time: 0.2940 data: 0.1372 max mem: 419
Epoch: [13] [100/389] eta: 0:00:35 lr: 0.000059 tier1_loss: 0.0119 (0.3691) tier2_loss: 0.0057 (0.4099) time: 0.1136 data: 0.0001 max mem: 419
Epoch: [13] [200/389] eta: 0:00:22 lr: 0.000058 tier1_loss: 0.0148 (0.3365) tier2_loss: 0.0091 (0.3598) time: 0.1088 data: 0.0001 max mem: 419
Epoch: [13] [300/389] eta: 0:00:10 lr: 0.000057 tier1_loss: 0.0496 (0.3451) tier2_loss: 0.0072 (0.3898) time: 0.1079 data: 0.0001 max mem: 419
Epoch: [13] [388/389] eta: 0:00:00 lr: 0.000056 tier1_loss: 0.0226 (0.4348) tier2_loss: 0.0214 (0.4486) time: 0.1059 data: 0.0001 max mem: 419
Epoch: [13] Total time: 0:00:44 (44.7000 s / it)
Val [ 0/62] eta: 0:00:14 loss: 5.1844 (5.1844) acc1: 0.0000 (0.0000) time: 0.2369 data: 0.1674 max mem: 419
Val [61/62] eta: 0:00:00 loss: 0.0242 (1.4688) acc1: 100.0000 (69.3548) time: 0.0285 data: 0.0001 max mem: 419
Val Total time: 0:00:02 (2.3752 s / it)
* Acc@1 69.355 loss 1.469 auroc 0.764 f1_score 0.563
  per-class F1 (Val): {'benign': np.float32(0.842), 'atypical': np.float32(0.111), 'malignant': np.float32(0.735)}
  [DIAG] Tier1 сам по собі: acc=70.161 f1_macro=0.592
Test [ 0/86] eta: 0:00:15 loss: 0.5836 (0.5836) acc1: 100.0000 (100.0000) time: 0.1777 data: 0.1334 max mem: 419
Test [85/86] eta: 0:00:00 loss: 0.4165 (1.1852) acc1: 0.0000 (69.7674) time: 0.0229 data: 0.0001 max mem: 419
Test Total time: 0:00:02 (2.6267 s / it)
* Acc@1 69.767 loss 1.185 auroc 0.844 f1_score 0.665
  per-class F1 (Test): {'benign': np.float32(0.762), 'atypical': np.float32(0.462), 'malignant': np.float32(0.771)}
  [DIAG] Tier1 сам по собі: acc=66.424 f1_macro=0.634

Epoch: [14] [  0/389] eta: 0:01:56 lr: 0.000056 tier1_loss: 0.0017 (0.0017) tier2_loss: 0.0011 (0.0011) time: 0.2997 data: 0.1364 max mem: 419
Epoch: [14] [100/389] eta: 0:00:30 lr: 0.000054 tier1_loss: 0.0078 (0.3997) tier2_loss: 0.0022 (0.4501) time: 0.0959 data: 0.0001 max mem: 419
Epoch: [14] [200/389] eta: 0:00:19 lr: 0.000053 tier1_loss: 0.0069 (0.3435) tier2_loss: 0.0027 (0.3514) time: 0.1013 data: 0.0001 max mem: 419
Epoch: [14] [300/389] eta: 0:00:09 lr: 0.000052 tier1_loss: 0.0066 (0.4215) tier2_loss: 0.0080 (0.4242) time: 0.1092 data: 0.0001 max mem: 419
Epoch: [14] [388/389] eta: 0:00:00 lr: 0.000051 tier1_loss: 0.0166 (0.4615) tier2_loss: 0.0116 (0.4743) time: 0.1053 data: 0.0001 max mem: 419
Epoch: [14] Total time: 0:00:41 (41.9134 s / it)
Val [ 0/62] eta: 0:00:13 loss: 5.1621 (5.1621) acc1: 0.0000 (0.0000) time: 0.2140 data: 0.1541 max mem: 419
Val [61/62] eta: 0:00:00 loss: 0.0218 (1.3672) acc1: 100.0000 (67.7419) time: 0.0259 data: 0.0001 max mem: 419
Val Total time: 0:00:02 (2.0333 s / it)
* Acc@1 67.742 loss 1.367 auroc 0.787 f1_score 0.578
  per-class F1 (Val): {'benign': np.float32(0.857), 'atypical': np.float32(0.182), 'malignant': np.float32(0.696)}
  [DIAG] Tier1 сам по собі: acc=70.766 f1_macro=0.613
Test [ 0/86] eta: 0:00:20 loss: 0.3363 (0.3363) acc1: 100.0000 (100.0000) time: 0.2416 data: 0.1713 max mem: 419
Test [85/86] eta: 0:00:00 loss: 0.2057 (1.0962) acc1: 100.0000 (68.6047) time: 0.0239 data: 0.0001 max mem: 419
Test Total time: 0:00:02 (2.5735 s / it)
* Acc@1 68.605 loss 1.096 auroc 0.849 f1_score 0.667
  per-class F1 (Test): {'benign': np.float32(0.719), 'atypical': np.float32(0.5), 'malignant': np.float32(0.781)}
  [DIAG] Tier1 сам по собі: acc=66.424 f1_macro=0.649

Epoch: [15] [  0/389] eta: 0:02:11 lr: 0.000051 tier1_loss: 0.0097 (0.0097) tier2_loss: 0.0048 (0.0048) time: 0.3369 data: 0.1730 max mem: 419
Epoch: [15] [100/389] eta: 0:00:33 lr: 0.000049 tier1_loss: 0.0141 (0.4703) tier2_loss: 0.0199 (0.5035) time: 0.1104 data: 0.0001 max mem: 419
Epoch: [15] [200/389] eta: 0:00:20 lr: 0.000048 tier1_loss: 0.0086 (0.4315) tier2_loss: 0.0040 (0.4242) time: 0.1075 data: 0.0001 max mem: 419
Epoch: [15] [300/389] eta: 0:00:10 lr: 0.000047 tier1_loss: 0.0113 (0.4449) tier2_loss: 0.0036 (0.3923) time: 0.1110 data: 0.0001 max mem: 419
Epoch: [15] [388/389] eta: 0:00:00 lr: 0.000045 tier1_loss: 0.0628 (0.4292) tier2_loss: 0.0084 (0.4057) time: 0.1059 data: 0.0001 max mem: 419
Epoch: [15] Total time: 0:00:43 (43.8370 s / it)
Val [ 0/62] eta: 0:00:14 loss: 6.0652 (6.0652) acc1: 0.0000 (0.0000) time: 0.2298 data: 0.1585 max mem: 419
Val [61/62] eta: 0:00:00 loss: 0.0685 (1.6348) acc1: 0.0000 (64.5161) time: 0.0222 data: 0.0001 max mem: 419
Val Total time: 0:00:01 (1.8461 s / it)
* Acc@1 64.516 loss 1.635 auroc 0.739 f1_score 0.559
  per-class F1 (Val): {'benign': np.float32(0.815), 'atypical': np.float32(0.167), 'malignant': np.float32(0.696)}
  [DIAG] Tier1 сам по собі: acc=67.339 f1_macro=0.577
Test [ 0/86] eta: 0:00:15 loss: 0.3222 (0.3222) acc1: 100.0000 (100.0000) time: 0.1856 data: 0.1419 max mem: 419
Test [85/86] eta: 0:00:00 loss: 0.8996 (1.2830) acc1: 0.0000 (66.2791) time: 0.0241 data: 0.0001 max mem: 419
Test Total time: 0:00:02 (2.5362 s / it)
* Acc@1 66.279 loss 1.283 auroc 0.829 f1_score 0.641
  per-class F1 (Test): {'benign': np.float32(0.738), 'atypical': np.float32(0.455), 'malignant': np.float32(0.73)}
  [DIAG] Tier1 сам по собі: acc=65.843 f1_macro=0.635

Epoch: [16] [  0/389] eta: 0:01:57 lr: 0.000045 tier1_loss: 0.5087 (0.5087) tier2_loss: 0.2641 (0.2641) time: 0.3017 data: 0.1751 max mem: 419
Epoch: [16] [100/389] eta: 0:00:31 lr: 0.000044 tier1_loss: 0.0058 (0.5456) tier2_loss: 0.0027 (0.5392) time: 0.1096 data: 0.0001 max mem: 419
Epoch: [16] [200/389] eta: 0:00:21 lr: 0.000043 tier1_loss: 0.0309 (0.4773) tier2_loss: 0.0041 (0.4486) time: 0.1086 data: 0.0001 max mem: 419
Epoch: [16] [300/389] eta: 0:00:09 lr: 0.000041 tier1_loss: 0.0114 (0.4494) tier2_loss: 0.0033 (0.4265) time: 0.1016 data: 0.0001 max mem: 419
Epoch: [16] [388/389] eta: 0:00:00 lr: 0.000040 tier1_loss: 0.0115 (0.4115) tier2_loss: 0.0026 (0.4065) time: 0.0987 data: 0.0001 max mem: 419
Epoch: [16] Total time: 0:00:42 (42.5812 s / it)
Val [ 0/62] eta: 0:00:14 loss: 6.1789 (6.1789) acc1: 0.0000 (0.0000) time: 0.2286 data: 0.1639 max mem: 419
Val [61/62] eta: 0:00:00 loss: 0.0074 (1.6778) acc1: 100.0000 (67.7419) time: 0.0232 data: 0.0001 max mem: 419
Val Total time: 0:00:01 (1.9276 s / it)
* Acc@1 67.742 loss 1.678 auroc 0.761 f1_score 0.578
  per-class F1 (Val): {'benign': np.float32(0.857), 'atypical': np.float32(0.182), 'malignant': np.float32(0.696)}
  [DIAG] Tier1 сам по собі: acc=68.750 f1_macro=0.595
Test [ 0/86] eta: 0:00:15 loss: 0.2288 (0.2288) acc1: 100.0000 (100.0000) time: 0.1768 data: 0.1366 max mem: 419
Test [85/86] eta: 0:00:00 loss: 0.2744 (1.4454) acc1: 100.0000 (67.4419) time: 0.0236 data: 0.0001 max mem: 419
Test Total time: 0:00:02 (2.4328 s / it)
* Acc@1 67.442 loss 1.445 auroc 0.831 f1_score 0.656
  per-class F1 (Test): {'benign': np.float32(0.724), 'atypical': np.float32(0.478), 'malignant': np.float32(0.765)}
  [DIAG] Tier1 сам по собі: acc=67.006 f1_macro=0.642

Epoch: [17] [  0/389] eta: 0:02:09 lr: 0.000040 tier1_loss: 0.0239 (0.0239) tier2_loss: 0.0037 (0.0037) time: 0.3331 data: 0.1742 max mem: 419
Epoch: [17] [100/389] eta: 0:00:30 lr: 0.000039 tier1_loss: 0.0079 (0.2582) tier2_loss: 0.0040 (0.1892) time: 0.1337 data: 0.0001 max mem: 419
Epoch: [17] [200/389] eta: 0:00:20 lr: 0.000038 tier1_loss: 0.0088 (0.3549) tier2_loss: 0.0033 (0.3038) time: 0.1167 data: 0.0001 max mem: 419
Epoch: [17] [300/389] eta: 0:00:09 lr: 0.000036 tier1_loss: 0.0236 (0.4007) tier2_loss: 0.0085 (0.3403) time: 0.1189 data: 0.0001 max mem: 419
Epoch: [17] [388/389] eta: 0:00:00 lr: 0.000035 tier1_loss: 0.0113 (0.4193) tier2_loss: 0.0051 (0.3777) time: 0.1087 data: 0.0001 max mem: 419
Epoch: [17] Total time: 0:00:43 (43.9692 s / it)
Val [ 0/62] eta: 0:00:12 loss: 5.5508 (5.5508) acc1: 0.0000 (0.0000) time: 0.2074 data: 0.1539 max mem: 419
Val [61/62] eta: 0:00:00 loss: 0.0108 (1.6247) acc1: 100.0000 (66.1290) time: 0.0307 data: 0.0001 max mem: 419
Val Total time: 0:00:02 (2.2948 s / it)
* Acc@1 66.129 loss 1.625 auroc 0.773 f1_score 0.545
  per-class F1 (Val): {'benign': np.float32(0.814), 'atypical': np.float32(0.095), 'malignant': np.float32(0.727)}
  [DIAG] Tier1 сам по собі: acc=66.129 f1_macro=0.550
Test [ 0/86] eta: 0:00:19 loss: 0.0173 (0.0173) acc1: 100.0000 (100.0000) time: 0.2237 data: 0.1486 max mem: 419
Test [85/86] eta: 0:00:00 loss: 0.0306 (1.4207) acc1: 100.0000 (66.2791) time: 0.0327 data: 0.0001 max mem: 419
Test Total time: 0:00:03 (3.4290 s / it)
* Acc@1 66.279 loss 1.421 auroc 0.833 f1_score 0.646
  per-class F1 (Test): {'benign': np.float32(0.714), 'atypical': np.float32(0.5), 'malignant': np.float32(0.724)}
  [DIAG] Tier1 сам по собі: acc=65.407 f1_macro=0.629

Epoch: [18] [  0/389] eta: 0:02:08 lr: 0.000035 tier1_loss: 0.0366 (0.0366) tier2_loss: 0.0016 (0.0016) time: 0.3302 data: 0.1452 max mem: 419
Epoch: [18] [100/389] eta: 0:00:33 lr: 0.000034 tier1_loss: 0.0228 (0.5934) tier2_loss: 0.0035 (0.5374) time: 0.1209 data: 0.0001 max mem: 419
Epoch: [18] [200/389] eta: 0:00:21 lr: 0.000033 tier1_loss: 0.0102 (0.4786) tier2_loss: 0.0062 (0.4492) time: 0.1129 data: 0.0001 max mem: 419
Epoch: [18] [300/389] eta: 0:00:09 lr: 0.000031 tier1_loss: 0.0114 (0.4345) tier2_loss: 0.0050 (0.3913) time: 0.1029 data: 0.0001 max mem: 419
Epoch: [18] [388/389] eta: 0:00:00 lr: 0.000030 tier1_loss: 0.0112 (0.3772) tier2_loss: 0.0028 (0.3406) time: 0.1085 data: 0.0001 max mem: 419
Epoch: [18] Total time: 0:00:43 (43.5884 s / it)
Val [ 0/62] eta: 0:00:13 loss: 5.5999 (5.5999) acc1: 0.0000 (0.0000) time: 0.2160 data: 0.1626 max mem: 419
Val [61/62] eta: 0:00:00 loss: 0.0089 (1.8660) acc1: 100.0000 (64.5161) time: 0.0232 data: 0.0001 max mem: 419
Val Total time: 0:00:01 (1.9087 s / it)
* Acc@1 64.516 loss 1.866 auroc 0.754 f1_score 0.508
  per-class F1 (Val): {'benign': np.float32(0.814), 'atypical': np.float32(0.0), 'malignant': np.float32(0.711)}
  [DIAG] Tier1 сам по собі: acc=67.137 f1_macro=0.558
Test [ 0/86] eta: 0:00:15 loss: 0.0048 (0.0048) acc1: 100.0000 (100.0000) time: 0.1809 data: 0.1409 max mem: 419
Test [85/86] eta: 0:00:00 loss: 0.0291 (1.4160) acc1: 100.0000 (66.2791) time: 0.0238 data: 0.0001 max mem: 419
Test Total time: 0:00:02 (2.4456 s / it)
* Acc@1 66.279 loss 1.416 auroc 0.858 f1_score 0.646
  per-class F1 (Test): {'benign': np.float32(0.735), 'atypical': np.float32(0.478), 'malignant': np.float32(0.724)}
  [DIAG] Tier1 сам по собі: acc=66.860 f1_macro=0.644

Epoch: [19] [  0/389] eta: 0:02:08 lr: 0.000030 tier1_loss: 0.0900 (0.0900) tier2_loss: 0.0120 (0.0120) time: 0.3301 data: 0.1496 max mem: 419
Epoch: [19] [100/389] eta: 0:00:33 lr: 0.000029 tier1_loss: 0.0132 (0.3584) tier2_loss: 0.0022 (0.3103) time: 0.1117 data: 0.0001 max mem: 419
Epoch: [19] [200/389] eta: 0:00:21 lr: 0.000028 tier1_loss: 0.0161 (0.3880) tier2_loss: 0.0015 (0.3638) time: 0.1119 data: 0.0001 max mem: 419
Epoch: [19] [300/389] eta: 0:00:10 lr: 0.000027 tier1_loss: 0.0069 (0.3898) tier2_loss: 0.0022 (0.3875) time: 0.1182 data: 0.0001 max mem: 419
Epoch: [19] [388/389] eta: 0:00:00 lr: 0.000026 tier1_loss: 0.0094 (0.3615) tier2_loss: 0.0037 (0.3459) time: 0.1067 data: 0.0001 max mem: 419
Epoch: [19] Total time: 0:00:44 (44.6936 s / it)
Val [ 0/62] eta: 0:00:13 loss: 6.3315 (6.3315) acc1: 0.0000 (0.0000) time: 0.2164 data: 0.1570 max mem: 419
Val [61/62] eta: 0:00:00 loss: 0.0161 (1.8393) acc1: 100.0000 (66.1290) time: 0.0241 data: 0.0001 max mem: 419
Val Total time: 0:00:02 (2.0041 s / it)
* Acc@1 66.129 loss 1.839 auroc 0.770 f1_score 0.569
  per-class F1 (Val): {'benign': np.float32(0.821), 'atypical': np.float32(0.174), 'malignant': np.float32(0.711)}
  [DIAG] Tier1 сам по собі: acc=66.935 f1_macro=0.564
Test [ 0/86] eta: 0:00:15 loss: 0.3569 (0.3569) acc1: 100.0000 (100.0000) time: 0.1763 data: 0.1364 max mem: 419
Test [85/86] eta: 0:00:00 loss: 0.0154 (1.3583) acc1: 100.0000 (68.6047) time: 0.0245 data: 0.0001 max mem: 419
Test Total time: 0:00:02 (2.5605 s / it)
* Acc@1 68.605 loss 1.358 auroc 0.852 f1_score 0.672
  per-class F1 (Test): {'benign': np.float32(0.769), 'atypical': np.float32(0.5), 'malignant': np.float32(0.746)}
  [DIAG] Tier1 сам по собі: acc=68.023 f1_macro=0.666

Epoch: [20] [  0/389] eta: 0:01:54 lr: 0.000026 tier1_loss: 0.0007 (0.0007) tier2_loss: 0.0002 (0.0002) time: 0.2946 data: 0.1333 max mem: 419
Epoch: [20] [100/389] eta: 0:00:31 lr: 0.000025 tier1_loss: 0.0061 (0.3372) tier2_loss: 0.0029 (0.2677) time: 0.1068 data: 0.0001 max mem: 419
Epoch: [20] [200/389] eta: 0:00:21 lr: 0.000023 tier1_loss: 0.0068 (0.3270) tier2_loss: 0.0044 (0.2570) time: 0.1121 data: 0.0001 max mem: 419
Epoch: [20] [300/389] eta: 0:00:10 lr: 0.000022 tier1_loss: 0.0144 (0.3409) tier2_loss: 0.0019 (0.2785) time: 0.1169 data: 0.0001 max mem: 419
Epoch: [20] [388/389] eta: 0:00:00 lr: 0.000021 tier1_loss: 0.0164 (0.3613) tier2_loss: 0.0044 (0.3182) time: 0.1059 data: 0.0001 max mem: 419
Epoch: [20] Total time: 0:00:44 (44.2073 s / it)
Val [ 0/62] eta: 0:00:13 loss: 6.7782 (6.7782) acc1: 0.0000 (0.0000) time: 0.2168 data: 0.1654 max mem: 419
Val [61/62] eta: 0:00:00 loss: 0.0070 (2.1172) acc1: 100.0000 (66.1290) time: 0.0234 data: 0.0001 max mem: 419
Val Total time: 0:00:01 (1.9261 s / it)
* Acc@1 66.129 loss 2.117 auroc 0.731 f1_score 0.566
  per-class F1 (Val): {'benign': np.float32(0.821), 'atypical': np.float32(0.182), 'malignant': np.float32(0.696)}
  [DIAG] Tier1 сам по собі: acc=67.137 f1_macro=0.564
Test [ 0/86] eta: 0:00:16 loss: 0.0116 (0.0116) acc1: 100.0000 (100.0000) time: 0.1895 data: 0.1282 max mem: 419
Test [85/86] eta: 0:00:00 loss: 0.0768 (1.4543) acc1: 100.0000 (69.7674) time: 0.0241 data: 0.0001 max mem: 419
Test Total time: 0:00:02 (2.5878 s / it)
* Acc@1 69.767 loss 1.454 auroc 0.842 f1_score 0.672
  per-class F1 (Test): {'benign': np.float32(0.769), 'atypical': np.float32(0.476), 'malignant': np.float32(0.769)}
  [DIAG] Tier1 сам по собі: acc=66.715 f1_macro=0.646

Epoch: [21] [  0/389] eta: 0:01:36 lr: 0.000021 tier1_loss: 0.0067 (0.0067) tier2_loss: 0.0016 (0.0016) time: 0.2485 data: 0.1190 max mem: 419
Epoch: [21] [100/389] eta: 0:00:35 lr: 0.000020 tier1_loss: 0.0099 (0.4276) tier2_loss: 0.0053 (0.3399) time: 0.1141 data: 0.0001 max mem: 419
Epoch: [21] [200/389] eta: 0:00:22 lr: 0.000019 tier1_loss: 0.0078 (0.3159) tier2_loss: 0.0019 (0.2882) time: 0.1216 data: 0.0001 max mem: 419
Epoch: [21] [300/389] eta: 0:00:10 lr: 0.000018 tier1_loss: 0.0088 (0.3167) tier2_loss: 0.0017 (0.2998) time: 0.1116 data: 0.0001 max mem: 419
Epoch: [21] [388/389] eta: 0:00:00 lr: 0.000017 tier1_loss: 0.0214 (0.3517) tier2_loss: 0.0031 (0.2959) time: 0.1170 data: 0.0001 max mem: 419
Epoch: [21] Total time: 0:00:45 (45.0196 s / it)
Val [ 0/62] eta: 0:00:14 loss: 6.6512 (6.6512) acc1: 0.0000 (0.0000) time: 0.2411 data: 0.1705 max mem: 419
Val [61/62] eta: 0:00:00 loss: 0.0100 (2.0995) acc1: 100.0000 (66.1290) time: 0.0312 data: 0.0001 max mem: 419
Val Total time: 0:00:02 (2.5850 s / it)
* Acc@1 66.129 loss 2.099 auroc 0.742 f1_score 0.569
  per-class F1 (Val): {'benign': np.float32(0.821), 'atypical': np.float32(0.174), 'malignant': np.float32(0.711)}
  [DIAG] Tier1 сам по собі: acc=66.734 f1_macro=0.576
Test [ 0/86] eta: 0:00:19 loss: 0.6900 (0.6900) acc1: 100.0000 (100.0000) time: 0.2282 data: 0.1594 max mem: 419
Test [85/86] eta: 0:00:00 loss: 0.0485 (1.5654) acc1: 100.0000 (67.4419) time: 0.0234 data: 0.0001 max mem: 419
Test Total time: 0:00:02 (2.9296 s / it)
* Acc@1 67.442 loss 1.565 auroc 0.828 f1_score 0.657
  per-class F1 (Test): {'benign': np.float32(0.754), 'atypical': np.float32(0.468), 'malignant': np.float32(0.75)}
  [DIAG] Tier1 сам по собі: acc=67.297 f1_macro=0.656

Epoch: [22] [  0/389] eta: 0:01:35 lr: 0.000017 tier1_loss: 0.0104 (0.0104) tier2_loss: 0.0002 (0.0002) time: 0.2467 data: 0.1154 max mem: 419
Epoch: [22] [100/389] eta: 0:00:30 lr: 0.000016 tier1_loss: 0.0142 (0.2646) tier2_loss: 0.0022 (0.1818) time: 0.1091 data: 0.0001 max mem: 419
Epoch: [22] [200/389] eta: 0:00:20 lr: 0.000015 tier1_loss: 0.0091 (0.3910) tier2_loss: 0.0024 (0.3248) time: 0.1164 data: 0.0001 max mem: 419
Epoch: [22] [300/389] eta: 0:00:09 lr: 0.000015 tier1_loss: 0.0115 (0.3418) tier2_loss: 0.0020 (0.2697) time: 0.1160 data: 0.0001 max mem: 419
Epoch: [22] [388/389] eta: 0:00:00 lr: 0.000014 tier1_loss: 0.0113 (0.3516) tier2_loss: 0.0024 (0.3004) time: 0.1118 data: 0.0001 max mem: 419
Epoch: [22] Total time: 0:00:43 (43.1034 s / it)
Val [ 0/62] eta: 0:00:15 loss: 6.8842 (6.8842) acc1: 0.0000 (0.0000) time: 0.2497 data: 0.1923 max mem: 419
Val [61/62] eta: 0:00:00 loss: 0.0124 (2.1664) acc1: 100.0000 (66.1290) time: 0.0234 data: 0.0001 max mem: 419
Val Total time: 0:00:01 (1.9475 s / it)
* Acc@1 66.129 loss 2.166 auroc 0.724 f1_score 0.566
  per-class F1 (Val): {'benign': np.float32(0.821), 'atypical': np.float32(0.182), 'malignant': np.float32(0.696)}
  [DIAG] Tier1 сам по собі: acc=65.524 f1_macro=0.555
Test [ 0/86] eta: 0:00:17 loss: 0.1772 (0.1772) acc1: 100.0000 (100.0000) time: 0.2010 data: 0.1309 max mem: 419
Test [85/86] eta: 0:00:00 loss: 0.0255 (1.5436) acc1: 100.0000 (65.1163) time: 0.0227 data: 0.0001 max mem: 419
Test Total time: 0:00:02 (2.4943 s / it)
* Acc@1 65.116 loss 1.544 auroc 0.839 f1_score 0.631
  per-class F1 (Test): {'benign': np.float32(0.727), 'atypical': np.float32(0.444), 'malignant': np.float32(0.721)}
  [DIAG] Tier1 сам по собі: acc=67.733 f1_macro=0.656

Epoch: [23] [  0/389] eta: 0:01:54 lr: 0.000014 tier1_loss: 0.0080 (0.0080) tier2_loss: 0.0028 (0.0028) time: 0.2931 data: 0.1291 max mem: 419
Epoch: [23] [100/389] eta: 0:00:30 lr: 0.000013 tier1_loss: 0.0058 (0.3183) tier2_loss: 0.0015 (0.2683) time: 0.1012 data: 0.0001 max mem: 419
Epoch: [23] [200/389] eta: 0:00:19 lr: 0.000012 tier1_loss: 0.0472 (0.2855) tier2_loss: 0.0037 (0.2445) time: 0.1013 data: 0.0001 max mem: 419
Epoch: [23] [300/389] eta: 0:00:09 lr: 0.000011 tier1_loss: 0.0112 (0.3459) tier2_loss: 0.0026 (0.2804) time: 0.1081 data: 0.0001 max mem: 419
Epoch: [23] [388/389] eta: 0:00:00 lr: 0.000010 tier1_loss: 0.0144 (0.3248) tier2_loss: 0.0025 (0.2642) time: 0.1063 data: 0.0001 max mem: 419
Epoch: [23] Total time: 0:00:41 (41.6580 s / it)
Val [ 0/62] eta: 0:00:13 loss: 6.7144 (6.7144) acc1: 0.0000 (0.0000) time: 0.2231 data: 0.1557 max mem: 419
Val [61/62] eta: 0:00:00 loss: 0.0114 (2.2035) acc1: 100.0000 (66.1290) time: 0.0235 data: 0.0001 max mem: 419
Val Total time: 0:00:01 (1.9569 s / it)
* Acc@1 66.129 loss 2.204 auroc 0.728 f1_score 0.569
  per-class F1 (Val): {'benign': np.float32(0.821), 'atypical': np.float32(0.174), 'malignant': np.float32(0.711)}
  [DIAG] Tier1 сам по собі: acc=66.331 f1_macro=0.561
Test [ 0/86] eta: 0:00:19 loss: 0.0062 (0.0062) acc1: 100.0000 (100.0000) time: 0.2300 data: 0.1714 max mem: 419
Test [85/86] eta: 0:00:00 loss: 0.0150 (1.5777) acc1: 100.0000 (67.4419) time: 0.0247 data: 0.0001 max mem: 419
Test Total time: 0:00:02 (2.6415 s / it)
* Acc@1 67.442 loss 1.578 auroc 0.839 f1_score 0.651
  per-class F1 (Test): {'benign': np.float32(0.758), 'atypical': np.float32(0.455), 'malignant': np.float32(0.742)}
  [DIAG] Tier1 сам по собі: acc=66.860 f1_macro=0.653

Epoch: [24] [  0/389] eta: 0:01:45 lr: 0.000010 tier1_loss: 0.0035 (0.0035) tier2_loss: 0.0015 (0.0015) time: 0.2712 data: 0.1244 max mem: 419
Epoch: [24] [100/389] eta: 0:00:33 lr: 0.000010 tier1_loss: 0.0106 (0.3291) tier2_loss: 0.0025 (0.2523) time: 0.1265 data: 0.0001 max mem: 419
Epoch: [24] [200/389] eta: 0:00:21 lr: 0.000009 tier1_loss: 0.0116 (0.4112) tier2_loss: 0.0038 (0.2803) time: 0.1088 data: 0.0001 max mem: 419
Epoch: [24] [300/389] eta: 0:00:10 lr: 0.000008 tier1_loss: 0.0171 (0.3581) tier2_loss: 0.0033 (0.2628) time: 0.1287 data: 0.0001 max mem: 419
Epoch: [24] [388/389] eta: 0:00:00 lr: 0.000008 tier1_loss: 0.0123 (0.3297) tier2_loss: 0.0015 (0.2364) time: 0.1008 data: 0.0001 max mem: 419
Epoch: [24] Total time: 0:00:45 (45.0315 s / it)
Val [ 0/62] eta: 0:00:13 loss: 7.3619 (7.3619) acc1: 0.0000 (0.0000) time: 0.2119 data: 0.1602 max mem: 419
Val [61/62] eta: 0:00:00 loss: 0.0080 (2.1997) acc1: 100.0000 (66.1290) time: 0.0251 data: 0.0001 max mem: 419
Val Total time: 0:00:02 (2.0259 s / it)
* Acc@1 66.129 loss 2.200 auroc 0.737 f1_score 0.572
  per-class F1 (Val): {'benign': np.float32(0.821), 'atypical': np.float32(0.167), 'malignant': np.float32(0.727)}
  [DIAG] Tier1 сам по собі: acc=66.935 f1_macro=0.570
Test [ 0/86] eta: 0:00:15 loss: 0.0074 (0.0074) acc1: 100.0000 (100.0000) time: 0.1752 data: 0.1369 max mem: 419
Test [85/86] eta: 0:00:00 loss: 0.0076 (1.6739) acc1: 100.0000 (69.7674) time: 0.0345 data: 0.0001 max mem: 419
Test Total time: 0:00:03 (3.3175 s / it)
* Acc@1 69.767 loss 1.674 auroc 0.841 f1_score 0.682
  per-class F1 (Test): {'benign': np.float32(0.758), 'atypical': np.float32(0.522), 'malignant': np.float32(0.767)}
  [DIAG] Tier1 сам по собі: acc=66.715 f1_macro=0.651

Epoch: [25] [  0/389] eta: 0:02:25 lr: 0.000008 tier1_loss: 2.8182 (2.8182) tier2_loss: 4.0894 (4.0894) time: 0.3732 data: 0.1779 max mem: 419
Epoch: [25] [100/389] eta: 0:00:38 lr: 0.000007 tier1_loss: 0.0106 (0.3817) tier2_loss: 0.0011 (0.3480) time: 0.1183 data: 0.0001 max mem: 419
Epoch: [25] [200/389] eta: 0:00:23 lr: 0.000006 tier1_loss: 0.0188 (0.3508) tier2_loss: 0.0015 (0.2762) time: 0.1085 data: 0.0001 max mem: 419
Epoch: [25] [300/389] eta: 0:00:10 lr: 0.000006 tier1_loss: 0.0081 (0.3349) tier2_loss: 0.0007 (0.2406) time: 0.1162 data: 0.0001 max mem: 419
Epoch: [25] [388/389] eta: 0:00:00 lr: 0.000005 tier1_loss: 0.0300 (0.3228) tier2_loss: 0.0024 (0.2347) time: 0.1251 data: 0.0001 max mem: 419
Epoch: [25] Total time: 0:00:47 (47.1352 s / it)
Val [ 0/62] eta: 0:00:15 loss: 7.0907 (7.0907) acc1: 0.0000 (0.0000) time: 0.2487 data: 0.1793 max mem: 419
Val [61/62] eta: 0:00:00 loss: 0.0104 (2.1215) acc1: 100.0000 (67.7419) time: 0.0236 data: 0.0001 max mem: 419
Val Total time: 0:00:02 (2.4390 s / it)
* Acc@1 67.742 loss 2.121 auroc 0.750 f1_score 0.602
  per-class F1 (Val): {'benign': np.float32(0.821), 'atypical': np.float32(0.24), 'malignant': np.float32(0.744)}
  [DIAG] Tier1 сам по собі: acc=66.331 f1_macro=0.568
Test [ 0/86] eta: 0:00:15 loss: 0.0137 (0.0137) acc1: 100.0000 (100.0000) time: 0.1796 data: 0.1294 max mem: 419
Test [85/86] eta: 0:00:00 loss: 0.0070 (1.6021) acc1: 100.0000 (68.6047) time: 0.0257 data: 0.0001 max mem: 419
Test Total time: 0:00:02 (2.5553 s / it)
* Acc@1 68.605 loss 1.602 auroc 0.843 f1_score 0.671
  per-class F1 (Test): {'benign': np.float32(0.758), 'atypical': np.float32(0.511), 'malignant': np.float32(0.746)}
  [DIAG] Tier1 сам по собі: acc=66.715 f1_macro=0.652

Epoch: [26] [  0/389] eta: 0:02:07 lr: 0.000005 tier1_loss: 0.0060 (0.0060) tier2_loss: 0.0081 (0.0081) time: 0.3276 data: 0.1888 max mem: 419
Epoch: [26] [100/389] eta: 0:00:34 lr: 0.000005 tier1_loss: 0.0059 (0.2296) tier2_loss: 0.0009 (0.1730) time: 0.1121 data: 0.0001 max mem: 419
Epoch: [26] [200/389] eta: 0:00:21 lr: 0.000004 tier1_loss: 0.0066 (0.3179) tier2_loss: 0.0005 (0.2216) time: 0.1147 data: 0.0001 max mem: 419
Epoch: [26] [300/389] eta: 0:00:10 lr: 0.000004 tier1_loss: 0.0040 (0.2717) tier2_loss: 0.0005 (0.1906) time: 0.1390 data: 0.0001 max mem: 419
Epoch: [26] [388/389] eta: 0:00:00 lr: 0.000003 tier1_loss: 0.0061 (0.3168) tier2_loss: 0.0016 (0.2304) time: 0.1068 data: 0.0001 max mem: 419
Epoch: [26] Total time: 0:00:45 (45.7147 s / it)
Val [ 0/62] eta: 0:00:12 loss: 7.6975 (7.6975) acc1: 0.0000 (0.0000) time: 0.2022 data: 0.1548 max mem: 419
Val [61/62] eta: 0:00:00 loss: 0.0106 (2.2506) acc1: 100.0000 (66.1290) time: 0.0233 data: 0.0001 max mem: 419
Val Total time: 0:00:01 (1.8938 s / it)
* Acc@1 66.129 loss 2.251 auroc 0.738 f1_score 0.569
  per-class F1 (Val): {'benign': np.float32(0.821), 'atypical': np.float32(0.174), 'malignant': np.float32(0.711)}
  [DIAG] Tier1 сам по собі: acc=66.532 f1_macro=0.553
Test [ 0/86] eta: 0:00:15 loss: 0.0111 (0.0111) acc1: 100.0000 (100.0000) time: 0.1837 data: 0.1448 max mem: 419
Test [85/86] eta: 0:00:00 loss: 0.0076 (1.6535) acc1: 100.0000 (67.4419) time: 0.0250 data: 0.0001 max mem: 419
Test Total time: 0:00:02 (2.6547 s / it)
* Acc@1 67.442 loss 1.654 auroc 0.827 f1_score 0.656
  per-class F1 (Test): {'benign': np.float32(0.746), 'atypical': np.float32(0.489), 'malignant': np.float32(0.733)}
  [DIAG] Tier1 сам по собі: acc=66.715 f1_macro=0.648

Epoch: [27] [  0/389] eta: 0:02:07 lr: 0.000003 tier1_loss: 0.0004 (0.0004) tier2_loss: 0.0001 (0.0001) time: 0.3280 data: 0.1540 max mem: 419
Epoch: [27] [100/389] eta: 0:00:38 lr: 0.000003 tier1_loss: 0.0120 (0.3398) tier2_loss: 0.0019 (0.1760) time: 0.1365 data: 0.0001 max mem: 419
Epoch: [27] [200/389] eta: 0:00:24 lr: 0.000003 tier1_loss: 0.0092 (0.3541) tier2_loss: 0.0011 (0.2669) time: 0.1296 data: 0.0001 max mem: 419
Epoch: [27] [300/389] eta: 0:00:11 lr: 0.000002 tier1_loss: 0.0126 (0.3046) tier2_loss: 0.0024 (0.2237) time: 0.1097 data: 0.0001 max mem: 419
Epoch: [27] [388/389] eta: 0:00:00 lr: 0.000002 tier1_loss: 0.0143 (0.3160) tier2_loss: 0.0014 (0.2245) time: 0.1075 data: 0.0001 max mem: 419
Epoch: [27] Total time: 0:00:48 (48.8295 s / it)
Val [ 0/62] eta: 0:00:13 loss: 7.6764 (7.6764) acc1: 0.0000 (0.0000) time: 0.2194 data: 0.1571 max mem: 419
Val [61/62] eta: 0:00:00 loss: 0.0117 (2.2887) acc1: 100.0000 (66.1290) time: 0.0322 data: 0.0001 max mem: 419
Val Total time: 0:00:02 (2.3134 s / it)
* Acc@1 66.129 loss 2.289 auroc 0.736 f1_score 0.569
  per-class F1 (Val): {'benign': np.float32(0.821), 'atypical': np.float32(0.174), 'malignant': np.float32(0.711)}
  [DIAG] Tier1 сам по собі: acc=66.734 f1_macro=0.568
Test [ 0/86] eta: 0:00:19 loss: 0.0067 (0.0067) acc1: 100.0000 (100.0000) time: 0.2236 data: 0.1637 max mem: 419
Test [85/86] eta: 0:00:00 loss: 0.0105 (1.6459) acc1: 100.0000 (68.6047) time: 0.0354 data: 0.0001 max mem: 419
Test Total time: 0:00:03 (3.6054 s / it)
* Acc@1 68.605 loss 1.646 auroc 0.833 f1_score 0.667
  per-class F1 (Test): {'benign': np.float32(0.769), 'atypical': np.float32(0.478), 'malignant': np.float32(0.754)}
  [DIAG] Tier1 сам по собі: acc=67.587 f1_macro=0.660

Epoch: [28] [  0/389] eta: 0:02:23 lr: 0.000002 tier1_loss: 0.0033 (0.0033) tier2_loss: 0.0007 (0.0007) time: 0.3677 data: 0.2036 max mem: 419
Epoch: [28] [100/389] eta: 0:00:35 lr: 0.000002 tier1_loss: 0.0180 (0.2429) tier2_loss: 0.0019 (0.1419) time: 0.1234 data: 0.0001 max mem: 419
Epoch: [28] [200/389] eta: 0:00:23 lr: 0.000002 tier1_loss: 0.0057 (0.2716) tier2_loss: 0.0012 (0.1803) time: 0.1252 data: 0.0001 max mem: 419
Epoch: [28] [300/389] eta: 0:00:10 lr: 0.000001 tier1_loss: 0.0086 (0.3120) tier2_loss: 0.0007 (0.2159) time: 0.1299 data: 0.0001 max mem: 419
Epoch: [28] [388/389] eta: 0:00:00 lr: 0.000001 tier1_loss: 0.0028 (0.3071) tier2_loss: 0.0014 (0.2246) time: 0.1060 data: 0.0001 max mem: 419
Epoch: [28] Total time: 0:00:47 (47.0690 s / it)
Val [ 0/62] eta: 0:00:13 loss: 7.6376 (7.6376) acc1: 0.0000 (0.0000) time: 0.2196 data: 0.1682 max mem: 419
Val [61/62] eta: 0:00:00 loss: 0.0124 (2.2667) acc1: 100.0000 (66.1290) time: 0.0235 data: 0.0001 max mem: 419
Val Total time: 0:00:01 (1.9106 s / it)
* Acc@1 66.129 loss 2.267 auroc 0.741 f1_score 0.569
  per-class F1 (Val): {'benign': np.float32(0.821), 'atypical': np.float32(0.174), 'malignant': np.float32(0.711)}
  [DIAG] Tier1 сам по собі: acc=67.137 f1_macro=0.570
Test [ 0/86] eta: 0:00:17 loss: 0.3245 (0.3245) acc1: 100.0000 (100.0000) time: 0.2081 data: 0.1436 max mem: 419
Test [85/86] eta: 0:00:00 loss: 0.0076 (1.6399) acc1: 100.0000 (68.6047) time: 0.0257 data: 0.0001 max mem: 419
Test Total time: 0:00:02 (2.6361 s / it)
* Acc@1 68.605 loss 1.640 auroc 0.836 f1_score 0.667
  per-class F1 (Test): {'benign': np.float32(0.769), 'atypical': np.float32(0.478), 'malignant': np.float32(0.754)}
  [DIAG] Tier1 сам по собі: acc=67.878 f1_macro=0.662

Epoch: [29] [  0/389] eta: 0:01:59 lr: 0.000001 tier1_loss: 0.0037 (0.0037) tier2_loss: 0.0004 (0.0004) time: 0.3063 data: 0.1482 max mem: 419
Epoch: [29] [100/389] eta: 0:00:33 lr: 0.000001 tier1_loss: 0.0199 (0.4088) tier2_loss: 0.0018 (0.2822) time: 0.1162 data: 0.0001 max mem: 419
Epoch: [29] [200/389] eta: 0:00:22 lr: 0.000001 tier1_loss: 0.0103 (0.3296) tier2_loss: 0.0003 (0.2376) time: 0.1302 data: 0.0001 max mem: 419
Epoch: [29] [300/389] eta: 0:00:10 lr: 0.000001 tier1_loss: 0.0189 (0.3535) tier2_loss: 0.0016 (0.2277) time: 0.1079 data: 0.0001 max mem: 419
Epoch: [29] [388/389] eta: 0:00:00 lr: 0.000001 tier1_loss: 0.0079 (0.3146) tier2_loss: 0.0008 (0.2169) time: 0.1085 data: 0.0001 max mem: 419
Epoch: [29] Total time: 0:00:45 (45.1553 s / it)
Val [ 0/62] eta: 0:00:15 loss: 8.3165 (8.3165) acc1: 0.0000 (0.0000) time: 0.2425 data: 0.1671 max mem: 419
Val [61/62] eta: 0:00:00 loss: 0.0117 (2.2680) acc1: 100.0000 (66.1290) time: 0.0239 data: 0.0001 max mem: 419
Val Total time: 0:00:01 (1.9724 s / it)
* Acc@1 66.129 loss 2.268 auroc 0.730 f1_score 0.569
  per-class F1 (Val): {'benign': np.float32(0.821), 'atypical': np.float32(0.174), 'malignant': np.float32(0.711)}
  [DIAG] Tier1 сам по собі: acc=66.532 f1_macro=0.571
wandb: 
wandb: Run history:
wandb: diag/test_tier1_acc ▁▂▂▂▅▅▆▅▃▇▂▇▅▇▇▇▇▇▇█▇██▇▇▇▇██▇
wandb:  diag/test_tier1_f1 ▁▁▁▁▂▂▅▆▃▆▂▇▅▇▇▇▇▇▇█▇█████▇██▇
wandb:       perf/test_auc ▁▃▂▂▅▆▆▆▅▇▃▇▆▇█▇▇▇██▇▇▇▇▇▇▆▇▇▇
wandb:        perf/test_f1 ▂▁▁▁▃▅▇▆▄▅▂█▅██▇▇▇▇██▇▇▇██▇███
wandb:        perf/val_auc █▃▁▁▅▆▅▇▇▇▅█▅▆█▅▆▇▆▇▅▅▄▄▅▆▅▅▅▅
wandb:         perf/val_f1 ▃▄▃▁▆▅▅█▄█▃▆▇▆▆▆▆▅▄▆▆▆▆▆▆▇▆▆▆▆
wandb:          tier1_loss ▄▂▂▁█▁▁▁▆▁▁▁▂▁▁▁▁▁▁▁▁▇▁▆▁▁▁▆▁▁▁▁▁▁▁▁▁▁▁▁
wandb:          tier2_loss ▁▁▁▁▁▁▁▁▁▁▁▂▁▁▁▆▁▁▁█▁▁▃▁▁▁▁▁▁▁▁▁▁▁▁▁▁▁▁▁
wandb: 
wandb: Run summary:
wandb: diag/test_tier1_acc 66.27907
wandb:  diag/test_tier1_f1 0.64439
wandb:       perf/test_auc 0.8346
wandb:        perf/test_f1 0.66685
wandb:        perf/val_auc 0.72963
wandb:         perf/val_f1 0.56882
wandb:          tier1_loss 0.03549
wandb:          tier2_loss 0.00291
wandb: 
wandb: You can sync this run to the cloud by running:
wandb: wandb sync /data/bohatyrenko1/EXPERIMENTS_2/Hi-MoE_MIL/wandb/offline-run-20260927_083017-znqtrhqg
wandb: Find logs at: ./wandb/offline-run-20260927_083017-znqtrhqg/logs
Test [ 0/86] eta: 0:00:16 loss: 0.3355 (0.3355) acc1: 100.0000 (100.0000) time: 0.1880 data: 0.1402 max mem: 419
Test [85/86] eta: 0:00:00 loss: 0.0097 (1.6441) acc1: 100.0000 (68.6047) time: 0.0240 data: 0.0001 max mem: 419
Test Total time: 0:00:02 (2.5620 s / it)
* Acc@1 68.605 loss 1.644 auroc 0.835 f1_score 0.667
  per-class F1 (Test): {'benign': np.float32(0.758), 'atypical': np.float32(0.489), 'malignant': np.float32(0.754)}
  [DIAG] Tier1 сам по собі: acc=66.279 f1_macro=0.644

============================================================
FINAL EPOCH (29) RESULTS (DTFD-ASMIL v2):
  test_auc=0.8346 test_acc=68.60 test_f1(macro)=0.6669
  [DIAG] Tier1 сам по собі: acc=66.279 f1_macro=0.644
  test per-class F1: {'benign': np.float32(0.758), 'atypical': np.float32(0.489), 'malignant': np.float32(0.754)}
  test confusion matrix (rows=true, cols=pred):
            benign    atypical   malignant
  benign         25           4           2
atypical          8          11           4
malignant          2           7          23
============================================================
Best epoch: {'epoch': 9, 'val_f1': 0.665515661239624, 'val_auc': 0.7842445373535156, 'test_f1': 0.5718714594841003, 'test_auc': 0.8285318613052368}
