wandb: Tracking run with wandb version 0.28.0
wandb: W&B syncing is set to `offline` in this directory. Run `wandb online` or set WANDB_MODE=online to enable cloud syncing.
wandb: Run data is saved locally in /data/bohatyrenko1/EXPERIMENTS_2/Hi-MoE_MIL/wandb/offline-run-20260927_144747-7wz829dn
wandb: View this run in the terminal with `wandb leet`
Used config (DTFD-ASMIL v2):
{'B': 1,
 'D_feat': 1536,
 'D_inner': 768,
 'M': None,
 'ckpt_dir': 'ckpt/bracs_dtfd_v2_uni2h_seed4',
 'config': 'config/bracs_uni2h_config.yml',
 'dataset': 'bracs',
 'lr': 0.0001,
 'min_lr': 1e-06,
 'n_class': 3,
 'n_token': 8,
 'n_worker': 4,
 'pin_memory': True,
 'pretrain': 'UNI2h',
 'seed': 4,
 'splits_dir': '/home/root_server/bohatyrenko/BRACS/splits',
 'test_dir': '/data/bohatyrenko1/features_uni2h_bracs_v2',
 'tier1_weight': 0.1,
 'tier2_D_inner': None,
 'tier2_n_heads': 4,
 'train_dir': '/data/bohatyrenko1/features_uni2h_bracs_v2',
 'train_epoch': 15,
 'wandb_mode': 'offline',
 'warmup_epoch': 5,
 'wd': 1e-05}
M (псевдо-bags) = 8, tier1_weight = 0.1
Class weights: [0.6582064032554626, 2.4935896396636963, 0.9261904954910278]
Epoch: [0] [  0/389] eta: 0:11:10 lr: 0.000000 tier1_loss: 1.0446 (1.0446) tier2_loss: 1.4045 (1.4045) time: 1.7227 data: 0.4282 max mem: 853
Epoch: [0] [100/389] eta: 0:00:56 lr: 0.000005 tier1_loss: 1.0485 (1.1488) tier2_loss: 0.4982 (1.1391) time: 0.1792 data: 0.0002 max mem: 2776
Epoch: [0] [200/389] eta: 0:00:34 lr: 0.000010 tier1_loss: 2.4238 (1.1689) tier2_loss: 0.9992 (1.2198) time: 0.1728 data: 0.0001 max mem: 2776
Epoch: [0] [300/389] eta: 0:00:15 lr: 0.000015 tier1_loss: 0.9559 (1.1516) tier2_loss: 0.1674 (1.2233) time: 0.1778 data: 0.0002 max mem: 2776
Epoch: [0] [388/389] eta: 0:00:00 lr: 0.000020 tier1_loss: 0.1320 (1.0749) tier2_loss: 0.0490 (1.1688) time: 0.1533 data: 0.0001 max mem: 2776
Epoch: [0] Total time: 0:01:08 (68.5791 s / it)
Val [ 0/62] eta: 0:00:29 loss: 0.0378 (0.0378) acc1: 100.0000 (100.0000) time: 0.4773 data: 0.3620 max mem: 2776
Val [61/62] eta: 0:00:00 loss: 0.0254 (1.7920) acc1: 100.0000 (59.6774) time: 0.0402 data: 0.0001 max mem: 2776
Val Total time: 0:00:03 (3.8149 s / it)
* Acc@1 59.677 loss 1.792 auroc 0.756 f1_score 0.434
  per-class F1 (Val): {'benign': np.float32(0.722), 'atypical': np.float32(0.0), 'malignant': np.float32(0.579)}
  [DIAG] Tier1 сам по собі: acc=60.081 f1_macro=0.441
Test [ 0/86] eta: 0:00:30 loss: 0.0248 (0.0248) acc1: 100.0000 (100.0000) time: 0.3581 data: 0.3086 max mem: 2776
Test [85/86] eta: 0:00:00 loss: 4.2538 (1.9525) acc1: 0.0000 (58.1395) time: 0.0400 data: 0.0001 max mem: 2776
Test Total time: 0:00:05 (5.0925 s / it)
* Acc@1 58.140 loss 1.952 auroc 0.749 f1_score 0.460
  per-class F1 (Test): {'benign': np.float32(0.617), 'atypical': np.float32(0.0), 'malignant': np.float32(0.764)}
  [DIAG] Tier1 сам по собі: acc=57.994 f1_macro=0.458

Epoch: [1] [  0/389] eta: 0:04:00 lr: 0.000020 tier1_loss: 0.3063 (0.3063) tier2_loss: 0.0174 (0.0174) time: 0.6170 data: 0.3880 max mem: 2776
Epoch: [1] [100/389] eta: 0:00:48 lr: 0.000025 tier1_loss: 0.1373 (0.8762) tier2_loss: 0.0574 (0.9996) time: 0.1578 data: 0.0002 max mem: 2776
Epoch: [1] [200/389] eta: 0:00:32 lr: 0.000030 tier1_loss: 0.2202 (0.8541) tier2_loss: 0.4168 (1.0721) time: 0.1713 data: 0.0002 max mem: 2776
Epoch: [1] [300/389] eta: 0:00:15 lr: 0.000035 tier1_loss: 0.0116 (0.7849) tier2_loss: 0.0426 (1.0114) time: 0.1774 data: 0.0002 max mem: 2776
Epoch: [1] [388/389] eta: 0:00:00 lr: 0.000040 tier1_loss: 0.0302 (0.7799) tier2_loss: 0.0289 (0.9707) time: 0.1607 data: 0.0001 max mem: 2776
Epoch: [1] Total time: 0:01:06 (66.0454 s / it)
Val [ 0/62] eta: 0:00:24 loss: 2.9797 (2.9797) acc1: 0.0000 (0.0000) time: 0.3971 data: 0.3385 max mem: 2776
Val [61/62] eta: 0:00:00 loss: 3.2430 (1.7479) acc1: 0.0000 (62.9032) time: 0.0407 data: 0.0001 max mem: 2776
Val Total time: 0:00:03 (3.9927 s / it)
* Acc@1 62.903 loss 1.748 auroc 0.683 f1_score 0.477
  per-class F1 (Val): {'benign': np.float32(0.776), 'atypical': np.float32(0.0), 'malignant': np.float32(0.656)}
  [DIAG] Tier1 сам по собі: acc=61.895 f1_macro=0.468
Test [ 0/86] eta: 0:00:34 loss: 3.4494 (3.4494) acc1: 0.0000 (0.0000) time: 0.4027 data: 0.3361 max mem: 2776
Test [85/86] eta: 0:00:00 loss: 2.3648 (1.8639) acc1: 0.0000 (54.6512) time: 0.0522 data: 0.0029 max mem: 2776
Test Total time: 0:00:05 (5.6201 s / it)
* Acc@1 54.651 loss 1.864 auroc 0.731 f1_score 0.418
  per-class F1 (Test): {'benign': np.float32(0.58), 'atypical': np.float32(0.0), 'malignant': np.float32(0.675)}
  [DIAG] Tier1 сам по собі: acc=53.343 f1_macro=0.409

Epoch: [2] [  0/389] eta: 0:04:33 lr: 0.000040 tier1_loss: 0.0026 (0.0026) tier2_loss: 0.0028 (0.0028) time: 0.7034 data: 0.4825 max mem: 2776
Epoch: [2] [100/389] eta: 0:00:52 lr: 0.000045 tier1_loss: 0.0083 (0.7008) tier2_loss: 0.0182 (0.8281) time: 0.1971 data: 0.0001 max mem: 2776
Epoch: [2] [200/389] eta: 0:00:33 lr: 0.000050 tier1_loss: 0.1276 (0.7537) tier2_loss: 0.1635 (0.8608) time: 0.1775 data: 0.0002 max mem: 2776
Epoch: [2] [300/389] eta: 0:00:15 lr: 0.000055 tier1_loss: 0.0495 (0.8497) tier2_loss: 0.0523 (0.9574) time: 0.1704 data: 0.0002 max mem: 2776
Epoch: [2] [388/389] eta: 0:00:00 lr: 0.000060 tier1_loss: 0.0110 (0.8011) tier2_loss: 0.0107 (0.9168) time: 0.1587 data: 0.0001 max mem: 2776
Epoch: [2] Total time: 0:01:07 (67.0736 s / it)
Val [ 0/62] eta: 0:00:23 loss: 1.6407 (1.6407) acc1: 0.0000 (0.0000) time: 0.3778 data: 0.3168 max mem: 2776
Val [61/62] eta: 0:00:00 loss: 0.0514 (1.1315) acc1: 100.0000 (67.7419) time: 0.0444 data: 0.0002 max mem: 2776
Val Total time: 0:00:04 (4.1538 s / it)
* Acc@1 67.742 loss 1.132 auroc 0.818 f1_score 0.507
  per-class F1 (Val): {'benign': np.float32(0.776), 'atypical': np.float32(0.0), 'malignant': np.float32(0.744)}
  [DIAG] Tier1 сам по собі: acc=67.339 f1_macro=0.505
Test [ 0/86] eta: 0:00:30 loss: 0.3810 (0.3810) acc1: 100.0000 (100.0000) time: 0.3597 data: 0.2906 max mem: 2776
Test [85/86] eta: 0:00:00 loss: 2.3470 (1.4682) acc1: 0.0000 (59.3023) time: 0.0393 data: 0.0001 max mem: 2776
Test Total time: 0:00:05 (5.0678 s / it)
* Acc@1 59.302 loss 1.468 auroc 0.774 f1_score 0.462
  per-class F1 (Test): {'benign': np.float32(0.635), 'atypical': np.float32(0.0), 'malignant': np.float32(0.75)}
  [DIAG] Tier1 сам по собі: acc=60.756 f1_macro=0.473

Epoch: [3] [  0/389] eta: 0:04:43 lr: 0.000060 tier1_loss: 0.1112 (0.1112) tier2_loss: 0.0754 (0.0754) time: 0.7284 data: 0.4566 max mem: 2776
Epoch: [3] [100/389] eta: 0:00:49 lr: 0.000065 tier1_loss: 0.0151 (0.5788) tier2_loss: 0.0362 (0.7424) time: 0.1730 data: 0.0001 max mem: 2776
Epoch: [3] [200/389] eta: 0:00:32 lr: 0.000070 tier1_loss: 0.0243 (0.5831) tier2_loss: 0.0389 (0.7043) time: 0.1673 data: 0.0002 max mem: 2776
Epoch: [3] [300/389] eta: 0:00:15 lr: 0.000075 tier1_loss: 0.2124 (0.6124) tier2_loss: 0.2299 (0.6952) time: 0.1715 data: 0.0001 max mem: 2776
Epoch: [3] [388/389] eta: 0:00:00 lr: 0.000080 tier1_loss: 0.0971 (0.6511) tier2_loss: 0.2342 (0.7085) time: 0.1631 data: 0.0001 max mem: 2776
Epoch: [3] Total time: 0:01:06 (66.2993 s / it)
Val [ 0/62] eta: 0:00:26 loss: 0.0654 (0.0654) acc1: 100.0000 (100.0000) time: 0.4331 data: 0.3849 max mem: 2776
Val [61/62] eta: 0:00:00 loss: 0.0600 (1.2794) acc1: 100.0000 (64.5161) time: 0.0414 data: 0.0001 max mem: 2776
Val Total time: 0:00:03 (3.9984 s / it)
* Acc@1 64.516 loss 1.279 auroc 0.857 f1_score 0.492
  per-class F1 (Val): {'benign': np.float32(0.711), 'atypical': np.float32(0.0), 'malignant': np.float32(0.765)}
  [DIAG] Tier1 сам по собі: acc=63.306 f1_macro=0.472
Test [ 0/86] eta: 0:00:34 loss: 0.0630 (0.0630) acc1: 100.0000 (100.0000) time: 0.4021 data: 0.3553 max mem: 2776
Test [85/86] eta: 0:00:00 loss: 2.8683 (1.3849) acc1: 0.0000 (61.6279) time: 0.0683 data: 0.0147 max mem: 2776
Test Total time: 0:00:05 (5.8531 s / it)
* Acc@1 61.628 loss 1.385 auroc 0.831 f1_score 0.489
  per-class F1 (Test): {'benign': np.float32(0.645), 'atypical': np.float32(0.0), 'malignant': np.float32(0.821)}
  [DIAG] Tier1 сам по собі: acc=62.791 f1_macro=0.496

Epoch: [4] [  0/389] eta: 0:04:46 lr: 0.000080 tier1_loss: 0.0822 (0.0822) tier2_loss: 0.0578 (0.0578) time: 0.7353 data: 0.4572 max mem: 2776
Epoch: [4] [100/389] eta: 0:00:50 lr: 0.000085 tier1_loss: 0.0080 (0.5324) tier2_loss: 0.0036 (0.7213) time: 0.1700 data: 0.0001 max mem: 2776
Epoch: [4] [200/389] eta: 0:00:32 lr: 0.000090 tier1_loss: 0.0728 (0.5294) tier2_loss: 0.1043 (0.7178) time: 0.1584 data: 0.0001 max mem: 2776
Epoch: [4] [300/389] eta: 0:00:15 lr: 0.000095 tier1_loss: 0.0425 (0.6148) tier2_loss: 0.0525 (0.7262) time: 0.1698 data: 0.0002 max mem: 2776
Epoch: [4] [388/389] eta: 0:00:00 lr: 0.000100 tier1_loss: 0.0300 (0.6607) tier2_loss: 0.0752 (0.7774) time: 0.1617 data: 0.0001 max mem: 2776
Epoch: [4] Total time: 0:01:06 (66.7894 s / it)
Val [ 0/62] eta: 0:00:25 loss: 3.3925 (3.3925) acc1: 0.0000 (0.0000) time: 0.4141 data: 0.3683 max mem: 2776
Val [61/62] eta: 0:00:00 loss: 0.0326 (1.0530) acc1: 100.0000 (69.3548) time: 0.0437 data: 0.0001 max mem: 2776
Val Total time: 0:00:03 (3.9668 s / it)
* Acc@1 69.355 loss 1.053 auroc 0.827 f1_score 0.520
  per-class F1 (Val): {'benign': np.float32(0.814), 'atypical': np.float32(0.0), 'malignant': np.float32(0.745)}
  [DIAG] Tier1 сам по собі: acc=67.540 f1_macro=0.505
Test [ 0/86] eta: 0:00:33 loss: 0.0299 (0.0299) acc1: 100.0000 (100.0000) time: 0.3875 data: 0.3429 max mem: 2776
Test [85/86] eta: 0:00:00 loss: 1.9387 (1.1335) acc1: 0.0000 (63.9535) time: 0.0381 data: 0.0002 max mem: 2776
Test Total time: 0:00:04 (4.9137 s / it)
* Acc@1 63.953 loss 1.134 auroc 0.815 f1_score 0.492
  per-class F1 (Test): {'benign': np.float32(0.732), 'atypical': np.float32(0.0), 'malignant': np.float32(0.744)}
  [DIAG] Tier1 сам по собі: acc=67.442 f1_macro=0.523

Epoch: [5] [  0/389] eta: 0:06:40 lr: 0.000100 tier1_loss: 3.5605 (3.5605) tier2_loss: 3.4342 (3.4342) time: 1.0307 data: 0.7424 max mem: 2776
Epoch: [5] [100/389] eta: 0:00:49 lr: 0.000100 tier1_loss: 0.0242 (0.5179) tier2_loss: 0.0377 (0.6402) time: 0.1503 data: 0.0001 max mem: 2776
Epoch: [5] [200/389] eta: 0:00:32 lr: 0.000099 tier1_loss: 0.0253 (0.5258) tier2_loss: 0.0580 (0.6130) time: 0.1689 data: 0.0001 max mem: 2776
Epoch: [5] [300/389] eta: 0:00:15 lr: 0.000099 tier1_loss: 0.1248 (0.6116) tier2_loss: 0.2651 (0.7225) time: 0.1845 data: 0.0001 max mem: 2776
Epoch: [5] [388/389] eta: 0:00:00 lr: 0.000098 tier1_loss: 0.0335 (0.6112) tier2_loss: 0.0301 (0.7396) time: 0.1535 data: 0.0001 max mem: 2776
Epoch: [5] Total time: 0:01:06 (66.3075 s / it)
Val [ 0/62] eta: 0:00:24 loss: 6.6336 (6.6336) acc1: 0.0000 (0.0000) time: 0.3871 data: 0.3403 max mem: 2776
Val [61/62] eta: 0:00:00 loss: 0.0639 (1.2641) acc1: 100.0000 (69.3548) time: 0.0418 data: 0.0001 max mem: 2776
Val Total time: 0:00:03 (3.9110 s / it)
* Acc@1 69.355 loss 1.264 auroc 0.801 f1_score 0.518
  per-class F1 (Val): {'benign': np.float32(0.82), 'atypical': np.float32(0.0), 'malignant': np.float32(0.735)}
  [DIAG] Tier1 сам по собі: acc=68.548 f1_macro=0.523
Test [ 0/86] eta: 0:00:29 loss: 0.0629 (0.0629) acc1: 100.0000 (100.0000) time: 0.3450 data: 0.2916 max mem: 2776
Test [85/86] eta: 0:00:00 loss: 2.8449 (1.1580) acc1: 0.0000 (68.6047) time: 0.0486 data: 0.0057 max mem: 2776
Test Total time: 0:00:05 (5.1475 s / it)
* Acc@1 68.605 loss 1.158 auroc 0.828 f1_score 0.528
  per-class F1 (Test): {'benign': np.float32(0.789), 'atypical': np.float32(0.0), 'malignant': np.float32(0.795)}
  [DIAG] Tier1 сам по собі: acc=67.442 f1_macro=0.539

Epoch: [6] [  0/389] eta: 0:03:04 lr: 0.000098 tier1_loss: 0.0087 (0.0087) tier2_loss: 0.0213 (0.0213) time: 0.4751 data: 0.3004 max mem: 2776
Epoch: [6] [100/389] eta: 0:00:51 lr: 0.000096 tier1_loss: 0.0311 (0.5715) tier2_loss: 0.0644 (0.6056) time: 0.1578 data: 0.0001 max mem: 2776
Epoch: [6] [200/389] eta: 0:00:32 lr: 0.000095 tier1_loss: 0.0370 (0.5275) tier2_loss: 0.0339 (0.6149) time: 0.1671 data: 0.0001 max mem: 2776
Epoch: [6] [300/389] eta: 0:00:15 lr: 0.000093 tier1_loss: 0.0580 (0.5467) tier2_loss: 0.1339 (0.6766) time: 0.1727 data: 0.0001 max mem: 2776
Epoch: [6] [388/389] eta: 0:00:00 lr: 0.000091 tier1_loss: 0.0113 (0.5455) tier2_loss: 0.2142 (0.7615) time: 0.1652 data: 0.0002 max mem: 2776
Epoch: [6] Total time: 0:01:06 (66.5030 s / it)
Val [ 0/62] eta: 0:00:23 loss: 2.5578 (2.5578) acc1: 0.0000 (0.0000) time: 0.3849 data: 0.3201 max mem: 2776
Val [61/62] eta: 0:00:00 loss: 0.0132 (1.0115) acc1: 100.0000 (70.9677) time: 0.0472 data: 0.0046 max mem: 2776
Val Total time: 0:00:04 (4.0036 s / it)
* Acc@1 70.968 loss 1.012 auroc 0.836 f1_score 0.531
  per-class F1 (Val): {'benign': np.float32(0.877), 'atypical': np.float32(0.0), 'malignant': np.float32(0.717)}
  [DIAG] Tier1 сам по собі: acc=69.758 f1_macro=0.539
Test [ 0/86] eta: 0:00:34 loss: 0.0131 (0.0131) acc1: 100.0000 (100.0000) time: 0.3999 data: 0.3347 max mem: 2776
Test [85/86] eta: 0:00:00 loss: 2.6387 (1.2984) acc1: 0.0000 (66.2791) time: 0.0503 data: 0.0050 max mem: 2776
Test Total time: 0:00:05 (5.0750 s / it)
* Acc@1 66.279 loss 1.298 auroc 0.739 f1_score 0.510
  per-class F1 (Test): {'benign': np.float32(0.75), 'atypical': np.float32(0.0), 'malignant': np.float32(0.779)}
  [DIAG] Tier1 сам по собі: acc=67.151 f1_macro=0.534

Epoch: [7] [  0/389] eta: 0:03:00 lr: 0.000091 tier1_loss: 0.0109 (0.0109) tier2_loss: 0.0150 (0.0150) time: 0.4629 data: 0.2821 max mem: 2776
Epoch: [7] [100/389] eta: 0:00:49 lr: 0.000088 tier1_loss: 0.0618 (0.6668) tier2_loss: 0.0614 (0.7209) time: 0.1637 data: 0.0002 max mem: 2776
Epoch: [7] [200/389] eta: 0:00:32 lr: 0.000085 tier1_loss: 0.0213 (0.6065) tier2_loss: 0.0850 (0.6989) time: 0.1741 data: 0.0002 max mem: 2776
Epoch: [7] [300/389] eta: 0:00:15 lr: 0.000082 tier1_loss: 0.0151 (0.5641) tier2_loss: 0.0335 (0.7004) time: 0.1718 data: 0.0002 max mem: 2776
Epoch: [7] [388/389] eta: 0:00:00 lr: 0.000080 tier1_loss: 0.0070 (0.5195) tier2_loss: 0.0134 (0.6711) time: 0.1693 data: 0.0001 max mem: 2776
Epoch: [7] Total time: 0:01:06 (66.0498 s / it)
Val [ 0/62] eta: 0:00:25 loss: 4.4000 (4.4000) acc1: 0.0000 (0.0000) time: 0.4068 data: 0.3649 max mem: 2776
Val [61/62] eta: 0:00:00 loss: 0.0074 (1.3801) acc1: 100.0000 (69.3548) time: 0.0442 data: 0.0001 max mem: 2776
Val Total time: 0:00:04 (4.0523 s / it)
* Acc@1 69.355 loss 1.380 auroc 0.845 f1_score 0.518
  per-class F1 (Val): {'benign': np.float32(0.847), 'atypical': np.float32(0.0), 'malignant': np.float32(0.706)}
  [DIAG] Tier1 сам по собі: acc=67.944 f1_macro=0.509
Test [ 0/86] eta: 0:00:31 loss: 0.0071 (0.0071) acc1: 100.0000 (100.0000) time: 0.3618 data: 0.3129 max mem: 2776
Test [85/86] eta: 0:00:00 loss: 3.4181 (1.3587) acc1: 0.0000 (69.7674) time: 0.0468 data: 0.0002 max mem: 2776
Test Total time: 0:00:05 (5.3860 s / it)
* Acc@1 69.767 loss 1.359 auroc 0.850 f1_score 0.537
  per-class F1 (Test): {'benign': np.float32(0.811), 'atypical': np.float32(0.0), 'malignant': np.float32(0.8)}
  [DIAG] Tier1 сам по собі: acc=67.733 f1_macro=0.522

Epoch: [8] [  0/389] eta: 0:05:30 lr: 0.000080 tier1_loss: 0.0041 (0.0041) tier2_loss: 0.0061 (0.0061) time: 0.8488 data: 0.6158 max mem: 2776
Epoch: [8] [100/389] eta: 0:00:52 lr: 0.000076 tier1_loss: 0.0272 (0.4365) tier2_loss: 0.0316 (0.5717) time: 0.1861 data: 0.0002 max mem: 2776
Epoch: [8] [200/389] eta: 0:00:32 lr: 0.000073 tier1_loss: 0.0070 (0.5050) tier2_loss: 0.0218 (0.5903) time: 0.1639 data: 0.0001 max mem: 2776
Epoch: [8] [300/389] eta: 0:00:15 lr: 0.000069 tier1_loss: 0.0108 (0.5178) tier2_loss: 0.0580 (0.6655) time: 0.1673 data: 0.0002 max mem: 2776
Epoch: [8] [388/389] eta: 0:00:00 lr: 0.000066 tier1_loss: 0.0090 (0.5015) tier2_loss: 0.0658 (0.6579) time: 0.1643 data: 0.0001 max mem: 2776
Epoch: [8] Total time: 0:01:06 (66.7844 s / it)
Val [ 0/62] eta: 0:00:22 loss: 0.5422 (0.5422) acc1: 100.0000 (100.0000) time: 0.3707 data: 0.3247 max mem: 2776
Val [61/62] eta: 0:00:00 loss: 0.1049 (1.0050) acc1: 100.0000 (67.7419) time: 0.0427 data: 0.0001 max mem: 2776
Val Total time: 0:00:03 (3.9671 s / it)
* Acc@1 67.742 loss 1.005 auroc 0.819 f1_score 0.505
  per-class F1 (Val): {'benign': np.float32(0.788), 'atypical': np.float32(0.0), 'malignant': np.float32(0.727)}
  [DIAG] Tier1 сам по собі: acc=69.960 f1_macro=0.564
Test [ 0/86] eta: 0:00:34 loss: 0.1046 (0.1046) acc1: 100.0000 (100.0000) time: 0.3966 data: 0.3244 max mem: 2776
Test [85/86] eta: 0:00:00 loss: 2.0976 (0.9961) acc1: 0.0000 (65.1163) time: 0.0453 data: 0.0002 max mem: 2776
Test Total time: 0:00:05 (5.4866 s / it)
* Acc@1 65.116 loss 0.996 auroc 0.884 f1_score 0.508
  per-class F1 (Test): {'benign': np.float32(0.698), 'atypical': np.float32(0.0), 'malignant': np.float32(0.825)}
  [DIAG] Tier1 сам по собі: acc=67.151 f1_macro=0.553

Epoch: [9] [  0/389] eta: 0:04:11 lr: 0.000066 tier1_loss: 0.0293 (0.0293) tier2_loss: 0.0902 (0.0902) time: 0.6459 data: 0.4524 max mem: 2776
Epoch: [9] [100/389] eta: 0:00:49 lr: 0.000062 tier1_loss: 0.0058 (0.4513) tier2_loss: 0.0291 (0.5519) time: 0.1701 data: 0.0001 max mem: 2776
Epoch: [9] [200/389] eta: 0:00:32 lr: 0.000058 tier1_loss: 0.0128 (0.4135) tier2_loss: 0.0222 (0.5168) time: 0.1837 data: 0.0002 max mem: 2776
Epoch: [9] [300/389] eta: 0:00:15 lr: 0.000054 tier1_loss: 0.0176 (0.4616) tier2_loss: 0.0351 (0.6002) time: 0.1638 data: 0.0001 max mem: 2776
Epoch: [9] [388/389] eta: 0:00:00 lr: 0.000051 tier1_loss: 0.0156 (0.4623) tier2_loss: 0.0593 (0.5894) time: 0.1490 data: 0.0001 max mem: 2776
Epoch: [9] Total time: 0:01:06 (66.3505 s / it)
Val [ 0/62] eta: 0:00:27 loss: 5.1770 (5.1770) acc1: 0.0000 (0.0000) time: 0.4485 data: 0.4023 max mem: 2776
Val [61/62] eta: 0:00:00 loss: 0.0595 (1.2514) acc1: 100.0000 (69.3548) time: 0.0404 data: 0.0001 max mem: 2776
Val Total time: 0:00:04 (4.1059 s / it)
* Acc@1 69.355 loss 1.251 auroc 0.790 f1_score 0.518
  per-class F1 (Val): {'benign': np.float32(0.82), 'atypical': np.float32(0.0), 'malignant': np.float32(0.735)}
  [DIAG] Tier1 сам по собі: acc=68.750 f1_macro=0.551
Test [ 0/86] eta: 0:00:30 loss: 0.0590 (0.0590) acc1: 100.0000 (100.0000) time: 0.3549 data: 0.3045 max mem: 2776
Test [85/86] eta: 0:00:00 loss: 1.4164 (1.0454) acc1: 0.0000 (68.6047) time: 0.0530 data: 0.0060 max mem: 2776
Test Total time: 0:00:06 (6.0551 s / it)
* Acc@1 68.605 loss 1.045 auroc 0.868 f1_score 0.529
  per-class F1 (Test): {'benign': np.float32(0.769), 'atypical': np.float32(0.0), 'malignant': np.float32(0.817)}
  [DIAG] Tier1 сам по собі: acc=68.459 f1_macro=0.587

Epoch: [10] [  0/389] eta: 0:06:13 lr: 0.000051 tier1_loss: 0.0076 (0.0076) tier2_loss: 0.0543 (0.0543) time: 0.9601 data: 0.6999 max mem: 2776
Epoch: [10] [100/389] eta: 0:00:50 lr: 0.000047 tier1_loss: 0.0419 (0.4016) tier2_loss: 0.0469 (0.6212) time: 0.1615 data: 0.0001 max mem: 2776
Epoch: [10] [200/389] eta: 0:00:31 lr: 0.000043 tier1_loss: 0.0088 (0.4269) tier2_loss: 0.0340 (0.5529) time: 0.1598 data: 0.0001 max mem: 2776
Epoch: [10] [300/389] eta: 0:00:15 lr: 0.000039 tier1_loss: 0.0171 (0.4424) tier2_loss: 0.0378 (0.5949) time: 0.1791 data: 0.0002 max mem: 2776
Epoch: [10] [388/389] eta: 0:00:00 lr: 0.000035 tier1_loss: 0.0119 (0.4464) tier2_loss: 0.0443 (0.5858) time: 0.1765 data: 0.0001 max mem: 2776
Epoch: [10] Total time: 0:01:06 (66.6831 s / it)
Val [ 0/62] eta: 0:00:25 loss: 1.4248 (1.4248) acc1: 0.0000 (0.0000) time: 0.4062 data: 0.3506 max mem: 2776
Val [61/62] eta: 0:00:00 loss: 0.0440 (1.2828) acc1: 100.0000 (67.7419) time: 0.0425 data: 0.0002 max mem: 2776
Val Total time: 0:00:03 (3.9170 s / it)
* Acc@1 67.742 loss 1.283 auroc 0.814 f1_score 0.506
  per-class F1 (Val): {'benign': np.float32(0.794), 'atypical': np.float32(0.0), 'malignant': np.float32(0.723)}
  [DIAG] Tier1 сам по собі: acc=68.145 f1_macro=0.514
Test [ 0/86] eta: 0:00:30 loss: 0.0441 (0.0441) acc1: 100.0000 (100.0000) time: 0.3601 data: 0.2934 max mem: 2776
Test [85/86] eta: 0:00:00 loss: 1.0185 (1.0146) acc1: 0.0000 (65.1163) time: 0.0523 data: 0.0026 max mem: 2776
Test Total time: 0:00:05 (5.2900 s / it)
* Acc@1 65.116 loss 1.015 auroc 0.889 f1_score 0.510
  per-class F1 (Test): {'benign': np.float32(0.706), 'atypical': np.float32(0.0), 'malignant': np.float32(0.825)}
  [DIAG] Tier1 сам по собі: acc=64.099 f1_macro=0.503

Epoch: [11] [  0/389] eta: 0:03:12 lr: 0.000035 tier1_loss: 0.0044 (0.0044) tier2_loss: 0.0083 (0.0083) time: 0.4941 data: 0.2334 max mem: 2776
Epoch: [11] [100/389] eta: 0:00:47 lr: 0.000031 tier1_loss: 0.0159 (0.3203) tier2_loss: 0.0143 (0.5521) time: 0.1534 data: 0.0001 max mem: 2776
Epoch: [11] [200/389] eta: 0:00:31 lr: 0.000028 tier1_loss: 0.0244 (0.3551) tier2_loss: 0.0400 (0.5503) time: 0.1707 data: 0.0002 max mem: 2776
Epoch: [11] [300/389] eta: 0:00:15 lr: 0.000024 tier1_loss: 0.0115 (0.3675) tier2_loss: 0.0459 (0.5600) time: 0.1775 data: 0.0002 max mem: 2776
Epoch: [11] [388/389] eta: 0:00:00 lr: 0.000021 tier1_loss: 0.0056 (0.3615) tier2_loss: 0.0269 (0.5267) time: 0.1601 data: 0.0001 max mem: 2776
Epoch: [11] Total time: 0:01:05 (65.7279 s / it)
Val [ 0/62] eta: 0:00:23 loss: 4.2689 (4.2689) acc1: 0.0000 (0.0000) time: 0.3753 data: 0.3318 max mem: 2776
Val [61/62] eta: 0:00:00 loss: 0.0323 (1.2872) acc1: 100.0000 (67.7419) time: 0.0445 data: 0.0001 max mem: 2776
Val Total time: 0:00:04 (4.0077 s / it)
* Acc@1 67.742 loss 1.287 auroc 0.804 f1_score 0.507
  per-class F1 (Val): {'benign': np.float32(0.8), 'atypical': np.float32(0.0), 'malignant': np.float32(0.72)}
  [DIAG] Tier1 сам по собі: acc=67.540 f1_macro=0.505
Test [ 0/86] eta: 0:00:29 loss: 0.0360 (0.0360) acc1: 100.0000 (100.0000) time: 0.3428 data: 0.3006 max mem: 2776
Test [85/86] eta: 0:00:00 loss: 1.5132 (0.9931) acc1: 0.0000 (67.4419) time: 0.0453 data: 0.0002 max mem: 2776
Test Total time: 0:00:05 (5.3435 s / it)
* Acc@1 67.442 loss 0.993 auroc 0.872 f1_score 0.519
  per-class F1 (Test): {'benign': np.float32(0.767), 'atypical': np.float32(0.0), 'malignant': np.float32(0.789)}
  [DIAG] Tier1 сам по собі: acc=68.314 f1_macro=0.554

Epoch: [12] [  0/389] eta: 0:03:24 lr: 0.000021 tier1_loss: 3.0074 (3.0074) tier2_loss: 1.3152 (1.3152) time: 0.5246 data: 0.2621 max mem: 2776
Epoch: [12] [100/389] eta: 0:00:47 lr: 0.000018 tier1_loss: 0.0044 (0.4539) tier2_loss: 0.0202 (0.5323) time: 0.1418 data: 0.0001 max mem: 2776
Epoch: [12] [200/389] eta: 0:00:30 lr: 0.000015 tier1_loss: 0.0139 (0.3545) tier2_loss: 0.0277 (0.4377) time: 0.1843 data: 0.0002 max mem: 2776
Epoch: [12] [300/389] eta: 0:00:14 lr: 0.000013 tier1_loss: 0.0026 (0.2895) tier2_loss: 0.0160 (0.3886) time: 0.1767 data: 0.0002 max mem: 2776
Epoch: [12] [388/389] eta: 0:00:00 lr: 0.000010 tier1_loss: 0.0073 (0.3266) tier2_loss: 0.0065 (0.4672) time: 0.1695 data: 0.0001 max mem: 2776
Epoch: [12] Total time: 0:01:05 (65.1648 s / it)
Val [ 0/62] eta: 0:00:24 loss: 2.5101 (2.5101) acc1: 0.0000 (0.0000) time: 0.3888 data: 0.3476 max mem: 2776
Val [61/62] eta: 0:00:00 loss: 0.0485 (1.3533) acc1: 100.0000 (69.3548) time: 0.0430 data: 0.0001 max mem: 2776
Val Total time: 0:00:03 (3.9802 s / it)
* Acc@1 69.355 loss 1.353 auroc 0.802 f1_score 0.587
  per-class F1 (Val): {'benign': np.float32(0.8), 'atypical': np.float32(0.222), 'malignant': np.float32(0.739)}
  [DIAG] Tier1 сам по собі: acc=67.944 f1_macro=0.562
Test [ 0/86] eta: 0:00:28 loss: 0.1660 (0.1660) acc1: 100.0000 (100.0000) time: 0.3334 data: 0.2907 max mem: 2776
Test [85/86] eta: 0:00:00 loss: 0.2990 (0.8719) acc1: 100.0000 (75.5814) time: 0.0395 data: 0.0001 max mem: 2776
Test Total time: 0:00:05 (5.1396 s / it)
* Acc@1 75.581 loss 0.872 auroc 0.870 f1_score 0.736
  per-class F1 (Test): {'benign': np.float32(0.789), 'atypical': np.float32(0.571), 'malignant': np.float32(0.847)}
  [DIAG] Tier1 сам по собі: acc=69.622 f1_macro=0.652

Epoch: [13] [  0/389] eta: 0:04:26 lr: 0.000010 tier1_loss: 0.1168 (0.1168) tier2_loss: 0.0276 (0.0276) time: 0.6852 data: 0.4364 max mem: 2776
Epoch: [13] [100/389] eta: 0:00:51 lr: 0.000008 tier1_loss: 0.0097 (0.2991) tier2_loss: 0.0217 (0.4073) time: 0.1993 data: 0.0002 max mem: 2776
Epoch: [13] [200/389] eta: 0:00:32 lr: 0.000006 tier1_loss: 0.0052 (0.2722) tier2_loss: 0.0201 (0.3463) time: 0.1612 data: 0.0002 max mem: 2776
Epoch: [13] [300/389] eta: 0:00:15 lr: 0.000005 tier1_loss: 0.0079 (0.2884) tier2_loss: 0.0044 (0.3527) time: 0.1609 data: 0.0001 max mem: 2776
Epoch: [13] [388/389] eta: 0:00:00 lr: 0.000003 tier1_loss: 0.0039 (0.2908) tier2_loss: 0.0111 (0.3697) time: 0.1923 data: 0.0001 max mem: 2776
Epoch: [13] Total time: 0:01:06 (66.4687 s / it)
Val [ 0/62] eta: 0:00:24 loss: 3.7819 (3.7819) acc1: 0.0000 (0.0000) time: 0.3952 data: 0.3361 max mem: 2776
Val [61/62] eta: 0:00:00 loss: 0.0178 (1.4082) acc1: 100.0000 (72.5806) time: 0.0467 data: 0.0001 max mem: 2776
Val Total time: 0:00:03 (3.9704 s / it)
* Acc@1 72.581 loss 1.408 auroc 0.793 f1_score 0.636
  per-class F1 (Val): {'benign': np.float32(0.82), 'atypical': np.float32(0.316), 'malignant': np.float32(0.773)}
  [DIAG] Tier1 сам по собі: acc=70.363 f1_macro=0.611
Test [ 0/86] eta: 0:00:26 loss: 0.0288 (0.0288) acc1: 100.0000 (100.0000) time: 0.3132 data: 0.2762 max mem: 2776
Test [85/86] eta: 0:00:00 loss: 0.1620 (1.0516) acc1: 100.0000 (74.4186) time: 0.0464 data: 0.0002 max mem: 2776
Test Total time: 0:00:05 (5.7592 s / it)
* Acc@1 74.419 loss 1.052 auroc 0.858 f1_score 0.716
  per-class F1 (Test): {'benign': np.float32(0.773), 'atypical': np.float32(0.526), 'malignant': np.float32(0.847)}
  [DIAG] Tier1 сам по собі: acc=71.366 f1_macro=0.674

Epoch: [14] [  0/389] eta: 0:04:13 lr: 0.000003 tier1_loss: 0.0322 (0.0322) tier2_loss: 0.0292 (0.0292) time: 0.6514 data: 0.4377 max mem: 2776
Epoch: [14] [100/389] eta: 0:00:49 lr: 0.000002 tier1_loss: 0.0782 (0.4183) tier2_loss: 0.0219 (0.4766) time: 0.1564 data: 0.0002 max mem: 2776
Epoch: [14] [200/389] eta: 0:00:31 lr: 0.000002 tier1_loss: 0.0124 (0.3597) tier2_loss: 0.0138 (0.4648) time: 0.1704 data: 0.0002 max mem: 2776
Epoch: [14] [300/389] eta: 0:00:15 lr: 0.000001 tier1_loss: 0.0040 (0.2891) tier2_loss: 0.0119 (0.3740) time: 0.1643 data: 0.0001 max mem: 2776
Epoch: [14] [388/389] eta: 0:00:00 lr: 0.000001 tier1_loss: 0.0031 (0.2745) tier2_loss: 0.0097 (0.3557) time: 0.1599 data: 0.0001 max mem: 2776
Epoch: [14] Total time: 0:01:05 (65.8323 s / it)
Val [ 0/62] eta: 0:00:24 loss: 4.0943 (4.0943) acc1: 0.0000 (0.0000) time: 0.3936 data: 0.3463 max mem: 2776
Val [61/62] eta: 0:00:00 loss: 0.0428 (1.4163) acc1: 100.0000 (70.9677) time: 0.0425 data: 0.0001 max mem: 2776
Val Total time: 0:00:03 (3.8876 s / it)
* Acc@1 70.968 loss 1.416 auroc 0.789 f1_score 0.624
  per-class F1 (Val): {'benign': np.float32(0.8), 'atypical': np.float32(0.3), 'malignant': np.float32(0.773)}
  [DIAG] Tier1 сам по собі: acc=70.766 f1_macro=0.620
wandb: 
wandb: Run history:
wandb: diag/test_tier1_acc ▃▁▄▄▆▆▆▆▆▆▅▆▇▇█
wandb:  diag/test_tier1_f1 ▂▁▃▃▄▄▄▄▄▅▃▄▇▇█
wandb:       perf/test_auc ▂▁▃▅▅▅▁▆█▇█▇▇▇▇
wandb:        perf/test_f1 ▂▁▂▃▃▃▃▄▃▃▃▃███
wandb:        perf/val_auc ▄▁▆█▇▆▇█▆▅▆▆▆▅▅
wandb:         perf/val_f1 ▁▃▄▃▄▄▄▄▃▄▃▄▆██
wandb:          tier1_loss ▁▁▁▁▁▁▁▆▅▁█▁▁▆▅▁▁▁▁▁▃▁▁▃▁▁▁▁▁▅▁▁▁▁▁▁▁▁▁▁
wandb:          tier2_loss ▃▂▁▁▁▁▁▁▁▁▁▁▁▁▁▁▁▁▇▁▁▁▁▁▁█▁▁▄▁▁▁▁▁▁▁▁▁▁▁
wandb: 
wandb: Run summary:
wandb: diag/test_tier1_acc 72.81977
wandb:  diag/test_tier1_f1 0.70073
wandb:       perf/test_auc 0.85726
wandb:        perf/test_f1 0.72648
wandb:        perf/val_auc 0.78896
wandb:         perf/val_f1 0.62424
wandb:          tier1_loss 0.00285
wandb:          tier2_loss 0.00349
wandb: 
wandb: You can sync this run to the cloud by running:
wandb: wandb sync /data/bohatyrenko1/EXPERIMENTS_2/Hi-MoE_MIL/wandb/offline-run-20260927_144747-7wz829dn
wandb: Find logs at: ./wandb/offline-run-20260927_144747-7wz829dn/logs
Test [ 0/86] eta: 0:00:33 loss: 0.5087 (0.5087) acc1: 100.0000 (100.0000) time: 0.3871 data: 0.3169 max mem: 2776
Test [85/86] eta: 0:00:00 loss: 0.1211 (1.0015) acc1: 100.0000 (74.4186) time: 0.0421 data: 0.0001 max mem: 2776
Test Total time: 0:00:05 (5.1867 s / it)
* Acc@1 74.419 loss 1.001 auroc 0.857 f1_score 0.726
  per-class F1 (Test): {'benign': np.float32(0.761), 'atypical': np.float32(0.571), 'malignant': np.float32(0.847)}
  [DIAG] Tier1 сам по собі: acc=72.820 f1_macro=0.701

============================================================
FINAL EPOCH (14) RESULTS (DTFD-ASMIL v2):
  test_auc=0.8573 test_acc=74.42 test_f1(macro)=0.7265
  [DIAG] Tier1 сам по собі: acc=72.820 f1_macro=0.701
  test per-class F1: {'benign': np.float32(0.761), 'atypical': np.float32(0.571), 'malignant': np.float32(0.847)}
  test confusion matrix (rows=true, cols=pred):
            benign    atypical   malignant
  benign         27           3           1
atypical         10          12           1
malignant          3           4          25
============================================================
Best epoch: {'epoch': 13, 'val_f1': 0.6360629200935364, 'val_auc': 0.7931679487228394, 'test_f1': 0.7157022356987, 'test_auc': 0.8575748205184937}
