wandb: Tracking run with wandb version 0.28.0
wandb: W&B syncing is set to `offline` in this directory. Run `wandb online` or set WANDB_MODE=online to enable cloud syncing.
wandb: Run data is saved locally in /data/bohatyrenko1/EXPERIMENTS_2/Hi-MoE_MIL/wandb/offline-run-20260927_152611-cd21ll88
wandb: View this run in the terminal with `wandb leet`
Used config (DTFD-ASMIL v2):
{'B': 1,
 'D_feat': 1536,
 'D_inner': 768,
 'M': None,
 'ckpt_dir': 'ckpt/bracs_dtfd_v2_uni2h_seed6',
 'config': 'config/bracs_uni2h_config.yml',
 'dataset': 'bracs',
 'lr': 0.0001,
 'min_lr': 1e-06,
 'n_class': 3,
 'n_token': 8,
 'n_worker': 4,
 'pin_memory': True,
 'pretrain': 'UNI2h',
 'seed': 6,
 'splits_dir': '/home/root_server/bohatyrenko/BRACS/splits',
 'test_dir': '/data/bohatyrenko1/features_uni2h_bracs_v2',
 'tier1_weight': 0.1,
 'tier2_D_inner': None,
 'tier2_n_heads': 4,
 'train_dir': '/data/bohatyrenko1/features_uni2h_bracs_v2',
 'train_epoch': 15,
 'wandb_mode': 'offline',
 'warmup_epoch': 5,
 'wd': 1e-05}
M (псевдо-bags) = 8, tier1_weight = 0.1
Class weights: [0.6582064032554626, 2.4935896396636963, 0.9261904954910278]
Epoch: [0] [  0/389] eta: 0:15:27 lr: 0.000000 tier1_loss: 1.2314 (1.2314) tier2_loss: 1.2015 (1.2015) time: 2.3834 data: 0.7732 max mem: 1227
Epoch: [0] [100/389] eta: 0:00:57 lr: 0.000005 tier1_loss: 1.0235 (1.0904) tier2_loss: 0.8283 (1.0859) time: 0.1769 data: 0.0001 max mem: 2398
Epoch: [0] [200/389] eta: 0:00:34 lr: 0.000010 tier1_loss: 0.1964 (1.0287) tier2_loss: 0.0520 (1.0626) time: 0.1819 data: 0.0002 max mem: 2398
Epoch: [0] [300/389] eta: 0:00:16 lr: 0.000015 tier1_loss: 0.5308 (1.0814) tier2_loss: 0.0638 (1.0554) time: 0.1616 data: 0.0002 max mem: 2418
Epoch: [0] [388/389] eta: 0:00:00 lr: 0.000020 tier1_loss: 0.1056 (1.0458) tier2_loss: 0.0901 (1.0550) time: 0.1540 data: 0.0001 max mem: 2726
Epoch: [0] Total time: 0:01:08 (68.3302 s / it)
Val [ 0/62] eta: 0:00:23 loss: 0.1922 (0.1922) acc1: 100.0000 (100.0000) time: 0.3720 data: 0.2904 max mem: 2726
Val [61/62] eta: 0:00:00 loss: 0.2900 (0.8988) acc1: 100.0000 (61.2903) time: 0.0427 data: 0.0002 max mem: 2726
Val Total time: 0:00:03 (3.8997 s / it)
* Acc@1 61.290 loss 0.899 auroc 0.803 f1_score 0.454
  per-class F1 (Val): {'benign': np.float32(0.712), 'atypical': np.float32(0.0), 'malignant': np.float32(0.649)}
  [DIAG] Tier1 сам по собі: acc=59.677 f1_macro=0.443
Test [ 0/86] eta: 0:00:38 loss: 0.2573 (0.2573) acc1: 100.0000 (100.0000) time: 0.4425 data: 0.4036 max mem: 2726
Test [85/86] eta: 0:00:00 loss: 1.6197 (0.9821) acc1: 0.0000 (58.1395) time: 0.0526 data: 0.0061 max mem: 2726
Test Total time: 0:00:05 (5.9663 s / it)
* Acc@1 58.140 loss 0.982 auroc 0.762 f1_score 0.458
  per-class F1 (Test): {'benign': np.float32(0.624), 'atypical': np.float32(0.0), 'malignant': np.float32(0.75)}
  [DIAG] Tier1 сам по собі: acc=51.163 f1_macro=0.391

Epoch: [1] [  0/389] eta: 0:03:00 lr: 0.000020 tier1_loss: 4.2834 (4.2834) tier2_loss: 2.0999 (2.0999) time: 0.4630 data: 0.2902 max mem: 2726
Epoch: [1] [100/389] eta: 0:00:48 lr: 0.000025 tier1_loss: 0.2213 (0.9305) tier2_loss: 0.2121 (1.1029) time: 0.1810 data: 0.0002 max mem: 2726
Epoch: [1] [200/389] eta: 0:00:31 lr: 0.000030 tier1_loss: 0.2375 (0.8368) tier2_loss: 0.2415 (1.0649) time: 0.1648 data: 0.0002 max mem: 2726
Epoch: [1] [300/389] eta: 0:00:14 lr: 0.000035 tier1_loss: 0.0631 (0.7935) tier2_loss: 0.0304 (0.9993) time: 0.1577 data: 0.0001 max mem: 2726
Epoch: [1] [388/389] eta: 0:00:00 lr: 0.000040 tier1_loss: 0.0560 (0.8323) tier2_loss: 0.0658 (1.0562) time: 0.1686 data: 0.0002 max mem: 2726
Epoch: [1] Total time: 0:01:05 (65.6836 s / it)
Val [ 0/62] eta: 0:00:26 loss: 0.0419 (0.0419) acc1: 100.0000 (100.0000) time: 0.4312 data: 0.3617 max mem: 2726
Val [61/62] eta: 0:00:00 loss: 0.0487 (1.4381) acc1: 100.0000 (61.2903) time: 0.0498 data: 0.0092 max mem: 2726
Val Total time: 0:00:05 (5.1144 s / it)
* Acc@1 61.290 loss 1.438 auroc 0.773 f1_score 0.448
  per-class F1 (Val): {'benign': np.float32(0.743), 'atypical': np.float32(0.0), 'malignant': np.float32(0.6)}
  [DIAG] Tier1 сам по собі: acc=65.927 f1_macro=0.492
Test [ 0/86] eta: 0:00:32 loss: 0.0493 (0.0493) acc1: 100.0000 (100.0000) time: 0.3827 data: 0.3438 max mem: 2726
Test [85/86] eta: 0:00:00 loss: 3.4494 (1.5523) acc1: 0.0000 (60.4651) time: 0.0482 data: 0.0002 max mem: 2726
Test Total time: 0:00:05 (5.9052 s / it)
* Acc@1 60.465 loss 1.552 auroc 0.772 f1_score 0.475
  per-class F1 (Test): {'benign': np.float32(0.644), 'atypical': np.float32(0.0), 'malignant': np.float32(0.78)}
  [DIAG] Tier1 сам по собі: acc=56.831 f1_macro=0.440

Epoch: [2] [  0/389] eta: 0:04:06 lr: 0.000040 tier1_loss: 0.0232 (0.0232) tier2_loss: 0.0276 (0.0276) time: 0.6344 data: 0.4407 max mem: 2726
Epoch: [2] [100/389] eta: 0:00:51 lr: 0.000045 tier1_loss: 0.0110 (0.5780) tier2_loss: 0.0220 (0.8250) time: 0.1759 data: 0.0002 max mem: 2726
Epoch: [2] [200/389] eta: 0:00:32 lr: 0.000050 tier1_loss: 0.0396 (0.6956) tier2_loss: 0.0212 (0.8965) time: 0.1761 data: 0.0002 max mem: 2726
Epoch: [2] [300/389] eta: 0:00:15 lr: 0.000055 tier1_loss: 0.0473 (0.7211) tier2_loss: 0.1027 (0.9016) time: 0.1482 data: 0.0001 max mem: 2730
Epoch: [2] [388/389] eta: 0:00:00 lr: 0.000060 tier1_loss: 0.0048 (0.7753) tier2_loss: 0.0276 (0.9104) time: 0.1606 data: 0.0001 max mem: 2730
Epoch: [2] Total time: 0:01:06 (66.5691 s / it)
Val [ 0/62] eta: 0:00:21 loss: 0.0111 (0.0111) acc1: 100.0000 (100.0000) time: 0.3453 data: 0.2975 max mem: 2730
Val [61/62] eta: 0:00:00 loss: 0.0116 (1.7736) acc1: 100.0000 (62.9032) time: 0.0433 data: 0.0002 max mem: 2730
Val Total time: 0:00:04 (4.0258 s / it)
* Acc@1 62.903 loss 1.774 auroc 0.721 f1_score 0.472
  per-class F1 (Val): {'benign': np.float32(0.711), 'atypical': np.float32(0.0), 'malignant': np.float32(0.706)}
  [DIAG] Tier1 сам по собі: acc=62.903 f1_macro=0.472
Test [ 0/86] eta: 0:00:34 loss: 0.0115 (0.0115) acc1: 100.0000 (100.0000) time: 0.4002 data: 0.3536 max mem: 2730
Test [85/86] eta: 0:00:00 loss: 4.8196 (1.9834) acc1: 0.0000 (60.4651) time: 0.0492 data: 0.0030 max mem: 2730
Test Total time: 0:00:05 (5.4896 s / it)
* Acc@1 60.465 loss 1.983 auroc 0.683 f1_score 0.477
  per-class F1 (Test): {'benign': np.float32(0.645), 'atypical': np.float32(0.0), 'malignant': np.float32(0.786)}
  [DIAG] Tier1 сам по собі: acc=57.703 f1_macro=0.456

Epoch: [3] [  0/389] eta: 0:03:56 lr: 0.000060 tier1_loss: 5.4261 (5.4261) tier2_loss: 4.3879 (4.3879) time: 0.6086 data: 0.2959 max mem: 2730
Epoch: [3] [100/389] eta: 0:00:51 lr: 0.000065 tier1_loss: 0.0838 (1.1063) tier2_loss: 0.1902 (1.1546) time: 0.1756 data: 0.0001 max mem: 2730
Epoch: [3] [200/389] eta: 0:00:31 lr: 0.000070 tier1_loss: 0.0422 (0.8032) tier2_loss: 0.0742 (0.9661) time: 0.1609 data: 0.0001 max mem: 2730
Epoch: [3] [300/389] eta: 0:00:15 lr: 0.000075 tier1_loss: 0.0121 (0.7385) tier2_loss: 0.0518 (0.8953) time: 0.1719 data: 0.0001 max mem: 2731
Epoch: [3] [388/389] eta: 0:00:00 lr: 0.000080 tier1_loss: 0.0097 (0.6991) tier2_loss: 0.0342 (0.8586) time: 0.1441 data: 0.0001 max mem: 2731
Epoch: [3] Total time: 0:01:06 (66.2908 s / it)
Val [ 0/62] eta: 0:00:21 loss: 0.9500 (0.9500) acc1: 100.0000 (100.0000) time: 0.3493 data: 0.2955 max mem: 2731
Val [61/62] eta: 0:00:00 loss: 0.0511 (0.9616) acc1: 100.0000 (67.7419) time: 0.0454 data: 0.0048 max mem: 2731
Val Total time: 0:00:04 (4.0888 s / it)
* Acc@1 67.742 loss 0.962 auroc 0.826 f1_score 0.507
  per-class F1 (Val): {'benign': np.float32(0.776), 'atypical': np.float32(0.0), 'malignant': np.float32(0.744)}
  [DIAG] Tier1 сам по собі: acc=68.750 f1_macro=0.514
Test [ 0/86] eta: 0:00:35 loss: 0.0856 (0.0856) acc1: 100.0000 (100.0000) time: 0.4094 data: 0.3604 max mem: 2731
Test [85/86] eta: 0:00:00 loss: 1.4938 (1.1332) acc1: 0.0000 (63.9535) time: 0.0503 data: 0.0080 max mem: 2731
Test Total time: 0:00:05 (5.7639 s / it)
* Acc@1 63.953 loss 1.133 auroc 0.803 f1_score 0.505
  per-class F1 (Test): {'benign': np.float32(0.667), 'atypical': np.float32(0.0), 'malignant': np.float32(0.847)}
  [DIAG] Tier1 сам по собі: acc=64.244 f1_macro=0.517

Epoch: [4] [  0/389] eta: 0:02:58 lr: 0.000080 tier1_loss: 0.0025 (0.0025) tier2_loss: 0.0904 (0.0904) time: 0.4586 data: 0.2736 max mem: 2731
Epoch: [4] [100/389] eta: 0:00:49 lr: 0.000085 tier1_loss: 0.0968 (0.7343) tier2_loss: 0.1825 (0.8642) time: 0.1659 data: 0.0001 max mem: 2743
Epoch: [4] [200/389] eta: 0:00:32 lr: 0.000090 tier1_loss: 0.0332 (0.7831) tier2_loss: 0.1370 (0.8809) time: 0.1788 data: 0.0002 max mem: 2743
Epoch: [4] [300/389] eta: 0:00:15 lr: 0.000095 tier1_loss: 0.0276 (0.6880) tier2_loss: 0.0545 (0.8217) time: 0.1685 data: 0.0001 max mem: 2743
Epoch: [4] [388/389] eta: 0:00:00 lr: 0.000100 tier1_loss: 0.0288 (0.6848) tier2_loss: 0.0423 (0.8017) time: 0.1666 data: 0.0001 max mem: 2743
Epoch: [4] Total time: 0:01:05 (65.8850 s / it)
Val [ 0/62] eta: 0:00:29 loss: 0.1557 (0.1557) acc1: 100.0000 (100.0000) time: 0.4799 data: 0.4170 max mem: 2743
Val [61/62] eta: 0:00:00 loss: 0.0830 (0.9805) acc1: 100.0000 (69.3548) time: 0.0407 data: 0.0026 max mem: 2743
Val Total time: 0:00:04 (4.3087 s / it)
* Acc@1 69.355 loss 0.980 auroc 0.847 f1_score 0.524
  per-class F1 (Val): {'benign': np.float32(0.771), 'atypical': np.float32(0.0), 'malignant': np.float32(0.8)}
  [DIAG] Tier1 сам по собі: acc=71.774 f1_macro=0.599
Test [ 0/86] eta: 0:00:37 loss: 0.0796 (0.0796) acc1: 100.0000 (100.0000) time: 0.4396 data: 0.3700 max mem: 2743
Test [85/86] eta: 0:00:00 loss: 1.6662 (1.1024) acc1: 0.0000 (63.9535) time: 0.0460 data: 0.0012 max mem: 2743
Test Total time: 0:00:06 (6.4697 s / it)
* Acc@1 63.953 loss 1.102 auroc 0.891 f1_score 0.507
  per-class F1 (Test): {'benign': np.float32(0.659), 'atypical': np.float32(0.0), 'malignant': np.float32(0.862)}
  [DIAG] Tier1 сам по собі: acc=67.733 f1_macro=0.594

Epoch: [5] [  0/389] eta: 0:02:53 lr: 0.000100 tier1_loss: 0.0087 (0.0087) tier2_loss: 0.0305 (0.0305) time: 0.4449 data: 0.3020 max mem: 2743
Epoch: [5] [100/389] eta: 0:00:49 lr: 0.000100 tier1_loss: 0.0038 (0.4352) tier2_loss: 0.0156 (0.6376) time: 0.1661 data: 0.0002 max mem: 2743
Epoch: [5] [200/389] eta: 0:00:32 lr: 0.000099 tier1_loss: 0.0080 (0.5372) tier2_loss: 0.0361 (0.6261) time: 0.1640 data: 0.0001 max mem: 2743
Epoch: [5] [300/389] eta: 0:00:15 lr: 0.000099 tier1_loss: 0.0331 (0.5152) tier2_loss: 0.0353 (0.6063) time: 0.1597 data: 0.0001 max mem: 2743
Epoch: [5] [388/389] eta: 0:00:00 lr: 0.000098 tier1_loss: 0.0115 (0.5638) tier2_loss: 0.0385 (0.6183) time: 0.1615 data: 0.0001 max mem: 2743
Epoch: [5] Total time: 0:01:06 (66.2868 s / it)
Val [ 0/62] eta: 0:00:31 loss: 0.1481 (0.1481) acc1: 100.0000 (100.0000) time: 0.5114 data: 0.4245 max mem: 2743
Val [61/62] eta: 0:00:00 loss: 0.1446 (1.0240) acc1: 100.0000 (67.7419) time: 0.0490 data: 0.0087 max mem: 2743
Val Total time: 0:00:04 (4.3661 s / it)
* Acc@1 67.742 loss 1.024 auroc 0.783 f1_score 0.511
  per-class F1 (Val): {'benign': np.float32(0.754), 'atypical': np.float32(0.0), 'malignant': np.float32(0.78)}
  [DIAG] Tier1 сам по собі: acc=68.952 f1_macro=0.520
Test [ 0/86] eta: 0:00:44 loss: 0.1357 (0.1357) acc1: 100.0000 (100.0000) time: 0.5116 data: 0.4534 max mem: 2743
Test [85/86] eta: 0:00:00 loss: 1.9530 (1.0381) acc1: 0.0000 (63.9535) time: 0.0422 data: 0.0001 max mem: 2743
Test Total time: 0:00:05 (5.4267 s / it)
* Acc@1 63.953 loss 1.038 auroc 0.814 f1_score 0.505
  per-class F1 (Test): {'benign': np.float32(0.667), 'atypical': np.float32(0.0), 'malignant': np.float32(0.847)}
  [DIAG] Tier1 сам по собі: acc=63.953 f1_macro=0.504

Epoch: [6] [  0/389] eta: 0:03:29 lr: 0.000098 tier1_loss: 0.0276 (0.0276) tier2_loss: 0.1158 (0.1158) time: 0.5383 data: 0.3310 max mem: 2743
Epoch: [6] [100/389] eta: 0:00:48 lr: 0.000096 tier1_loss: 0.0122 (0.4703) tier2_loss: 0.0289 (0.6277) time: 0.1562 data: 0.0001 max mem: 2743
Epoch: [6] [200/389] eta: 0:00:32 lr: 0.000095 tier1_loss: 0.2338 (0.5324) tier2_loss: 0.1901 (0.6449) time: 0.1718 data: 0.0002 max mem: 2743
Epoch: [6] [300/389] eta: 0:00:15 lr: 0.000093 tier1_loss: 0.0224 (0.5423) tier2_loss: 0.0907 (0.6879) time: 0.1685 data: 0.0001 max mem: 2743
Epoch: [6] [388/389] eta: 0:00:00 lr: 0.000091 tier1_loss: 0.0063 (0.5433) tier2_loss: 0.0295 (0.7007) time: 0.1468 data: 0.0001 max mem: 2743
Epoch: [6] Total time: 0:01:06 (66.2405 s / it)
Val [ 0/62] eta: 0:00:30 loss: 4.9547 (4.9547) acc1: 0.0000 (0.0000) time: 0.4875 data: 0.4284 max mem: 2743
Val [61/62] eta: 0:00:00 loss: 0.0520 (1.3365) acc1: 100.0000 (69.3548) time: 0.0455 data: 0.0040 max mem: 2743
Val Total time: 0:00:04 (4.2259 s / it)
* Acc@1 69.355 loss 1.336 auroc 0.797 f1_score 0.520
  per-class F1 (Val): {'benign': np.float32(0.8), 'atypical': np.float32(0.0), 'malignant': np.float32(0.76)}
  [DIAG] Tier1 сам по собі: acc=68.548 f1_macro=0.521
Test [ 0/86] eta: 0:00:51 loss: 0.0084 (0.0084) acc1: 100.0000 (100.0000) time: 0.5998 data: 0.4982 max mem: 2743
Test [85/86] eta: 0:00:00 loss: 2.3635 (1.2513) acc1: 0.0000 (68.6047) time: 0.0432 data: 0.0001 max mem: 2743
Test Total time: 0:00:05 (5.5458 s / it)
* Acc@1 68.605 loss 1.251 auroc 0.791 f1_score 0.528
  per-class F1 (Test): {'benign': np.float32(0.795), 'atypical': np.float32(0.0), 'malignant': np.float32(0.789)}
  [DIAG] Tier1 сам по собі: acc=69.331 f1_macro=0.580

Epoch: [7] [  0/389] eta: 0:03:47 lr: 0.000091 tier1_loss: 0.0131 (0.0131) tier2_loss: 0.0442 (0.0442) time: 0.5846 data: 0.4080 max mem: 2743
Epoch: [7] [100/389] eta: 0:00:50 lr: 0.000088 tier1_loss: 0.0035 (0.3704) tier2_loss: 0.0162 (0.4780) time: 0.1603 data: 0.0001 max mem: 2743
Epoch: [7] [200/389] eta: 0:00:32 lr: 0.000085 tier1_loss: 0.0184 (0.5118) tier2_loss: 0.0480 (0.5790) time: 0.1637 data: 0.0001 max mem: 2743
Epoch: [7] [300/389] eta: 0:00:15 lr: 0.000082 tier1_loss: 0.0170 (0.5146) tier2_loss: 0.0438 (0.5751) time: 0.1933 data: 0.0002 max mem: 2743
Epoch: [7] [388/389] eta: 0:00:00 lr: 0.000080 tier1_loss: 0.0271 (0.5080) tier2_loss: 0.0237 (0.5725) time: 0.1590 data: 0.0002 max mem: 2743
Epoch: [7] Total time: 0:01:06 (66.4095 s / it)
Val [ 0/62] eta: 0:00:25 loss: 6.5319 (6.5319) acc1: 0.0000 (0.0000) time: 0.4156 data: 0.3682 max mem: 2743
Val [61/62] eta: 0:00:00 loss: 3.1979 (1.7515) acc1: 0.0000 (58.0645) time: 0.0486 data: 0.0076 max mem: 2743
Val Total time: 0:00:04 (4.5173 s / it)
* Acc@1 58.065 loss 1.751 auroc 0.826 f1_score 0.513
  per-class F1 (Val): {'benign': np.float32(0.682), 'atypical': np.float32(0.154), 'malignant': np.float32(0.704)}
  [DIAG] Tier1 сам по собі: acc=59.274 f1_macro=0.537
Test [ 0/86] eta: 0:00:41 loss: 4.9910 (4.9910) acc1: 0.0000 (0.0000) time: 0.4844 data: 0.4021 max mem: 2743
Test [85/86] eta: 0:00:00 loss: 2.3831 (1.6174) acc1: 0.0000 (55.8140) time: 0.0436 data: 0.0001 max mem: 2743
Test Total time: 0:00:05 (5.1878 s / it)
* Acc@1 55.814 loss 1.617 auroc 0.842 f1_score 0.513
  per-class F1 (Test): {'benign': np.float32(0.5), 'atypical': np.float32(0.298), 'malignant': np.float32(0.741)}
  [DIAG] Tier1 сам по собі: acc=60.465 f1_macro=0.560

Epoch: [8] [  0/389] eta: 0:04:08 lr: 0.000080 tier1_loss: 0.0075 (0.0075) tier2_loss: 0.0189 (0.0189) time: 0.6384 data: 0.3648 max mem: 2743
Epoch: [8] [100/389] eta: 0:00:50 lr: 0.000076 tier1_loss: 0.0337 (0.7065) tier2_loss: 0.0753 (0.9391) time: 0.1759 data: 0.0001 max mem: 2743
Epoch: [8] [200/389] eta: 0:00:31 lr: 0.000073 tier1_loss: 0.0068 (0.5313) tier2_loss: 0.0349 (0.7089) time: 0.1621 data: 0.0002 max mem: 2743
Epoch: [8] [300/389] eta: 0:00:15 lr: 0.000069 tier1_loss: 0.0095 (0.5060) tier2_loss: 0.0281 (0.6544) time: 0.1682 data: 0.0001 max mem: 2743
Epoch: [8] [388/389] eta: 0:00:00 lr: 0.000066 tier1_loss: 0.0038 (0.4809) tier2_loss: 0.0222 (0.6055) time: 0.1575 data: 0.0002 max mem: 2743
Epoch: [8] Total time: 0:01:05 (65.9411 s / it)
Val [ 0/62] eta: 0:00:28 loss: 0.0773 (0.0773) acc1: 100.0000 (100.0000) time: 0.4567 data: 0.3992 max mem: 2743
Val [61/62] eta: 0:00:00 loss: 0.0365 (1.2114) acc1: 100.0000 (72.5806) time: 0.0500 data: 0.0095 max mem: 2743
Val Total time: 0:00:04 (4.7984 s / it)
* Acc@1 72.581 loss 1.211 auroc 0.773 f1_score 0.543
  per-class F1 (Val): {'benign': np.float32(0.839), 'atypical': np.float32(0.0), 'malignant': np.float32(0.792)}
  [DIAG] Tier1 сам по собі: acc=69.355 f1_macro=0.519
Test [ 0/86] eta: 0:00:33 loss: 0.0326 (0.0326) acc1: 100.0000 (100.0000) time: 0.3890 data: 0.3381 max mem: 2743
Test [85/86] eta: 0:00:00 loss: 2.8862 (1.2435) acc1: 0.0000 (69.7674) time: 0.0420 data: 0.0002 max mem: 2743
Test Total time: 0:00:05 (5.0148 s / it)
* Acc@1 69.767 loss 1.243 auroc 0.804 f1_score 0.537
  per-class F1 (Test): {'benign': np.float32(0.811), 'atypical': np.float32(0.0), 'malignant': np.float32(0.8)}
  [DIAG] Tier1 сам по собі: acc=68.169 f1_macro=0.525

Epoch: [9] [  0/389] eta: 0:05:17 lr: 0.000066 tier1_loss: 0.0045 (0.0045) tier2_loss: 0.0383 (0.0383) time: 0.8154 data: 0.5707 max mem: 2743
Epoch: [9] [100/389] eta: 0:00:52 lr: 0.000062 tier1_loss: 0.0542 (0.5206) tier2_loss: 0.6410 (0.8188) time: 0.1639 data: 0.0001 max mem: 2745
Epoch: [9] [200/389] eta: 0:00:32 lr: 0.000058 tier1_loss: 0.0098 (0.3856) tier2_loss: 0.0132 (0.5410) time: 0.1670 data: 0.0001 max mem: 2745
Epoch: [9] [300/389] eta: 0:00:15 lr: 0.000054 tier1_loss: 0.0138 (0.4674) tier2_loss: 0.0786 (0.6509) time: 0.1790 data: 0.0002 max mem: 2745
Epoch: [9] [388/389] eta: 0:00:00 lr: 0.000051 tier1_loss: 0.0236 (0.4581) tier2_loss: 0.0528 (0.6459) time: 0.1515 data: 0.0002 max mem: 2745
Epoch: [9] Total time: 0:01:06 (66.6448 s / it)
Val [ 0/62] eta: 0:00:32 loss: 5.1335 (5.1335) acc1: 0.0000 (0.0000) time: 0.5168 data: 0.4684 max mem: 2745
Val [61/62] eta: 0:00:00 loss: 0.0691 (1.2066) acc1: 100.0000 (67.7419) time: 0.0444 data: 0.0032 max mem: 2745
Val Total time: 0:00:04 (4.5837 s / it)
* Acc@1 67.742 loss 1.207 auroc 0.755 f1_score 0.506
  per-class F1 (Val): {'benign': np.float32(0.794), 'atypical': np.float32(0.0), 'malignant': np.float32(0.723)}
  [DIAG] Tier1 сам по собі: acc=70.968 f1_macro=0.603
Test [ 0/86] eta: 0:00:35 loss: 0.0360 (0.0360) acc1: 100.0000 (100.0000) time: 0.4155 data: 0.3716 max mem: 2745
Test [85/86] eta: 0:00:00 loss: 2.0077 (1.0406) acc1: 0.0000 (67.4419) time: 0.0439 data: 0.0001 max mem: 2745
Test Total time: 0:00:05 (5.1232 s / it)
* Acc@1 67.442 loss 1.041 auroc 0.756 f1_score 0.527
  per-class F1 (Test): {'benign': np.float32(0.732), 'atypical': np.float32(0.0), 'malignant': np.float32(0.848)}
  [DIAG] Tier1 сам по собі: acc=69.331 f1_macro=0.630

Epoch: [10] [  0/389] eta: 0:02:54 lr: 0.000051 tier1_loss: 0.0138 (0.0138) tier2_loss: 0.0777 (0.0777) time: 0.4497 data: 0.2669 max mem: 2745
Epoch: [10] [100/389] eta: 0:00:52 lr: 0.000047 tier1_loss: 0.0035 (0.4654) tier2_loss: 0.0189 (0.6174) time: 0.1695 data: 0.0001 max mem: 2745
Epoch: [10] [200/389] eta: 0:00:33 lr: 0.000043 tier1_loss: 0.0102 (0.4533) tier2_loss: 0.0330 (0.5651) time: 0.1789 data: 0.0002 max mem: 2745
Epoch: [10] [300/389] eta: 0:00:15 lr: 0.000039 tier1_loss: 0.0073 (0.4092) tier2_loss: 0.0180 (0.5233) time: 0.1635 data: 0.0001 max mem: 2745
Epoch: [10] [388/389] eta: 0:00:00 lr: 0.000035 tier1_loss: 0.0077 (0.4245) tier2_loss: 0.0158 (0.5268) time: 0.1523 data: 0.0002 max mem: 2745
Epoch: [10] Total time: 0:01:05 (65.9273 s / it)
Val [ 0/62] eta: 0:00:32 loss: 6.2590 (6.2590) acc1: 0.0000 (0.0000) time: 0.5274 data: 0.4841 max mem: 2745
Val [61/62] eta: 0:00:00 loss: 0.0293 (1.2658) acc1: 0.0000 (66.1290) time: 0.0389 data: 0.0001 max mem: 2745
Val Total time: 0:00:04 (4.5343 s / it)
* Acc@1 66.129 loss 1.266 auroc 0.770 f1_score 0.506
  per-class F1 (Val): {'benign': np.float32(0.767), 'atypical': np.float32(0.0), 'malignant': np.float32(0.75)}
  [DIAG] Tier1 сам по собі: acc=68.347 f1_macro=0.520
Test [ 0/86] eta: 0:00:28 loss: 0.0198 (0.0198) acc1: 100.0000 (100.0000) time: 0.3337 data: 0.2880 max mem: 2745
Test [85/86] eta: 0:00:00 loss: 0.6333 (1.1236) acc1: 0.0000 (68.6047) time: 0.0441 data: 0.0002 max mem: 2745
Test Total time: 0:00:05 (5.3128 s / it)
* Acc@1 68.605 loss 1.124 auroc 0.796 f1_score 0.572
  per-class F1 (Test): {'benign': np.float32(0.757), 'atypical': np.float32(0.154), 'malignant': np.float32(0.806)}
  [DIAG] Tier1 сам по собі: acc=69.767 f1_macro=0.589

Epoch: [11] [  0/389] eta: 0:04:40 lr: 0.000035 tier1_loss: 0.0044 (0.0044) tier2_loss: 0.0488 (0.0488) time: 0.7199 data: 0.4494 max mem: 2745
Epoch: [11] [100/389] eta: 0:00:51 lr: 0.000031 tier1_loss: 0.0203 (0.2597) tier2_loss: 0.0183 (0.3549) time: 0.1700 data: 0.0001 max mem: 2745
Epoch: [11] [200/389] eta: 0:00:32 lr: 0.000028 tier1_loss: 0.0298 (0.3866) tier2_loss: 0.0332 (0.5023) time: 0.1542 data: 0.0001 max mem: 2745
Epoch: [11] [300/389] eta: 0:00:15 lr: 0.000024 tier1_loss: 0.0249 (0.3720) tier2_loss: 0.0247 (0.5040) time: 0.1676 data: 0.0002 max mem: 2745
Epoch: [11] [388/389] eta: 0:00:00 lr: 0.000021 tier1_loss: 0.0111 (0.3502) tier2_loss: 0.0099 (0.4607) time: 0.1518 data: 0.0002 max mem: 2745
Epoch: [11] Total time: 0:01:05 (65.9036 s / it)
Val [ 0/62] eta: 0:00:28 loss: 0.5098 (0.5098) acc1: 100.0000 (100.0000) time: 0.4537 data: 0.3926 max mem: 2745
Val [61/62] eta: 0:00:00 loss: 0.0105 (1.0810) acc1: 100.0000 (77.4194) time: 0.0336 data: 0.0013 max mem: 2745
Val Total time: 0:00:03 (3.6752 s / it)
* Acc@1 77.419 loss 1.081 auroc 0.803 f1_score 0.734
  per-class F1 (Val): {'benign': np.float32(0.806), 'atypical': np.float32(0.545), 'malignant': np.float32(0.85)}
  [DIAG] Tier1 сам по собі: acc=71.573 f1_macro=0.621
Test [ 0/86] eta: 0:00:26 loss: 0.0092 (0.0092) acc1: 100.0000 (100.0000) time: 0.3066 data: 0.2665 max mem: 2745
Test [85/86] eta: 0:00:00 loss: 0.2093 (1.2483) acc1: 100.0000 (70.9302) time: 0.0321 data: 0.0001 max mem: 2745
Test Total time: 0:00:04 (4.3981 s / it)
* Acc@1 70.930 loss 1.248 auroc 0.830 f1_score 0.672
  per-class F1 (Test): {'benign': np.float32(0.737), 'atypical': np.float32(0.432), 'malignant': np.float32(0.847)}
  [DIAG] Tier1 сам по собі: acc=71.657 f1_macro=0.666

Epoch: [12] [  0/389] eta: 0:03:44 lr: 0.000021 tier1_loss: 0.0207 (0.0207) tier2_loss: 0.0068 (0.0068) time: 0.5780 data: 0.3438 max mem: 2745
Epoch: [12] [100/389] eta: 0:00:48 lr: 0.000018 tier1_loss: 0.0289 (0.2366) tier2_loss: 0.0160 (0.3597) time: 0.1562 data: 0.0001 max mem: 2745
Epoch: [12] [200/389] eta: 0:00:31 lr: 0.000015 tier1_loss: 0.0123 (0.3516) tier2_loss: 0.0175 (0.4622) time: 0.1607 data: 0.0001 max mem: 2745
Epoch: [12] [300/389] eta: 0:00:14 lr: 0.000013 tier1_loss: 0.0069 (0.2910) tier2_loss: 0.0101 (0.3881) time: 0.1573 data: 0.0001 max mem: 2745
Epoch: [12] [388/389] eta: 0:00:00 lr: 0.000010 tier1_loss: 0.0093 (0.2825) tier2_loss: 0.0180 (0.3839) time: 0.1685 data: 0.0001 max mem: 2745
Epoch: [12] Total time: 0:01:05 (65.6616 s / it)
Val [ 0/62] eta: 0:00:26 loss: 6.9584 (6.9584) acc1: 0.0000 (0.0000) time: 0.4270 data: 0.3697 max mem: 2745
Val [61/62] eta: 0:00:00 loss: 0.0148 (1.4340) acc1: 100.0000 (67.7419) time: 0.0464 data: 0.0039 max mem: 2745
Val Total time: 0:00:03 (3.9452 s / it)
* Acc@1 67.742 loss 1.434 auroc 0.805 f1_score 0.548
  per-class F1 (Val): {'benign': np.float32(0.787), 'atypical': np.float32(0.118), 'malignant': np.float32(0.739)}
  [DIAG] Tier1 сам по собі: acc=69.556 f1_macro=0.586
Test [ 0/86] eta: 0:00:37 loss: 0.0119 (0.0119) acc1: 100.0000 (100.0000) time: 0.4402 data: 0.3550 max mem: 2745
Test [85/86] eta: 0:00:00 loss: 0.0502 (1.0657) acc1: 100.0000 (74.4186) time: 0.0577 data: 0.0081 max mem: 2745
Test Total time: 0:00:05 (5.9511 s / it)
* Acc@1 74.419 loss 1.066 auroc 0.857 f1_score 0.699
  per-class F1 (Test): {'benign': np.float32(0.778), 'atypical': np.float32(0.457), 'malignant': np.float32(0.862)}
  [DIAG] Tier1 сам по собі: acc=74.419 f1_macro=0.701

Epoch: [13] [  0/389] eta: 0:06:14 lr: 0.000010 tier1_loss: 0.0014 (0.0014) tier2_loss: 0.0042 (0.0042) time: 0.9633 data: 0.6775 max mem: 2745
Epoch: [13] [100/389] eta: 0:00:51 lr: 0.000008 tier1_loss: 0.0066 (0.2755) tier2_loss: 0.0102 (0.3632) time: 0.1503 data: 0.0001 max mem: 2745
Epoch: [13] [200/389] eta: 0:00:32 lr: 0.000006 tier1_loss: 0.0075 (0.2527) tier2_loss: 0.0088 (0.3240) time: 0.1602 data: 0.0002 max mem: 2745
Epoch: [13] [300/389] eta: 0:00:15 lr: 0.000005 tier1_loss: 0.0044 (0.2334) tier2_loss: 0.0092 (0.3231) time: 0.1737 data: 0.0002 max mem: 2745
Epoch: [13] [388/389] eta: 0:00:00 lr: 0.000003 tier1_loss: 0.0114 (0.2523) tier2_loss: 0.0120 (0.3469) time: 0.1608 data: 0.0001 max mem: 2745
Epoch: [13] Total time: 0:01:06 (66.9309 s / it)
Val [ 0/62] eta: 0:00:23 loss: 6.7987 (6.7987) acc1: 0.0000 (0.0000) time: 0.3805 data: 0.3327 max mem: 2745
Val [61/62] eta: 0:00:00 loss: 0.0178 (1.3210) acc1: 100.0000 (69.3548) time: 0.0530 data: 0.0133 max mem: 2745
Val Total time: 0:00:03 (3.9615 s / it)
* Acc@1 69.355 loss 1.321 auroc 0.819 f1_score 0.588
  per-class F1 (Val): {'benign': np.float32(0.787), 'atypical': np.float32(0.222), 'malignant': np.float32(0.756)}
  [DIAG] Tier1 сам по собі: acc=69.758 f1_macro=0.587
Test [ 0/86] eta: 0:00:40 loss: 0.0130 (0.0130) acc1: 100.0000 (100.0000) time: 0.4673 data: 0.3796 max mem: 2745
Test [85/86] eta: 0:00:00 loss: 0.0187 (1.0319) acc1: 100.0000 (74.4186) time: 0.0447 data: 0.0002 max mem: 2745
Test Total time: 0:00:05 (5.4045 s / it)
* Acc@1 74.419 loss 1.032 auroc 0.863 f1_score 0.720
  per-class F1 (Test): {'benign': np.float32(0.771), 'atypical': np.float32(0.55), 'malignant': np.float32(0.839)}
  [DIAG] Tier1 сам по собі: acc=74.128 f1_macro=0.708

Epoch: [14] [  0/389] eta: 0:06:11 lr: 0.000003 tier1_loss: 0.0231 (0.0231) tier2_loss: 0.0141 (0.0141) time: 0.9542 data: 0.6831 max mem: 2745
Epoch: [14] [100/389] eta: 0:00:48 lr: 0.000002 tier1_loss: 0.0182 (0.2151) tier2_loss: 0.0153 (0.2929) time: 0.1658 data: 0.0001 max mem: 2745
Epoch: [14] [200/389] eta: 0:00:32 lr: 0.000002 tier1_loss: 0.0052 (0.2551) tier2_loss: 0.0095 (0.3597) time: 0.1800 data: 0.0002 max mem: 2745
Epoch: [14] [300/389] eta: 0:00:14 lr: 0.000001 tier1_loss: 0.0058 (0.2328) tier2_loss: 0.0111 (0.3010) time: 0.1613 data: 0.0001 max mem: 2745
Epoch: [14] [388/389] eta: 0:00:00 lr: 0.000001 tier1_loss: 0.0043 (0.2308) tier2_loss: 0.0095 (0.2883) time: 0.1525 data: 0.0001 max mem: 2757
Epoch: [14] Total time: 0:01:05 (65.2749 s / it)
Val [ 0/62] eta: 0:00:21 loss: 0.4104 (0.4104) acc1: 100.0000 (100.0000) time: 0.3442 data: 0.3015 max mem: 2757
Val [61/62] eta: 0:00:00 loss: 0.0174 (1.3244) acc1: 100.0000 (69.3548) time: 0.0426 data: 0.0001 max mem: 2757
Val Total time: 0:00:03 (3.7997 s / it)
* Acc@1 69.355 loss 1.324 auroc 0.818 f1_score 0.590
  per-class F1 (Val): {'benign': np.float32(0.787), 'atypical': np.float32(0.211), 'malignant': np.float32(0.773)}
  [DIAG] Tier1 сам по собі: acc=68.952 f1_macro=0.575
wandb: 
wandb: Run history:
wandb: diag/test_tier1_acc ▁▃▃▅▆▅▆▄▆▆▇▇███
wandb:  diag/test_tier1_f1 ▁▂▂▄▅▃▅▅▄▆▅▇███
wandb:       perf/test_auc ▄▄▁▅█▅▅▆▅▃▅▆▇▇▇
wandb:        perf/test_f1 ▁▁▂▂▂▂▃▂▃▃▄▇▇█▇
wandb:        perf/val_auc ▆▄▁▇█▄▅▇▄▃▄▆▆▆▆
wandb:         perf/val_f1 ▁▁▂▂▃▃▃▃▃▂▂█▃▄▄
wandb:          tier1_loss ▁▁▂▂▁█▁▁▁▁▁▁▁▁▁▁▁▁▁▁▁▁▁▁▁▁▁▁▁▁▁▁▁▁▁▁▁▁▁▁
wandb:          tier2_loss ▂▂▁█▂▁▁▁▁▁▁▁▁▁▁▁▁▁▁▁▁▁▁▁▁▁▁▁▁▁▁▇▁▁▁▁▁▁▁▁
wandb: 
wandb: Run summary:
wandb: diag/test_tier1_acc 74.4186
wandb:  diag/test_tier1_f1 0.71129
wandb:       perf/test_auc 0.86553
wandb:        perf/test_f1 0.69629
wandb:        perf/val_auc 0.81766
wandb:         perf/val_f1 0.59005
wandb:          tier1_loss 0.00289
wandb:          tier2_loss 0.00196
wandb: 
wandb: You can sync this run to the cloud by running:
wandb: wandb sync /data/bohatyrenko1/EXPERIMENTS_2/Hi-MoE_MIL/wandb/offline-run-20260927_152611-cd21ll88
wandb: Find logs at: ./wandb/offline-run-20260927_152611-cd21ll88/logs
Test [ 0/86] eta: 0:00:31 loss: 0.0121 (0.0121) acc1: 100.0000 (100.0000) time: 0.3664 data: 0.3000 max mem: 2757
Test [85/86] eta: 0:00:00 loss: 0.0152 (1.1009) acc1: 100.0000 (73.2558) time: 0.0430 data: 0.0002 max mem: 2757
Test Total time: 0:00:06 (6.6103 s / it)
* Acc@1 73.256 loss 1.101 auroc 0.866 f1_score 0.696
  per-class F1 (Test): {'benign': np.float32(0.771), 'atypical': np.float32(0.474), 'malignant': np.float32(0.844)}
  [DIAG] Tier1 сам по собі: acc=74.419 f1_macro=0.711

============================================================
FINAL EPOCH (14) RESULTS (DTFD-ASMIL v2):
  test_auc=0.8655 test_acc=73.26 test_f1(macro)=0.6963
  [DIAG] Tier1 сам по собі: acc=74.419 f1_macro=0.711
  test per-class F1: {'benign': np.float32(0.771), 'atypical': np.float32(0.474), 'malignant': np.float32(0.844)}
  test confusion matrix (rows=true, cols=pred):
            benign    atypical   malignant
  benign         27           3           1
atypical         10           9           4
malignant          2           3          27
============================================================
Best epoch: {'epoch': 11, 'val_f1': 0.7339687347412109, 'val_auc': 0.8033891916275024, 'test_f1': 0.6722440719604492, 'test_auc': 0.8301071524620056}
