wandb: Tracking run with wandb version 0.28.0
wandb: W&B syncing is set to `offline` in this directory. Run `wandb online` or set WANDB_MODE=online to enable cloud syncing.
wandb: Run data is saved locally in /data/bohatyrenko1/EXPERIMENTS_2/Hi-MoE_MIL/wandb/offline-run-20260927_140931-3tua75xv
wandb: View this run in the terminal with `wandb leet`
Used config (DTFD-ASMIL v2):
{'B': 1,
 'D_feat': 1536,
 'D_inner': 768,
 'M': None,
 'ckpt_dir': 'ckpt/bracs_dtfd_v2_uni2h_seed2',
 'config': 'config/bracs_uni2h_config.yml',
 'dataset': 'bracs',
 'lr': 0.0001,
 'min_lr': 1e-06,
 'n_class': 3,
 'n_token': 8,
 'n_worker': 4,
 'pin_memory': True,
 'pretrain': 'UNI2h',
 'seed': 2,
 'splits_dir': '/home/root_server/bohatyrenko/BRACS/splits',
 'test_dir': '/data/bohatyrenko1/features_uni2h_bracs_v2',
 'tier1_weight': 0.1,
 'tier2_D_inner': None,
 'tier2_n_heads': 4,
 'train_dir': '/data/bohatyrenko1/features_uni2h_bracs_v2',
 'train_epoch': 15,
 'wandb_mode': 'offline',
 'warmup_epoch': 5,
 'wd': 1e-05}
M (псевдо-bags) = 8, tier1_weight = 0.1
Class weights: [0.6582064032554626, 2.4935896396636963, 0.9261904954910278]
Epoch: [0] [  0/389] eta: 0:09:45 lr: 0.000000 tier1_loss: 1.1171 (1.1171) tier2_loss: 1.2626 (1.2626) time: 1.5049 data: 0.4245 max mem: 949
Epoch: [0] [100/389] eta: 0:00:55 lr: 0.000005 tier1_loss: 0.9807 (1.0962) tier2_loss: 0.4798 (1.1092) time: 0.1786 data: 0.0002 max mem: 2418
Epoch: [0] [200/389] eta: 0:00:34 lr: 0.000010 tier1_loss: 0.8919 (1.1083) tier2_loss: 0.1944 (1.2213) time: 0.1889 data: 0.0002 max mem: 2757
Epoch: [0] [300/389] eta: 0:00:15 lr: 0.000015 tier1_loss: 0.2239 (1.1473) tier2_loss: 0.0700 (1.2166) time: 0.1658 data: 0.0001 max mem: 2757
Epoch: [0] [388/389] eta: 0:00:00 lr: 0.000020 tier1_loss: 0.0989 (1.1085) tier2_loss: 0.0397 (1.1749) time: 0.1618 data: 0.0001 max mem: 2757
Epoch: [0] Total time: 0:01:07 (67.9794 s / it)
Val [ 0/62] eta: 0:00:26 loss: 0.3400 (0.3400) acc1: 100.0000 (100.0000) time: 0.4316 data: 0.3180 max mem: 2757
Val [61/62] eta: 0:00:00 loss: 1.2215 (1.1025) acc1: 0.0000 (62.9032) time: 0.0426 data: 0.0001 max mem: 2757
Val Total time: 0:00:03 (3.9289 s / it)
* Acc@1 62.903 loss 1.102 auroc 0.741 f1_score 0.471
  per-class F1 (Val): {'benign': np.float32(0.746), 'atypical': np.float32(0.0), 'malignant': np.float32(0.667)}
  [DIAG] Tier1 сам по собі: acc=60.484 f1_macro=0.452
Test [ 0/86] eta: 0:00:29 loss: 0.5150 (0.5150) acc1: 100.0000 (100.0000) time: 0.3473 data: 0.3020 max mem: 2757
Test [85/86] eta: 0:00:00 loss: 1.4740 (1.0611) acc1: 0.0000 (55.8140) time: 0.0430 data: 0.0001 max mem: 2757
Test Total time: 0:00:05 (5.1315 s / it)
* Acc@1 55.814 loss 1.061 auroc 0.744 f1_score 0.432
  per-class F1 (Test): {'benign': np.float32(0.61), 'atypical': np.float32(0.0), 'malignant': np.float32(0.687)}
  [DIAG] Tier1 сам по собі: acc=52.035 f1_macro=0.401

Epoch: [1] [  0/389] eta: 0:04:35 lr: 0.000020 tier1_loss: 3.4170 (3.4170) tier2_loss: 1.3365 (1.3365) time: 0.7082 data: 0.4349 max mem: 2757
Epoch: [1] [100/389] eta: 0:00:50 lr: 0.000025 tier1_loss: 0.0732 (0.8595) tier2_loss: 0.0788 (1.0820) time: 0.1515 data: 0.0002 max mem: 2757
Epoch: [1] [200/389] eta: 0:00:31 lr: 0.000030 tier1_loss: 0.6011 (0.8526) tier2_loss: 0.8436 (1.0642) time: 0.1698 data: 0.0002 max mem: 2757
Epoch: [1] [300/389] eta: 0:00:15 lr: 0.000035 tier1_loss: 0.0621 (0.7752) tier2_loss: 0.0518 (0.9712) time: 0.1717 data: 0.0002 max mem: 2758
Epoch: [1] [388/389] eta: 0:00:00 lr: 0.000040 tier1_loss: 0.0409 (0.7668) tier2_loss: 0.0465 (0.9655) time: 0.1654 data: 0.0002 max mem: 2758
Epoch: [1] Total time: 0:01:05 (65.8563 s / it)
Val [ 0/62] eta: 0:00:31 loss: 0.0873 (0.0873) acc1: 100.0000 (100.0000) time: 0.5088 data: 0.4377 max mem: 2758
Val [61/62] eta: 0:00:00 loss: 0.0420 (1.5401) acc1: 100.0000 (59.6774) time: 0.0439 data: 0.0001 max mem: 2758
Val Total time: 0:00:04 (4.0770 s / it)
* Acc@1 59.677 loss 1.540 auroc 0.793 f1_score 0.439
  per-class F1 (Val): {'benign': np.float32(0.692), 'atypical': np.float32(0.0), 'malignant': np.float32(0.625)}
  [DIAG] Tier1 сам по собі: acc=60.081 f1_macro=0.444
Test [ 0/86] eta: 0:00:27 loss: 0.0627 (0.0627) acc1: 100.0000 (100.0000) time: 0.3203 data: 0.2806 max mem: 2758
Test [85/86] eta: 0:00:00 loss: 2.8943 (1.8231) acc1: 0.0000 (55.8140) time: 0.0430 data: 0.0001 max mem: 2758
Test Total time: 0:00:05 (5.0120 s / it)
* Acc@1 55.814 loss 1.823 auroc 0.708 f1_score 0.438
  per-class F1 (Test): {'benign': np.float32(0.62), 'atypical': np.float32(0.0), 'malignant': np.float32(0.694)}
  [DIAG] Tier1 сам по собі: acc=57.849 f1_macro=0.457

Epoch: [2] [  0/389] eta: 0:02:17 lr: 0.000040 tier1_loss: 3.2417 (3.2417) tier2_loss: 4.4488 (4.4488) time: 0.3527 data: 0.1836 max mem: 2758
Epoch: [2] [100/389] eta: 0:00:48 lr: 0.000045 tier1_loss: 0.0085 (0.7101) tier2_loss: 0.0074 (1.0344) time: 0.1640 data: 0.0002 max mem: 2758
Epoch: [2] [200/389] eta: 0:00:31 lr: 0.000050 tier1_loss: 0.0258 (0.9444) tier2_loss: 0.0555 (1.0421) time: 0.1762 data: 0.0002 max mem: 2758
Epoch: [2] [300/389] eta: 0:00:15 lr: 0.000055 tier1_loss: 0.0355 (0.8695) tier2_loss: 0.0724 (0.9522) time: 0.1782 data: 0.0002 max mem: 2758
Epoch: [2] [388/389] eta: 0:00:00 lr: 0.000060 tier1_loss: 0.0188 (0.8231) tier2_loss: 0.0432 (0.9143) time: 0.1663 data: 0.0002 max mem: 2758
Epoch: [2] Total time: 0:01:05 (65.8332 s / it)
Val [ 0/62] eta: 0:00:26 loss: 0.0648 (0.0648) acc1: 100.0000 (100.0000) time: 0.4253 data: 0.3704 max mem: 2758
Val [61/62] eta: 0:00:00 loss: 0.0595 (1.4864) acc1: 100.0000 (64.5161) time: 0.0404 data: 0.0002 max mem: 2758
Val Total time: 0:00:03 (3.8681 s / it)
* Acc@1 64.516 loss 1.486 auroc 0.754 f1_score 0.474
  per-class F1 (Val): {'benign': np.float32(0.771), 'atypical': np.float32(0.0), 'malignant': np.float32(0.65)}
  [DIAG] Tier1 сам по собі: acc=64.315 f1_macro=0.476
Test [ 0/86] eta: 0:00:32 loss: 0.0656 (0.0656) acc1: 100.0000 (100.0000) time: 0.3724 data: 0.3019 max mem: 2758
Test [85/86] eta: 0:00:00 loss: 2.9277 (1.3433) acc1: 0.0000 (63.9535) time: 0.0434 data: 0.0001 max mem: 2758
Test Total time: 0:00:05 (5.1533 s / it)
* Acc@1 63.953 loss 1.343 auroc 0.794 f1_score 0.505
  per-class F1 (Test): {'benign': np.float32(0.667), 'atypical': np.float32(0.0), 'malignant': np.float32(0.847)}
  [DIAG] Tier1 сам по собі: acc=62.209 f1_macro=0.491

Epoch: [3] [  0/389] eta: 0:02:53 lr: 0.000060 tier1_loss: 0.0049 (0.0049) tier2_loss: 0.0053 (0.0053) time: 0.4462 data: 0.2706 max mem: 2758
Epoch: [3] [100/389] eta: 0:00:51 lr: 0.000065 tier1_loss: 0.0465 (0.5772) tier2_loss: 0.0543 (0.6654) time: 0.1910 data: 0.0002 max mem: 2758
Epoch: [3] [200/389] eta: 0:00:32 lr: 0.000070 tier1_loss: 0.0174 (0.7022) tier2_loss: 0.0065 (0.7626) time: 0.1637 data: 0.0001 max mem: 2758
Epoch: [3] [300/389] eta: 0:00:15 lr: 0.000075 tier1_loss: 0.0430 (0.6581) tier2_loss: 0.0886 (0.7366) time: 0.1855 data: 0.0001 max mem: 2758
Epoch: [3] [388/389] eta: 0:00:00 lr: 0.000080 tier1_loss: 0.0369 (0.6869) tier2_loss: 0.0401 (0.7753) time: 0.1818 data: 0.0002 max mem: 2758
Epoch: [3] Total time: 0:01:07 (67.2524 s / it)
Val [ 0/62] eta: 0:00:23 loss: 0.4090 (0.4090) acc1: 100.0000 (100.0000) time: 0.3770 data: 0.3185 max mem: 2758
Val [61/62] eta: 0:00:00 loss: 0.0617 (0.9069) acc1: 100.0000 (69.3548) time: 0.0458 data: 0.0001 max mem: 2758
Val Total time: 0:00:04 (4.1588 s / it)
* Acc@1 69.355 loss 0.907 auroc 0.839 f1_score 0.516
  per-class F1 (Val): {'benign': np.float32(0.839), 'atypical': np.float32(0.0), 'malignant': np.float32(0.708)}
  [DIAG] Tier1 сам по собі: acc=70.161 f1_macro=0.524
Test [ 0/86] eta: 0:00:27 loss: 0.0597 (0.0597) acc1: 100.0000 (100.0000) time: 0.3225 data: 0.2730 max mem: 2758
Test [85/86] eta: 0:00:00 loss: 2.3727 (1.1215) acc1: 0.0000 (66.2791) time: 0.0395 data: 0.0001 max mem: 2758
Test Total time: 0:00:05 (5.0894 s / it)
* Acc@1 66.279 loss 1.122 auroc 0.814 f1_score 0.510
  per-class F1 (Test): {'benign': np.float32(0.773), 'atypical': np.float32(0.0), 'malignant': np.float32(0.757)}
  [DIAG] Tier1 сам по собі: acc=64.390 f1_macro=0.496

Epoch: [4] [  0/389] eta: 0:02:16 lr: 0.000080 tier1_loss: 0.0076 (0.0076) tier2_loss: 0.0609 (0.0609) time: 0.3511 data: 0.2071 max mem: 2758
Epoch: [4] [100/389] eta: 0:00:48 lr: 0.000085 tier1_loss: 0.0141 (0.4661) tier2_loss: 0.0235 (0.5692) time: 0.1623 data: 0.0002 max mem: 2758
Epoch: [4] [200/389] eta: 0:00:31 lr: 0.000090 tier1_loss: 0.0202 (0.6115) tier2_loss: 0.0254 (0.7154) time: 0.1711 data: 0.0002 max mem: 2758
Epoch: [4] [300/389] eta: 0:00:14 lr: 0.000095 tier1_loss: 0.0063 (0.5901) tier2_loss: 0.0002 (0.7241) time: 0.1658 data: 0.0001 max mem: 2758
Epoch: [4] [388/389] eta: 0:00:00 lr: 0.000100 tier1_loss: 0.0382 (0.6189) tier2_loss: 0.0631 (0.7795) time: 0.1723 data: 0.0001 max mem: 2758
Epoch: [4] Total time: 0:01:05 (65.6074 s / it)
Val [ 0/62] eta: 0:00:25 loss: 7.0072 (7.0072) acc1: 0.0000 (0.0000) time: 0.4049 data: 0.3410 max mem: 2758
Val [61/62] eta: 0:00:00 loss: 0.0184 (1.6492) acc1: 100.0000 (67.7419) time: 0.0426 data: 0.0002 max mem: 2758
Val Total time: 0:00:03 (3.8894 s / it)
* Acc@1 67.742 loss 1.649 auroc 0.684 f1_score 0.508
  per-class F1 (Val): {'benign': np.float32(0.78), 'atypical': np.float32(0.0), 'malignant': np.float32(0.745)}
  [DIAG] Tier1 сам по собі: acc=67.944 f1_macro=0.534
Test [ 0/86] eta: 0:00:34 loss: 0.0158 (0.0158) acc1: 100.0000 (100.0000) time: 0.3995 data: 0.3366 max mem: 2758
Test [85/86] eta: 0:00:00 loss: 3.3997 (1.6862) acc1: 0.0000 (65.1163) time: 0.0421 data: 0.0001 max mem: 2758
Test Total time: 0:00:05 (5.2094 s / it)
* Acc@1 65.116 loss 1.686 auroc 0.718 f1_score 0.500
  per-class F1 (Test): {'benign': np.float32(0.722), 'atypical': np.float32(0.0), 'malignant': np.float32(0.779)}
  [DIAG] Tier1 сам по собі: acc=63.517 f1_macro=0.496

Epoch: [5] [  0/389] eta: 0:04:14 lr: 0.000100 tier1_loss: 0.0182 (0.0182) tier2_loss: 0.0068 (0.0068) time: 0.6550 data: 0.4079 max mem: 2758
Epoch: [5] [100/389] eta: 0:00:49 lr: 0.000100 tier1_loss: 0.0088 (0.7339) tier2_loss: 0.0263 (0.9185) time: 0.1505 data: 0.0002 max mem: 2758
Epoch: [5] [200/389] eta: 0:00:32 lr: 0.000099 tier1_loss: 0.0104 (0.7531) tier2_loss: 0.0215 (0.8364) time: 0.1566 data: 0.0001 max mem: 2758
Epoch: [5] [300/389] eta: 0:00:14 lr: 0.000099 tier1_loss: 0.0139 (0.6745) tier2_loss: 0.0358 (0.7709) time: 0.1643 data: 0.0001 max mem: 2758
Epoch: [5] [388/389] eta: 0:00:00 lr: 0.000098 tier1_loss: 0.0041 (0.6823) tier2_loss: 0.0290 (0.7463) time: 0.1782 data: 0.0001 max mem: 2758
Epoch: [5] Total time: 0:01:05 (65.1478 s / it)
Val [ 0/62] eta: 0:00:30 loss: 0.0336 (0.0336) acc1: 100.0000 (100.0000) time: 0.4877 data: 0.4314 max mem: 2758
Val [61/62] eta: 0:00:00 loss: 0.0341 (1.5777) acc1: 100.0000 (62.9032) time: 0.0464 data: 0.0065 max mem: 2758
Val Total time: 0:00:04 (4.8065 s / it)
* Acc@1 62.903 loss 1.578 auroc 0.785 f1_score 0.476
  per-class F1 (Val): {'benign': np.float32(0.701), 'atypical': np.float32(0.0), 'malignant': np.float32(0.727)}
  [DIAG] Tier1 сам по собі: acc=64.516 f1_macro=0.492
Test [ 0/86] eta: 0:00:50 loss: 0.0340 (0.0340) acc1: 100.0000 (100.0000) time: 0.5894 data: 0.5342 max mem: 2758
Test [85/86] eta: 0:00:00 loss: 3.5367 (1.7161) acc1: 0.0000 (59.3023) time: 0.0436 data: 0.0001 max mem: 2758
Test Total time: 0:00:05 (5.8818 s / it)
* Acc@1 59.302 loss 1.716 auroc 0.735 f1_score 0.469
  per-class F1 (Test): {'benign': np.float32(0.639), 'atypical': np.float32(0.0), 'malignant': np.float32(0.769)}
  [DIAG] Tier1 сам по собі: acc=60.756 f1_macro=0.482

Epoch: [6] [  0/389] eta: 0:03:32 lr: 0.000098 tier1_loss: 0.0041 (0.0041) tier2_loss: 0.0399 (0.0399) time: 0.5450 data: 0.3204 max mem: 2758
Epoch: [6] [100/389] eta: 0:00:48 lr: 0.000096 tier1_loss: 0.0092 (0.5068) tier2_loss: 0.0600 (0.7261) time: 0.1575 data: 0.0002 max mem: 2758
Epoch: [6] [200/389] eta: 0:00:31 lr: 0.000095 tier1_loss: 0.0413 (0.5259) tier2_loss: 0.1210 (0.6674) time: 0.1589 data: 0.0001 max mem: 2758
Epoch: [6] [300/389] eta: 0:00:14 lr: 0.000093 tier1_loss: 0.0192 (0.5463) tier2_loss: 0.0382 (0.6579) time: 0.1545 data: 0.0002 max mem: 2758
Epoch: [6] [388/389] eta: 0:00:00 lr: 0.000091 tier1_loss: 0.0313 (0.5755) tier2_loss: 0.0560 (0.7032) time: 0.1667 data: 0.0001 max mem: 2758
Epoch: [6] Total time: 0:01:05 (65.6146 s / it)
Val [ 0/62] eta: 0:00:24 loss: 1.1296 (1.1296) acc1: 0.0000 (0.0000) time: 0.4002 data: 0.3492 max mem: 2758
Val [61/62] eta: 0:00:00 loss: 0.0368 (1.1700) acc1: 100.0000 (67.7419) time: 0.0406 data: 0.0002 max mem: 2758
Val Total time: 0:00:03 (3.7881 s / it)
* Acc@1 67.742 loss 1.170 auroc 0.800 f1_score 0.507
  per-class F1 (Val): {'benign': np.float32(0.781), 'atypical': np.float32(0.0), 'malignant': np.float32(0.739)}
  [DIAG] Tier1 сам по собі: acc=72.177 f1_macro=0.624
Test [ 0/86] eta: 0:00:32 loss: 0.0205 (0.0205) acc1: 100.0000 (100.0000) time: 0.3747 data: 0.3282 max mem: 2758
Test [85/86] eta: 0:00:00 loss: 2.5163 (1.2519) acc1: 0.0000 (65.1163) time: 0.0443 data: 0.0002 max mem: 2758
Test Total time: 0:00:05 (5.4313 s / it)
* Acc@1 65.116 loss 1.252 auroc 0.809 f1_score 0.503
  per-class F1 (Test): {'benign': np.float32(0.732), 'atypical': np.float32(0.0), 'malignant': np.float32(0.776)}
  [DIAG] Tier1 сам по собі: acc=65.116 f1_macro=0.550

Epoch: [7] [  0/389] eta: 0:01:54 lr: 0.000091 tier1_loss: 0.0516 (0.0516) tier2_loss: 0.1351 (0.1351) time: 0.2931 data: 0.1451 max mem: 2758
Epoch: [7] [100/389] eta: 0:00:49 lr: 0.000088 tier1_loss: 0.0229 (0.6101) tier2_loss: 0.0827 (0.6910) time: 0.1685 data: 0.0002 max mem: 2758
Epoch: [7] [200/389] eta: 0:00:32 lr: 0.000085 tier1_loss: 0.0090 (0.5282) tier2_loss: 0.0299 (0.6280) time: 0.1924 data: 0.0001 max mem: 2758
Epoch: [7] [300/389] eta: 0:00:15 lr: 0.000082 tier1_loss: 0.0146 (0.5111) tier2_loss: 0.0441 (0.6333) time: 0.1727 data: 0.0002 max mem: 2758
Epoch: [7] [388/389] eta: 0:00:00 lr: 0.000080 tier1_loss: 0.0070 (0.5117) tier2_loss: 0.0272 (0.6220) time: 0.1572 data: 0.0002 max mem: 2758
Epoch: [7] Total time: 0:01:06 (66.5562 s / it)
Val [ 0/62] eta: 0:00:28 loss: 0.3797 (0.3797) acc1: 100.0000 (100.0000) time: 0.4676 data: 0.4193 max mem: 2758
Val [61/62] eta: 0:00:00 loss: 0.0185 (1.3471) acc1: 100.0000 (67.7419) time: 0.0451 data: 0.0002 max mem: 2758
Val Total time: 0:00:04 (4.6560 s / it)
* Acc@1 67.742 loss 1.347 auroc 0.799 f1_score 0.505
  per-class F1 (Val): {'benign': np.float32(0.788), 'atypical': np.float32(0.0), 'malignant': np.float32(0.727)}
  [DIAG] Tier1 сам по собі: acc=66.331 f1_macro=0.495
Test [ 0/86] eta: 0:00:39 loss: 0.0157 (0.0157) acc1: 100.0000 (100.0000) time: 0.4598 data: 0.3932 max mem: 2758
Test [85/86] eta: 0:00:00 loss: 2.8771 (1.4923) acc1: 0.0000 (63.9535) time: 0.0463 data: 0.0017 max mem: 2758
Test Total time: 0:00:05 (5.5154 s / it)
* Acc@1 63.953 loss 1.492 auroc 0.765 f1_score 0.505
  per-class F1 (Test): {'benign': np.float32(0.667), 'atypical': np.float32(0.0), 'malignant': np.float32(0.847)}
  [DIAG] Tier1 сам по собі: acc=64.099 f1_macro=0.504

Epoch: [8] [  0/389] eta: 0:06:53 lr: 0.000080 tier1_loss: 0.0134 (0.0134) tier2_loss: 0.0094 (0.0094) time: 1.0619 data: 0.6516 max mem: 2766
Epoch: [8] [100/389] eta: 0:00:49 lr: 0.000076 tier1_loss: 0.0105 (0.4390) tier2_loss: 0.0189 (0.4967) time: 0.1478 data: 0.0002 max mem: 2766
Epoch: [8] [200/389] eta: 0:00:31 lr: 0.000073 tier1_loss: 0.0139 (0.4452) tier2_loss: 0.0225 (0.5160) time: 0.1965 data: 0.0002 max mem: 2766
Epoch: [8] [300/389] eta: 0:00:15 lr: 0.000069 tier1_loss: 0.0336 (0.5170) tier2_loss: 0.0922 (0.6212) time: 0.1936 data: 0.0002 max mem: 2766
Epoch: [8] [388/389] eta: 0:00:00 lr: 0.000066 tier1_loss: 0.0228 (0.5301) tier2_loss: 0.0339 (0.6282) time: 0.1554 data: 0.0002 max mem: 2766
Epoch: [8] Total time: 0:01:06 (66.3906 s / it)
Val [ 0/62] eta: 0:00:26 loss: 6.1954 (6.1954) acc1: 0.0000 (0.0000) time: 0.4286 data: 0.3867 max mem: 2766
Val [61/62] eta: 0:00:00 loss: 0.0693 (1.1594) acc1: 100.0000 (70.9677) time: 0.0442 data: 0.0001 max mem: 2766
Val Total time: 0:00:03 (3.9963 s / it)
* Acc@1 70.968 loss 1.159 auroc 0.750 f1_score 0.531
  per-class F1 (Val): {'benign': np.float32(0.833), 'atypical': np.float32(0.0), 'malignant': np.float32(0.76)}
  [DIAG] Tier1 сам по собі: acc=70.161 f1_macro=0.530
Test [ 0/86] eta: 0:00:30 loss: 0.0638 (0.0638) acc1: 100.0000 (100.0000) time: 0.3493 data: 0.3001 max mem: 2766
Test [85/86] eta: 0:00:00 loss: 2.4810 (1.0260) acc1: 0.0000 (69.7674) time: 0.0432 data: 0.0001 max mem: 2766
Test Total time: 0:00:05 (5.2563 s / it)
* Acc@1 69.767 loss 1.026 auroc 0.773 f1_score 0.537
  per-class F1 (Test): {'benign': np.float32(0.8), 'atypical': np.float32(0.0), 'malignant': np.float32(0.811)}
  [DIAG] Tier1 сам по собі: acc=68.169 f1_macro=0.531

Epoch: [9] [  0/389] eta: 0:03:14 lr: 0.000066 tier1_loss: 2.8516 (2.8516) tier2_loss: 3.0511 (3.0511) time: 0.5011 data: 0.2664 max mem: 2766
Epoch: [9] [100/389] eta: 0:00:51 lr: 0.000062 tier1_loss: 0.0089 (0.3780) tier2_loss: 0.0386 (0.4968) time: 0.1868 data: 0.0002 max mem: 2766
Epoch: [9] [200/389] eta: 0:00:32 lr: 0.000058 tier1_loss: 0.0241 (0.4444) tier2_loss: 0.0676 (0.5589) time: 0.1671 data: 0.0001 max mem: 2766
Epoch: [9] [300/389] eta: 0:00:15 lr: 0.000054 tier1_loss: 0.0231 (0.4315) tier2_loss: 0.0481 (0.5393) time: 0.1780 data: 0.0001 max mem: 2766
Epoch: [9] [388/389] eta: 0:00:00 lr: 0.000051 tier1_loss: 0.0039 (0.4232) tier2_loss: 0.0076 (0.5306) time: 0.1733 data: 0.0002 max mem: 2766
Epoch: [9] Total time: 0:01:06 (66.9888 s / it)
Val [ 0/62] eta: 0:00:32 loss: 2.9972 (2.9972) acc1: 0.0000 (0.0000) time: 0.5270 data: 0.4751 max mem: 2766
Val [61/62] eta: 0:00:00 loss: 0.0146 (1.5096) acc1: 100.0000 (69.3548) time: 0.0441 data: 0.0052 max mem: 2766
Val Total time: 0:00:04 (4.5126 s / it)
* Acc@1 69.355 loss 1.510 auroc 0.728 f1_score 0.519
  per-class F1 (Val): {'benign': np.float32(0.806), 'atypical': np.float32(0.0), 'malignant': np.float32(0.75)}
  [DIAG] Tier1 сам по собі: acc=69.960 f1_macro=0.523
Test [ 0/86] eta: 0:00:39 loss: 0.0057 (0.0057) acc1: 100.0000 (100.0000) time: 0.4643 data: 0.3834 max mem: 2766
Test [85/86] eta: 0:00:00 loss: 2.1931 (1.5512) acc1: 0.0000 (65.1163) time: 0.0533 data: 0.0083 max mem: 2766
Test Total time: 0:00:06 (6.1125 s / it)
* Acc@1 65.116 loss 1.551 auroc 0.726 f1_score 0.505
  per-class F1 (Test): {'benign': np.float32(0.714), 'atypical': np.float32(0.0), 'malignant': np.float32(0.8)}
  [DIAG] Tier1 сам по собі: acc=66.860 f1_macro=0.521

Epoch: [10] [  0/389] eta: 0:04:00 lr: 0.000051 tier1_loss: 0.0022 (0.0022) tier2_loss: 0.0189 (0.0189) time: 0.6173 data: 0.3624 max mem: 2766
Epoch: [10] [100/389] eta: 0:00:49 lr: 0.000047 tier1_loss: 0.0122 (0.4699) tier2_loss: 0.0380 (0.6204) time: 0.1772 data: 0.0002 max mem: 2773
Epoch: [10] [200/389] eta: 0:00:32 lr: 0.000043 tier1_loss: 0.0155 (0.3854) tier2_loss: 0.0173 (0.4867) time: 0.1527 data: 0.0001 max mem: 2773
Epoch: [10] [300/389] eta: 0:00:15 lr: 0.000039 tier1_loss: 0.0114 (0.3769) tier2_loss: 0.0139 (0.4988) time: 0.1615 data: 0.0001 max mem: 2773
Epoch: [10] [388/389] eta: 0:00:00 lr: 0.000035 tier1_loss: 0.0074 (0.3887) tier2_loss: 0.0206 (0.5160) time: 0.1621 data: 0.0001 max mem: 2773
Epoch: [10] Total time: 0:01:06 (66.2239 s / it)
Val [ 0/62] eta: 0:00:23 loss: 7.1484 (7.1484) acc1: 0.0000 (0.0000) time: 0.3842 data: 0.3303 max mem: 2773
Val [61/62] eta: 0:00:00 loss: 0.0267 (1.2755) acc1: 100.0000 (70.9677) time: 0.0431 data: 0.0001 max mem: 2773
Val Total time: 0:00:03 (3.9552 s / it)
* Acc@1 70.968 loss 1.276 auroc 0.806 f1_score 0.600
  per-class F1 (Val): {'benign': np.float32(0.814), 'atypical': np.float32(0.235), 'malignant': np.float32(0.75)}
  [DIAG] Tier1 сам по собі: acc=70.565 f1_macro=0.582
Test [ 0/86] eta: 0:00:30 loss: 0.0208 (0.0208) acc1: 100.0000 (100.0000) time: 0.3489 data: 0.2905 max mem: 2773
Test [85/86] eta: 0:00:00 loss: 0.5450 (1.1096) acc1: 0.0000 (68.6047) time: 0.0440 data: 0.0001 max mem: 2773
Test Total time: 0:00:05 (5.0602 s / it)
* Acc@1 68.605 loss 1.110 auroc 0.840 f1_score 0.606
  per-class F1 (Test): {'benign': np.float32(0.74), 'atypical': np.float32(0.267), 'malignant': np.float32(0.812)}
  [DIAG] Tier1 сам по собі: acc=68.750 f1_macro=0.608

Epoch: [11] [  0/389] eta: 0:03:41 lr: 0.000035 tier1_loss: 0.1291 (0.1291) tier2_loss: 0.0217 (0.0217) time: 0.5696 data: 0.3260 max mem: 2773
Epoch: [11] [100/389] eta: 0:00:50 lr: 0.000031 tier1_loss: 0.0216 (0.3875) tier2_loss: 0.0206 (0.4792) time: 0.1845 data: 0.0002 max mem: 2773
Epoch: [11] [200/389] eta: 0:00:33 lr: 0.000028 tier1_loss: 0.0106 (0.3761) tier2_loss: 0.0200 (0.4650) time: 0.1840 data: 0.0002 max mem: 2773
Epoch: [11] [300/389] eta: 0:00:15 lr: 0.000024 tier1_loss: 0.0088 (0.3641) tier2_loss: 0.0146 (0.4565) time: 0.1649 data: 0.0001 max mem: 2773
Epoch: [11] [388/389] eta: 0:00:00 lr: 0.000021 tier1_loss: 0.0215 (0.3596) tier2_loss: 0.0124 (0.4618) time: 0.1776 data: 0.0002 max mem: 2773
Epoch: [11] Total time: 0:01:07 (67.1876 s / it)
Val [ 0/62] eta: 0:00:36 loss: 5.4196 (5.4196) acc1: 0.0000 (0.0000) time: 0.5855 data: 0.5023 max mem: 2773
Val [61/62] eta: 0:00:00 loss: 0.0185 (1.1108) acc1: 100.0000 (72.5806) time: 0.0496 data: 0.0062 max mem: 2773
Val Total time: 0:00:04 (4.6591 s / it)
* Acc@1 72.581 loss 1.111 auroc 0.873 f1_score 0.636
  per-class F1 (Val): {'benign': np.float32(0.82), 'atypical': np.float32(0.333), 'malignant': np.float32(0.756)}
  [DIAG] Tier1 сам по собі: acc=72.782 f1_macro=0.640
Test [ 0/86] eta: 0:00:33 loss: 0.0168 (0.0168) acc1: 100.0000 (100.0000) time: 0.3913 data: 0.3377 max mem: 2773
Test [85/86] eta: 0:00:00 loss: 0.0786 (1.0712) acc1: 100.0000 (73.2558) time: 0.0488 data: 0.0051 max mem: 2773
Test Total time: 0:00:05 (5.9919 s / it)
* Acc@1 73.256 loss 1.071 auroc 0.887 f1_score 0.706
  per-class F1 (Test): {'benign': np.float32(0.763), 'atypical': np.float32(0.526), 'malignant': np.float32(0.828)}
  [DIAG] Tier1 сам по собі: acc=71.366 f1_macro=0.677

Epoch: [12] [  0/389] eta: 0:03:08 lr: 0.000021 tier1_loss: 0.0011 (0.0011) tier2_loss: 0.0055 (0.0055) time: 0.4844 data: 0.2708 max mem: 2773
Epoch: [12] [100/389] eta: 0:00:46 lr: 0.000018 tier1_loss: 0.0115 (0.3727) tier2_loss: 0.0198 (0.4776) time: 0.1350 data: 0.0001 max mem: 2773
Epoch: [12] [200/389] eta: 0:00:29 lr: 0.000015 tier1_loss: 0.0100 (0.3117) tier2_loss: 0.0100 (0.3951) time: 0.1654 data: 0.0002 max mem: 2773
Epoch: [12] [300/389] eta: 0:00:14 lr: 0.000013 tier1_loss: 0.0052 (0.2448) tier2_loss: 0.0078 (0.3114) time: 0.1569 data: 0.0002 max mem: 2778
Epoch: [12] [388/389] eta: 0:00:00 lr: 0.000010 tier1_loss: 0.0061 (0.2828) tier2_loss: 0.0137 (0.3680) time: 0.1616 data: 0.0001 max mem: 2778
Epoch: [12] Total time: 0:01:03 (63.6736 s / it)
Val [ 0/62] eta: 0:00:27 loss: 4.5653 (4.5653) acc1: 0.0000 (0.0000) time: 0.4361 data: 0.3806 max mem: 2778
Val [61/62] eta: 0:00:00 loss: 0.0204 (1.0441) acc1: 100.0000 (70.9677) time: 0.0458 data: 0.0001 max mem: 2778
Val Total time: 0:00:04 (4.1703 s / it)
* Acc@1 70.968 loss 1.044 auroc 0.885 f1_score 0.622
  per-class F1 (Val): {'benign': np.float32(0.828), 'atypical': np.float32(0.316), 'malignant': np.float32(0.723)}
  [DIAG] Tier1 сам по собі: acc=73.589 f1_macro=0.666
Test [ 0/86] eta: 0:00:33 loss: 0.0162 (0.0162) acc1: 100.0000 (100.0000) time: 0.3856 data: 0.3127 max mem: 2778
Test [85/86] eta: 0:00:00 loss: 0.0545 (1.0454) acc1: 100.0000 (73.2558) time: 0.0417 data: 0.0001 max mem: 2778
Test Total time: 0:00:05 (5.2390 s / it)
* Acc@1 73.256 loss 1.045 auroc 0.882 f1_score 0.715
  per-class F1 (Test): {'benign': np.float32(0.761), 'atypical': np.float32(0.558), 'malignant': np.float32(0.828)}
  [DIAG] Tier1 сам по собі: acc=72.093 f1_macro=0.697

Epoch: [13] [  0/389] eta: 0:05:46 lr: 0.000010 tier1_loss: 0.0058 (0.0058) tier2_loss: 0.0179 (0.0179) time: 0.8916 data: 0.5674 max mem: 2778
Epoch: [13] [100/389] eta: 0:00:51 lr: 0.000008 tier1_loss: 0.0088 (0.1236) tier2_loss: 0.0115 (0.1489) time: 0.1749 data: 0.0002 max mem: 2778
Epoch: [13] [200/389] eta: 0:00:33 lr: 0.000006 tier1_loss: 0.0077 (0.2521) tier2_loss: 0.0131 (0.3056) time: 0.1611 data: 0.0001 max mem: 2778
Epoch: [13] [300/389] eta: 0:00:15 lr: 0.000005 tier1_loss: 0.0053 (0.2352) tier2_loss: 0.0053 (0.2979) time: 0.1615 data: 0.0001 max mem: 2778
Epoch: [13] [388/389] eta: 0:00:00 lr: 0.000003 tier1_loss: 0.0062 (0.2580) tier2_loss: 0.0145 (0.3313) time: 0.1747 data: 0.0001 max mem: 2778
Epoch: [13] Total time: 0:01:06 (66.5251 s / it)
Val [ 0/62] eta: 0:00:23 loss: 4.6472 (4.6472) acc1: 0.0000 (0.0000) time: 0.3732 data: 0.3157 max mem: 2778
Val [61/62] eta: 0:00:00 loss: 0.0167 (1.1719) acc1: 100.0000 (69.3548) time: 0.0449 data: 0.0001 max mem: 2778
Val Total time: 0:00:03 (3.9869 s / it)
* Acc@1 69.355 loss 1.172 auroc 0.865 f1_score 0.586
  per-class F1 (Val): {'benign': np.float32(0.814), 'atypical': np.float32(0.222), 'malignant': np.float32(0.723)}
  [DIAG] Tier1 сам по собі: acc=72.782 f1_macro=0.650
Test [ 0/86] eta: 0:00:37 loss: 0.0135 (0.0135) acc1: 100.0000 (100.0000) time: 0.4321 data: 0.3715 max mem: 2778
Test [85/86] eta: 0:00:00 loss: 0.0342 (1.1129) acc1: 100.0000 (73.2558) time: 0.0472 data: 0.0002 max mem: 2778
Test Total time: 0:00:05 (5.7312 s / it)
* Acc@1 73.256 loss 1.113 auroc 0.879 f1_score 0.715
  per-class F1 (Test): {'benign': np.float32(0.761), 'atypical': np.float32(0.558), 'malignant': np.float32(0.828)}
  [DIAG] Tier1 сам по собі: acc=71.076 f1_macro=0.680

Epoch: [14] [  0/389] eta: 0:02:13 lr: 0.000003 tier1_loss: 0.0056 (0.0056) tier2_loss: 0.0186 (0.0186) time: 0.3433 data: 0.1979 max mem: 2778
Epoch: [14] [100/389] eta: 0:00:50 lr: 0.000002 tier1_loss: 0.0063 (0.2569) tier2_loss: 0.0111 (0.2844) time: 0.1627 data: 0.0002 max mem: 2778
Epoch: [14] [200/389] eta: 0:00:31 lr: 0.000002 tier1_loss: 0.0101 (0.3215) tier2_loss: 0.0129 (0.3763) time: 0.1612 data: 0.0001 max mem: 2778
Epoch: [14] [300/389] eta: 0:00:15 lr: 0.000001 tier1_loss: 0.0098 (0.2754) tier2_loss: 0.0112 (0.3249) time: 0.1620 data: 0.0002 max mem: 2778
Epoch: [14] [388/389] eta: 0:00:00 lr: 0.000001 tier1_loss: 0.0044 (0.2380) tier2_loss: 0.0123 (0.2880) time: 0.1679 data: 0.0001 max mem: 2778
Epoch: [14] Total time: 0:01:06 (66.1291 s / it)
Val [ 0/62] eta: 0:00:27 loss: 6.1110 (6.1110) acc1: 0.0000 (0.0000) time: 0.4363 data: 0.3786 max mem: 2778
Val [61/62] eta: 0:00:00 loss: 0.0169 (1.1455) acc1: 100.0000 (72.5806) time: 0.0416 data: 0.0001 max mem: 2778
Val Total time: 0:00:04 (4.0345 s / it)
* Acc@1 72.581 loss 1.145 auroc 0.864 f1_score 0.656
  per-class F1 (Val): {'benign': np.float32(0.814), 'atypical': np.float32(0.4), 'malignant': np.float32(0.756)}
  [DIAG] Tier1 сам по собі: acc=72.782 f1_macro=0.655
wandb: 
wandb: Run history:
wandb: diag/test_tier1_acc ▁▃▅▅▅▄▆▅▇▆▇████
wandb:  diag/test_tier1_f1 ▁▂▃▃▃▃▅▃▄▄▆████
wandb:       perf/test_auc ▂▁▄▅▁▂▅▃▄▂▆████
wandb:        perf/test_f1 ▁▁▃▃▃▂▃▃▄▃▅████
wandb:        perf/val_auc ▃▅▃▆▁▅▅▅▃▃▅██▇▇
wandb:         perf/val_f1 ▂▁▂▃▃▂▃▃▄▄▆▇▇▆█
wandb:          tier1_loss ▄▄▃▁▁▁▁█▁▁▅▁▁▁▁▁▁▁▆▁▁▁▁▁▁▁▁▇▁▁▁▁▁▁▁▁▁▁▅▁
wandb:          tier2_loss ▂▁█▁▁▁▁▁▅▁▁▁▄▁▁▁▁▁▁▁▁▁▁▁▅▁▆▁▁▁▁▁▁█▁▁▁▁▁▁
wandb: 
wandb: Run summary:
wandb: diag/test_tier1_acc 72.23837
wandb:  diag/test_tier1_f1 0.69508
wandb:       perf/test_auc 0.8843
wandb:        perf/test_f1 0.70047
wandb:        perf/val_auc 0.86421
wandb:         perf/val_f1 0.65637
wandb:          tier1_loss 0.00385
wandb:          tier2_loss 0.01235
wandb: 
wandb: You can sync this run to the cloud by running:
wandb: wandb sync /data/bohatyrenko1/EXPERIMENTS_2/Hi-MoE_MIL/wandb/offline-run-20260927_140931-3tua75xv
wandb: Find logs at: ./wandb/offline-run-20260927_140931-3tua75xv/logs
Test [ 0/86] eta: 0:00:30 loss: 0.0138 (0.0138) acc1: 100.0000 (100.0000) time: 0.3595 data: 0.3077 max mem: 2778
Test [85/86] eta: 0:00:00 loss: 0.0174 (1.0890) acc1: 100.0000 (72.0930) time: 0.0407 data: 0.0001 max mem: 2778
Test Total time: 0:00:05 (5.0528 s / it)
* Acc@1 72.093 loss 1.089 auroc 0.884 f1_score 0.700
  per-class F1 (Test): {'benign': np.float32(0.75), 'atypical': np.float32(0.524), 'malignant': np.float32(0.828)}
  [DIAG] Tier1 сам по собі: acc=72.238 f1_macro=0.695

============================================================
FINAL EPOCH (14) RESULTS (DTFD-ASMIL v2):
  test_auc=0.8843 test_acc=72.09 test_f1(macro)=0.7005
  [DIAG] Tier1 сам по собі: acc=72.238 f1_macro=0.695
  test per-class F1: {'benign': np.float32(0.75), 'atypical': np.float32(0.524), 'malignant': np.float32(0.828)}
  test confusion matrix (rows=true, cols=pred):
            benign    atypical   malignant
  benign         27           3           1
atypical         11          11           1
malignant          3           5          24
============================================================
Best epoch: {'epoch': 14, 'val_f1': 0.6563715934753418, 'val_auc': 0.8642053604125977, 'test_f1': 0.7004652619361877, 'test_auc': 0.8842951655387878}
