wandb: Tracking run with wandb version 0.28.0
wandb: W&B syncing is set to `offline` in this directory. Run `wandb online` or set WANDB_MODE=online to enable cloud syncing.
wandb: Run data is saved locally in /data/bohatyrenko1/EXPERIMENTS_2/Hi-MoE_MIL/wandb/offline-run-20260927_080838-2hr0cjhr
wandb: View this run in the terminal with `wandb leet`
Used config (DTFD-ASMIL v2):
{'B': 1,
 'D_feat': 384,
 'D_inner': 128,
 'M': None,
 'ckpt_dir': 'ckpt/bracs_dtfd_v2_seed3',
 'config': 'config/bracs_vits_dino_config_100ep.yml',
 'dataset': 'bracs',
 'lr': 0.0001,
 'min_lr': 1e-06,
 'n_class': 3,
 'n_token': 8,
 'n_worker': 4,
 'pin_memory': True,
 'pretrain': 'medical_ssl',
 'seed': 3,
 'splits_dir': '/home/root_server/bohatyrenko/BRACS/splits',
 'test_dir': '/data/bohatyrenko1/features_vits_dino_bracs',
 'tier1_weight': 0.1,
 'tier2_D_inner': None,
 'tier2_n_heads': 4,
 'train_dir': '/data/bohatyrenko1/features_vits_dino_bracs',
 'train_epoch': 30,
 'wandb_mode': 'offline',
 'warmup_epoch': 0,
 'wd': 1e-05}
M (псевдо-bags) = 8, tier1_weight = 0.1
Class weights: [0.6582064032554626, 2.4935896396636963, 0.9261904954910278]
Epoch: [0] [  0/389] eta: 0:06:13 lr: 0.000100 tier1_loss: 1.1946 (1.1946) tier2_loss: 0.9830 (0.9830) time: 0.9604 data: 0.2953 max mem: 116
Epoch: [0] [100/389] eta: 0:00:38 lr: 0.000100 tier1_loss: 0.5174 (1.0298) tier2_loss: 0.3627 (1.0349) time: 0.1242 data: 0.0001 max mem: 356
Epoch: [0] [200/389] eta: 0:00:22 lr: 0.000100 tier1_loss: 0.9576 (1.0011) tier2_loss: 0.7500 (1.1254) time: 0.1145 data: 0.0001 max mem: 356
Epoch: [0] [300/389] eta: 0:00:10 lr: 0.000100 tier1_loss: 0.4527 (0.9802) tier2_loss: 0.3113 (1.0908) time: 0.1146 data: 0.0001 max mem: 419
Epoch: [0] [388/389] eta: 0:00:00 lr: 0.000100 tier1_loss: 0.2653 (0.9565) tier2_loss: 0.3934 (1.0631) time: 0.1178 data: 0.0001 max mem: 419
Epoch: [0] Total time: 0:00:46 (46.2951 s / it)
Val [ 0/62] eta: 0:00:15 loss: 0.1956 (0.1956) acc1: 100.0000 (100.0000) time: 0.2453 data: 0.1402 max mem: 419
Val [61/62] eta: 0:00:00 loss: 0.2409 (1.3005) acc1: 100.0000 (48.3871) time: 0.0333 data: 0.0001 max mem: 419
Val Total time: 0:00:02 (2.7257 s / it)
* Acc@1 48.387 loss 1.300 auroc 0.705 f1_score 0.291
  per-class F1 (Val): {'benign': np.float32(0.643), 'atypical': np.float32(0.0), 'malignant': np.float32(0.231)}
  [DIAG] Tier1 сам по собі: acc=51.008 f1_macro=0.329
Test [ 0/86] eta: 0:00:16 loss: 0.2660 (0.2660) acc1: 100.0000 (100.0000) time: 0.1870 data: 0.1329 max mem: 419
Test [85/86] eta: 0:00:00 loss: 1.8055 (1.2504) acc1: 0.0000 (47.6744) time: 0.0332 data: 0.0001 max mem: 419
Test Total time: 0:00:03 (3.4968 s / it)
* Acc@1 47.674 loss 1.250 auroc 0.702 f1_score 0.357
  per-class F1 (Test): {'benign': np.float32(0.571), 'atypical': np.float32(0.0), 'malignant': np.float32(0.5)}
  [DIAG] Tier1 сам по собі: acc=51.308 f1_macro=0.399

Epoch: [1] [  0/389] eta: 0:02:00 lr: 0.000100 tier1_loss: 1.3221 (1.3221) tier2_loss: 2.2530 (2.2530) time: 0.3090 data: 0.1377 max mem: 419
Epoch: [1] [100/389] eta: 0:00:38 lr: 0.000100 tier1_loss: 0.1783 (0.7361) tier2_loss: 0.1315 (0.8578) time: 0.1136 data: 0.0001 max mem: 419
Epoch: [1] [200/389] eta: 0:00:24 lr: 0.000099 tier1_loss: 0.1910 (0.7915) tier2_loss: 0.0795 (0.9085) time: 0.1280 data: 0.0001 max mem: 419
Epoch: [1] [300/389] eta: 0:00:11 lr: 0.000099 tier1_loss: 1.2909 (0.8882) tier2_loss: 1.2000 (1.0068) time: 0.1212 data: 0.0001 max mem: 419
Epoch: [1] [388/389] eta: 0:00:00 lr: 0.000099 tier1_loss: 0.1002 (0.8731) tier2_loss: 0.0853 (0.9720) time: 0.1361 data: 0.0001 max mem: 419
Epoch: [1] Total time: 0:00:48 (48.3467 s / it)
Val [ 0/62] eta: 0:00:14 loss: 0.1476 (0.1476) acc1: 100.0000 (100.0000) time: 0.2295 data: 0.1633 max mem: 419
Val [61/62] eta: 0:00:00 loss: 0.3702 (1.0756) acc1: 100.0000 (66.1290) time: 0.0264 data: 0.0001 max mem: 419
Val Total time: 0:00:02 (2.4797 s / it)
* Acc@1 66.129 loss 1.076 auroc 0.730 f1_score 0.591
  per-class F1 (Val): {'benign': np.float32(0.788), 'atypical': np.float32(0.421), 'malignant': np.float32(0.564)}
  [DIAG] Tier1 сам по собі: acc=62.903 f1_macro=0.459
Test [ 0/86] eta: 0:00:15 loss: 0.7617 (0.7617) acc1: 100.0000 (100.0000) time: 0.1764 data: 0.1228 max mem: 419
Test [85/86] eta: 0:00:00 loss: 1.0183 (1.1292) acc1: 0.0000 (58.1395) time: 0.0289 data: 0.0001 max mem: 419
Test Total time: 0:00:02 (2.9534 s / it)
* Acc@1 58.140 loss 1.129 auroc 0.740 f1_score 0.512
  per-class F1 (Test): {'benign': np.float32(0.628), 'atypical': np.float32(0.207), 'malignant': np.float32(0.702)}
  [DIAG] Tier1 сам по собі: acc=54.506 f1_macro=0.419

Epoch: [2] [  0/389] eta: 0:01:43 lr: 0.000099 tier1_loss: 0.1567 (0.1567) tier2_loss: 0.1833 (0.1833) time: 0.2656 data: 0.1293 max mem: 419
Epoch: [2] [100/389] eta: 0:00:33 lr: 0.000099 tier1_loss: 0.1160 (1.0284) tier2_loss: 0.1075 (1.0592) time: 0.1181 data: 0.0001 max mem: 419
Epoch: [2] [200/389] eta: 0:00:22 lr: 0.000098 tier1_loss: 0.3591 (0.9405) tier2_loss: 0.2224 (1.0347) time: 0.1147 data: 0.0001 max mem: 419
Epoch: [2] [300/389] eta: 0:00:10 lr: 0.000098 tier1_loss: 0.0429 (0.8378) tier2_loss: 0.0373 (0.9266) time: 0.1166 data: 0.0001 max mem: 419
Epoch: [2] [388/389] eta: 0:00:00 lr: 0.000098 tier1_loss: 0.0910 (0.8145) tier2_loss: 0.0614 (0.9065) time: 0.1063 data: 0.0001 max mem: 419
Epoch: [2] Total time: 0:00:45 (45.7077 s / it)
Val [ 0/62] eta: 0:00:13 loss: 0.0786 (0.0786) acc1: 100.0000 (100.0000) time: 0.2154 data: 0.1641 max mem: 419
Val [61/62] eta: 0:00:00 loss: 0.1000 (1.0767) acc1: 100.0000 (67.7419) time: 0.0258 data: 0.0001 max mem: 419
Val Total time: 0:00:02 (2.1903 s / it)
* Acc@1 67.742 loss 1.077 auroc 0.754 f1_score 0.584
  per-class F1 (Val): {'benign': np.float32(0.818), 'atypical': np.float32(0.333), 'malignant': np.float32(0.6)}
  [DIAG] Tier1 сам по собі: acc=63.911 f1_macro=0.466
Test [ 0/86] eta: 0:00:18 loss: 0.3648 (0.3648) acc1: 100.0000 (100.0000) time: 0.2116 data: 0.1362 max mem: 419
Test [85/86] eta: 0:00:00 loss: 0.9242 (1.2004) acc1: 0.0000 (60.4651) time: 0.0270 data: 0.0001 max mem: 419
Test Total time: 0:00:02 (2.8760 s / it)
* Acc@1 60.465 loss 1.200 auroc 0.760 f1_score 0.545
  per-class F1 (Test): {'benign': np.float32(0.636), 'atypical': np.float32(0.286), 'malignant': np.float32(0.714)}
  [DIAG] Tier1 сам по собі: acc=54.942 f1_macro=0.423

Epoch: [3] [  0/389] eta: 0:01:55 lr: 0.000098 tier1_loss: 0.0367 (0.0367) tier2_loss: 0.0131 (0.0131) time: 0.2972 data: 0.1638 max mem: 419
Epoch: [3] [100/389] eta: 0:00:34 lr: 0.000097 tier1_loss: 0.1044 (0.7568) tier2_loss: 0.0613 (0.8921) time: 0.1083 data: 0.0001 max mem: 419
Epoch: [3] [200/389] eta: 0:00:22 lr: 0.000097 tier1_loss: 0.1295 (0.8018) tier2_loss: 0.1016 (0.9003) time: 0.0926 data: 0.0001 max mem: 419
Epoch: [3] [300/389] eta: 0:00:10 lr: 0.000096 tier1_loss: 0.0927 (0.7840) tier2_loss: 0.0588 (0.8709) time: 0.1096 data: 0.0001 max mem: 419
Epoch: [3] [388/389] eta: 0:00:00 lr: 0.000096 tier1_loss: 0.1190 (0.8004) tier2_loss: 0.0944 (0.8898) time: 0.1105 data: 0.0001 max mem: 419
Epoch: [3] Total time: 0:00:45 (45.1661 s / it)
Val [ 0/62] eta: 0:00:13 loss: 0.0810 (0.0810) acc1: 100.0000 (100.0000) time: 0.2193 data: 0.1605 max mem: 419
Val [61/62] eta: 0:00:00 loss: 0.1170 (1.0036) acc1: 100.0000 (69.3548) time: 0.0253 data: 0.0001 max mem: 419
Val Total time: 0:00:02 (2.0847 s / it)
* Acc@1 69.355 loss 1.004 auroc 0.782 f1_score 0.628
  per-class F1 (Val): {'benign': np.float32(0.867), 'atypical': np.float32(0.417), 'malignant': np.float32(0.6)}
  [DIAG] Tier1 сам по собі: acc=66.532 f1_macro=0.571
Test [ 0/86] eta: 0:00:15 loss: 0.7902 (0.7902) acc1: 0.0000 (0.0000) time: 0.1855 data: 0.1189 max mem: 419
Test [85/86] eta: 0:00:00 loss: 0.9342 (1.0898) acc1: 0.0000 (58.1395) time: 0.0268 data: 0.0001 max mem: 419
Test Total time: 0:00:02 (2.8312 s / it)
* Acc@1 58.140 loss 1.090 auroc 0.774 f1_score 0.536
  per-class F1 (Test): {'benign': np.float32(0.633), 'atypical': np.float32(0.286), 'malignant': np.float32(0.69)}
  [DIAG] Tier1 сам по собі: acc=56.686 f1_macro=0.468

Epoch: [4] [  0/389] eta: 0:02:07 lr: 0.000096 tier1_loss: 0.0487 (0.0487) tier2_loss: 0.0308 (0.0308) time: 0.3275 data: 0.1592 max mem: 419
Epoch: [4] [100/389] eta: 0:00:36 lr: 0.000095 tier1_loss: 0.2342 (0.7633) tier2_loss: 0.0954 (0.8138) time: 0.1128 data: 0.0001 max mem: 419
Epoch: [4] [200/389] eta: 0:00:22 lr: 0.000095 tier1_loss: 0.0738 (0.7385) tier2_loss: 0.0269 (0.8013) time: 0.1178 data: 0.0001 max mem: 419
Epoch: [4] [300/389] eta: 0:00:10 lr: 0.000094 tier1_loss: 0.0538 (0.7270) tier2_loss: 0.0402 (0.8216) time: 0.0937 data: 0.0001 max mem: 419
Epoch: [4] [388/389] eta: 0:00:00 lr: 0.000093 tier1_loss: 0.0355 (0.6771) tier2_loss: 0.0303 (0.7792) time: 0.1168 data: 0.0001 max mem: 419
Epoch: [4] Total time: 0:00:44 (44.9498 s / it)
Val [ 0/62] eta: 0:00:13 loss: 0.0869 (0.0869) acc1: 100.0000 (100.0000) time: 0.2198 data: 0.1532 max mem: 419
Val [61/62] eta: 0:00:00 loss: 0.0402 (1.2934) acc1: 100.0000 (66.1290) time: 0.0341 data: 0.0001 max mem: 419
Val Total time: 0:00:02 (2.8015 s / it)
* Acc@1 66.129 loss 1.293 auroc 0.746 f1_score 0.546
  per-class F1 (Val): {'benign': np.float32(0.831), 'atypical': np.float32(0.235), 'malignant': np.float32(0.571)}
  [DIAG] Tier1 сам по собі: acc=61.290 f1_macro=0.442
Test [ 0/86] eta: 0:00:18 loss: 0.1504 (0.1504) acc1: 100.0000 (100.0000) time: 0.2144 data: 0.1463 max mem: 419
Test [85/86] eta: 0:00:00 loss: 1.5409 (1.2871) acc1: 0.0000 (60.4651) time: 0.0284 data: 0.0001 max mem: 419
Test Total time: 0:00:03 (3.0695 s / it)
* Acc@1 60.465 loss 1.287 auroc 0.787 f1_score 0.526
  per-class F1 (Test): {'benign': np.float32(0.667), 'atypical': np.float32(0.214), 'malignant': np.float32(0.698)}
  [DIAG] Tier1 сам по собі: acc=56.977 f1_macro=0.439

Epoch: [5] [  0/389] eta: 0:02:10 lr: 0.000093 tier1_loss: 0.3304 (0.3304) tier2_loss: 0.0860 (0.0860) time: 0.3361 data: 0.1670 max mem: 419
Epoch: [5] [100/389] eta: 0:00:33 lr: 0.000093 tier1_loss: 0.0563 (0.7851) tier2_loss: 0.0865 (0.8416) time: 0.1106 data: 0.0001 max mem: 419
Epoch: [5] [200/389] eta: 0:00:21 lr: 0.000092 tier1_loss: 0.0302 (0.7148) tier2_loss: 0.0224 (0.7509) time: 0.1195 data: 0.0001 max mem: 419
Epoch: [5] [300/389] eta: 0:00:10 lr: 0.000091 tier1_loss: 0.0418 (0.6821) tier2_loss: 0.0277 (0.7468) time: 0.1232 data: 0.0001 max mem: 419
Epoch: [5] [388/389] eta: 0:00:00 lr: 0.000091 tier1_loss: 0.0296 (0.6682) tier2_loss: 0.0276 (0.7494) time: 0.1056 data: 0.0001 max mem: 419
Epoch: [5] Total time: 0:00:44 (44.8525 s / it)
Val [ 0/62] eta: 0:00:13 loss: 0.0256 (0.0256) acc1: 100.0000 (100.0000) time: 0.2154 data: 0.1470 max mem: 419
Val [61/62] eta: 0:00:00 loss: 0.0219 (1.7781) acc1: 100.0000 (54.8387) time: 0.0269 data: 0.0001 max mem: 419
Val Total time: 0:00:02 (2.1603 s / it)
* Acc@1 54.839 loss 1.778 auroc 0.797 f1_score 0.377
  per-class F1 (Val): {'benign': np.float32(0.692), 'atypical': np.float32(0.0), 'malignant': np.float32(0.438)}
  [DIAG] Tier1 сам по собі: acc=56.653 f1_macro=0.397
Test [ 0/86] eta: 0:00:14 loss: 0.0254 (0.0254) acc1: 100.0000 (100.0000) time: 0.1675 data: 0.1211 max mem: 419
Test [85/86] eta: 0:00:00 loss: 2.7771 (1.7808) acc1: 0.0000 (54.6512) time: 0.0284 data: 0.0001 max mem: 419
Test Total time: 0:00:02 (2.9993 s / it)
* Acc@1 54.651 loss 1.781 auroc 0.783 f1_score 0.424
  per-class F1 (Test): {'benign': np.float32(0.619), 'atypical': np.float32(0.0), 'malignant': np.float32(0.654)}
  [DIAG] Tier1 сам по собі: acc=54.651 f1_macro=0.425

Epoch: [6] [  0/389] eta: 0:01:53 lr: 0.000091 tier1_loss: 0.2961 (0.2961) tier2_loss: 0.1601 (0.1601) time: 0.2914 data: 0.1244 max mem: 419
Epoch: [6] [100/389] eta: 0:00:34 lr: 0.000090 tier1_loss: 0.0274 (0.6474) tier2_loss: 0.0382 (0.6690) time: 0.1038 data: 0.0001 max mem: 419
Epoch: [6] [200/389] eta: 0:00:22 lr: 0.000089 tier1_loss: 0.0384 (0.6651) tier2_loss: 0.0358 (0.7117) time: 0.1259 data: 0.0001 max mem: 419
Epoch: [6] [300/389] eta: 0:00:10 lr: 0.000088 tier1_loss: 0.0617 (0.6208) tier2_loss: 0.0355 (0.6591) time: 0.1095 data: 0.0001 max mem: 419
Epoch: [6] [388/389] eta: 0:00:00 lr: 0.000087 tier1_loss: 0.0570 (0.6112) tier2_loss: 0.0809 (0.6401) time: 0.1125 data: 0.0001 max mem: 419
Epoch: [6] Total time: 0:00:46 (46.9114 s / it)
Val [ 0/62] eta: 0:00:12 loss: 4.9004 (4.9004) acc1: 0.0000 (0.0000) time: 0.2090 data: 0.1505 max mem: 419
Val [61/62] eta: 0:00:00 loss: 0.0388 (1.2248) acc1: 100.0000 (70.9677) time: 0.0271 data: 0.0001 max mem: 419
Val Total time: 0:00:02 (2.1858 s / it)
* Acc@1 70.968 loss 1.225 auroc 0.784 f1_score 0.604
  per-class F1 (Val): {'benign': np.float32(0.863), 'atypical': np.float32(0.222), 'malignant': np.float32(0.727)}
  [DIAG] Tier1 сам по собі: acc=73.790 f1_macro=0.613
Test [ 0/86] eta: 0:00:14 loss: 1.3657 (1.3657) acc1: 0.0000 (0.0000) time: 0.1638 data: 0.1201 max mem: 419
Test [85/86] eta: 0:00:00 loss: 2.5632 (1.4078) acc1: 0.0000 (61.6279) time: 0.0279 data: 0.0001 max mem: 419
Test Total time: 0:00:02 (2.8582 s / it)
* Acc@1 61.628 loss 1.408 auroc 0.811 f1_score 0.523
  per-class F1 (Test): {'benign': np.float32(0.714), 'atypical': np.float32(0.133), 'malignant': np.float32(0.721)}
  [DIAG] Tier1 сам по собі: acc=63.953 f1_macro=0.521

Epoch: [7] [  0/389] eta: 0:01:42 lr: 0.000087 tier1_loss: 0.0132 (0.0132) tier2_loss: 0.0065 (0.0065) time: 0.2631 data: 0.1296 max mem: 419
Epoch: [7] [100/389] eta: 0:00:32 lr: 0.000086 tier1_loss: 0.0122 (0.4934) tier2_loss: 0.0091 (0.5853) time: 0.1112 data: 0.0001 max mem: 419
Epoch: [7] [200/389] eta: 0:00:21 lr: 0.000085 tier1_loss: 0.0234 (0.5842) tier2_loss: 0.0281 (0.6661) time: 0.1063 data: 0.0001 max mem: 419
Epoch: [7] [300/389] eta: 0:00:10 lr: 0.000084 tier1_loss: 0.0276 (0.6028) tier2_loss: 0.0690 (0.6799) time: 0.1184 data: 0.0001 max mem: 419
Epoch: [7] [388/389] eta: 0:00:00 lr: 0.000084 tier1_loss: 0.0782 (0.5903) tier2_loss: 0.0420 (0.6505) time: 0.0982 data: 0.0001 max mem: 419
Epoch: [7] Total time: 0:00:44 (44.7593 s / it)
Val [ 0/62] eta: 0:00:12 loss: 0.2586 (0.2586) acc1: 100.0000 (100.0000) time: 0.1985 data: 0.1470 max mem: 419
Val [61/62] eta: 0:00:00 loss: 0.0195 (1.7469) acc1: 100.0000 (62.9032) time: 0.0264 data: 0.0001 max mem: 419
Val Total time: 0:00:02 (2.1675 s / it)
* Acc@1 62.903 loss 1.747 auroc 0.762 f1_score 0.493
  per-class F1 (Val): {'benign': np.float32(0.761), 'atypical': np.float32(0.125), 'malignant': np.float32(0.595)}
  [DIAG] Tier1 сам по собі: acc=60.887 f1_macro=0.442
Test [ 0/86] eta: 0:00:17 loss: 0.0218 (0.0218) acc1: 100.0000 (100.0000) time: 0.2005 data: 0.1346 max mem: 419
Test [85/86] eta: 0:00:00 loss: 3.3981 (1.6490) acc1: 0.0000 (58.1395) time: 0.0277 data: 0.0001 max mem: 419
Test Total time: 0:00:02 (2.9054 s / it)
* Acc@1 58.140 loss 1.649 auroc 0.771 f1_score 0.482
  per-class F1 (Test): {'benign': np.float32(0.674), 'atypical': np.float32(0.069), 'malignant': np.float32(0.702)}
  [DIAG] Tier1 сам по собі: acc=59.448 f1_macro=0.468

Epoch: [8] [  0/389] eta: 0:02:01 lr: 0.000084 tier1_loss: 5.4149 (5.4149) tier2_loss: 5.9360 (5.9360) time: 0.3115 data: 0.1535 max mem: 419
Epoch: [8] [100/389] eta: 0:00:33 lr: 0.000083 tier1_loss: 0.0358 (0.6986) tier2_loss: 0.0312 (0.7798) time: 0.1264 data: 0.0001 max mem: 419
Epoch: [8] [200/389] eta: 0:00:22 lr: 0.000082 tier1_loss: 0.0224 (0.5848) tier2_loss: 0.0134 (0.6603) time: 0.1073 data: 0.0001 max mem: 419
Epoch: [8] [300/389] eta: 0:00:10 lr: 0.000081 tier1_loss: 0.0156 (0.5464) tier2_loss: 0.0079 (0.6255) time: 0.1140 data: 0.0001 max mem: 419
Epoch: [8] [388/389] eta: 0:00:00 lr: 0.000080 tier1_loss: 0.0197 (0.5652) tier2_loss: 0.0222 (0.6335) time: 0.1069 data: 0.0001 max mem: 419
Epoch: [8] Total time: 0:00:44 (44.5699 s / it)
Val [ 0/62] eta: 0:00:12 loss: 3.0531 (3.0531) acc1: 0.0000 (0.0000) time: 0.1972 data: 0.1423 max mem: 419
Val [61/62] eta: 0:00:00 loss: 0.0442 (1.1950) acc1: 100.0000 (64.5161) time: 0.0268 data: 0.0001 max mem: 419
Val Total time: 0:00:02 (2.1745 s / it)
* Acc@1 64.516 loss 1.195 auroc 0.765 f1_score 0.564
  per-class F1 (Val): {'benign': np.float32(0.8), 'atypical': np.float32(0.273), 'malignant': np.float32(0.619)}
  [DIAG] Tier1 сам по собі: acc=67.742 f1_macro=0.564
Test [ 0/86] eta: 0:00:14 loss: 0.0967 (0.0967) acc1: 100.0000 (100.0000) time: 0.1710 data: 0.1285 max mem: 419
Test [85/86] eta: 0:00:00 loss: 0.4284 (0.9043) acc1: 100.0000 (73.2558) time: 0.0282 data: 0.0001 max mem: 419
Test Total time: 0:00:02 (2.8783 s / it)
* Acc@1 73.256 loss 0.904 auroc 0.844 f1_score 0.708
  per-class F1 (Test): {'benign': np.float32(0.776), 'atypical': np.float32(0.537), 'malignant': np.float32(0.812)}
  [DIAG] Tier1 сам по собі: acc=65.698 f1_macro=0.599

Epoch: [9] [  0/389] eta: 0:01:48 lr: 0.000080 tier1_loss: 0.0432 (0.0432) tier2_loss: 0.0831 (0.0831) time: 0.2801 data: 0.1096 max mem: 419
Epoch: [9] [100/389] eta: 0:00:35 lr: 0.000079 tier1_loss: 0.0207 (0.5761) tier2_loss: 0.0319 (0.7155) time: 0.1094 data: 0.0001 max mem: 419
Epoch: [9] [200/389] eta: 0:00:23 lr: 0.000077 tier1_loss: 0.0282 (0.5168) tier2_loss: 0.0156 (0.6153) time: 0.1229 data: 0.0001 max mem: 419
Epoch: [9] [300/389] eta: 0:00:10 lr: 0.000076 tier1_loss: 0.0216 (0.5294) tier2_loss: 0.0090 (0.6140) time: 0.1119 data: 0.0001 max mem: 419
Epoch: [9] [388/389] eta: 0:00:00 lr: 0.000075 tier1_loss: 0.0206 (0.5277) tier2_loss: 0.0187 (0.5862) time: 0.1037 data: 0.0001 max mem: 419
Epoch: [9] Total time: 0:00:45 (45.6059 s / it)
Val [ 0/62] eta: 0:00:12 loss: 2.5596 (2.5596) acc1: 0.0000 (0.0000) time: 0.1967 data: 0.1396 max mem: 419
Val [61/62] eta: 0:00:00 loss: 0.0253 (1.0905) acc1: 100.0000 (64.5161) time: 0.0315 data: 0.0001 max mem: 419
Val Total time: 0:00:02 (2.3832 s / it)
* Acc@1 64.516 loss 1.091 auroc 0.819 f1_score 0.548
  per-class F1 (Val): {'benign': np.float32(0.787), 'atypical': np.float32(0.19), 'malignant': np.float32(0.667)}
  [DIAG] Tier1 сам по собі: acc=68.548 f1_macro=0.560
Test [ 0/86] eta: 0:00:16 loss: 0.0361 (0.0361) acc1: 100.0000 (100.0000) time: 0.1945 data: 0.1322 max mem: 419
Test [85/86] eta: 0:00:00 loss: 0.6790 (1.0552) acc1: 0.0000 (66.2791) time: 0.0309 data: 0.0001 max mem: 419
Test Total time: 0:00:03 (3.5137 s / it)
* Acc@1 66.279 loss 1.055 auroc 0.844 f1_score 0.635
  per-class F1 (Test): {'benign': np.float32(0.74), 'atypical': np.float32(0.429), 'malignant': np.float32(0.737)}
  [DIAG] Tier1 сам по собі: acc=63.227 f1_macro=0.573

Epoch: [10] [  0/389] eta: 0:01:55 lr: 0.000075 tier1_loss: 0.0048 (0.0048) tier2_loss: 0.0059 (0.0059) time: 0.2971 data: 0.1223 max mem: 419
Epoch: [10] [100/389] eta: 0:00:33 lr: 0.000074 tier1_loss: 0.0107 (0.5518) tier2_loss: 0.0110 (0.6095) time: 0.1047 data: 0.0001 max mem: 419
Epoch: [10] [200/389] eta: 0:00:21 lr: 0.000073 tier1_loss: 0.0336 (0.4795) tier2_loss: 0.0119 (0.5169) time: 0.1019 data: 0.0001 max mem: 419
Epoch: [10] [300/389] eta: 0:00:09 lr: 0.000072 tier1_loss: 0.0275 (0.5102) tier2_loss: 0.0159 (0.5528) time: 0.1129 data: 0.0001 max mem: 419
Epoch: [10] [388/389] eta: 0:00:00 lr: 0.000071 tier1_loss: 0.0178 (0.5021) tier2_loss: 0.0208 (0.5549) time: 0.1034 data: 0.0001 max mem: 419
Epoch: [10] Total time: 0:00:42 (42.9762 s / it)
Val [ 0/62] eta: 0:00:12 loss: 2.8801 (2.8801) acc1: 0.0000 (0.0000) time: 0.2020 data: 0.1413 max mem: 419
Val [61/62] eta: 0:00:00 loss: 0.0248 (1.3581) acc1: 100.0000 (70.9677) time: 0.0259 data: 0.0001 max mem: 419
Val Total time: 0:00:02 (2.1307 s / it)
* Acc@1 70.968 loss 1.358 auroc 0.770 f1_score 0.536
  per-class F1 (Val): {'benign': np.float32(0.847), 'atypical': np.float32(0.0), 'malignant': np.float32(0.76)}
  [DIAG] Tier1 сам по собі: acc=72.984 f1_macro=0.577
Test [ 0/86] eta: 0:00:14 loss: 0.0334 (0.0334) acc1: 100.0000 (100.0000) time: 0.1639 data: 0.1112 max mem: 419
Test [85/86] eta: 0:00:00 loss: 1.5548 (1.0675) acc1: 0.0000 (68.6047) time: 0.0278 data: 0.0001 max mem: 419
Test Total time: 0:00:02 (2.9855 s / it)
* Acc@1 68.605 loss 1.067 auroc 0.842 f1_score 0.607
  per-class F1 (Test): {'benign': np.float32(0.722), 'atypical': np.float32(0.258), 'malignant': np.float32(0.841)}
  [DIAG] Tier1 сам по собі: acc=66.134 f1_macro=0.579

Epoch: [11] [  0/389] eta: 0:01:51 lr: 0.000071 tier1_loss: 1.5270 (1.5270) tier2_loss: 0.1536 (0.1536) time: 0.2866 data: 0.1145 max mem: 419
Epoch: [11] [100/389] eta: 0:00:31 lr: 0.000069 tier1_loss: 0.0119 (0.5360) tier2_loss: 0.0077 (0.5275) time: 0.1135 data: 0.0001 max mem: 419
Epoch: [11] [200/389] eta: 0:00:20 lr: 0.000068 tier1_loss: 0.0568 (0.4917) tier2_loss: 0.0093 (0.4992) time: 0.1095 data: 0.0001 max mem: 419
Epoch: [11] [300/389] eta: 0:00:10 lr: 0.000067 tier1_loss: 0.0192 (0.5124) tier2_loss: 0.0276 (0.5724) time: 0.1263 data: 0.0001 max mem: 419
Epoch: [11] [388/389] eta: 0:00:00 lr: 0.000066 tier1_loss: 0.0078 (0.4735) tier2_loss: 0.0079 (0.5311) time: 0.1033 data: 0.0001 max mem: 419
Epoch: [11] Total time: 0:00:43 (43.6558 s / it)
Val [ 0/62] eta: 0:00:14 loss: 3.1381 (3.1381) acc1: 0.0000 (0.0000) time: 0.2273 data: 0.1477 max mem: 419
Val [61/62] eta: 0:00:00 loss: 0.0185 (1.3558) acc1: 100.0000 (69.3548) time: 0.0308 data: 0.0001 max mem: 419
Val Total time: 0:00:02 (2.3801 s / it)
* Acc@1 69.355 loss 1.356 auroc 0.784 f1_score 0.561
  per-class F1 (Val): {'benign': np.float32(0.833), 'atypical': np.float32(0.111), 'malignant': np.float32(0.739)}
  [DIAG] Tier1 сам по собі: acc=70.363 f1_macro=0.562
Test [ 0/86] eta: 0:00:15 loss: 0.1302 (0.1302) acc1: 100.0000 (100.0000) time: 0.1835 data: 0.1243 max mem: 419
Test [85/86] eta: 0:00:00 loss: 0.5688 (1.2259) acc1: 0.0000 (67.4419) time: 0.0331 data: 0.0001 max mem: 419
Test Total time: 0:00:03 (3.4835 s / it)
* Acc@1 67.442 loss 1.226 auroc 0.819 f1_score 0.631
  per-class F1 (Test): {'benign': np.float32(0.732), 'atypical': np.float32(0.368), 'malignant': np.float32(0.794)}
  [DIAG] Tier1 сам по собі: acc=63.227 f1_macro=0.560

Epoch: [12] [  0/389] eta: 0:01:33 lr: 0.000066 tier1_loss: 0.0023 (0.0023) tier2_loss: 0.0011 (0.0011) time: 0.2406 data: 0.1211 max mem: 419
Epoch: [12] [100/389] eta: 0:00:35 lr: 0.000065 tier1_loss: 0.0109 (0.5059) tier2_loss: 0.0082 (0.4606) time: 0.1040 data: 0.0001 max mem: 419
Epoch: [12] [200/389] eta: 0:00:22 lr: 0.000063 tier1_loss: 0.0077 (0.4558) tier2_loss: 0.0058 (0.4784) time: 0.1249 data: 0.0001 max mem: 419
Epoch: [12] [300/389] eta: 0:00:10 lr: 0.000062 tier1_loss: 0.0311 (0.4306) tier2_loss: 0.0055 (0.4457) time: 0.1205 data: 0.0001 max mem: 419
Epoch: [12] [388/389] eta: 0:00:00 lr: 0.000061 tier1_loss: 0.0345 (0.4560) tier2_loss: 0.0129 (0.4860) time: 0.1105 data: 0.0001 max mem: 419
Epoch: [12] Total time: 0:00:46 (46.7558 s / it)
Val [ 0/62] eta: 0:00:13 loss: 4.7224 (4.7224) acc1: 0.0000 (0.0000) time: 0.2192 data: 0.1451 max mem: 419
Val [61/62] eta: 0:00:00 loss: 0.0673 (1.1404) acc1: 100.0000 (69.3548) time: 0.0265 data: 0.0001 max mem: 419
Val Total time: 0:00:02 (2.1624 s / it)
* Acc@1 69.355 loss 1.140 auroc 0.817 f1_score 0.631
  per-class F1 (Val): {'benign': np.float32(0.846), 'atypical': np.float32(0.308), 'malignant': np.float32(0.739)}
  [DIAG] Tier1 сам по собі: acc=72.177 f1_macro=0.656
Test [ 0/86] eta: 0:00:16 loss: 1.9075 (1.9075) acc1: 0.0000 (0.0000) time: 0.1952 data: 0.1268 max mem: 419
Test [85/86] eta: 0:00:00 loss: 0.1010 (1.1299) acc1: 100.0000 (68.6047) time: 0.0264 data: 0.0001 max mem: 419
Test Total time: 0:00:02 (2.7983 s / it)
* Acc@1 68.605 loss 1.130 auroc 0.842 f1_score 0.686
  per-class F1 (Test): {'benign': np.float32(0.727), 'atypical': np.float32(0.552), 'malignant': np.float32(0.78)}
  [DIAG] Tier1 сам по собі: acc=67.442 f1_macro=0.671

Epoch: [13] [  0/389] eta: 0:01:45 lr: 0.000061 tier1_loss: 0.0070 (0.0070) tier2_loss: 0.0046 (0.0046) time: 0.2703 data: 0.1187 max mem: 419
Epoch: [13] [100/389] eta: 0:00:34 lr: 0.000059 tier1_loss: 0.0127 (0.4315) tier2_loss: 0.0040 (0.4613) time: 0.1210 data: 0.0001 max mem: 419
Epoch: [13] [200/389] eta: 0:00:21 lr: 0.000058 tier1_loss: 0.0279 (0.4952) tier2_loss: 0.0136 (0.5320) time: 0.1093 data: 0.0001 max mem: 419
Epoch: [13] [300/389] eta: 0:00:10 lr: 0.000057 tier1_loss: 0.0168 (0.5257) tier2_loss: 0.0245 (0.5630) time: 0.1175 data: 0.0001 max mem: 419
Epoch: [13] [388/389] eta: 0:00:00 lr: 0.000056 tier1_loss: 0.0089 (0.4630) tier2_loss: 0.0035 (0.4844) time: 0.1194 data: 0.0001 max mem: 419
Epoch: [13] Total time: 0:00:45 (45.0141 s / it)
Val [ 0/62] eta: 0:00:13 loss: 4.4447 (4.4447) acc1: 0.0000 (0.0000) time: 0.2203 data: 0.1461 max mem: 419
Val [61/62] eta: 0:00:00 loss: 0.0067 (1.3575) acc1: 100.0000 (66.1290) time: 0.0260 data: 0.0001 max mem: 419
Val Total time: 0:00:02 (2.3847 s / it)
* Acc@1 66.129 loss 1.358 auroc 0.786 f1_score 0.561
  per-class F1 (Val): {'benign': np.float32(0.82), 'atypical': np.float32(0.182), 'malignant': np.float32(0.683)}
  [DIAG] Tier1 сам по собі: acc=67.339 f1_macro=0.559
Test [ 0/86] eta: 0:00:15 loss: 0.2036 (0.2036) acc1: 100.0000 (100.0000) time: 0.1783 data: 0.1195 max mem: 419
Test [85/86] eta: 0:00:00 loss: 0.1518 (1.2669) acc1: 100.0000 (68.6047) time: 0.0276 data: 0.0001 max mem: 419
Test Total time: 0:00:02 (2.9424 s / it)
* Acc@1 68.605 loss 1.267 auroc 0.838 f1_score 0.667
  per-class F1 (Test): {'benign': np.float32(0.754), 'atypical': np.float32(0.489), 'malignant': np.float32(0.759)}
  [DIAG] Tier1 сам по собі: acc=66.279 f1_macro=0.629

Epoch: [14] [  0/389] eta: 0:01:52 lr: 0.000056 tier1_loss: 0.0406 (0.0406) tier2_loss: 0.0040 (0.0040) time: 0.2891 data: 0.1409 max mem: 419
Epoch: [14] [100/389] eta: 0:00:33 lr: 0.000054 tier1_loss: 0.0191 (0.4836) tier2_loss: 0.0146 (0.5166) time: 0.1072 data: 0.0001 max mem: 419
Epoch: [14] [200/389] eta: 0:00:21 lr: 0.000053 tier1_loss: 0.0106 (0.4592) tier2_loss: 0.0056 (0.5042) time: 0.1208 data: 0.0001 max mem: 419
Epoch: [14] [300/389] eta: 0:00:10 lr: 0.000052 tier1_loss: 0.0053 (0.4214) tier2_loss: 0.0014 (0.4510) time: 0.1190 data: 0.0001 max mem: 419
Epoch: [14] [388/389] eta: 0:00:00 lr: 0.000051 tier1_loss: 0.0112 (0.4248) tier2_loss: 0.0024 (0.4409) time: 0.1085 data: 0.0001 max mem: 419
Epoch: [14] Total time: 0:00:43 (43.8337 s / it)
Val [ 0/62] eta: 0:00:14 loss: 5.1021 (5.1021) acc1: 0.0000 (0.0000) time: 0.2304 data: 0.1576 max mem: 419
Val [61/62] eta: 0:00:00 loss: 0.0073 (1.2366) acc1: 100.0000 (66.1290) time: 0.0256 data: 0.0001 max mem: 419
Val Total time: 0:00:02 (2.1806 s / it)
* Acc@1 66.129 loss 1.237 auroc 0.857 f1_score 0.606
  per-class F1 (Val): {'benign': np.float32(0.842), 'atypical': np.float32(0.345), 'malignant': np.float32(0.632)}
  [DIAG] Tier1 сам по собі: acc=69.355 f1_macro=0.625
Test [ 0/86] eta: 0:00:16 loss: 0.2217 (0.2217) acc1: 100.0000 (100.0000) time: 0.1927 data: 0.1485 max mem: 419
Test [85/86] eta: 0:00:00 loss: 0.0369 (1.1867) acc1: 100.0000 (67.4419) time: 0.0279 data: 0.0001 max mem: 419
Test Total time: 0:00:02 (2.8500 s / it)
* Acc@1 67.442 loss 1.187 auroc 0.857 f1_score 0.671
  per-class F1 (Test): {'benign': np.float32(0.754), 'atypical': np.float32(0.509), 'malignant': np.float32(0.75)}
  [DIAG] Tier1 сам по собі: acc=68.605 f1_macro=0.679

Epoch: [15] [  0/389] eta: 0:01:44 lr: 0.000051 tier1_loss: 0.3443 (0.3443) tier2_loss: 0.2311 (0.2311) time: 0.2694 data: 0.1070 max mem: 419
Epoch: [15] [100/389] eta: 0:00:36 lr: 0.000049 tier1_loss: 0.0286 (0.3869) tier2_loss: 0.0171 (0.4399) time: 0.1263 data: 0.0001 max mem: 419
Epoch: [15] [200/389] eta: 0:00:23 lr: 0.000048 tier1_loss: 0.0184 (0.3622) tier2_loss: 0.0088 (0.4025) time: 0.1247 data: 0.0001 max mem: 419
Epoch: [15] [300/389] eta: 0:00:11 lr: 0.000047 tier1_loss: 0.0856 (0.3808) tier2_loss: 0.0215 (0.4377) time: 0.1214 data: 0.0001 max mem: 419
Epoch: [15] [388/389] eta: 0:00:00 lr: 0.000045 tier1_loss: 0.0169 (0.3992) tier2_loss: 0.0042 (0.4388) time: 0.1110 data: 0.0001 max mem: 419
Epoch: [15] Total time: 0:00:48 (48.1106 s / it)
Val [ 0/62] eta: 0:00:14 loss: 3.1642 (3.1642) acc1: 0.0000 (0.0000) time: 0.2266 data: 0.1570 max mem: 419
Val [61/62] eta: 0:00:00 loss: 0.0091 (1.3092) acc1: 100.0000 (64.5161) time: 0.0266 data: 0.0001 max mem: 419
Val Total time: 0:00:02 (2.2243 s / it)
* Acc@1 64.516 loss 1.309 auroc 0.831 f1_score 0.575
  per-class F1 (Val): {'benign': np.float32(0.833), 'atypical': np.float32(0.296), 'malignant': np.float32(0.595)}
  [DIAG] Tier1 сам по собі: acc=66.331 f1_macro=0.570
Test [ 0/86] eta: 0:00:17 loss: 0.0159 (0.0159) acc1: 100.0000 (100.0000) time: 0.2075 data: 0.1391 max mem: 419
Test [85/86] eta: 0:00:00 loss: 0.1323 (1.3653) acc1: 100.0000 (63.9535) time: 0.0280 data: 0.0001 max mem: 419
Test Total time: 0:00:02 (2.9730 s / it)
* Acc@1 63.953 loss 1.365 auroc 0.829 f1_score 0.611
  per-class F1 (Test): {'benign': np.float32(0.712), 'atypical': np.float32(0.372), 'malignant': np.float32(0.75)}
  [DIAG] Tier1 сам по собі: acc=65.262 f1_macro=0.626

Epoch: [16] [  0/389] eta: 0:01:40 lr: 0.000045 tier1_loss: 0.0030 (0.0030) tier2_loss: 0.0003 (0.0003) time: 0.2576 data: 0.1098 max mem: 419
Epoch: [16] [100/389] eta: 0:00:37 lr: 0.000044 tier1_loss: 0.0067 (0.3101) tier2_loss: 0.0039 (0.3426) time: 0.1176 data: 0.0001 max mem: 419
Epoch: [16] [200/389] eta: 0:00:23 lr: 0.000043 tier1_loss: 0.0201 (0.3333) tier2_loss: 0.0069 (0.3418) time: 0.1155 data: 0.0001 max mem: 419
Epoch: [16] [300/389] eta: 0:00:10 lr: 0.000041 tier1_loss: 0.0084 (0.3832) tier2_loss: 0.0038 (0.3919) time: 0.1161 data: 0.0001 max mem: 419
Epoch: [16] [388/389] eta: 0:00:00 lr: 0.000040 tier1_loss: 0.0219 (0.4106) tier2_loss: 0.0033 (0.4229) time: 0.1267 data: 0.0001 max mem: 419
Epoch: [16] Total time: 0:00:47 (47.1373 s / it)
Val [ 0/62] eta: 0:00:15 loss: 3.5528 (3.5528) acc1: 0.0000 (0.0000) time: 0.2447 data: 0.1620 max mem: 419
Val [61/62] eta: 0:00:00 loss: 0.0154 (1.4811) acc1: 100.0000 (74.1935) time: 0.0291 data: 0.0001 max mem: 419
Val Total time: 0:00:02 (2.6485 s / it)
* Acc@1 74.194 loss 1.481 auroc 0.757 f1_score 0.650
  per-class F1 (Val): {'benign': np.float32(0.889), 'atypical': np.float32(0.286), 'malignant': np.float32(0.776)}
  [DIAG] Tier1 сам по собі: acc=72.177 f1_macro=0.625
Test [ 0/86] eta: 0:00:16 loss: 2.4984 (2.4984) acc1: 0.0000 (0.0000) time: 0.1942 data: 0.1401 max mem: 419
Test [85/86] eta: 0:00:00 loss: 1.8968 (1.5306) acc1: 0.0000 (60.4651) time: 0.0280 data: 0.0001 max mem: 419
Test Total time: 0:00:02 (2.9441 s / it)
* Acc@1 60.465 loss 1.531 auroc 0.801 f1_score 0.532
  per-class F1 (Test): {'benign': np.float32(0.69), 'atypical': np.float32(0.171), 'malignant': np.float32(0.734)}
  [DIAG] Tier1 сам по собі: acc=65.407 f1_macro=0.617

Epoch: [17] [  0/389] eta: 0:01:47 lr: 0.000040 tier1_loss: 0.0747 (0.0747) tier2_loss: 0.0110 (0.0110) time: 0.2760 data: 0.1240 max mem: 419
Epoch: [17] [100/389] eta: 0:00:35 lr: 0.000039 tier1_loss: 0.0104 (0.3539) tier2_loss: 0.0040 (0.4810) time: 0.1229 data: 0.0001 max mem: 419
Epoch: [17] [200/389] eta: 0:00:22 lr: 0.000038 tier1_loss: 0.0074 (0.3570) tier2_loss: 0.0046 (0.3865) time: 0.1112 data: 0.0001 max mem: 419
Epoch: [17] [300/389] eta: 0:00:10 lr: 0.000036 tier1_loss: 0.0303 (0.3784) tier2_loss: 0.0064 (0.3984) time: 0.1265 data: 0.0001 max mem: 419
Epoch: [17] [388/389] eta: 0:00:00 lr: 0.000035 tier1_loss: 0.0291 (0.3951) tier2_loss: 0.0044 (0.4140) time: 0.1097 data: 0.0001 max mem: 419
Epoch: [17] Total time: 0:00:46 (46.0443 s / it)
Val [ 0/62] eta: 0:00:14 loss: 4.0627 (4.0627) acc1: 0.0000 (0.0000) time: 0.2264 data: 0.1536 max mem: 419
Val [61/62] eta: 0:00:00 loss: 0.0116 (1.5730) acc1: 100.0000 (72.5806) time: 0.0282 data: 0.0001 max mem: 419
Val Total time: 0:00:02 (2.2515 s / it)
* Acc@1 72.581 loss 1.573 auroc 0.776 f1_score 0.637
  per-class F1 (Val): {'benign': np.float32(0.852), 'atypical': np.float32(0.3), 'malignant': np.float32(0.76)}
  [DIAG] Tier1 сам по собі: acc=72.782 f1_macro=0.638
Test [ 0/86] eta: 0:00:16 loss: 1.9037 (1.9037) acc1: 0.0000 (0.0000) time: 0.1874 data: 0.1294 max mem: 419
Test [85/86] eta: 0:00:00 loss: 0.8780 (1.4971) acc1: 0.0000 (65.1163) time: 0.0283 data: 0.0001 max mem: 419
Test Total time: 0:00:02 (2.9565 s / it)
* Acc@1 65.116 loss 1.497 auroc 0.813 f1_score 0.619
  per-class F1 (Test): {'benign': np.float32(0.737), 'atypical': np.float32(0.39), 'malignant': np.float32(0.73)}
  [DIAG] Tier1 сам по собі: acc=64.971 f1_macro=0.624

Epoch: [18] [  0/389] eta: 0:01:53 lr: 0.000035 tier1_loss: 0.0216 (0.0216) tier2_loss: 0.0008 (0.0008) time: 0.2925 data: 0.1428 max mem: 419
Epoch: [18] [100/389] eta: 0:00:33 lr: 0.000034 tier1_loss: 0.0039 (0.4347) tier2_loss: 0.0018 (0.4321) time: 0.1141 data: 0.0001 max mem: 419
Epoch: [18] [200/389] eta: 0:00:22 lr: 0.000033 tier1_loss: 0.0100 (0.4422) tier2_loss: 0.0105 (0.4239) time: 0.1192 data: 0.0001 max mem: 419
Epoch: [18] [300/389] eta: 0:00:10 lr: 0.000031 tier1_loss: 0.0150 (0.4165) tier2_loss: 0.0035 (0.3997) time: 0.1165 data: 0.0001 max mem: 419
Epoch: [18] [388/389] eta: 0:00:00 lr: 0.000030 tier1_loss: 0.0058 (0.3774) tier2_loss: 0.0012 (0.3628) time: 0.1113 data: 0.0001 max mem: 419
Epoch: [18] Total time: 0:00:45 (45.6946 s / it)
Val [ 0/62] eta: 0:00:13 loss: 4.3993 (4.3993) acc1: 0.0000 (0.0000) time: 0.2215 data: 0.1511 max mem: 419
Val [61/62] eta: 0:00:00 loss: 0.0052 (1.6252) acc1: 100.0000 (66.1290) time: 0.0259 data: 0.0001 max mem: 419
Val Total time: 0:00:02 (2.1527 s / it)
* Acc@1 66.129 loss 1.625 auroc 0.804 f1_score 0.566
  per-class F1 (Val): {'benign': np.float32(0.842), 'atypical': np.float32(0.174), 'malignant': np.float32(0.682)}
  [DIAG] Tier1 сам по собі: acc=68.952 f1_macro=0.590
Test [ 0/86] eta: 0:00:14 loss: 0.0313 (0.0313) acc1: 100.0000 (100.0000) time: 0.1698 data: 0.1216 max mem: 419
Test [85/86] eta: 0:00:00 loss: 0.0495 (1.5042) acc1: 100.0000 (67.4419) time: 0.0273 data: 0.0001 max mem: 419
Test Total time: 0:00:02 (2.8506 s / it)
* Acc@1 67.442 loss 1.504 auroc 0.825 f1_score 0.652
  per-class F1 (Test): {'benign': np.float32(0.735), 'atypical': np.float32(0.465), 'malignant': np.float32(0.754)}
  [DIAG] Tier1 сам по собі: acc=66.424 f1_macro=0.642

Epoch: [19] [  0/389] eta: 0:01:49 lr: 0.000030 tier1_loss: 0.0975 (0.0975) tier2_loss: 0.0236 (0.0236) time: 0.2803 data: 0.1377 max mem: 419
Epoch: [19] [100/389] eta: 0:00:37 lr: 0.000029 tier1_loss: 0.0111 (0.5128) tier2_loss: 0.0062 (0.6201) time: 0.1272 data: 0.0001 max mem: 419
Epoch: [19] [200/389] eta: 0:00:22 lr: 0.000028 tier1_loss: 0.0095 (0.3868) tier2_loss: 0.0030 (0.4406) time: 0.1055 data: 0.0001 max mem: 419
Epoch: [19] [300/389] eta: 0:00:10 lr: 0.000027 tier1_loss: 0.0067 (0.3436) tier2_loss: 0.0018 (0.3799) time: 0.1130 data: 0.0001 max mem: 419
Epoch: [19] [388/389] eta: 0:00:00 lr: 0.000026 tier1_loss: 0.0059 (0.3708) tier2_loss: 0.0006 (0.3862) time: 0.1223 data: 0.0001 max mem: 419
Epoch: [19] Total time: 0:00:45 (45.8645 s / it)
Val [ 0/62] eta: 0:00:15 loss: 5.2059 (5.2059) acc1: 0.0000 (0.0000) time: 0.2455 data: 0.1710 max mem: 419
Val [61/62] eta: 0:00:00 loss: 0.0092 (1.5442) acc1: 100.0000 (67.7419) time: 0.0322 data: 0.0001 max mem: 419
Val Total time: 0:00:02 (2.7218 s / it)
* Acc@1 67.742 loss 1.544 auroc 0.800 f1_score 0.599
  per-class F1 (Val): {'benign': np.float32(0.852), 'atypical': np.float32(0.25), 'malignant': np.float32(0.696)}
  [DIAG] Tier1 сам по собі: acc=68.952 f1_macro=0.592
Test [ 0/86] eta: 0:00:16 loss: 4.6392 (4.6392) acc1: 0.0000 (0.0000) time: 0.1968 data: 0.1277 max mem: 419
Test [85/86] eta: 0:00:00 loss: 0.1389 (1.5123) acc1: 0.0000 (65.1163) time: 0.0277 data: 0.0001 max mem: 419
Test Total time: 0:00:03 (3.1149 s / it)
* Acc@1 65.116 loss 1.512 auroc 0.812 f1_score 0.635
  per-class F1 (Test): {'benign': np.float32(0.702), 'atypical': np.float32(0.458), 'malignant': np.float32(0.746)}
  [DIAG] Tier1 сам по собі: acc=66.424 f1_macro=0.646

Epoch: [20] [  0/389] eta: 0:01:43 lr: 0.000026 tier1_loss: 0.0016 (0.0016) tier2_loss: 0.0003 (0.0003) time: 0.2655 data: 0.1122 max mem: 419
Epoch: [20] [100/389] eta: 0:00:33 lr: 0.000025 tier1_loss: 0.0099 (0.2588) tier2_loss: 0.0015 (0.2320) time: 0.1143 data: 0.0001 max mem: 419
Epoch: [20] [200/389] eta: 0:00:22 lr: 0.000023 tier1_loss: 0.0044 (0.3508) tier2_loss: 0.0030 (0.3508) time: 0.1157 data: 0.0001 max mem: 419
Epoch: [20] [300/389] eta: 0:00:10 lr: 0.000022 tier1_loss: 0.0035 (0.3104) tier2_loss: 0.0018 (0.3009) time: 0.1337 data: 0.0001 max mem: 419
Epoch: [20] [388/389] eta: 0:00:00 lr: 0.000021 tier1_loss: 0.0198 (0.3495) tier2_loss: 0.0032 (0.3379) time: 0.1180 data: 0.0001 max mem: 419
Epoch: [20] Total time: 0:00:47 (47.3077 s / it)
Val [ 0/62] eta: 0:00:15 loss: 4.4133 (4.4133) acc1: 0.0000 (0.0000) time: 0.2556 data: 0.1553 max mem: 419
Val [61/62] eta: 0:00:00 loss: 0.0064 (1.6883) acc1: 100.0000 (67.7419) time: 0.0254 data: 0.0001 max mem: 419
Val Total time: 0:00:02 (2.2187 s / it)
* Acc@1 67.742 loss 1.688 auroc 0.768 f1_score 0.581
  per-class F1 (Val): {'benign': np.float32(0.857), 'atypical': np.float32(0.174), 'malignant': np.float32(0.711)}
  [DIAG] Tier1 сам по собі: acc=70.161 f1_macro=0.606
Test [ 0/86] eta: 0:00:19 loss: 0.2606 (0.2606) acc1: 100.0000 (100.0000) time: 0.2251 data: 0.1549 max mem: 419
Test [85/86] eta: 0:00:00 loss: 0.6000 (1.5850) acc1: 100.0000 (65.1163) time: 0.0270 data: 0.0001 max mem: 419
Test Total time: 0:00:02 (2.8507 s / it)
* Acc@1 65.116 loss 1.585 auroc 0.804 f1_score 0.626
  per-class F1 (Test): {'benign': np.float32(0.712), 'atypical': np.float32(0.4), 'malignant': np.float32(0.765)}
  [DIAG] Tier1 сам по собі: acc=65.407 f1_macro=0.634

Epoch: [21] [  0/389] eta: 0:01:51 lr: 0.000021 tier1_loss: 0.2364 (0.2364) tier2_loss: 0.0762 (0.0762) time: 0.2864 data: 0.1236 max mem: 419
Epoch: [21] [100/389] eta: 0:00:34 lr: 0.000020 tier1_loss: 0.0142 (0.3414) tier2_loss: 0.0032 (0.3115) time: 0.1183 data: 0.0001 max mem: 419
Epoch: [21] [200/389] eta: 0:00:21 lr: 0.000019 tier1_loss: 0.0290 (0.3262) tier2_loss: 0.0051 (0.2868) time: 0.1036 data: 0.0001 max mem: 419
Epoch: [21] [300/389] eta: 0:00:10 lr: 0.000018 tier1_loss: 0.0145 (0.3598) tier2_loss: 0.0017 (0.3373) time: 0.1136 data: 0.0001 max mem: 419
Epoch: [21] [388/389] eta: 0:00:00 lr: 0.000017 tier1_loss: 0.0054 (0.3320) tier2_loss: 0.0020 (0.3137) time: 0.1145 data: 0.0001 max mem: 419
Epoch: [21] Total time: 0:00:45 (45.0995 s / it)
Val [ 0/62] eta: 0:00:12 loss: 5.0584 (5.0584) acc1: 0.0000 (0.0000) time: 0.1999 data: 0.1423 max mem: 419
Val [61/62] eta: 0:00:00 loss: 0.0040 (1.6891) acc1: 100.0000 (69.3548) time: 0.0262 data: 0.0001 max mem: 419
Val Total time: 0:00:02 (2.1401 s / it)
* Acc@1 69.355 loss 1.689 auroc 0.784 f1_score 0.610
  per-class F1 (Val): {'benign': np.float32(0.873), 'atypical': np.float32(0.261), 'malignant': np.float32(0.696)}
  [DIAG] Tier1 сам по собі: acc=68.548 f1_macro=0.585
Test [ 0/86] eta: 0:00:16 loss: 0.1975 (0.1975) acc1: 100.0000 (100.0000) time: 0.1969 data: 0.1238 max mem: 419
Test [85/86] eta: 0:00:00 loss: 0.0674 (1.5808) acc1: 100.0000 (65.1163) time: 0.0274 data: 0.0001 max mem: 419
Test Total time: 0:00:02 (2.8457 s / it)
* Acc@1 65.116 loss 1.581 auroc 0.825 f1_score 0.626
  per-class F1 (Test): {'benign': np.float32(0.73), 'atypical': np.float32(0.409), 'malignant': np.float32(0.738)}
  [DIAG] Tier1 сам по собі: acc=66.134 f1_macro=0.639

Epoch: [22] [  0/389] eta: 0:01:53 lr: 0.000017 tier1_loss: 0.0711 (0.0711) tier2_loss: 0.0168 (0.0168) time: 0.2929 data: 0.1386 max mem: 419
Epoch: [22] [100/389] eta: 0:00:33 lr: 0.000016 tier1_loss: 0.0062 (0.3735) tier2_loss: 0.0023 (0.3710) time: 0.1144 data: 0.0001 max mem: 419
Epoch: [22] [200/389] eta: 0:00:22 lr: 0.000015 tier1_loss: 0.0497 (0.3424) tier2_loss: 0.0038 (0.3446) time: 0.1149 data: 0.0001 max mem: 419
Epoch: [22] [300/389] eta: 0:00:10 lr: 0.000015 tier1_loss: 0.0071 (0.3393) tier2_loss: 0.0022 (0.3629) time: 0.1247 data: 0.0001 max mem: 419
Epoch: [22] [388/389] eta: 0:00:00 lr: 0.000014 tier1_loss: 0.0028 (0.3319) tier2_loss: 0.0008 (0.3152) time: 0.1112 data: 0.0001 max mem: 419
Epoch: [22] Total time: 0:00:46 (46.1138 s / it)
Val [ 0/62] eta: 0:00:13 loss: 4.7894 (4.7894) acc1: 0.0000 (0.0000) time: 0.2186 data: 0.1480 max mem: 419
Val [61/62] eta: 0:00:00 loss: 0.0041 (1.8053) acc1: 100.0000 (66.1290) time: 0.0276 data: 0.0011 max mem: 419
Val Total time: 0:00:02 (2.3721 s / it)
* Acc@1 66.129 loss 1.805 auroc 0.768 f1_score 0.569
  per-class F1 (Val): {'benign': np.float32(0.821), 'atypical': np.float32(0.174), 'malignant': np.float32(0.711)}
  [DIAG] Tier1 сам по собі: acc=69.758 f1_macro=0.608
Test [ 0/86] eta: 0:00:15 loss: 0.0326 (0.0326) acc1: 100.0000 (100.0000) time: 0.1808 data: 0.1273 max mem: 419
Test [85/86] eta: 0:00:00 loss: 0.1168 (1.6489) acc1: 0.0000 (63.9535) time: 0.0342 data: 0.0001 max mem: 419
Test Total time: 0:00:03 (3.3712 s / it)
* Acc@1 63.953 loss 1.649 auroc 0.804 f1_score 0.609
  per-class F1 (Test): {'benign': np.float32(0.71), 'atypical': np.float32(0.372), 'malignant': np.float32(0.746)}
  [DIAG] Tier1 сам по собі: acc=66.279 f1_macro=0.642

Epoch: [23] [  0/389] eta: 0:01:39 lr: 0.000014 tier1_loss: 0.0068 (0.0068) tier2_loss: 0.0007 (0.0007) time: 0.2558 data: 0.1177 max mem: 419
Epoch: [23] [100/389] eta: 0:00:34 lr: 0.000013 tier1_loss: 0.0112 (0.2363) tier2_loss: 0.0007 (0.1468) time: 0.1180 data: 0.0001 max mem: 419
Epoch: [23] [200/389] eta: 0:00:22 lr: 0.000012 tier1_loss: 0.0088 (0.3152) tier2_loss: 0.0018 (0.2601) time: 0.1214 data: 0.0001 max mem: 419
Epoch: [23] [300/389] eta: 0:00:10 lr: 0.000011 tier1_loss: 0.0105 (0.3024) tier2_loss: 0.0032 (0.2516) time: 0.1131 data: 0.0001 max mem: 419
Epoch: [23] [388/389] eta: 0:00:00 lr: 0.000010 tier1_loss: 0.0192 (0.3335) tier2_loss: 0.0026 (0.2833) time: 0.1165 data: 0.0001 max mem: 419
Epoch: [23] Total time: 0:00:46 (46.1361 s / it)
Val [ 0/62] eta: 0:00:13 loss: 4.7072 (4.7072) acc1: 0.0000 (0.0000) time: 0.2230 data: 0.1617 max mem: 419
Val [61/62] eta: 0:00:00 loss: 0.0058 (1.8676) acc1: 100.0000 (70.9677) time: 0.0266 data: 0.0001 max mem: 419
Val Total time: 0:00:02 (2.2207 s / it)
* Acc@1 70.968 loss 1.868 auroc 0.751 f1_score 0.603
  per-class F1 (Val): {'benign': np.float32(0.842), 'atypical': np.float32(0.2), 'malignant': np.float32(0.766)}
  [DIAG] Tier1 сам по собі: acc=68.952 f1_macro=0.596
Test [ 0/86] eta: 0:00:15 loss: 0.6198 (0.6198) acc1: 100.0000 (100.0000) time: 0.1793 data: 0.1240 max mem: 419
Test [85/86] eta: 0:00:00 loss: 0.1260 (1.7391) acc1: 0.0000 (61.6279) time: 0.0279 data: 0.0001 max mem: 419
Test Total time: 0:00:02 (2.8914 s / it)
* Acc@1 61.628 loss 1.739 auroc 0.799 f1_score 0.574
  per-class F1 (Test): {'benign': np.float32(0.688), 'atypical': np.float32(0.3), 'malignant': np.float32(0.735)}
  [DIAG] Tier1 сам по собі: acc=66.279 f1_macro=0.644

Epoch: [24] [  0/389] eta: 0:01:51 lr: 0.000010 tier1_loss: 0.0044 (0.0044) tier2_loss: 0.0001 (0.0001) time: 0.2858 data: 0.1393 max mem: 419
Epoch: [24] [100/389] eta: 0:00:34 lr: 0.000010 tier1_loss: 0.0061 (0.3137) tier2_loss: 0.0018 (0.3757) time: 0.1182 data: 0.0001 max mem: 419
Epoch: [24] [200/389] eta: 0:00:22 lr: 0.000009 tier1_loss: 0.0022 (0.2993) tier2_loss: 0.0001 (0.2881) time: 0.1184 data: 0.0001 max mem: 419
Epoch: [24] [300/389] eta: 0:00:10 lr: 0.000008 tier1_loss: 0.0071 (0.3091) tier2_loss: 0.0015 (0.2715) time: 0.1039 data: 0.0001 max mem: 419
Epoch: [24] [388/389] eta: 0:00:00 lr: 0.000008 tier1_loss: 0.0162 (0.3270) tier2_loss: 0.0024 (0.2792) time: 0.1149 data: 0.0001 max mem: 419
Epoch: [24] Total time: 0:00:45 (45.2041 s / it)
Val [ 0/62] eta: 0:00:14 loss: 4.7003 (4.7003) acc1: 0.0000 (0.0000) time: 0.2259 data: 0.1514 max mem: 419
Val [61/62] eta: 0:00:00 loss: 0.0072 (1.6188) acc1: 100.0000 (69.3548) time: 0.0274 data: 0.0001 max mem: 419
Val Total time: 0:00:02 (2.2492 s / it)
* Acc@1 69.355 loss 1.619 auroc 0.788 f1_score 0.611
  per-class F1 (Val): {'benign': np.float32(0.873), 'atypical': np.float32(0.25), 'malignant': np.float32(0.711)}
  [DIAG] Tier1 сам по собі: acc=68.750 f1_macro=0.598
Test [ 0/86] eta: 0:00:14 loss: 2.0912 (2.0912) acc1: 0.0000 (0.0000) time: 0.1742 data: 0.1284 max mem: 419
Test [85/86] eta: 0:00:00 loss: 0.0317 (1.7285) acc1: 100.0000 (66.2791) time: 0.0361 data: 0.0001 max mem: 419
Test Total time: 0:00:03 (3.1958 s / it)
* Acc@1 66.279 loss 1.729 auroc 0.805 f1_score 0.651
  per-class F1 (Test): {'benign': np.float32(0.7), 'atypical': np.float32(0.49), 'malignant': np.float32(0.762)}
  [DIAG] Tier1 сам по собі: acc=67.006 f1_macro=0.658

Epoch: [25] [  0/389] eta: 0:02:01 lr: 0.000008 tier1_loss: 0.0074 (0.0074) tier2_loss: 0.0009 (0.0009) time: 0.3130 data: 0.1214 max mem: 419
Epoch: [25] [100/389] eta: 0:00:36 lr: 0.000007 tier1_loss: 0.0064 (0.2621) tier2_loss: 0.0010 (0.2215) time: 0.1192 data: 0.0001 max mem: 419
Epoch: [25] [200/389] eta: 0:00:22 lr: 0.000006 tier1_loss: 0.0058 (0.2293) tier2_loss: 0.0008 (0.1678) time: 0.1224 data: 0.0001 max mem: 419
Epoch: [25] [300/389] eta: 0:00:10 lr: 0.000006 tier1_loss: 0.0048 (0.2658) tier2_loss: 0.0009 (0.1887) time: 0.1135 data: 0.0001 max mem: 419
Epoch: [25] [388/389] eta: 0:00:00 lr: 0.000005 tier1_loss: 0.0061 (0.3117) tier2_loss: 0.0023 (0.2601) time: 0.1390 data: 0.0001 max mem: 419
Epoch: [25] Total time: 0:00:47 (47.2599 s / it)
Val [ 0/62] eta: 0:00:15 loss: 4.1796 (4.1796) acc1: 0.0000 (0.0000) time: 0.2560 data: 0.1782 max mem: 419
Val [61/62] eta: 0:00:00 loss: 0.0065 (1.8407) acc1: 100.0000 (67.7419) time: 0.0271 data: 0.0001 max mem: 419
Val Total time: 0:00:02 (2.5300 s / it)
* Acc@1 67.742 loss 1.841 auroc 0.761 f1_score 0.578
  per-class F1 (Val): {'benign': np.float32(0.842), 'atypical': np.float32(0.182), 'malignant': np.float32(0.711)}
  [DIAG] Tier1 сам по собі: acc=69.758 f1_macro=0.611
Test [ 0/86] eta: 0:00:20 loss: 0.7249 (0.7249) acc1: 0.0000 (0.0000) time: 0.2346 data: 0.1404 max mem: 419
Test [85/86] eta: 0:00:00 loss: 0.0400 (1.6980) acc1: 100.0000 (63.9535) time: 0.0282 data: 0.0001 max mem: 419
Test Total time: 0:00:02 (2.9852 s / it)
* Acc@1 63.953 loss 1.698 auroc 0.804 f1_score 0.615
  per-class F1 (Test): {'benign': np.float32(0.689), 'atypical': np.float32(0.4), 'malignant': np.float32(0.758)}
  [DIAG] Tier1 сам по собі: acc=66.570 f1_macro=0.650

Epoch: [26] [  0/389] eta: 0:01:33 lr: 0.000005 tier1_loss: 0.0118 (0.0118) tier2_loss: 0.0017 (0.0017) time: 0.2414 data: 0.1146 max mem: 419
Epoch: [26] [100/389] eta: 0:00:29 lr: 0.000005 tier1_loss: 0.0104 (0.3621) tier2_loss: 0.0029 (0.2891) time: 0.1033 data: 0.0001 max mem: 419
Epoch: [26] [200/389] eta: 0:00:20 lr: 0.000004 tier1_loss: 0.0099 (0.3059) tier2_loss: 0.0017 (0.2502) time: 0.1100 data: 0.0001 max mem: 419
Epoch: [26] [300/389] eta: 0:00:10 lr: 0.000004 tier1_loss: 0.0065 (0.3004) tier2_loss: 0.0012 (0.2420) time: 0.1209 data: 0.0001 max mem: 419
Epoch: [26] [388/389] eta: 0:00:00 lr: 0.000003 tier1_loss: 0.0104 (0.3115) tier2_loss: 0.0021 (0.2641) time: 0.1185 data: 0.0001 max mem: 419
Epoch: [26] Total time: 0:00:44 (44.8201 s / it)
Val [ 0/62] eta: 0:00:13 loss: 4.6240 (4.6240) acc1: 0.0000 (0.0000) time: 0.2102 data: 0.1493 max mem: 419
Val [61/62] eta: 0:00:00 loss: 0.0049 (1.8485) acc1: 100.0000 (67.7419) time: 0.0256 data: 0.0001 max mem: 419
Val Total time: 0:00:02 (2.1264 s / it)
* Acc@1 67.742 loss 1.849 auroc 0.762 f1_score 0.557
  per-class F1 (Val): {'benign': np.float32(0.847), 'atypical': np.float32(0.095), 'malignant': np.float32(0.727)}
  [DIAG] Tier1 сам по собі: acc=70.565 f1_macro=0.618
Test [ 0/86] eta: 0:00:15 loss: 0.0134 (0.0134) acc1: 100.0000 (100.0000) time: 0.1782 data: 0.1204 max mem: 419
Test [85/86] eta: 0:00:00 loss: 0.0579 (1.7317) acc1: 100.0000 (62.7907) time: 0.0264 data: 0.0001 max mem: 419
Test Total time: 0:00:02 (2.7755 s / it)
* Acc@1 62.791 loss 1.732 auroc 0.803 f1_score 0.600
  per-class F1 (Test): {'benign': np.float32(0.698), 'atypical': np.float32(0.364), 'malignant': np.float32(0.738)}
  [DIAG] Tier1 сам по собі: acc=66.424 f1_macro=0.649

Epoch: [27] [  0/389] eta: 0:01:37 lr: 0.000003 tier1_loss: 0.0079 (0.0079) tier2_loss: 0.0028 (0.0028) time: 0.2513 data: 0.1002 max mem: 419
Epoch: [27] [100/389] eta: 0:00:32 lr: 0.000003 tier1_loss: 0.0095 (0.2401) tier2_loss: 0.0015 (0.1860) time: 0.1099 data: 0.0001 max mem: 419
Epoch: [27] [200/389] eta: 0:00:22 lr: 0.000003 tier1_loss: 0.0104 (0.2674) tier2_loss: 0.0018 (0.2322) time: 0.1168 data: 0.0001 max mem: 419
Epoch: [27] [300/389] eta: 0:00:10 lr: 0.000002 tier1_loss: 0.0056 (0.3059) tier2_loss: 0.0011 (0.2312) time: 0.1082 data: 0.0001 max mem: 419
Epoch: [27] [388/389] eta: 0:00:00 lr: 0.000002 tier1_loss: 0.0047 (0.3150) tier2_loss: 0.0004 (0.2378) time: 0.1039 data: 0.0001 max mem: 419
Epoch: [27] Total time: 0:00:44 (44.7792 s / it)
Val [ 0/62] eta: 0:00:12 loss: 4.1167 (4.1167) acc1: 0.0000 (0.0000) time: 0.2032 data: 0.1429 max mem: 419
Val [61/62] eta: 0:00:00 loss: 0.0070 (1.7827) acc1: 100.0000 (67.7419) time: 0.0274 data: 0.0001 max mem: 419
Val Total time: 0:00:02 (2.1346 s / it)
* Acc@1 67.742 loss 1.783 auroc 0.765 f1_score 0.578
  per-class F1 (Val): {'benign': np.float32(0.842), 'atypical': np.float32(0.182), 'malignant': np.float32(0.711)}
  [DIAG] Tier1 сам по собі: acc=68.347 f1_macro=0.595
Test [ 0/86] eta: 0:00:18 loss: 0.2385 (0.2385) acc1: 100.0000 (100.0000) time: 0.2167 data: 0.1387 max mem: 419
Test [85/86] eta: 0:00:00 loss: 0.0668 (1.7140) acc1: 0.0000 (62.7907) time: 0.0276 data: 0.0001 max mem: 419
Test Total time: 0:00:02 (2.9006 s / it)
* Acc@1 62.791 loss 1.714 auroc 0.803 f1_score 0.593
  per-class F1 (Test): {'benign': np.float32(0.698), 'atypical': np.float32(0.333), 'malignant': np.float32(0.746)}
  [DIAG] Tier1 сам по собі: acc=65.552 f1_macro=0.636

Epoch: [28] [  0/389] eta: 0:02:02 lr: 0.000002 tier1_loss: 0.0044 (0.0044) tier2_loss: 0.0015 (0.0015) time: 0.3153 data: 0.1386 max mem: 419
Epoch: [28] [100/389] eta: 0:00:37 lr: 0.000002 tier1_loss: 0.0049 (0.3592) tier2_loss: 0.0010 (0.2702) time: 0.1369 data: 0.0001 max mem: 419
Epoch: [28] [200/389] eta: 0:00:23 lr: 0.000002 tier1_loss: 0.0115 (0.3105) tier2_loss: 0.0032 (0.2229) time: 0.1141 data: 0.0001 max mem: 419
Epoch: [28] [300/389] eta: 0:00:10 lr: 0.000001 tier1_loss: 0.0046 (0.2716) tier2_loss: 0.0005 (0.2087) time: 0.1183 data: 0.0001 max mem: 419
Epoch: [28] [388/389] eta: 0:00:00 lr: 0.000001 tier1_loss: 0.0048 (0.3096) tier2_loss: 0.0008 (0.2528) time: 0.1298 data: 0.0001 max mem: 419
Epoch: [28] Total time: 0:00:47 (47.9185 s / it)
Val [ 0/62] eta: 0:00:15 loss: 4.2717 (4.2717) acc1: 0.0000 (0.0000) time: 0.2442 data: 0.1662 max mem: 419
Val [61/62] eta: 0:00:00 loss: 0.0066 (1.8896) acc1: 100.0000 (67.7419) time: 0.0270 data: 0.0001 max mem: 419
Val Total time: 0:00:02 (2.6542 s / it)
* Acc@1 67.742 loss 1.890 auroc 0.755 f1_score 0.578
  per-class F1 (Val): {'benign': np.float32(0.842), 'atypical': np.float32(0.182), 'malignant': np.float32(0.711)}
  [DIAG] Tier1 сам по собі: acc=68.952 f1_macro=0.597
Test [ 0/86] eta: 0:00:15 loss: 2.2643 (2.2643) acc1: 0.0000 (0.0000) time: 0.1783 data: 0.1266 max mem: 419
Test [85/86] eta: 0:00:00 loss: 0.0637 (1.7367) acc1: 0.0000 (63.9535) time: 0.0279 data: 0.0001 max mem: 419
Test Total time: 0:00:02 (2.9100 s / it)
* Acc@1 63.953 loss 1.737 auroc 0.803 f1_score 0.615
  per-class F1 (Test): {'benign': np.float32(0.7), 'atypical': np.float32(0.4), 'malignant': np.float32(0.746)}
  [DIAG] Tier1 сам по собі: acc=66.134 f1_macro=0.644

Epoch: [29] [  0/389] eta: 0:01:47 lr: 0.000001 tier1_loss: 0.1020 (0.1020) tier2_loss: 0.0105 (0.0105) time: 0.2762 data: 0.1506 max mem: 419
Epoch: [29] [100/389] eta: 0:00:34 lr: 0.000001 tier1_loss: 0.0115 (0.1628) tier2_loss: 0.0024 (0.1167) time: 0.1218 data: 0.0001 max mem: 419
Epoch: [29] [200/389] eta: 0:00:22 lr: 0.000001 tier1_loss: 0.0088 (0.2132) tier2_loss: 0.0007 (0.1486) time: 0.1089 data: 0.0001 max mem: 419
Epoch: [29] [300/389] eta: 0:00:10 lr: 0.000001 tier1_loss: 0.0050 (0.2824) tier2_loss: 0.0012 (0.2135) time: 0.1291 data: 0.0001 max mem: 419
Epoch: [29] [388/389] eta: 0:00:00 lr: 0.000001 tier1_loss: 0.0134 (0.3035) tier2_loss: 0.0009 (0.2480) time: 0.1116 data: 0.0001 max mem: 419
Epoch: [29] Total time: 0:00:45 (45.9608 s / it)
Val [ 0/62] eta: 0:00:14 loss: 4.3094 (4.3094) acc1: 0.0000 (0.0000) time: 0.2329 data: 0.1512 max mem: 419
Val [61/62] eta: 0:00:00 loss: 0.0067 (1.8790) acc1: 100.0000 (67.7419) time: 0.0261 data: 0.0001 max mem: 419
Val Total time: 0:00:02 (2.2091 s / it)
* Acc@1 67.742 loss 1.879 auroc 0.761 f1_score 0.578
  per-class F1 (Val): {'benign': np.float32(0.842), 'atypical': np.float32(0.182), 'malignant': np.float32(0.711)}
  [DIAG] Tier1 сам по собі: acc=69.153 f1_macro=0.599
wandb: 
wandb: Run history:
wandb: diag/test_tier1_acc ▁▂▂▃▃▂▆▄▇▆▇▆█▇█▇▇▇▇▇▇▇▇▇▇▇▇▇▇▇
wandb:  diag/test_tier1_f1 ▁▂▂▃▂▂▄▃▆▅▅▅█▇█▇▆▇▇▇▇▇▇▇▇▇▇▇▇▇
wandb:       perf/test_auc ▁▃▄▄▅▅▆▄▇▇▇▆▇▇█▇▅▆▇▆▆▇▆▅▆▆▆▆▆▆
wandb:        perf/test_f1 ▁▄▅▅▄▂▄▃█▇▆▆█▇▇▆▄▆▇▇▆▆▆▅▇▆▆▆▆▇
wandb:        perf/val_auc ▁▂▃▅▃▅▅▄▄▆▄▅▆▅█▇▃▄▆▅▄▅▄▃▅▄▄▄▃▄
wandb:         perf/val_f1 ▁▇▇█▆▃▇▅▆▆▆▆█▆▇▇██▆▇▇▇▆▇▇▇▆▇▇▇
wandb:          tier1_loss ▆▃▁▁▁▁▆▁▃▁▂▁▁█▁▂▂▁▁▁▂▁▁▁▁▁▁▁▁▆▁▁▁▁▁▁▁▃▁▁
wandb:          tier2_loss ▂▁▁▁▁▇█▃▁█▁▂▁▁▁▁▁▁▁▁▁▁▁▁▁▁▁▁▆▁▁▁▁▁▁▁▅▁▁▁
wandb: 
wandb: Run summary:
wandb: diag/test_tier1_acc 66.13372
wandb:  diag/test_tier1_f1 0.64351
wandb:       perf/test_auc 0.80556
wandb:        perf/test_f1 0.64135
wandb:        perf/val_auc 0.76065
wandb:         perf/val_f1 0.57834
wandb:          tier1_loss 0.00065
wandb:          tier2_loss 6e-05
wandb: 
wandb: You can sync this run to the cloud by running:
wandb: wandb sync /data/bohatyrenko1/EXPERIMENTS_2/Hi-MoE_MIL/wandb/offline-run-20260927_080838-2hr0cjhr
wandb: Find logs at: ./wandb/offline-run-20260927_080838-2hr0cjhr/logs
Test [ 0/86] eta: 0:00:15 loss: 0.3440 (0.3440) acc1: 100.0000 (100.0000) time: 0.1777 data: 0.1241 max mem: 419
Test [85/86] eta: 0:00:00 loss: 0.0564 (1.7078) acc1: 0.0000 (66.2791) time: 0.0273 data: 0.0001 max mem: 419
Test Total time: 0:00:02 (2.8599 s / it)
* Acc@1 66.279 loss 1.708 auroc 0.806 f1_score 0.641
  per-class F1 (Test): {'benign': np.float32(0.733), 'atypical': np.float32(0.444), 'malignant': np.float32(0.746)}
  [DIAG] Tier1 сам по собі: acc=66.134 f1_macro=0.644

============================================================
FINAL EPOCH (29) RESULTS (DTFD-ASMIL v2):
  test_auc=0.8056 test_acc=66.28 test_f1(macro)=0.6413
  [DIAG] Tier1 сам по собі: acc=66.134 f1_macro=0.644
  test per-class F1: {'benign': np.float32(0.733), 'atypical': np.float32(0.444), 'malignant': np.float32(0.746)}
  test confusion matrix (rows=true, cols=pred):
            benign    atypical   malignant
  benign         22           6           3
atypical          6          10           7
malignant          1           6          25
============================================================
Best epoch: {'epoch': 14, 'val_f1': 0.6061705946922302, 'val_auc': 0.8569210767745972, 'test_f1': 0.6710631251335144, 'test_auc': 0.8568598628044128}
