wandb: Tracking run with wandb version 0.28.0
wandb: W&B syncing is set to `offline` in this directory. Run `wandb online` or set WANDB_MODE=online to enable cloud syncing.
wandb: Run data is saved locally in /data/bohatyrenko1/EXPERIMENTS_2/Hi-MoE_MIL/wandb/offline-run-20260925_101819-ypvfjdad
wandb: View this run in the terminal with `wandb leet`
Used config (DTFD-ASMIL v2):
{'B': 1,
 'D_feat': 384,
 'D_inner': 128,
 'M': None,
 'ckpt_dir': 'ckpt/c17_dtfd_v2_20ep_seed6',
 'config': 'config/camelyon17_vitsdino_config_20ep.yml',
 'dataset': 'camelyon17',
 'lr': 0.0001,
 'min_lr': 1e-06,
 'n_class': 4,
 'n_token': 8,
 'n_worker': 4,
 'pin_memory': True,
 'pretrain': 'medical_ssl',
 'seed': 6,
 'splits_dir': '/data/bohatyrenko1/EXPERIMENTS_2/ASMIL/splits_paper',
 'test_dir': '/data/bohatyrenko1/features_vitsdino_camelyon17_train',
 'tier1_weight': 0.1,
 'tier2_D_inner': None,
 'tier2_n_heads': 4,
 'train_dir': '/data/bohatyrenko1/features_vitsdino_camelyon17_train',
 'train_epoch': 20,
 'wandb_mode': 'offline',
 'warmup_epoch': 5,
 'wd': 1e-05}
M (псевдо-bags) = 8, tier1_weight = 0.1
Class weights: [0.3757062256336212, 3.694444417953491, 1.6219512224197388, 2.2166666984558105]
Epoch: [0] [  0/266] eta: 0:02:42 lr: 0.000000 tier1_loss: 1.2983 (1.2983) tier2_loss: 1.5103 (1.5103) time: 0.6101 data: 0.0574 max mem: 50
Epoch: [0] [100/266] eta: 0:00:18 lr: 0.000008 tier1_loss: 1.2315 (1.3184) tier2_loss: 0.9179 (1.3431) time: 0.1077 data: 0.0001 max mem: 327
Epoch: [0] [200/266] eta: 0:00:07 lr: 0.000015 tier1_loss: 0.8524 (1.2426) tier2_loss: 0.1619 (1.1662) time: 0.1076 data: 0.0001 max mem: 327
Epoch: [0] [265/266] eta: 0:00:00 lr: 0.000020 tier1_loss: 0.5491 (1.1810) tier2_loss: 0.1449 (1.1371) time: 0.1056 data: 0.0001 max mem: 327
Epoch: [0] Total time: 0:00:29 (29.2700 s / it)
Val [ 0/29] eta: 0:00:04 loss: 0.1185 (0.1185) acc1: 100.0000 (100.0000) time: 0.1661 data: 0.1101 max mem: 327
Val [28/29] eta: 0:00:00 loss: 0.1158 (1.1423) acc1: 100.0000 (68.9655) time: 0.0257 data: 0.0001 max mem: 327
Val Total time: 0:00:00 (0.9517 s / it)
* Acc@1 68.966 loss 1.142 auroc 0.520 f1_score 0.204
  per-class F1 (Val): {'negative': np.float32(0.816), 'itc': np.float32(0.0), 'micro': np.float32(0.0), 'macro': np.float32(0.0)}
  [DIAG] Tier1 сам по собі: acc=68.966 f1_macro=0.204
Test [  0/197] eta: 0:00:27 loss: 3.0590 (3.0590) acc1: 0.0000 (0.0000) time: 0.1394 data: 0.1072 max mem: 327
Test [100/197] eta: 0:00:02 loss: 0.1175 (1.4486) acc1: 100.0000 (59.4059) time: 0.0272 data: 0.0001 max mem: 327
Test [196/197] eta: 0:00:00 loss: 0.1253 (1.3998) acc1: 100.0000 (61.4213) time: 0.0317 data: 0.0001 max mem: 327
Test Total time: 0:00:05 (5.7695 s / it)
* Acc@1 61.421 loss 1.400 auroc 0.506 f1_score 0.190
  per-class F1 (Test): {'negative': np.float32(0.761), 'itc': np.float32(0.0), 'micro': np.float32(0.0), 'macro': np.float32(0.0)}
  [DIAG] Tier1 сам по собі: acc=61.421 f1_macro=0.190

Epoch: [1] [  0/266] eta: 0:01:00 lr: 0.000020 tier1_loss: 1.7865 (1.7865) tier2_loss: 2.9898 (2.9898) time: 0.2261 data: 0.0974 max mem: 327
Epoch: [1] [100/266] eta: 0:00:17 lr: 0.000028 tier1_loss: 0.3307 (1.0581) tier2_loss: 0.1305 (1.2981) time: 0.1071 data: 0.0001 max mem: 327
Epoch: [1] [200/266] eta: 0:00:06 lr: 0.000035 tier1_loss: 0.2004 (1.0011) tier2_loss: 0.1174 (1.1774) time: 0.1017 data: 0.0001 max mem: 327
Epoch: [1] [265/266] eta: 0:00:00 lr: 0.000040 tier1_loss: 0.1570 (1.0185) tier2_loss: 0.1376 (1.1830) time: 0.1007 data: 0.0001 max mem: 327
Epoch: [1] Total time: 0:00:27 (27.7266 s / it)
Val [ 0/29] eta: 0:00:04 loss: 0.1565 (0.1565) acc1: 100.0000 (100.0000) time: 0.1695 data: 0.1229 max mem: 327
Val [28/29] eta: 0:00:00 loss: 0.1196 (1.0735) acc1: 100.0000 (68.9655) time: 0.0251 data: 0.0001 max mem: 327
Val Total time: 0:00:00 (0.9384 s / it)
* Acc@1 68.966 loss 1.073 auroc 0.616 f1_score 0.204
  per-class F1 (Val): {'negative': np.float32(0.816), 'itc': np.float32(0.0), 'micro': np.float32(0.0), 'macro': np.float32(0.0)}
  [DIAG] Tier1 сам по собі: acc=68.966 f1_macro=0.204
Test [  0/197] eta: 0:00:31 loss: 3.2753 (3.2753) acc1: 0.0000 (0.0000) time: 0.1598 data: 0.1182 max mem: 327
Test [100/197] eta: 0:00:02 loss: 0.1211 (1.3526) acc1: 100.0000 (59.4059) time: 0.0266 data: 0.0001 max mem: 327
Test [196/197] eta: 0:00:00 loss: 0.1232 (1.2741) acc1: 100.0000 (61.4213) time: 0.0288 data: 0.0001 max mem: 327
Test Total time: 0:00:05 (5.4541 s / it)
* Acc@1 61.421 loss 1.274 auroc 0.617 f1_score 0.190
  per-class F1 (Test): {'negative': np.float32(0.761), 'itc': np.float32(0.0), 'micro': np.float32(0.0), 'macro': np.float32(0.0)}
  [DIAG] Tier1 сам по собі: acc=61.421 f1_macro=0.190

Epoch: [2] [  0/266] eta: 0:01:15 lr: 0.000040 tier1_loss: 2.6726 (2.6726) tier2_loss: 2.8338 (2.8338) time: 0.2836 data: 0.1178 max mem: 327
Epoch: [2] [100/266] eta: 0:00:17 lr: 0.000048 tier1_loss: 0.1377 (1.0466) tier2_loss: 0.1844 (1.0865) time: 0.0977 data: 0.0001 max mem: 327
Epoch: [2] [200/266] eta: 0:00:06 lr: 0.000055 tier1_loss: 0.1350 (1.1141) tier2_loss: 0.1735 (1.1670) time: 0.1059 data: 0.0001 max mem: 327
Epoch: [2] [265/266] eta: 0:00:00 lr: 0.000060 tier1_loss: 0.1634 (1.1309) tier2_loss: 0.1838 (1.1819) time: 0.0960 data: 0.0001 max mem: 327
Epoch: [2] Total time: 0:00:27 (27.4310 s / it)
Val [ 0/29] eta: 0:00:04 loss: 0.1436 (0.1436) acc1: 100.0000 (100.0000) time: 0.1593 data: 0.1116 max mem: 327
Val [28/29] eta: 0:00:00 loss: 0.1273 (1.0841) acc1: 100.0000 (68.9655) time: 0.0241 data: 0.0001 max mem: 327
Val Total time: 0:00:00 (0.9022 s / it)
* Acc@1 68.966 loss 1.084 auroc 0.640 f1_score 0.204
  per-class F1 (Val): {'negative': np.float32(0.816), 'itc': np.float32(0.0), 'micro': np.float32(0.0), 'macro': np.float32(0.0)}
  [DIAG] Tier1 сам по собі: acc=68.966 f1_macro=0.204
Test [  0/197] eta: 0:00:28 loss: 2.8603 (2.8603) acc1: 0.0000 (0.0000) time: 0.1448 data: 0.1075 max mem: 327
Test [100/197] eta: 0:00:02 loss: 0.1245 (1.3602) acc1: 100.0000 (59.4059) time: 0.0262 data: 0.0001 max mem: 327
Test [196/197] eta: 0:00:00 loss: 0.1238 (1.3030) acc1: 100.0000 (61.4213) time: 0.0270 data: 0.0001 max mem: 327
Test Total time: 0:00:05 (5.4575 s / it)
* Acc@1 61.421 loss 1.303 auroc 0.628 f1_score 0.190
  per-class F1 (Test): {'negative': np.float32(0.761), 'itc': np.float32(0.0), 'micro': np.float32(0.0), 'macro': np.float32(0.0)}
  [DIAG] Tier1 сам по собі: acc=61.421 f1_macro=0.190

Epoch: [3] [  0/266] eta: 0:00:58 lr: 0.000060 tier1_loss: 0.1368 (0.1368) tier2_loss: 0.1156 (0.1156) time: 0.2202 data: 0.0878 max mem: 327
Epoch: [3] [100/266] eta: 0:00:18 lr: 0.000068 tier1_loss: 0.2618 (1.3705) tier2_loss: 0.2181 (1.3226) time: 0.1076 data: 0.0001 max mem: 327
Epoch: [3] [200/266] eta: 0:00:07 lr: 0.000075 tier1_loss: 0.1253 (1.1383) tier2_loss: 0.0835 (1.1477) time: 0.1086 data: 0.0001 max mem: 327
Epoch: [3] [265/266] eta: 0:00:00 lr: 0.000080 tier1_loss: 0.0940 (1.0539) tier2_loss: 0.0744 (1.0842) time: 0.1068 data: 0.0001 max mem: 327
Epoch: [3] Total time: 0:00:28 (28.7310 s / it)
Val [ 0/29] eta: 0:00:04 loss: 0.0992 (0.0992) acc1: 100.0000 (100.0000) time: 0.1569 data: 0.1236 max mem: 327
Val [28/29] eta: 0:00:00 loss: 0.0567 (1.2413) acc1: 100.0000 (68.9655) time: 0.0248 data: 0.0001 max mem: 327
Val Total time: 0:00:00 (0.9247 s / it)
* Acc@1 68.966 loss 1.241 auroc 0.660 f1_score 0.204
  per-class F1 (Val): {'negative': np.float32(0.816), 'itc': np.float32(0.0), 'micro': np.float32(0.0), 'macro': np.float32(0.0)}
  [DIAG] Tier1 сам по собі: acc=68.966 f1_macro=0.204
Test [  0/197] eta: 0:00:27 loss: 3.7824 (3.7824) acc1: 0.0000 (0.0000) time: 0.1399 data: 0.1031 max mem: 327
Test [100/197] eta: 0:00:02 loss: 0.0620 (1.5319) acc1: 100.0000 (59.4059) time: 0.0267 data: 0.0001 max mem: 327
Test [196/197] eta: 0:00:00 loss: 0.0561 (1.4725) acc1: 100.0000 (61.4213) time: 0.0247 data: 0.0001 max mem: 327
Test Total time: 0:00:05 (5.4325 s / it)
* Acc@1 61.421 loss 1.473 auroc 0.676 f1_score 0.190
  per-class F1 (Test): {'negative': np.float32(0.761), 'itc': np.float32(0.0), 'micro': np.float32(0.0), 'macro': np.float32(0.0)}
  [DIAG] Tier1 сам по собі: acc=61.421 f1_macro=0.190

Epoch: [4] [  0/266] eta: 0:00:53 lr: 0.000080 tier1_loss: 0.0831 (0.0831) tier2_loss: 0.0502 (0.0502) time: 0.2018 data: 0.0928 max mem: 327
Epoch: [4] [100/266] eta: 0:00:17 lr: 0.000088 tier1_loss: 0.0922 (1.0537) tier2_loss: 0.0758 (1.0942) time: 0.0988 data: 0.0001 max mem: 327
Epoch: [4] [200/266] eta: 0:00:06 lr: 0.000095 tier1_loss: 0.1531 (1.1005) tier2_loss: 0.1239 (1.1267) time: 0.1126 data: 0.0001 max mem: 327
Epoch: [4] [265/266] eta: 0:00:00 lr: 0.000100 tier1_loss: 0.3561 (1.1106) tier2_loss: 0.9029 (1.1268) time: 0.1062 data: 0.0001 max mem: 327
Epoch: [4] Total time: 0:00:28 (28.1509 s / it)
Val [ 0/29] eta: 0:00:04 loss: 1.2491 (1.2491) acc1: 0.0000 (0.0000) time: 0.1603 data: 0.1207 max mem: 327
Val [28/29] eta: 0:00:00 loss: 0.5470 (1.0561) acc1: 100.0000 (65.5172) time: 0.0259 data: 0.0001 max mem: 327
Val Total time: 0:00:00 (0.9287 s / it)
* Acc@1 65.517 loss 1.056 auroc 0.582 f1_score 0.360
  per-class F1 (Val): {'negative': np.float32(0.791), 'itc': np.float32(0.0), 'micro': np.float32(0.4), 'macro': np.float32(0.25)}
  [DIAG] Tier1 сам по собі: acc=68.966 f1_macro=0.204
Test [  0/197] eta: 0:00:28 loss: 1.7877 (1.7877) acc1: 0.0000 (0.0000) time: 0.1448 data: 0.1113 max mem: 327
Test [100/197] eta: 0:00:02 loss: 0.5585 (1.0098) acc1: 0.0000 (63.3663) time: 0.0264 data: 0.0001 max mem: 327
Test [196/197] eta: 0:00:00 loss: 0.2387 (0.8909) acc1: 100.0000 (69.5431) time: 0.0240 data: 0.0001 max mem: 327
Test Total time: 0:00:05 (5.2205 s / it)
* Acc@1 69.543 loss 0.891 auroc 0.665 f1_score 0.354
  per-class F1 (Test): {'negative': np.float32(0.803), 'itc': np.float32(0.0), 'micro': np.float32(0.0), 'macro': np.float32(0.613)}
  [DIAG] Tier1 сам по собі: acc=64.086 f1_macro=0.249

Epoch: [5] [  0/266] eta: 0:00:54 lr: 0.000100 tier1_loss: 0.1734 (0.1734) tier2_loss: 0.1799 (0.1799) time: 0.2041 data: 0.0895 max mem: 327
Epoch: [5] [100/266] eta: 0:00:18 lr: 0.000100 tier1_loss: 0.2702 (0.9924) tier2_loss: 0.1889 (1.0330) time: 0.1053 data: 0.0001 max mem: 327
Epoch: [5] [200/266] eta: 0:00:07 lr: 0.000099 tier1_loss: 0.3435 (1.0418) tier2_loss: 0.5100 (1.1297) time: 0.1044 data: 0.0001 max mem: 327
Epoch: [5] [265/266] eta: 0:00:00 lr: 0.000099 tier1_loss: 0.1279 (0.9957) tier2_loss: 0.1046 (1.0619) time: 0.1105 data: 0.0001 max mem: 327
Epoch: [5] Total time: 0:00:29 (29.7220 s / it)
Val [ 0/29] eta: 0:00:04 loss: 0.1767 (0.1767) acc1: 100.0000 (100.0000) time: 0.1525 data: 0.1207 max mem: 327
Val [28/29] eta: 0:00:00 loss: 0.0868 (1.0443) acc1: 100.0000 (72.4138) time: 0.0261 data: 0.0001 max mem: 327
Val Total time: 0:00:00 (0.9511 s / it)
* Acc@1 72.414 loss 1.044 auroc 0.629 f1_score 0.336
  per-class F1 (Val): {'negative': np.float32(0.844), 'itc': np.float32(0.0), 'micro': np.float32(0.0), 'macro': np.float32(0.5)}
  [DIAG] Tier1 сам по собі: acc=68.966 f1_macro=0.204
Test [  0/197] eta: 0:00:28 loss: 2.9769 (2.9769) acc1: 0.0000 (0.0000) time: 0.1461 data: 0.1103 max mem: 327
Test [100/197] eta: 0:00:02 loss: 0.0953 (1.0029) acc1: 100.0000 (71.2871) time: 0.0264 data: 0.0001 max mem: 327
Test [196/197] eta: 0:00:00 loss: 0.0953 (0.8248) acc1: 100.0000 (77.1574) time: 0.0239 data: 0.0001 max mem: 327
Test Total time: 0:00:05 (5.3274 s / it)
* Acc@1 77.157 loss 0.825 auroc 0.697 f1_score 0.419
  per-class F1 (Test): {'negative': np.float32(0.851), 'itc': np.float32(0.0), 'micro': np.float32(0.0), 'macro': np.float32(0.824)}
  [DIAG] Tier1 сам по собі: acc=71.574 f1_macro=0.364

Epoch: [6] [  0/266] eta: 0:01:03 lr: 0.000099 tier1_loss: 0.1408 (0.1408) tier2_loss: 0.2410 (0.2410) time: 0.2375 data: 0.1124 max mem: 327
Epoch: [6] [100/266] eta: 0:00:17 lr: 0.000098 tier1_loss: 0.2422 (1.0478) tier2_loss: 1.2977 (1.0968) time: 0.1057 data: 0.0001 max mem: 327
Epoch: [6] [200/266] eta: 0:00:06 lr: 0.000097 tier1_loss: 0.2835 (0.9820) tier2_loss: 0.2771 (1.0268) time: 0.1081 data: 0.0001 max mem: 327
Epoch: [6] [265/266] eta: 0:00:00 lr: 0.000096 tier1_loss: 0.1065 (0.9560) tier2_loss: 0.1032 (1.0217) time: 0.1013 data: 0.0001 max mem: 327
Epoch: [6] Total time: 0:00:28 (28.2792 s / it)
Val [ 0/29] eta: 0:00:04 loss: 0.1089 (0.1089) acc1: 100.0000 (100.0000) time: 0.1454 data: 0.1138 max mem: 327
Val [28/29] eta: 0:00:00 loss: 0.0797 (1.0070) acc1: 100.0000 (68.9655) time: 0.0248 data: 0.0001 max mem: 327
Val Total time: 0:00:00 (0.9066 s / it)
* Acc@1 68.966 loss 1.007 auroc 0.743 f1_score 0.302
  per-class F1 (Val): {'negative': np.float32(0.809), 'itc': np.float32(0.0), 'micro': np.float32(0.0), 'macro': np.float32(0.4)}
  [DIAG] Tier1 сам по собі: acc=71.983 f1_macro=0.305
Test [  0/197] eta: 0:00:28 loss: 3.1233 (3.1233) acc1: 0.0000 (0.0000) time: 0.1433 data: 0.1082 max mem: 327
Test [100/197] eta: 0:00:02 loss: 0.0771 (0.9255) acc1: 100.0000 (73.2673) time: 0.0259 data: 0.0001 max mem: 327
Test [196/197] eta: 0:00:00 loss: 0.0699 (0.7489) acc1: 100.0000 (79.1878) time: 0.0241 data: 0.0001 max mem: 327
Test Total time: 0:00:05 (5.2459 s / it)
* Acc@1 79.188 loss 0.749 auroc 0.788 f1_score 0.436
  per-class F1 (Test): {'negative': np.float32(0.862), 'itc': np.float32(0.0), 'micro': np.float32(0.0), 'macro': np.float32(0.881)}
  [DIAG] Tier1 сам по собі: acc=76.840 f1_macro=0.419

Epoch: [7] [  0/266] eta: 0:01:03 lr: 0.000096 tier1_loss: 0.0495 (0.0495) tier2_loss: 0.0620 (0.0620) time: 0.2398 data: 0.1068 max mem: 327
Epoch: [7] [100/266] eta: 0:00:18 lr: 0.000094 tier1_loss: 0.1029 (0.6881) tier2_loss: 0.0537 (0.7671) time: 0.1055 data: 0.0001 max mem: 327
Epoch: [7] [200/266] eta: 0:00:06 lr: 0.000092 tier1_loss: 0.2634 (0.8528) tier2_loss: 0.1865 (0.9013) time: 0.0941 data: 0.0001 max mem: 327
Epoch: [7] [265/266] eta: 0:00:00 lr: 0.000091 tier1_loss: 0.1007 (0.8808) tier2_loss: 0.0762 (0.9393) time: 0.0887 data: 0.0001 max mem: 327
Epoch: [7] Total time: 0:00:26 (26.9387 s / it)
Val [ 0/29] eta: 0:00:03 loss: 0.0753 (0.0753) acc1: 100.0000 (100.0000) time: 0.1304 data: 0.0968 max mem: 327
Val [28/29] eta: 0:00:00 loss: 0.1201 (1.0424) acc1: 100.0000 (72.4138) time: 0.0245 data: 0.0001 max mem: 327
Val Total time: 0:00:00 (0.8798 s / it)
* Acc@1 72.414 loss 1.042 auroc 0.762 f1_score 0.327
  per-class F1 (Val): {'negative': np.float32(0.864), 'itc': np.float32(0.0), 'micro': np.float32(0.0), 'macro': np.float32(0.444)}
  [DIAG] Tier1 сам по собі: acc=70.690 f1_macro=0.314
Test [  0/197] eta: 0:00:28 loss: 2.8369 (2.8369) acc1: 0.0000 (0.0000) time: 0.1465 data: 0.1076 max mem: 327
Test [100/197] eta: 0:00:02 loss: 0.1266 (1.0796) acc1: 100.0000 (72.2772) time: 0.0268 data: 0.0001 max mem: 327
Test [196/197] eta: 0:00:00 loss: 0.0693 (0.9305) acc1: 100.0000 (75.1269) time: 0.0241 data: 0.0001 max mem: 327
Test Total time: 0:00:05 (5.3299 s / it)
* Acc@1 75.127 loss 0.930 auroc 0.770 f1_score 0.406
  per-class F1 (Test): {'negative': np.float32(0.845), 'itc': np.float32(0.0), 'micro': np.float32(0.0), 'macro': np.float32(0.778)}
  [DIAG] Tier1 сам по собі: acc=78.997 f1_macro=0.432

Epoch: [8] [  0/266] eta: 0:01:01 lr: 0.000091 tier1_loss: 0.0556 (0.0556) tier2_loss: 0.0459 (0.0459) time: 0.2305 data: 0.1024 max mem: 327
Epoch: [8] [100/266] eta: 0:00:18 lr: 0.000088 tier1_loss: 0.0694 (0.7274) tier2_loss: 0.0380 (0.7695) time: 0.1041 data: 0.0001 max mem: 327
Epoch: [8] [200/266] eta: 0:00:07 lr: 0.000085 tier1_loss: 0.0549 (0.7578) tier2_loss: 0.0385 (0.8264) time: 0.1091 data: 0.0001 max mem: 327
Epoch: [8] [265/266] eta: 0:00:00 lr: 0.000084 tier1_loss: 0.0636 (0.7525) tier2_loss: 0.0359 (0.7863) time: 0.1004 data: 0.0001 max mem: 328
Epoch: [8] Total time: 0:00:29 (29.4827 s / it)
Val [ 0/29] eta: 0:00:04 loss: 0.0516 (0.0516) acc1: 100.0000 (100.0000) time: 0.1518 data: 0.1194 max mem: 328
Val [28/29] eta: 0:00:00 loss: 0.0320 (0.9950) acc1: 100.0000 (72.4138) time: 0.0245 data: 0.0001 max mem: 328
Val Total time: 0:00:00 (0.8908 s / it)
* Acc@1 72.414 loss 0.995 auroc 0.804 f1_score 0.378
  per-class F1 (Val): {'negative': np.float32(0.844), 'itc': np.float32(0.0), 'micro': np.float32(0.0), 'macro': np.float32(0.667)}
  [DIAG] Tier1 сам по собі: acc=72.414 f1_macro=0.346
Test [  0/197] eta: 0:00:29 loss: 2.1758 (2.1758) acc1: 0.0000 (0.0000) time: 0.1495 data: 0.1080 max mem: 328
Test [100/197] eta: 0:00:02 loss: 0.0408 (0.8718) acc1: 100.0000 (72.2772) time: 0.0284 data: 0.0001 max mem: 328
Test [196/197] eta: 0:00:00 loss: 0.0212 (0.7666) acc1: 100.0000 (78.6802) time: 0.0256 data: 0.0001 max mem: 328
Test Total time: 0:00:05 (5.4786 s / it)
* Acc@1 78.680 loss 0.767 auroc 0.831 f1_score 0.439
  per-class F1 (Test): {'negative': np.float32(0.883), 'itc': np.float32(0.0), 'micro': np.float32(0.0), 'macro': np.float32(0.875)}
  [DIAG] Tier1 сам по собі: acc=81.028 f1_macro=0.444

Epoch: [9] [  0/266] eta: 0:01:02 lr: 0.000084 tier1_loss: 0.0501 (0.0501) tier2_loss: 0.0235 (0.0235) time: 0.2349 data: 0.1134 max mem: 328
Epoch: [9] [100/266] eta: 0:00:18 lr: 0.000081 tier1_loss: 0.0445 (0.6189) tier2_loss: 0.0206 (0.5958) time: 0.1157 data: 0.0001 max mem: 328
Epoch: [9] [200/266] eta: 0:00:07 lr: 0.000077 tier1_loss: 0.0540 (0.6760) tier2_loss: 0.0465 (0.6830) time: 0.0996 data: 0.0001 max mem: 328
Epoch: [9] [265/266] eta: 0:00:00 lr: 0.000075 tier1_loss: 0.0423 (0.7057) tier2_loss: 0.0309 (0.6933) time: 0.1080 data: 0.0001 max mem: 328
Epoch: [9] Total time: 0:00:29 (29.3868 s / it)
Val [ 0/29] eta: 0:00:04 loss: 0.0373 (0.0373) acc1: 100.0000 (100.0000) time: 0.1508 data: 0.1180 max mem: 328
Val [28/29] eta: 0:00:00 loss: 0.0417 (0.9921) acc1: 100.0000 (79.3103) time: 0.0252 data: 0.0001 max mem: 328
Val Total time: 0:00:00 (0.9221 s / it)
* Acc@1 79.310 loss 0.992 auroc 0.787 f1_score 0.549
  per-class F1 (Val): {'negative': np.float32(0.864), 'itc': np.float32(0.0), 'micro': np.float32(0.667), 'macro': np.float32(0.667)}
  [DIAG] Tier1 сам по собі: acc=74.569 f1_macro=0.384
Test [  0/197] eta: 0:00:32 loss: 0.7738 (0.7738) acc1: 100.0000 (100.0000) time: 0.1664 data: 0.1109 max mem: 328
Test [100/197] eta: 0:00:02 loss: 0.0416 (0.6577) acc1: 100.0000 (81.1881) time: 0.0265 data: 0.0001 max mem: 328
Test [196/197] eta: 0:00:00 loss: 0.0262 (0.5971) acc1: 100.0000 (83.7563) time: 0.0248 data: 0.0001 max mem: 328
Test Total time: 0:00:05 (5.3223 s / it)
* Acc@1 83.756 loss 0.597 auroc 0.855 f1_score 0.600
  per-class F1 (Test): {'negative': np.float32(0.896), 'itc': np.float32(0.0), 'micro': np.float32(0.588), 'macro': np.float32(0.918)}
  [DIAG] Tier1 сам по собі: acc=81.726 f1_macro=0.447

Epoch: [10] [  0/266] eta: 0:01:08 lr: 0.000075 tier1_loss: 3.0310 (3.0310) tier2_loss: 3.1705 (3.1705) time: 0.2592 data: 0.0934 max mem: 328
Epoch: [10] [100/266] eta: 0:00:18 lr: 0.000072 tier1_loss: 0.0597 (0.7265) tier2_loss: 0.0225 (0.6797) time: 0.1105 data: 0.0001 max mem: 328
Epoch: [10] [200/266] eta: 0:00:07 lr: 0.000068 tier1_loss: 0.0374 (0.6383) tier2_loss: 0.0322 (0.5870) time: 0.1087 data: 0.0001 max mem: 328
Epoch: [10] [265/266] eta: 0:00:00 lr: 0.000066 tier1_loss: 0.0372 (0.5869) tier2_loss: 0.0142 (0.5374) time: 0.1125 data: 0.0001 max mem: 328
Epoch: [10] Total time: 0:00:30 (30.1531 s / it)
Val [ 0/29] eta: 0:00:04 loss: 0.0087 (0.0087) acc1: 100.0000 (100.0000) time: 0.1613 data: 0.1245 max mem: 328
Val [28/29] eta: 0:00:00 loss: 0.0121 (1.1317) acc1: 100.0000 (79.3103) time: 0.0243 data: 0.0001 max mem: 328
Val Total time: 0:00:00 (0.9111 s / it)
* Acc@1 79.310 loss 1.132 auroc 0.793 f1_score 0.530
  per-class F1 (Val): {'negative': np.float32(0.884), 'itc': np.float32(0.0), 'micro': np.float32(0.571), 'macro': np.float32(0.667)}
  [DIAG] Tier1 сам по собі: acc=79.310 f1_macro=0.529
Test [  0/197] eta: 0:00:31 loss: 0.1477 (0.1477) acc1: 100.0000 (100.0000) time: 0.1607 data: 0.1065 max mem: 328
Test [100/197] eta: 0:00:02 loss: 0.0120 (0.7329) acc1: 100.0000 (82.1782) time: 0.0272 data: 0.0001 max mem: 328
Test [196/197] eta: 0:00:00 loss: 0.0072 (0.6725) acc1: 100.0000 (85.7868) time: 0.0252 data: 0.0001 max mem: 328
Test Total time: 0:00:05 (5.5111 s / it)
* Acc@1 85.787 loss 0.673 auroc 0.873 f1_score 0.625
  per-class F1 (Test): {'negative': np.float32(0.911), 'itc': np.float32(0.0), 'micro': np.float32(0.667), 'macro': np.float32(0.921)}
  [DIAG] Tier1 сам по собі: acc=82.678 f1_macro=0.511

Epoch: [11] [  0/266] eta: 0:01:00 lr: 0.000066 tier1_loss: 0.0266 (0.0266) tier2_loss: 0.0105 (0.0105) time: 0.2263 data: 0.0990 max mem: 328
Epoch: [11] [100/266] eta: 0:00:17 lr: 0.000062 tier1_loss: 0.0566 (0.6447) tier2_loss: 0.0297 (0.6232) time: 0.0930 data: 0.0001 max mem: 328
Epoch: [11] [200/266] eta: 0:00:07 lr: 0.000058 tier1_loss: 0.0526 (0.5355) tier2_loss: 0.0095 (0.4979) time: 0.1098 data: 0.0001 max mem: 328
Epoch: [11] [265/266] eta: 0:00:00 lr: 0.000056 tier1_loss: 0.0698 (0.5201) tier2_loss: 0.0126 (0.4975) time: 0.1131 data: 0.0001 max mem: 328
Epoch: [11] Total time: 0:00:28 (28.8905 s / it)
Val [ 0/29] eta: 0:00:04 loss: 0.0129 (0.0129) acc1: 100.0000 (100.0000) time: 0.1591 data: 0.1212 max mem: 328
Val [28/29] eta: 0:00:00 loss: 0.0092 (1.1580) acc1: 100.0000 (79.3103) time: 0.0251 data: 0.0001 max mem: 328
Val Total time: 0:00:00 (0.9228 s / it)
* Acc@1 79.310 loss 1.158 auroc 0.822 f1_score 0.530
  per-class F1 (Val): {'negative': np.float32(0.884), 'itc': np.float32(0.0), 'micro': np.float32(0.571), 'macro': np.float32(0.667)}
  [DIAG] Tier1 сам по собі: acc=79.310 f1_macro=0.534
Test [  0/197] eta: 0:00:30 loss: 0.0598 (0.0598) acc1: 100.0000 (100.0000) time: 0.1543 data: 0.1199 max mem: 328
Test [100/197] eta: 0:00:02 loss: 0.0143 (0.6883) acc1: 100.0000 (82.1782) time: 0.0274 data: 0.0001 max mem: 328
Test [196/197] eta: 0:00:00 loss: 0.0057 (0.6216) acc1: 100.0000 (85.2792) time: 0.0247 data: 0.0001 max mem: 328
Test Total time: 0:00:05 (5.4477 s / it)
* Acc@1 85.279 loss 0.622 auroc 0.892 f1_score 0.620
  per-class F1 (Test): {'negative': np.float32(0.913), 'itc': np.float32(0.0), 'micro': np.float32(0.647), 'macro': np.float32(0.921)}
  [DIAG] Tier1 сам по собі: acc=84.264 f1_macro=0.592

Epoch: [12] [  0/266] eta: 0:01:04 lr: 0.000056 tier1_loss: 0.1399 (0.1399) tier2_loss: 0.0133 (0.0133) time: 0.2424 data: 0.1048 max mem: 328
Epoch: [12] [100/266] eta: 0:00:18 lr: 0.000052 tier1_loss: 0.0391 (0.3226) tier2_loss: 0.0047 (0.2498) time: 0.0960 data: 0.0001 max mem: 328
Epoch: [12] [200/266] eta: 0:00:07 lr: 0.000048 tier1_loss: 0.0556 (0.4537) tier2_loss: 0.0312 (0.4029) time: 0.1120 data: 0.0001 max mem: 328
Epoch: [12] [265/266] eta: 0:00:00 lr: 0.000045 tier1_loss: 0.0582 (0.5018) tier2_loss: 0.0093 (0.4618) time: 0.1117 data: 0.0001 max mem: 328
Epoch: [12] Total time: 0:00:29 (29.4561 s / it)
Val [ 0/29] eta: 0:00:04 loss: 0.0206 (0.0206) acc1: 100.0000 (100.0000) time: 0.1554 data: 0.1169 max mem: 328
Val [28/29] eta: 0:00:00 loss: 0.0126 (1.1534) acc1: 100.0000 (75.8621) time: 0.0248 data: 0.0001 max mem: 328
Val Total time: 0:00:00 (0.9149 s / it)
* Acc@1 75.862 loss 1.153 auroc 0.848 f1_score 0.506
  per-class F1 (Val): {'negative': np.float32(0.857), 'itc': np.float32(0.0), 'micro': np.float32(0.5), 'macro': np.float32(0.667)}
  [DIAG] Tier1 сам по собі: acc=78.448 f1_macro=0.520
Test [  0/197] eta: 0:00:27 loss: 0.0553 (0.0553) acc1: 100.0000 (100.0000) time: 0.1419 data: 0.1059 max mem: 328
Test [100/197] eta: 0:00:02 loss: 0.0518 (0.7004) acc1: 100.0000 (80.1980) time: 0.0282 data: 0.0001 max mem: 328
Test [196/197] eta: 0:00:00 loss: 0.0076 (0.6303) acc1: 100.0000 (83.2487) time: 0.0264 data: 0.0001 max mem: 328
Test Total time: 0:00:05 (5.7812 s / it)
* Acc@1 83.249 loss 0.630 auroc 0.894 f1_score 0.633
  per-class F1 (Test): {'negative': np.float32(0.903), 'itc': np.float32(0.095), 'micro': np.float32(0.619), 'macro': np.float32(0.916)}
  [DIAG] Tier1 сам по собі: acc=84.137 f1_macro=0.597

Epoch: [13] [  0/266] eta: 0:00:55 lr: 0.000045 tier1_loss: 0.3932 (0.3932) tier2_loss: 0.0137 (0.0137) time: 0.2079 data: 0.1040 max mem: 328
Epoch: [13] [100/266] eta: 0:00:16 lr: 0.000041 tier1_loss: 0.0506 (0.4904) tier2_loss: 0.0118 (0.3137) time: 0.1010 data: 0.0001 max mem: 328
Epoch: [13] [200/266] eta: 0:00:06 lr: 0.000038 tier1_loss: 0.0293 (0.4591) tier2_loss: 0.0062 (0.3036) time: 0.0977 data: 0.0001 max mem: 328
Epoch: [13] [265/266] eta: 0:00:00 lr: 0.000035 tier1_loss: 0.0215 (0.4687) tier2_loss: 0.0033 (0.3451) time: 0.0876 data: 0.0001 max mem: 328
Epoch: [13] Total time: 0:00:26 (26.1391 s / it)
Val [ 0/29] eta: 0:00:04 loss: 0.0063 (0.0063) acc1: 100.0000 (100.0000) time: 0.1548 data: 0.1198 max mem: 328
Val [28/29] eta: 0:00:00 loss: 0.0028 (1.2227) acc1: 100.0000 (72.4138) time: 0.0251 data: 0.0001 max mem: 328
Val Total time: 0:00:00 (0.9270 s / it)
* Acc@1 72.414 loss 1.223 auroc 0.866 f1_score 0.440
  per-class F1 (Val): {'negative': np.float32(0.857), 'itc': np.float32(0.0), 'micro': np.float32(0.333), 'macro': np.float32(0.571)}
  [DIAG] Tier1 сам по собі: acc=79.310 f1_macro=0.532
Test [  0/197] eta: 0:00:28 loss: 0.2596 (0.2596) acc1: 100.0000 (100.0000) time: 0.1440 data: 0.0985 max mem: 328
Test [100/197] eta: 0:00:02 loss: 0.0084 (0.8738) acc1: 100.0000 (80.1980) time: 0.0263 data: 0.0001 max mem: 328
Test [196/197] eta: 0:00:00 loss: 0.0034 (0.7523) acc1: 100.0000 (83.7563) time: 0.0241 data: 0.0001 max mem: 328
Test Total time: 0:00:05 (5.2897 s / it)
* Acc@1 83.756 loss 0.752 auroc 0.895 f1_score 0.611
  per-class F1 (Test): {'negative': np.float32(0.913), 'itc': np.float32(0.174), 'micro': np.float32(0.444), 'macro': np.float32(0.913)}
  [DIAG] Tier1 сам по собі: acc=84.772 f1_macro=0.595

Epoch: [14] [  0/266] eta: 0:00:58 lr: 0.000035 tier1_loss: 0.0141 (0.0141) tier2_loss: 0.0044 (0.0044) time: 0.2218 data: 0.1099 max mem: 328
Epoch: [14] [100/266] eta: 0:00:18 lr: 0.000032 tier1_loss: 0.0295 (0.4181) tier2_loss: 0.0050 (0.2466) time: 0.1171 data: 0.0001 max mem: 328
Epoch: [14] [200/266] eta: 0:00:07 lr: 0.000028 tier1_loss: 0.0876 (0.4284) tier2_loss: 0.0091 (0.2834) time: 0.1103 data: 0.0001 max mem: 328
Epoch: [14] [265/266] eta: 0:00:00 lr: 0.000026 tier1_loss: 0.0754 (0.4549) tier2_loss: 0.0039 (0.3143) time: 0.1003 data: 0.0001 max mem: 328
Epoch: [14] Total time: 0:00:29 (29.1062 s / it)
Val [ 0/29] eta: 0:00:05 loss: 0.0036 (0.0036) acc1: 100.0000 (100.0000) time: 0.1748 data: 0.1259 max mem: 328
Val [28/29] eta: 0:00:00 loss: 0.0024 (1.4240) acc1: 100.0000 (75.8621) time: 0.0251 data: 0.0001 max mem: 328
Val Total time: 0:00:00 (0.9537 s / it)
* Acc@1 75.862 loss 1.424 auroc 0.861 f1_score 0.524
  per-class F1 (Val): {'negative': np.float32(0.857), 'itc': np.float32(0.0), 'micro': np.float32(0.571), 'macro': np.float32(0.667)}
  [DIAG] Tier1 сам по собі: acc=78.017 f1_macro=0.515
Test [  0/197] eta: 0:00:30 loss: 0.0281 (0.0281) acc1: 100.0000 (100.0000) time: 0.1540 data: 0.1149 max mem: 328
Test [100/197] eta: 0:00:02 loss: 0.0055 (0.8676) acc1: 100.0000 (82.1782) time: 0.0265 data: 0.0001 max mem: 328
Test [196/197] eta: 0:00:00 loss: 0.0020 (0.7638) acc1: 100.0000 (84.7716) time: 0.0245 data: 0.0001 max mem: 328
Test Total time: 0:00:05 (5.2932 s / it)
* Acc@1 84.772 loss 0.764 auroc 0.894 f1_score 0.636
  per-class F1 (Test): {'negative': np.float32(0.908), 'itc': np.float32(0.105), 'micro': np.float32(0.606), 'macro': np.float32(0.923)}
  [DIAG] Tier1 сам по собі: acc=85.279 f1_macro=0.611

Epoch: [15] [  0/266] eta: 0:01:14 lr: 0.000026 tier1_loss: 0.0080 (0.0080) tier2_loss: 0.0014 (0.0014) time: 0.2812 data: 0.1150 max mem: 328
Epoch: [15] [100/266] eta: 0:00:17 lr: 0.000022 tier1_loss: 0.0293 (0.4498) tier2_loss: 0.0023 (0.2372) time: 0.1069 data: 0.0001 max mem: 328
Epoch: [15] [200/266] eta: 0:00:07 lr: 0.000019 tier1_loss: 0.0505 (0.4580) tier2_loss: 0.0060 (0.3099) time: 0.1075 data: 0.0001 max mem: 328
Epoch: [15] [265/266] eta: 0:00:00 lr: 0.000017 tier1_loss: 0.0328 (0.4297) tier2_loss: 0.0021 (0.2757) time: 0.0872 data: 0.0001 max mem: 328
Epoch: [15] Total time: 0:00:28 (28.4241 s / it)
Val [ 0/29] eta: 0:00:04 loss: 0.0036 (0.0036) acc1: 100.0000 (100.0000) time: 0.1712 data: 0.1188 max mem: 328
Val [28/29] eta: 0:00:00 loss: 0.0017 (1.3695) acc1: 100.0000 (75.8621) time: 0.0251 data: 0.0001 max mem: 328
Val Total time: 0:00:00 (0.9459 s / it)
* Acc@1 75.862 loss 1.369 auroc 0.852 f1_score 0.524
  per-class F1 (Val): {'negative': np.float32(0.857), 'itc': np.float32(0.0), 'micro': np.float32(0.571), 'macro': np.float32(0.667)}
  [DIAG] Tier1 сам по собі: acc=78.448 f1_macro=0.520
Test [  0/197] eta: 0:00:28 loss: 0.1303 (0.1303) acc1: 100.0000 (100.0000) time: 0.1423 data: 0.1079 max mem: 328
Test [100/197] eta: 0:00:02 loss: 0.0053 (0.9574) acc1: 100.0000 (78.2178) time: 0.0256 data: 0.0001 max mem: 328
Test [196/197] eta: 0:00:00 loss: 0.0015 (0.8291) acc1: 100.0000 (82.7411) time: 0.0250 data: 0.0001 max mem: 328
Test Total time: 0:00:05 (5.3837 s / it)
* Acc@1 82.741 loss 0.829 auroc 0.890 f1_score 0.610
  per-class F1 (Test): {'negative': np.float32(0.907), 'itc': np.float32(0.167), 'micro': np.float32(0.452), 'macro': np.float32(0.913)}
  [DIAG] Tier1 сам по собі: acc=84.327 f1_macro=0.594

Epoch: [16] [  0/266] eta: 0:01:10 lr: 0.000017 tier1_loss: 0.1517 (0.1517) tier2_loss: 0.0094 (0.0094) time: 0.2653 data: 0.1025 max mem: 328
Epoch: [16] [100/266] eta: 0:00:18 lr: 0.000015 tier1_loss: 0.0814 (0.5013) tier2_loss: 0.0072 (0.2661) time: 0.1121 data: 0.0001 max mem: 328
Epoch: [16] [200/266] eta: 0:00:07 lr: 0.000012 tier1_loss: 0.0744 (0.4412) tier2_loss: 0.0048 (0.2946) time: 0.1144 data: 0.0001 max mem: 328
Epoch: [16] [265/266] eta: 0:00:00 lr: 0.000010 tier1_loss: 0.0305 (0.3994) tier2_loss: 0.0021 (0.2687) time: 0.1022 data: 0.0001 max mem: 328
Epoch: [16] Total time: 0:00:29 (29.5945 s / it)
Val [ 0/29] eta: 0:00:04 loss: 0.0057 (0.0057) acc1: 100.0000 (100.0000) time: 0.1712 data: 0.1198 max mem: 328
Val [28/29] eta: 0:00:00 loss: 0.0018 (1.3044) acc1: 100.0000 (75.8621) time: 0.0253 data: 0.0001 max mem: 328
Val Total time: 0:00:00 (0.9381 s / it)
* Acc@1 75.862 loss 1.304 auroc 0.881 f1_score 0.524
  per-class F1 (Val): {'negative': np.float32(0.857), 'itc': np.float32(0.0), 'micro': np.float32(0.571), 'macro': np.float32(0.667)}
  [DIAG] Tier1 сам по собі: acc=78.879 f1_macro=0.525
Test [  0/197] eta: 0:00:28 loss: 0.0357 (0.0357) acc1: 100.0000 (100.0000) time: 0.1440 data: 0.0976 max mem: 328
Test [100/197] eta: 0:00:02 loss: 0.0166 (0.9469) acc1: 100.0000 (78.2178) time: 0.0271 data: 0.0001 max mem: 328
Test [196/197] eta: 0:00:00 loss: 0.0018 (0.8089) acc1: 100.0000 (80.7107) time: 0.0258 data: 0.0001 max mem: 328
Test Total time: 0:00:05 (5.3231 s / it)
* Acc@1 80.711 loss 0.809 auroc 0.893 f1_score 0.575
  per-class F1 (Test): {'negative': np.float32(0.893), 'itc': np.float32(0.083), 'micro': np.float32(0.412), 'macro': np.float32(0.913)}
  [DIAG] Tier1 сам по собі: acc=83.883 f1_macro=0.590

Epoch: [17] [  0/266] eta: 0:01:01 lr: 0.000010 tier1_loss: 0.0572 (0.0572) tier2_loss: 0.0060 (0.0060) time: 0.2331 data: 0.1031 max mem: 328
Epoch: [17] [100/266] eta: 0:00:17 lr: 0.000008 tier1_loss: 0.0385 (0.2814) tier2_loss: 0.0030 (0.1752) time: 0.1090 data: 0.0001 max mem: 328
Epoch: [17] [200/266] eta: 0:00:07 lr: 0.000006 tier1_loss: 0.0404 (0.3807) tier2_loss: 0.0026 (0.2753) time: 0.1045 data: 0.0001 max mem: 328
Epoch: [17] [265/266] eta: 0:00:00 lr: 0.000005 tier1_loss: 0.0431 (0.3850) tier2_loss: 0.0027 (0.2436) time: 0.1041 data: 0.0001 max mem: 328
Epoch: [17] Total time: 0:00:28 (28.5710 s / it)
Val [ 0/29] eta: 0:00:04 loss: 0.0077 (0.0077) acc1: 100.0000 (100.0000) time: 0.1578 data: 0.1187 max mem: 328
Val [28/29] eta: 0:00:00 loss: 0.0022 (1.3838) acc1: 100.0000 (75.8621) time: 0.0256 data: 0.0001 max mem: 328
Val Total time: 0:00:01 (1.0111 s / it)
* Acc@1 75.862 loss 1.384 auroc 0.862 f1_score 0.524
  per-class F1 (Val): {'negative': np.float32(0.857), 'itc': np.float32(0.0), 'micro': np.float32(0.571), 'macro': np.float32(0.667)}
  [DIAG] Tier1 сам по собі: acc=78.879 f1_macro=0.527
Test [  0/197] eta: 0:00:30 loss: 0.0669 (0.0669) acc1: 100.0000 (100.0000) time: 0.1524 data: 0.1132 max mem: 328
Test [100/197] eta: 0:00:02 loss: 0.0286 (0.9980) acc1: 100.0000 (76.2376) time: 0.0264 data: 0.0001 max mem: 328
Test [196/197] eta: 0:00:00 loss: 0.0015 (0.8627) acc1: 100.0000 (80.2030) time: 0.0247 data: 0.0001 max mem: 328
Test Total time: 0:00:05 (5.3301 s / it)
* Acc@1 80.203 loss 0.863 auroc 0.885 f1_score 0.597
  per-class F1 (Test): {'negative': np.float32(0.881), 'itc': np.float32(0.143), 'micro': np.float32(0.452), 'macro': np.float32(0.913)}
  [DIAG] Tier1 сам по собі: acc=83.566 f1_macro=0.586

Epoch: [18] [  0/266] eta: 0:01:03 lr: 0.000005 tier1_loss: 0.0748 (0.0748) tier2_loss: 0.0010 (0.0010) time: 0.2370 data: 0.0961 max mem: 328
Epoch: [18] [100/266] eta: 0:00:17 lr: 0.000004 tier1_loss: 0.0757 (0.4357) tier2_loss: 0.0027 (0.3498) time: 0.1109 data: 0.0001 max mem: 328
Epoch: [18] [200/266] eta: 0:00:07 lr: 0.000003 tier1_loss: 0.0527 (0.4100) tier2_loss: 0.0021 (0.2677) time: 0.0993 data: 0.0001 max mem: 328
Epoch: [18] [265/266] eta: 0:00:00 lr: 0.000002 tier1_loss: 0.0612 (0.3784) tier2_loss: 0.0020 (0.2501) time: 0.1082 data: 0.0001 max mem: 328
Epoch: [18] Total time: 0:00:28 (28.5270 s / it)
Val [ 0/29] eta: 0:00:04 loss: 0.0072 (0.0072) acc1: 100.0000 (100.0000) time: 0.1524 data: 0.1148 max mem: 328
Val [28/29] eta: 0:00:00 loss: 0.0021 (1.3816) acc1: 100.0000 (75.8621) time: 0.0297 data: 0.0001 max mem: 328
Val Total time: 0:00:01 (1.1976 s / it)
* Acc@1 75.862 loss 1.382 auroc 0.862 f1_score 0.524
  per-class F1 (Val): {'negative': np.float32(0.857), 'itc': np.float32(0.0), 'micro': np.float32(0.571), 'macro': np.float32(0.667)}
  [DIAG] Tier1 сам по собі: acc=78.879 f1_macro=0.525
Test [  0/197] eta: 0:00:30 loss: 0.1961 (0.1961) acc1: 100.0000 (100.0000) time: 0.1561 data: 0.1095 max mem: 328
Test [100/197] eta: 0:00:02 loss: 0.0218 (1.0081) acc1: 100.0000 (77.2277) time: 0.0260 data: 0.0001 max mem: 328
Test [196/197] eta: 0:00:00 loss: 0.0014 (0.8547) acc1: 100.0000 (80.7107) time: 0.0246 data: 0.0001 max mem: 328
Test Total time: 0:00:05 (5.5394 s / it)
* Acc@1 80.711 loss 0.855 auroc 0.885 f1_score 0.590
  per-class F1 (Test): {'negative': np.float32(0.886), 'itc': np.float32(0.148), 'micro': np.float32(0.414), 'macro': np.float32(0.913)}
  [DIAG] Tier1 сам по собі: acc=83.566 f1_macro=0.581

Epoch: [19] [  0/266] eta: 0:01:02 lr: 0.000002 tier1_loss: 0.0493 (0.0493) tier2_loss: 0.0050 (0.0050) time: 0.2347 data: 0.1018 max mem: 328
Epoch: [19] [100/266] eta: 0:00:17 lr: 0.000001 tier1_loss: 0.0909 (0.2968) tier2_loss: 0.0045 (0.1003) time: 0.1104 data: 0.0001 max mem: 328
Epoch: [19] [200/266] eta: 0:00:06 lr: 0.000001 tier1_loss: 0.0725 (0.3882) tier2_loss: 0.0028 (0.2370) time: 0.1022 data: 0.0001 max mem: 328
Epoch: [19] [265/266] eta: 0:00:00 lr: 0.000001 tier1_loss: 0.0333 (0.3693) tier2_loss: 0.0025 (0.2223) time: 0.0970 data: 0.0001 max mem: 328
Epoch: [19] Total time: 0:00:28 (28.0295 s / it)
Val [ 0/29] eta: 0:00:05 loss: 0.0072 (0.0072) acc1: 100.0000 (100.0000) time: 0.1998 data: 0.1611 max mem: 328
Val [28/29] eta: 0:00:00 loss: 0.0021 (1.3342) acc1: 100.0000 (79.3103) time: 0.0322 data: 0.0001 max mem: 328
Val Total time: 0:00:01 (1.1347 s / it)
* Acc@1 79.310 loss 1.334 auroc 0.875 f1_score 0.654
  per-class F1 (Val): {'negative': np.float32(0.878), 'itc': np.float32(0.5), 'micro': np.float32(0.571), 'macro': np.float32(0.667)}
  [DIAG] Tier1 сам по собі: acc=78.879 f1_macro=0.525
wandb: 
wandb: Run history:
wandb: diag/test_tier1_acc ▁▁▁▁▂▄▆▆▇▇▇██████▇▇█
wandb:  diag/test_tier1_f1 ▁▁▁▁▂▄▅▅▅▅▆█████████
wandb:       perf/test_auc ▁▃▃▄▄▄▆▆▇▇██████████
wandb:        perf/test_f1 ▁▁▁▁▄▅▅▄▅▇██████▇▇▇▇
wandb:        perf/val_auc ▁▃▃▄▂▃▅▆▇▆▆▇▇██▇████
wandb:         perf/val_f1 ▁▁▁▁▃▃▃▃▄▆▆▆▆▅▆▆▆▆▆█
wandb:          tier1_loss ▃▄▄▁▁▁▂▆▇▁█▁▁▁▇▁▁▁▇▃█▁▁▅▁▁▁▁▁▆▁▁▁▁▁▁▆▁▁▁
wandb:          tier2_loss ▄▇▁▁▁▇▂▁▁▁▁▂▁▁▁▂▁▁▁▁▁▁▁▁▁▁▁▁▁▅▁▁█▁▆▁▁▁▁▁
wandb: 
wandb: Run summary:
wandb: diag/test_tier1_acc 83.69289
wandb:  diag/test_tier1_f1 0.58139
wandb:       perf/test_auc 0.89357
wandb:        perf/test_f1 0.56876
wandb:        perf/val_auc 0.87519
wandb:         perf/val_f1 0.65404
wandb:          tier1_loss 0.02648
wandb:          tier2_loss 0.00267
wandb: 
wandb: You can sync this run to the cloud by running:
wandb: wandb sync /data/bohatyrenko1/EXPERIMENTS_2/Hi-MoE_MIL/wandb/offline-run-20260925_101819-ypvfjdad
wandb: Find logs at: ./wandb/offline-run-20260925_101819-ypvfjdad/logs
Test [  0/197] eta: 0:00:31 loss: 0.0850 (0.0850) acc1: 100.0000 (100.0000) time: 0.1617 data: 0.1163 max mem: 328
Test [100/197] eta: 0:00:03 loss: 0.0261 (1.0164) acc1: 100.0000 (76.2376) time: 0.0313 data: 0.0001 max mem: 328
Test [196/197] eta: 0:00:00 loss: 0.0013 (0.8348) acc1: 100.0000 (80.7107) time: 0.0244 data: 0.0001 max mem: 328
Test Total time: 0:00:06 (6.0345 s / it)
* Acc@1 80.711 loss 0.835 auroc 0.894 f1_score 0.569
  per-class F1 (Test): {'negative': np.float32(0.898), 'itc': np.float32(0.077), 'micro': np.float32(0.387), 'macro': np.float32(0.913)}
  [DIAG] Tier1 сам по собі: acc=83.693 f1_macro=0.581

============================================================
FINAL EPOCH (19) RESULTS (DTFD-ASMIL v2):
  test_auc=0.8936 test_acc=80.71 test_f1(macro)=0.5688
  [DIAG] Tier1 сам по собі: acc=83.693 f1_macro=0.581
  test per-class F1: {'negative': np.float32(0.898), 'itc': np.float32(0.077), 'micro': np.float32(0.387), 'macro': np.float32(0.913)}
  test confusion matrix (rows=true, cols=pred):
          negative         itc       micro       macro
negative        110           6           3           2
     itc         11           1           4           0
   micro          3           3           6           6
   macro          0           0           0          42
============================================================
Best epoch: {'epoch': 19, 'val_f1': 0.6540360450744629, 'val_auc': 0.8751851916313171, 'test_f1': 0.5687556266784668, 'test_auc': 0.8935675621032715}
