wandb: Tracking run with wandb version 0.28.0
wandb: W&B syncing is set to `offline` in this directory. Run `wandb online` or set WANDB_MODE=online to enable cloud syncing.
wandb: Run data is saved locally in /data/bohatyrenko1/EXPERIMENTS_2/Hi-MoE_MIL/wandb/offline-run-20260927_135036-vhcb2nlu
wandb: View this run in the terminal with `wandb leet`
Used config (DTFD-ASMIL v2):
{'B': 1,
 'D_feat': 1536,
 'D_inner': 768,
 'M': None,
 'ckpt_dir': 'ckpt/c17_dtfd_v2_uni2h_seed1',
 'config': 'config/camelyon17_uni2h_config.yml',
 'dataset': 'camelyon17',
 'lr': 0.0001,
 'min_lr': 1e-06,
 'n_class': 4,
 'n_token': 8,
 'n_worker': 4,
 'pin_memory': True,
 'pretrain': 'UNI2h',
 'seed': 1,
 'splits_dir': '/data/bohatyrenko1/EXPERIMENTS_2/ASMIL/splits_paper',
 'test_dir': '/data/bohatyrenko1/features_uni2h_train_full',
 'tier1_weight': 0.1,
 'tier2_D_inner': None,
 'tier2_n_heads': 4,
 'train_dir': '/data/bohatyrenko1/features_uni2h_train_full',
 'train_epoch': 15,
 'wandb_mode': 'offline',
 'warmup_epoch': 5,
 'wd': 1e-05}
M (псевдо-bags) = 8, tier1_weight = 0.1
Class weights: [0.3757062256336212, 3.694444417953491, 1.6219512224197388, 2.2166666984558105]
Epoch: [0] [  0/266] eta: 0:05:34 lr: 0.000000 tier1_loss: 1.1932 (1.1932) tier2_loss: 1.3401 (1.3401) time: 1.2575 data: 0.6657 max mem: 1465
Epoch: [0] [100/266] eta: 0:00:25 lr: 0.000008 tier1_loss: 0.2112 (1.3047) tier2_loss: 0.1790 (1.4994) time: 0.1439 data: 0.0001 max mem: 1896
Epoch: [0] [200/266] eta: 0:00:09 lr: 0.000015 tier1_loss: 0.0567 (1.2074) tier2_loss: 0.0328 (1.3830) time: 0.1487 data: 0.0002 max mem: 2175
Epoch: [0] [265/266] eta: 0:00:00 lr: 0.000020 tier1_loss: 0.0933 (1.2319) tier2_loss: 0.0405 (1.3705) time: 0.1275 data: 0.0001 max mem: 2175
Epoch: [0] Total time: 0:00:38 (38.6622 s / it)
Val [ 0/29] eta: 0:00:07 loss: 0.0272 (0.0272) acc1: 100.0000 (100.0000) time: 0.2515 data: 0.1662 max mem: 2175
Val [28/29] eta: 0:00:00 loss: 0.0273 (1.4776) acc1: 100.0000 (68.9655) time: 0.0512 data: 0.0001 max mem: 2175
Val Total time: 0:00:01 (1.8134 s / it)
* Acc@1 68.966 loss 1.478 auroc 0.669 f1_score 0.204
  per-class F1 (Val): {'negative': np.float32(0.816), 'itc': np.float32(0.0), 'micro': np.float32(0.0), 'macro': np.float32(0.0)}
  [DIAG] Tier1 сам по собі: acc=68.966 f1_macro=0.204
Test [  0/197] eta: 0:00:58 loss: 4.7255 (4.7255) acc1: 0.0000 (0.0000) time: 0.2976 data: 0.2289 max mem: 2175
Test [100/197] eta: 0:00:05 loss: 0.0276 (1.9191) acc1: 100.0000 (59.4059) time: 0.0572 data: 0.0002 max mem: 2175
Test [196/197] eta: 0:00:00 loss: 0.0278 (1.7866) acc1: 100.0000 (61.4213) time: 0.0515 data: 0.0001 max mem: 2175
Test Total time: 0:00:11 (11.2871 s / it)
* Acc@1 61.421 loss 1.787 auroc 0.682 f1_score 0.190
  per-class F1 (Test): {'negative': np.float32(0.761), 'itc': np.float32(0.0), 'micro': np.float32(0.0), 'macro': np.float32(0.0)}
  [DIAG] Tier1 сам по собі: acc=61.421 f1_macro=0.190

Epoch: [1] [  0/266] eta: 0:01:49 lr: 0.000020 tier1_loss: 0.0713 (0.0713) tier2_loss: 0.0299 (0.0299) time: 0.4102 data: 0.1923 max mem: 2175
Epoch: [1] [100/266] eta: 0:00:22 lr: 0.000028 tier1_loss: 0.1876 (1.2404) tier2_loss: 0.4180 (1.3240) time: 0.1285 data: 0.0001 max mem: 2178
Epoch: [1] [200/266] eta: 0:00:09 lr: 0.000035 tier1_loss: 0.1820 (1.2736) tier2_loss: 0.1630 (1.3647) time: 0.1499 data: 0.0002 max mem: 2178
Epoch: [1] [265/266] eta: 0:00:00 lr: 0.000040 tier1_loss: 0.0907 (1.2556) tier2_loss: 0.0923 (1.3382) time: 0.1543 data: 0.0001 max mem: 2178
Epoch: [1] Total time: 0:00:38 (38.2566 s / it)
Val [ 0/29] eta: 0:00:09 loss: 0.0669 (0.0669) acc1: 100.0000 (100.0000) time: 0.3257 data: 0.2717 max mem: 2178
Val [28/29] eta: 0:00:00 loss: 0.0693 (1.2376) acc1: 100.0000 (68.9655) time: 0.0622 data: 0.0002 max mem: 2178
Val Total time: 0:00:02 (2.2006 s / it)
* Acc@1 68.966 loss 1.238 auroc 0.690 f1_score 0.204
  per-class F1 (Val): {'negative': np.float32(0.816), 'itc': np.float32(0.0), 'micro': np.float32(0.0), 'macro': np.float32(0.0)}
  [DIAG] Tier1 сам по собі: acc=68.966 f1_macro=0.204
Test [  0/197] eta: 0:01:17 loss: 4.2194 (4.2194) acc1: 0.0000 (0.0000) time: 0.3923 data: 0.3048 max mem: 2178
Test [100/197] eta: 0:00:06 loss: 0.0674 (1.5883) acc1: 100.0000 (59.4059) time: 0.0724 data: 0.0003 max mem: 2178
Test [196/197] eta: 0:00:00 loss: 0.0643 (1.4925) acc1: 100.0000 (61.4213) time: 0.0686 data: 0.0026 max mem: 2178
Test Total time: 0:00:12 (12.9293 s / it)
* Acc@1 61.421 loss 1.493 auroc 0.699 f1_score 0.190
  per-class F1 (Test): {'negative': np.float32(0.761), 'itc': np.float32(0.0), 'micro': np.float32(0.0), 'macro': np.float32(0.0)}
  [DIAG] Tier1 сам по собі: acc=61.421 f1_macro=0.190

Epoch: [2] [  0/266] eta: 0:02:15 lr: 0.000040 tier1_loss: 0.0637 (0.0637) tier2_loss: 0.0612 (0.0612) time: 0.5099 data: 0.2726 max mem: 2178
Epoch: [2] [100/266] eta: 0:00:23 lr: 0.000048 tier1_loss: 0.0522 (1.1501) tier2_loss: 0.0750 (1.2676) time: 0.1343 data: 0.0001 max mem: 2178
Epoch: [2] [200/266] eta: 0:00:09 lr: 0.000055 tier1_loss: 0.0716 (1.2206) tier2_loss: 0.0940 (1.3027) time: 0.1412 data: 0.0001 max mem: 2178
Epoch: [2] [265/266] eta: 0:00:00 lr: 0.000060 tier1_loss: 0.0855 (1.1820) tier2_loss: 0.0617 (1.2650) time: 0.1314 data: 0.0001 max mem: 2179
Epoch: [2] Total time: 0:00:37 (37.1188 s / it)
Val [ 0/29] eta: 0:00:07 loss: 0.0765 (0.0765) acc1: 100.0000 (100.0000) time: 0.2529 data: 0.1900 max mem: 2179
Val [28/29] eta: 0:00:00 loss: 0.0789 (1.2711) acc1: 100.0000 (68.9655) time: 0.0520 data: 0.0027 max mem: 2179
Val Total time: 0:00:01 (1.7157 s / it)
* Acc@1 68.966 loss 1.271 auroc 0.601 f1_score 0.204
  per-class F1 (Val): {'negative': np.float32(0.816), 'itc': np.float32(0.0), 'micro': np.float32(0.0), 'macro': np.float32(0.0)}
  [DIAG] Tier1 сам по собі: acc=68.966 f1_macro=0.204
Test [  0/197] eta: 0:00:55 loss: 3.6765 (3.6765) acc1: 0.0000 (0.0000) time: 0.2835 data: 0.2240 max mem: 2179
Test [100/197] eta: 0:00:05 loss: 0.0771 (1.6207) acc1: 100.0000 (59.4059) time: 0.0522 data: 0.0002 max mem: 2179
Test [196/197] eta: 0:00:00 loss: 0.0735 (1.5824) acc1: 100.0000 (61.4213) time: 0.0502 data: 0.0002 max mem: 2179
Test Total time: 0:00:12 (12.1259 s / it)
* Acc@1 61.421 loss 1.582 auroc 0.660 f1_score 0.190
  per-class F1 (Test): {'negative': np.float32(0.761), 'itc': np.float32(0.0), 'micro': np.float32(0.0), 'macro': np.float32(0.0)}
  [DIAG] Tier1 сам по собі: acc=61.421 f1_macro=0.190

Epoch: [3] [  0/266] eta: 0:02:07 lr: 0.000060 tier1_loss: 3.5297 (3.5297) tier2_loss: 3.3630 (3.3630) time: 0.4777 data: 0.2641 max mem: 2179
Epoch: [3] [100/266] eta: 0:00:23 lr: 0.000068 tier1_loss: 0.0477 (1.1385) tier2_loss: 0.0535 (1.1129) time: 0.1353 data: 0.0001 max mem: 2179
Epoch: [3] [200/266] eta: 0:00:09 lr: 0.000075 tier1_loss: 0.0078 (1.1761) tier2_loss: 0.0510 (1.1630) time: 0.1355 data: 0.0001 max mem: 2180
Epoch: [3] [265/266] eta: 0:00:00 lr: 0.000080 tier1_loss: 0.1791 (1.2373) tier2_loss: 0.4147 (1.3032) time: 0.1353 data: 0.0001 max mem: 2180
Epoch: [3] Total time: 0:00:37 (37.2653 s / it)
Val [ 0/29] eta: 0:00:07 loss: 0.2005 (0.2005) acc1: 100.0000 (100.0000) time: 0.2690 data: 0.1983 max mem: 2180
Val [28/29] eta: 0:00:00 loss: 0.7126 (1.4442) acc1: 0.0000 (62.0690) time: 0.0500 data: 0.0001 max mem: 2180
Val Total time: 0:00:01 (1.7002 s / it)
* Acc@1 62.069 loss 1.444 auroc 0.549 f1_score 0.260
  per-class F1 (Val): {'negative': np.float32(0.756), 'itc': np.float32(0.0), 'micro': np.float32(0.286), 'macro': np.float32(0.0)}
  [DIAG] Tier1 сам по собі: acc=55.172 f1_macro=0.230
Test [  0/197] eta: 0:00:54 loss: 1.7494 (1.7494) acc1: 0.0000 (0.0000) time: 0.2763 data: 0.2259 max mem: 2180
Test [100/197] eta: 0:00:05 loss: 0.2910 (1.7528) acc1: 100.0000 (59.4059) time: 0.0509 data: 0.0002 max mem: 2180
Test [196/197] eta: 0:00:00 loss: 0.1366 (1.7803) acc1: 100.0000 (61.4213) time: 0.0488 data: 0.0001 max mem: 2180
Test Total time: 0:00:10 (10.7581 s / it)
* Acc@1 61.421 loss 1.780 auroc 0.553 f1_score 0.190
  per-class F1 (Test): {'negative': np.float32(0.761), 'itc': np.float32(0.0), 'micro': np.float32(0.0), 'macro': np.float32(0.0)}
  [DIAG] Tier1 сам по собі: acc=60.406 f1_macro=0.189

Epoch: [4] [  0/266] eta: 0:01:50 lr: 0.000080 tier1_loss: 0.4682 (0.4682) tier2_loss: 0.5641 (0.5641) time: 0.4136 data: 0.2273 max mem: 2180
Epoch: [4] [100/266] eta: 0:00:23 lr: 0.000088 tier1_loss: 0.1386 (1.2898) tier2_loss: 0.2726 (1.3602) time: 0.1408 data: 0.0001 max mem: 2180
Epoch: [4] [200/266] eta: 0:00:09 lr: 0.000095 tier1_loss: 0.2422 (1.1540) tier2_loss: 0.2542 (1.2551) time: 0.1324 data: 0.0001 max mem: 2184
Epoch: [4] [265/266] eta: 0:00:00 lr: 0.000100 tier1_loss: 0.1127 (1.1354) tier2_loss: 0.3518 (1.2406) time: 0.1345 data: 0.0001 max mem: 2184
Epoch: [4] Total time: 0:00:37 (37.5402 s / it)
Val [ 0/29] eta: 0:00:07 loss: 0.3370 (0.3370) acc1: 100.0000 (100.0000) time: 0.2691 data: 0.2066 max mem: 2184
Val [28/29] eta: 0:00:00 loss: 0.3376 (0.9675) acc1: 100.0000 (68.9655) time: 0.0484 data: 0.0001 max mem: 2184
Val Total time: 0:00:01 (1.6280 s / it)
* Acc@1 68.966 loss 0.967 auroc 0.687 f1_score 0.204
  per-class F1 (Val): {'negative': np.float32(0.816), 'itc': np.float32(0.0), 'micro': np.float32(0.0), 'macro': np.float32(0.0)}
  [DIAG] Tier1 сам по собі: acc=72.414 f1_macro=0.296
Test [  0/197] eta: 0:00:52 loss: 2.2284 (2.2284) acc1: 0.0000 (0.0000) time: 0.2662 data: 0.1947 max mem: 2184
Test [100/197] eta: 0:00:06 loss: 0.3373 (1.1713) acc1: 100.0000 (59.4059) time: 0.0576 data: 0.0002 max mem: 2184
Test [196/197] eta: 0:00:00 loss: 0.3374 (1.0982) acc1: 100.0000 (61.4213) time: 0.0532 data: 0.0002 max mem: 2184
Test Total time: 0:00:12 (12.3471 s / it)
* Acc@1 61.421 loss 1.098 auroc 0.687 f1_score 0.190
  per-class F1 (Test): {'negative': np.float32(0.761), 'itc': np.float32(0.0), 'micro': np.float32(0.0), 'macro': np.float32(0.0)}
  [DIAG] Tier1 сам по собі: acc=78.997 f1_macro=0.429

Epoch: [5] [  0/266] eta: 0:01:12 lr: 0.000100 tier1_loss: 4.6363 (4.6363) tier2_loss: 3.8193 (3.8193) time: 0.2727 data: 0.1178 max mem: 2184
Epoch: [5] [100/266] eta: 0:00:22 lr: 0.000100 tier1_loss: 0.1023 (0.7255) tier2_loss: 0.1025 (1.1929) time: 0.1452 data: 0.0001 max mem: 2184
Epoch: [5] [200/266] eta: 0:00:08 lr: 0.000099 tier1_loss: 0.0191 (0.7616) tier2_loss: 0.0078 (1.1938) time: 0.1291 data: 0.0001 max mem: 2184
Epoch: [5] [265/266] eta: 0:00:00 lr: 0.000098 tier1_loss: 0.0275 (0.7315) tier2_loss: 0.1255 (1.1265) time: 0.1323 data: 0.0001 max mem: 2184
Epoch: [5] Total time: 0:00:36 (36.4644 s / it)
Val [ 0/29] eta: 0:00:07 loss: 0.0071 (0.0071) acc1: 100.0000 (100.0000) time: 0.2642 data: 0.2185 max mem: 2184
Val [28/29] eta: 0:00:00 loss: 0.0071 (0.9094) acc1: 100.0000 (82.7586) time: 0.0483 data: 0.0001 max mem: 2184
Val Total time: 0:00:01 (1.7342 s / it)
* Acc@1 82.759 loss 0.909 auroc 0.782 f1_score 0.449
  per-class F1 (Val): {'negative': np.float32(0.909), 'itc': np.float32(0.0), 'micro': np.float32(0.0), 'macro': np.float32(0.889)}
  [DIAG] Tier1 сам по собі: acc=83.190 f1_macro=0.501
Test [  0/197] eta: 0:01:00 loss: 5.6782 (5.6782) acc1: 0.0000 (0.0000) time: 0.3090 data: 0.2329 max mem: 2184
Test [100/197] eta: 0:00:06 loss: 0.0072 (1.1361) acc1: 100.0000 (77.2277) time: 0.0557 data: 0.0019 max mem: 2184
Test [196/197] eta: 0:00:00 loss: 0.0071 (0.8682) acc1: 100.0000 (82.7411) time: 0.0521 data: 0.0002 max mem: 2184
Test Total time: 0:00:12 (12.4765 s / it)
* Acc@1 82.741 loss 0.868 auroc 0.852 f1_score 0.451
  per-class F1 (Test): {'negative': np.float32(0.91), 'itc': np.float32(0.0), 'micro': np.float32(0.0), 'macro': np.float32(0.894)}
  [DIAG] Tier1 сам по собі: acc=83.693 f1_macro=0.499

Epoch: [6] [  0/266] eta: 0:02:22 lr: 0.000098 tier1_loss: 0.0162 (0.0162) tier2_loss: 0.0053 (0.0053) time: 0.5347 data: 0.3363 max mem: 2184
Epoch: [6] [100/266] eta: 0:00:24 lr: 0.000095 tier1_loss: 0.0254 (0.4294) tier2_loss: 0.0140 (0.6561) time: 0.1565 data: 0.0002 max mem: 2184
Epoch: [6] [200/266] eta: 0:00:09 lr: 0.000093 tier1_loss: 0.0319 (0.5123) tier2_loss: 0.0381 (0.7541) time: 0.1410 data: 0.0001 max mem: 2184
Epoch: [6] [265/266] eta: 0:00:00 lr: 0.000091 tier1_loss: 0.1931 (0.5558) tier2_loss: 0.0796 (0.7568) time: 0.1305 data: 0.0001 max mem: 2184
Epoch: [6] Total time: 0:00:37 (37.6392 s / it)
Val [ 0/29] eta: 0:00:08 loss: 0.0086 (0.0086) acc1: 100.0000 (100.0000) time: 0.2761 data: 0.2240 max mem: 2184
Val [28/29] eta: 0:00:00 loss: 0.0086 (0.9421) acc1: 100.0000 (79.3103) time: 0.0493 data: 0.0002 max mem: 2184
Val Total time: 0:00:01 (1.7074 s / it)
* Acc@1 79.310 loss 0.942 auroc 0.842 f1_score 0.426
  per-class F1 (Val): {'negative': np.float32(0.905), 'itc': np.float32(0.0), 'micro': np.float32(0.0), 'macro': np.float32(0.8)}
  [DIAG] Tier1 сам по собі: acc=82.759 f1_macro=0.523
Test [  0/197] eta: 0:01:03 loss: 0.7566 (0.7566) acc1: 100.0000 (100.0000) time: 0.3223 data: 0.2553 max mem: 2184
Test [100/197] eta: 0:00:05 loss: 0.0090 (0.6361) acc1: 100.0000 (84.1584) time: 0.0516 data: 0.0002 max mem: 2184
Test [196/197] eta: 0:00:00 loss: 0.0086 (0.5473) acc1: 100.0000 (87.8173) time: 0.0528 data: 0.0002 max mem: 2184
Test Total time: 0:00:10 (10.8576 s / it)
* Acc@1 87.817 loss 0.547 auroc 0.902 f1_score 0.684
  per-class F1 (Test): {'negative': np.float32(0.956), 'itc': np.float32(0.6), 'micro': np.float32(0.286), 'macro': np.float32(0.894)}
  [DIAG] Tier1 сам по собі: acc=86.104 f1_macro=0.616

Epoch: [7] [  0/266] eta: 0:02:23 lr: 0.000091 tier1_loss: 0.0793 (0.0793) tier2_loss: 0.0145 (0.0145) time: 0.5403 data: 0.2912 max mem: 2184
Epoch: [7] [100/266] eta: 0:00:23 lr: 0.000087 tier1_loss: 0.0532 (0.4711) tier2_loss: 0.0195 (0.5751) time: 0.1437 data: 0.0001 max mem: 2184
Epoch: [7] [200/266] eta: 0:00:09 lr: 0.000083 tier1_loss: 0.0436 (0.4912) tier2_loss: 0.0162 (0.5921) time: 0.1364 data: 0.0001 max mem: 2184
Epoch: [7] [265/266] eta: 0:00:00 lr: 0.000080 tier1_loss: 0.1396 (0.5157) tier2_loss: 0.0255 (0.6094) time: 0.1393 data: 0.0001 max mem: 2184
Epoch: [7] Total time: 0:00:37 (37.7509 s / it)
Val [ 0/29] eta: 0:00:08 loss: 0.0226 (0.0226) acc1: 100.0000 (100.0000) time: 0.2990 data: 0.2365 max mem: 2184
Val [28/29] eta: 0:00:00 loss: 0.0226 (0.7989) acc1: 100.0000 (79.3103) time: 0.0504 data: 0.0002 max mem: 2184
Val Total time: 0:00:01 (1.7118 s / it)
* Acc@1 79.310 loss 0.799 auroc 0.859 f1_score 0.426
  per-class F1 (Val): {'negative': np.float32(0.905), 'itc': np.float32(0.0), 'micro': np.float32(0.0), 'macro': np.float32(0.8)}
  [DIAG] Tier1 сам по собі: acc=83.190 f1_macro=0.546
Test [  0/197] eta: 0:01:31 loss: 1.4344 (1.4344) acc1: 0.0000 (0.0000) time: 0.4662 data: 0.3717 max mem: 2184
Test [100/197] eta: 0:00:06 loss: 0.0227 (0.5604) acc1: 100.0000 (84.1584) time: 0.0542 data: 0.0002 max mem: 2184
Test [196/197] eta: 0:00:00 loss: 0.0226 (0.4575) acc1: 100.0000 (87.8173) time: 0.0493 data: 0.0001 max mem: 2184
Test Total time: 0:00:11 (11.8049 s / it)
* Acc@1 87.817 loss 0.458 auroc 0.956 f1_score 0.688
  per-class F1 (Test): {'negative': np.float32(0.952), 'itc': np.float32(0.64), 'micro': np.float32(0.286), 'macro': np.float32(0.875)}
  [DIAG] Tier1 сам по собі: acc=86.739 f1_macro=0.608

Epoch: [8] [  0/266] eta: 0:02:07 lr: 0.000080 tier1_loss: 0.0361 (0.0361) tier2_loss: 0.0175 (0.0175) time: 0.4790 data: 0.2511 max mem: 2184
Epoch: [8] [100/266] eta: 0:00:22 lr: 0.000075 tier1_loss: 0.0272 (0.4563) tier2_loss: 0.0135 (0.4656) time: 0.1353 data: 0.0001 max mem: 2184
Epoch: [8] [200/266] eta: 0:00:08 lr: 0.000069 tier1_loss: 0.0490 (0.5256) tier2_loss: 0.0279 (0.5069) time: 0.1278 data: 0.0001 max mem: 2184
Epoch: [8] [265/266] eta: 0:00:00 lr: 0.000066 tier1_loss: 0.0644 (0.4960) tier2_loss: 0.0038 (0.4705) time: 0.1336 data: 0.0001 max mem: 2184
Epoch: [8] Total time: 0:00:35 (35.7685 s / it)
Val [ 0/29] eta: 0:00:11 loss: 0.0030 (0.0030) acc1: 100.0000 (100.0000) time: 0.3860 data: 0.3370 max mem: 2184
Val [28/29] eta: 0:00:00 loss: 0.0030 (0.8879) acc1: 100.0000 (82.7586) time: 0.0593 data: 0.0046 max mem: 2184
Val Total time: 0:00:02 (2.1084 s / it)
* Acc@1 82.759 loss 0.888 auroc 0.845 f1_score 0.433
  per-class F1 (Val): {'negative': np.float32(0.93), 'itc': np.float32(0.0), 'micro': np.float32(0.0), 'macro': np.float32(0.8)}
  [DIAG] Tier1 сам по собі: acc=81.034 f1_macro=0.500
Test [  0/197] eta: 0:01:13 loss: 2.8967 (2.8967) acc1: 0.0000 (0.0000) time: 0.3735 data: 0.3009 max mem: 2184
Test [100/197] eta: 0:00:06 loss: 0.0030 (0.7485) acc1: 100.0000 (83.1683) time: 0.0585 data: 0.0003 max mem: 2184
Test [196/197] eta: 0:00:00 loss: 0.0030 (0.5367) acc1: 100.0000 (87.8173) time: 0.0496 data: 0.0001 max mem: 2184
Test Total time: 0:00:11 (11.7672 s / it)
* Acc@1 87.817 loss 0.537 auroc 0.948 f1_score 0.687
  per-class F1 (Test): {'negative': np.float32(0.96), 'itc': np.float32(0.583), 'micro': np.float32(0.32), 'macro': np.float32(0.884)}
  [DIAG] Tier1 сам по собі: acc=86.992 f1_macro=0.616

Epoch: [9] [  0/266] eta: 0:01:40 lr: 0.000066 tier1_loss: 0.3852 (0.3852) tier2_loss: 0.0129 (0.0129) time: 0.3783 data: 0.1991 max mem: 2184
Epoch: [9] [100/266] eta: 0:00:23 lr: 0.000060 tier1_loss: 0.0236 (0.3703) tier2_loss: 0.0103 (0.4863) time: 0.1411 data: 0.0001 max mem: 2184
Epoch: [9] [200/266] eta: 0:00:09 lr: 0.000054 tier1_loss: 0.1303 (0.4118) tier2_loss: 0.0082 (0.4088) time: 0.1301 data: 0.0001 max mem: 2184
Epoch: [9] [265/266] eta: 0:00:00 lr: 0.000051 tier1_loss: 0.0551 (0.4324) tier2_loss: 0.0065 (0.3984) time: 0.1352 data: 0.0001 max mem: 2184
Epoch: [9] Total time: 0:00:37 (37.2387 s / it)
Val [ 0/29] eta: 0:00:08 loss: 0.0040 (0.0040) acc1: 100.0000 (100.0000) time: 0.3078 data: 0.2582 max mem: 2184
Val [28/29] eta: 0:00:00 loss: 0.0040 (0.8807) acc1: 100.0000 (82.7586) time: 0.0521 data: 0.0002 max mem: 2184
Val Total time: 0:00:01 (1.7867 s / it)
* Acc@1 82.759 loss 0.881 auroc 0.839 f1_score 0.433
  per-class F1 (Val): {'negative': np.float32(0.93), 'itc': np.float32(0.0), 'micro': np.float32(0.0), 'macro': np.float32(0.8)}
  [DIAG] Tier1 сам по собі: acc=81.466 f1_macro=0.471
Test [  0/197] eta: 0:00:57 loss: 0.0070 (0.0070) acc1: 100.0000 (100.0000) time: 0.2942 data: 0.2297 max mem: 2184
Test [100/197] eta: 0:00:05 loss: 0.0041 (0.7673) acc1: 100.0000 (82.1782) time: 0.0551 data: 0.0002 max mem: 2184
Test [196/197] eta: 0:00:00 loss: 0.0040 (0.5557) acc1: 100.0000 (86.8020) time: 0.0491 data: 0.0002 max mem: 2184
Test Total time: 0:00:10 (10.6924 s / it)
* Acc@1 86.802 loss 0.556 auroc 0.956 f1_score 0.649
  per-class F1 (Test): {'negative': np.float32(0.956), 'itc': np.float32(0.435), 'micro': np.float32(0.32), 'macro': np.float32(0.884)}
  [DIAG] Tier1 сам по собі: acc=85.787 f1_macro=0.578

Epoch: [10] [  0/266] eta: 0:01:52 lr: 0.000051 tier1_loss: 1.0288 (1.0288) tier2_loss: 3.0509 (3.0509) time: 0.4232 data: 0.2254 max mem: 2184
Epoch: [10] [100/266] eta: 0:00:23 lr: 0.000045 tier1_loss: 0.0854 (0.4557) tier2_loss: 0.0069 (0.4642) time: 0.1443 data: 0.0001 max mem: 2184
Epoch: [10] [200/266] eta: 0:00:09 lr: 0.000039 tier1_loss: 0.0815 (0.4673) tier2_loss: 0.0094 (0.4830) time: 0.1336 data: 0.0001 max mem: 2184
Epoch: [10] [265/266] eta: 0:00:00 lr: 0.000035 tier1_loss: 0.0323 (0.4226) tier2_loss: 0.0072 (0.4459) time: 0.1313 data: 0.0001 max mem: 2184
Epoch: [10] Total time: 0:00:37 (37.3013 s / it)
Val [ 0/29] eta: 0:00:12 loss: 0.0049 (0.0049) acc1: 100.0000 (100.0000) time: 0.4269 data: 0.3679 max mem: 2184
Val [28/29] eta: 0:00:00 loss: 0.0049 (0.8420) acc1: 100.0000 (82.7586) time: 0.0618 data: 0.0078 max mem: 2184
Val Total time: 0:00:02 (2.1481 s / it)
* Acc@1 82.759 loss 0.842 auroc 0.864 f1_score 0.433
  per-class F1 (Val): {'negative': np.float32(0.93), 'itc': np.float32(0.0), 'micro': np.float32(0.0), 'macro': np.float32(0.8)}
  [DIAG] Tier1 сам по собі: acc=82.759 f1_macro=0.525
Test [  0/197] eta: 0:00:51 loss: 0.0129 (0.0129) acc1: 100.0000 (100.0000) time: 0.2639 data: 0.1910 max mem: 2184
Test [100/197] eta: 0:00:06 loss: 0.0049 (0.8110) acc1: 100.0000 (82.1782) time: 0.0603 data: 0.0002 max mem: 2184
Test [196/197] eta: 0:00:00 loss: 0.0049 (0.6773) acc1: 100.0000 (85.7868) time: 0.0479 data: 0.0001 max mem: 2184
Test Total time: 0:00:11 (11.6718 s / it)
* Acc@1 85.787 loss 0.677 auroc 0.933 f1_score 0.610
  per-class F1 (Test): {'negative': np.float32(0.938), 'itc': np.float32(0.211), 'micro': np.float32(0.4), 'macro': np.float32(0.894)}
  [DIAG] Tier1 сам по собі: acc=86.992 f1_macro=0.615

Epoch: [11] [  0/266] eta: 0:02:39 lr: 0.000035 tier1_loss: 0.0085 (0.0085) tier2_loss: 0.0521 (0.0521) time: 0.6006 data: 0.3298 max mem: 2184
Epoch: [11] [100/266] eta: 0:00:23 lr: 0.000030 tier1_loss: 0.0222 (0.2813) tier2_loss: 0.0088 (0.4617) time: 0.1297 data: 0.0001 max mem: 2184
Epoch: [11] [200/266] eta: 0:00:09 lr: 0.000025 tier1_loss: 0.0699 (0.3252) tier2_loss: 0.0190 (0.4274) time: 0.1343 data: 0.0001 max mem: 2184
Epoch: [11] [265/266] eta: 0:00:00 lr: 0.000021 tier1_loss: 0.0993 (0.3890) tier2_loss: 0.0130 (0.4531) time: 0.1331 data: 0.0001 max mem: 2184
Epoch: [11] Total time: 0:00:36 (36.6764 s / it)
Val [ 0/29] eta: 0:00:09 loss: 0.0089 (0.0089) acc1: 100.0000 (100.0000) time: 0.3258 data: 0.2722 max mem: 2184
Val [28/29] eta: 0:00:00 loss: 0.0089 (0.7573) acc1: 100.0000 (82.7586) time: 0.0656 data: 0.0122 max mem: 2184
Val Total time: 0:00:02 (2.1511 s / it)
* Acc@1 82.759 loss 0.757 auroc 0.859 f1_score 0.433
  per-class F1 (Val): {'negative': np.float32(0.93), 'itc': np.float32(0.0), 'micro': np.float32(0.0), 'macro': np.float32(0.8)}
  [DIAG] Tier1 сам по собі: acc=83.621 f1_macro=0.569
Test [  0/197] eta: 0:01:26 loss: 0.0038 (0.0038) acc1: 100.0000 (100.0000) time: 0.4410 data: 0.3619 max mem: 2184
Test [100/197] eta: 0:00:05 loss: 0.0089 (0.6660) acc1: 100.0000 (84.1584) time: 0.0534 data: 0.0002 max mem: 2184
Test [196/197] eta: 0:00:00 loss: 0.0089 (0.5650) acc1: 100.0000 (87.3096) time: 0.0493 data: 0.0002 max mem: 2184
Test Total time: 0:00:11 (11.1210 s / it)
* Acc@1 87.310 loss 0.565 auroc 0.938 f1_score 0.664
  per-class F1 (Test): {'negative': np.float32(0.945), 'itc': np.float32(0.4), 'micro': np.float32(0.417), 'macro': np.float32(0.894)}
  [DIAG] Tier1 сам по собі: acc=87.881 f1_macro=0.649

Epoch: [12] [  0/266] eta: 0:01:36 lr: 0.000021 tier1_loss: 0.0344 (0.0344) tier2_loss: 0.0088 (0.0088) time: 0.3610 data: 0.1953 max mem: 2184
Epoch: [12] [100/266] eta: 0:00:24 lr: 0.000017 tier1_loss: 0.0814 (0.3825) tier2_loss: 0.0099 (0.3087) time: 0.1477 data: 0.0002 max mem: 2184
Epoch: [12] [200/266] eta: 0:00:09 lr: 0.000013 tier1_loss: 0.0544 (0.3417) tier2_loss: 0.0062 (0.2823) time: 0.1347 data: 0.0001 max mem: 2184
Epoch: [12] [265/266] eta: 0:00:00 lr: 0.000010 tier1_loss: 0.0668 (0.3528) tier2_loss: 0.0085 (0.3817) time: 0.1250 data: 0.0001 max mem: 2184
Epoch: [12] Total time: 0:00:37 (37.1866 s / it)
Val [ 0/29] eta: 0:00:07 loss: 0.0093 (0.0093) acc1: 100.0000 (100.0000) time: 0.2444 data: 0.2020 max mem: 2184
Val [28/29] eta: 0:00:00 loss: 0.0093 (0.7891) acc1: 100.0000 (82.7586) time: 0.0515 data: 0.0002 max mem: 2184
Val Total time: 0:00:01 (1.7536 s / it)
* Acc@1 82.759 loss 0.789 auroc 0.853 f1_score 0.433
  per-class F1 (Val): {'negative': np.float32(0.93), 'itc': np.float32(0.0), 'micro': np.float32(0.0), 'macro': np.float32(0.8)}
  [DIAG] Tier1 сам по собі: acc=83.621 f1_macro=0.545
Test [  0/197] eta: 0:01:00 loss: 0.0021 (0.0021) acc1: 100.0000 (100.0000) time: 0.3055 data: 0.2514 max mem: 2184
Test [100/197] eta: 0:00:05 loss: 0.0093 (0.7465) acc1: 100.0000 (83.1683) time: 0.0511 data: 0.0001 max mem: 2184
Test [196/197] eta: 0:00:00 loss: 0.0093 (0.5890) acc1: 100.0000 (86.8020) time: 0.0485 data: 0.0001 max mem: 2184
Test Total time: 0:00:10 (10.7745 s / it)
* Acc@1 86.802 loss 0.589 auroc 0.950 f1_score 0.636
  per-class F1 (Test): {'negative': np.float32(0.938), 'itc': np.float32(0.222), 'micro': np.float32(0.48), 'macro': np.float32(0.903)}
  [DIAG] Tier1 сам по собі: acc=87.500 f1_macro=0.647

Epoch: [13] [  0/266] eta: 0:02:03 lr: 0.000010 tier1_loss: 0.1711 (0.1711) tier2_loss: 2.9252 (2.9252) time: 0.4633 data: 0.2403 max mem: 2184
Epoch: [13] [100/266] eta: 0:00:24 lr: 0.000007 tier1_loss: 0.0620 (0.3661) tier2_loss: 0.0115 (0.4287) time: 0.1535 data: 0.0001 max mem: 2205
Epoch: [13] [200/266] eta: 0:00:09 lr: 0.000005 tier1_loss: 0.0732 (0.3825) tier2_loss: 0.0402 (0.4307) time: 0.1323 data: 0.0001 max mem: 2205
Epoch: [13] [265/266] eta: 0:00:00 lr: 0.000003 tier1_loss: 0.0716 (0.3509) tier2_loss: 0.0098 (0.4136) time: 0.1366 data: 0.0001 max mem: 2205
Epoch: [13] Total time: 0:00:37 (37.4708 s / it)
Val [ 0/29] eta: 0:00:08 loss: 0.0093 (0.0093) acc1: 100.0000 (100.0000) time: 0.2997 data: 0.2426 max mem: 2205
Val [28/29] eta: 0:00:00 loss: 0.0093 (0.7740) acc1: 100.0000 (82.7586) time: 0.0508 data: 0.0002 max mem: 2205
Val Total time: 0:00:01 (1.8201 s / it)
* Acc@1 82.759 loss 0.774 auroc 0.852 f1_score 0.433
  per-class F1 (Val): {'negative': np.float32(0.93), 'itc': np.float32(0.0), 'micro': np.float32(0.0), 'macro': np.float32(0.8)}
  [DIAG] Tier1 сам по собі: acc=84.052 f1_macro=0.574
Test [  0/197] eta: 0:01:10 loss: 0.0045 (0.0045) acc1: 100.0000 (100.0000) time: 0.3595 data: 0.3049 max mem: 2205
Test [100/197] eta: 0:00:06 loss: 0.0093 (0.7280) acc1: 100.0000 (83.1683) time: 0.0537 data: 0.0002 max mem: 2205
Test [196/197] eta: 0:00:00 loss: 0.0093 (0.6138) acc1: 100.0000 (86.2944) time: 0.0494 data: 0.0001 max mem: 2205
Test Total time: 0:00:11 (11.7887 s / it)
* Acc@1 86.294 loss 0.614 auroc 0.937 f1_score 0.618
  per-class F1 (Test): {'negative': np.float32(0.938), 'itc': np.float32(0.222), 'micro': np.float32(0.417), 'macro': np.float32(0.894)}
  [DIAG] Tier1 сам по собі: acc=87.183 f1_macro=0.629

Epoch: [14] [  0/266] eta: 0:01:55 lr: 0.000003 tier1_loss: 0.0890 (0.0890) tier2_loss: 0.0106 (0.0106) time: 0.4359 data: 0.2521 max mem: 2205
Epoch: [14] [100/266] eta: 0:00:23 lr: 0.000002 tier1_loss: 0.0535 (0.2089) tier2_loss: 0.0077 (0.2071) time: 0.1325 data: 0.0001 max mem: 2205
Epoch: [14] [200/266] eta: 0:00:09 lr: 0.000001 tier1_loss: 0.0557 (0.2911) tier2_loss: 0.0135 (0.4073) time: 0.1347 data: 0.0001 max mem: 2205
Epoch: [14] [265/266] eta: 0:00:00 lr: 0.000001 tier1_loss: 0.0661 (0.3319) tier2_loss: 0.0100 (0.3694) time: 0.1372 data: 0.0001 max mem: 2205
Epoch: [14] Total time: 0:00:36 (36.7574 s / it)
Val [ 0/29] eta: 0:00:07 loss: 0.0090 (0.0090) acc1: 100.0000 (100.0000) time: 0.2683 data: 0.2118 max mem: 2205
Val [28/29] eta: 0:00:00 loss: 0.0090 (0.7712) acc1: 100.0000 (82.7586) time: 0.0554 data: 0.0028 max mem: 2205
Val Total time: 0:00:01 (1.9055 s / it)
* Acc@1 82.759 loss 0.771 auroc 0.853 f1_score 0.433
  per-class F1 (Val): {'negative': np.float32(0.93), 'itc': np.float32(0.0), 'micro': np.float32(0.0), 'macro': np.float32(0.8)}
  [DIAG] Tier1 сам по собі: acc=83.621 f1_macro=0.560
wandb: 
wandb: Run history:
wandb: diag/test_tier1_acc ▁▁▁▁▆▇███▇█████
wandb:  diag/test_tier1_f1 ▁▁▁▁▅▆▇▇█▇▇████
wandb:       perf/test_auc ▃▄▃▁▃▆▇████████
wandb:        perf/test_f1 ▁▁▁▁▁▅███▇▇█▇▇█
wandb:        perf/val_auc ▄▄▂▁▄▆███▇█████
wandb:         perf/val_f1 ▁▁▁▃▁█▇▇███████
wandb:          tier1_loss ▂▁▅▁▆▁▁▁▄▁▁▁▁▃▃▁█▁▁▁▁▁▁▁▇▁▁▁▃▃▁▇▁▁▁▄▁▁▂▁
wandb:          tier2_loss ▁▁▇▆▁▆█▆▁▁▁▁▁▁▁▁▅▂▁▁▁▁▁▂▁▁▁█▂▁▁▁▁▁▁█▄▁▁▁
wandb: 
wandb: Run summary:
wandb: diag/test_tier1_acc 87.30965
wandb:  diag/test_tier1_f1 0.63371
wandb:       perf/test_auc 0.93621
wandb:        perf/test_f1 0.66016
wandb:        perf/val_auc 0.85296
wandb:         perf/val_f1 0.43256
wandb:          tier1_loss 0.02086
wandb:          tier2_loss 0.00492
wandb: 
wandb: You can sync this run to the cloud by running:
wandb: wandb sync /data/bohatyrenko1/EXPERIMENTS_2/Hi-MoE_MIL/wandb/offline-run-20260927_135036-vhcb2nlu
wandb: Find logs at: ./wandb/offline-run-20260927_135036-vhcb2nlu/logs
Test [  0/197] eta: 0:01:25 loss: 0.0044 (0.0044) acc1: 100.0000 (100.0000) time: 0.4334 data: 0.3586 max mem: 2205
Test [100/197] eta: 0:00:05 loss: 0.0090 (0.7263) acc1: 100.0000 (83.1683) time: 0.0499 data: 0.0001 max mem: 2205
Test [196/197] eta: 0:00:00 loss: 0.0090 (0.5800) acc1: 100.0000 (87.3096) time: 0.0456 data: 0.0001 max mem: 2205
Test Total time: 0:00:10 (10.7038 s / it)
* Acc@1 87.310 loss 0.580 auroc 0.936 f1_score 0.660
  per-class F1 (Test): {'negative': np.float32(0.942), 'itc': np.float32(0.316), 'micro': np.float32(0.48), 'macro': np.float32(0.903)}
  [DIAG] Tier1 сам по собі: acc=87.310 f1_macro=0.634

============================================================
FINAL EPOCH (14) RESULTS (DTFD-ASMIL v2):
  test_auc=0.9362 test_acc=87.31 test_f1(macro)=0.6602
  [DIAG] Tier1 сам по собі: acc=87.310 f1_macro=0.634
  test per-class F1: {'negative': np.float32(0.942), 'itc': np.float32(0.316), 'micro': np.float32(0.48), 'macro': np.float32(0.903)}
  test confusion matrix (rows=true, cols=pred):
          negative         itc       micro       macro
negative        121           0           0           0
     itc         12           3           1           0
   micro          3           0           6           9
   macro          0           0           0          42
============================================================
Best epoch: {'epoch': 10, 'val_f1': 0.43255814909935, 'val_auc': 0.8643376231193542, 'test_f1': 0.6104108095169067, 'test_auc': 0.9326366186141968}
