wandb: Tracking run with wandb version 0.28.0
wandb: W&B syncing is set to `offline` in this directory. Run `wandb online` or set WANDB_MODE=online to enable cloud syncing.
wandb: Run data is saved locally in /data/bohatyrenko1/EXPERIMENTS_2/Hi-MoE_MIL/wandb/offline-run-20260925_123329-jsafvbsi
wandb: View this run in the terminal with `wandb leet`
Used config (DTFD-ASMIL v2):
{'B': 1,
 'D_feat': 384,
 'D_inner': 128,
 'M': None,
 'ckpt_dir': 'ckpt/c17_dtfd_v3_seed1',
 'config': 'config/camelyon17_vitsdino_config_20ep.yml',
 'dataset': 'camelyon17',
 'lr': 0.0001,
 'min_lr': 1e-06,
 'n_class': 4,
 'n_token': 8,
 'n_worker': 4,
 'pin_memory': True,
 'pretrain': 'medical_ssl',
 'seed': 1,
 'splits_dir': '/data/bohatyrenko1/EXPERIMENTS_2/ASMIL/splits_paper',
 'test_dir': '/data/bohatyrenko1/features_vitsdino_camelyon17_train',
 'tier1_weight': 0.1,
 'tier2_D_inner': None,
 'tier2_n_heads': 4,
 'tier2_n_layers': 2,
 'train_dir': '/data/bohatyrenko1/features_vitsdino_camelyon17_train',
 'train_epoch': 20,
 'wandb_mode': 'offline',
 'warmup_epoch': 5,
 'wd': 1e-05}
M (псевдо-bags) = 8, tier1_weight = 0.1
Class weights: [0.3757062256336212, 3.694444417953491, 1.6219512224197388, 2.2166666984558105]
Epoch: [0] [  0/266] eta: 0:02:29 lr: 0.000000 tier1_loss: 1.3755 (1.3755) tier2_loss: 0.8846 (0.8846) time: 0.5606 data: 0.0992 max mem: 181
Epoch: [0] [100/266] eta: 0:00:22 lr: 0.000008 tier1_loss: 1.3895 (1.4160) tier2_loss: 1.0916 (1.6968) time: 0.1284 data: 0.0001 max mem: 326
Epoch: [0] [200/266] eta: 0:00:08 lr: 0.000015 tier1_loss: 1.0178 (1.3523) tier2_loss: 0.0501 (1.3941) time: 0.1060 data: 0.0001 max mem: 326
Epoch: [0] [265/266] eta: 0:00:00 lr: 0.000020 tier1_loss: 0.6423 (1.2780) tier2_loss: 0.0635 (1.3528) time: 0.1040 data: 0.0001 max mem: 326
Epoch: [0] Total time: 0:00:32 (32.2084 s / it)
Val [ 0/29] eta: 0:00:04 loss: 0.0741 (0.0741) acc1: 100.0000 (100.0000) time: 0.1654 data: 0.1071 max mem: 326
Val [28/29] eta: 0:00:00 loss: 0.0565 (1.3245) acc1: 100.0000 (68.9655) time: 0.0283 data: 0.0001 max mem: 326
Val Total time: 0:00:01 (1.0055 s / it)
* Acc@1 68.966 loss 1.325 auroc 0.486 f1_score 0.204
  per-class F1 (Val): {'negative': np.float32(0.816), 'itc': np.float32(0.0), 'micro': np.float32(0.0), 'macro': np.float32(0.0)}
  [DIAG] Tier1 сам по собі: acc=68.966 f1_macro=0.204
Test [  0/197] eta: 0:00:25 loss: 4.4110 (4.4110) acc1: 0.0000 (0.0000) time: 0.1314 data: 0.0979 max mem: 326
Test [100/197] eta: 0:00:02 loss: 0.0526 (1.6781) acc1: 100.0000 (59.4059) time: 0.0282 data: 0.0001 max mem: 326
Test [196/197] eta: 0:00:00 loss: 0.0463 (1.5428) acc1: 100.0000 (61.4213) time: 0.0266 data: 0.0001 max mem: 326
Test Total time: 0:00:05 (5.7080 s / it)
* Acc@1 61.421 loss 1.543 auroc 0.633 f1_score 0.190
  per-class F1 (Test): {'negative': np.float32(0.761), 'itc': np.float32(0.0), 'micro': np.float32(0.0), 'macro': np.float32(0.0)}
  [DIAG] Tier1 сам по собі: acc=61.421 f1_macro=0.190

Epoch: [1] [  0/266] eta: 0:00:57 lr: 0.000020 tier1_loss: 0.5415 (0.5415) tier2_loss: 0.0647 (0.0647) time: 0.2145 data: 0.0853 max mem: 326
Epoch: [1] [100/266] eta: 0:00:18 lr: 0.000028 tier1_loss: 0.3474 (1.0582) tier2_loss: 0.0872 (1.3796) time: 0.1113 data: 0.0001 max mem: 326
Epoch: [1] [200/266] eta: 0:00:07 lr: 0.000035 tier1_loss: 0.2100 (1.0473) tier2_loss: 0.0867 (1.3492) time: 0.1111 data: 0.0001 max mem: 326
Epoch: [1] [265/266] eta: 0:00:00 lr: 0.000040 tier1_loss: 0.1707 (1.0435) tier2_loss: 0.0826 (1.3286) time: 0.1024 data: 0.0001 max mem: 326
Epoch: [1] Total time: 0:00:29 (29.4229 s / it)
Val [ 0/29] eta: 0:00:03 loss: 0.1144 (0.1144) acc1: 100.0000 (100.0000) time: 0.1251 data: 0.0882 max mem: 326
Val [28/29] eta: 0:00:00 loss: 0.0645 (1.2031) acc1: 100.0000 (68.9655) time: 0.0269 data: 0.0001 max mem: 326
Val Total time: 0:00:00 (0.9086 s / it)
* Acc@1 68.966 loss 1.203 auroc 0.619 f1_score 0.204
  per-class F1 (Val): {'negative': np.float32(0.816), 'itc': np.float32(0.0), 'micro': np.float32(0.0), 'macro': np.float32(0.0)}
  [DIAG] Tier1 сам по собі: acc=68.966 f1_macro=0.204
Test [  0/197] eta: 0:00:24 loss: 3.9028 (3.9028) acc1: 0.0000 (0.0000) time: 0.1236 data: 0.0857 max mem: 326
Test [100/197] eta: 0:00:02 loss: 0.0785 (1.4946) acc1: 100.0000 (59.4059) time: 0.0286 data: 0.0001 max mem: 326
Test [196/197] eta: 0:00:00 loss: 0.0700 (1.4164) acc1: 100.0000 (61.4213) time: 0.0257 data: 0.0001 max mem: 326
Test Total time: 0:00:05 (5.5056 s / it)
* Acc@1 61.421 loss 1.416 auroc 0.655 f1_score 0.190
  per-class F1 (Test): {'negative': np.float32(0.761), 'itc': np.float32(0.0), 'micro': np.float32(0.0), 'macro': np.float32(0.0)}
  [DIAG] Tier1 сам по собі: acc=61.421 f1_macro=0.190

Epoch: [2] [  0/266] eta: 0:00:52 lr: 0.000040 tier1_loss: 0.1437 (0.1437) tier2_loss: 0.0866 (0.0866) time: 0.1972 data: 0.0905 max mem: 326
Epoch: [2] [100/266] eta: 0:00:17 lr: 0.000048 tier1_loss: 0.1368 (1.2267) tier2_loss: 0.1398 (1.3215) time: 0.1175 data: 0.0001 max mem: 326
Epoch: [2] [200/266] eta: 0:00:07 lr: 0.000055 tier1_loss: 0.1339 (1.1916) tier2_loss: 0.1052 (1.2869) time: 0.1126 data: 0.0001 max mem: 326
Epoch: [2] [265/266] eta: 0:00:00 lr: 0.000060 tier1_loss: 0.1063 (1.1492) tier2_loss: 0.0572 (1.2142) time: 0.1128 data: 0.0001 max mem: 326
Epoch: [2] Total time: 0:00:29 (29.1083 s / it)
Val [ 0/29] eta: 0:00:04 loss: 0.1365 (0.1365) acc1: 100.0000 (100.0000) time: 0.1429 data: 0.1112 max mem: 326
Val [28/29] eta: 0:00:00 loss: 0.0582 (1.2484) acc1: 100.0000 (68.9655) time: 0.0262 data: 0.0001 max mem: 326
Val Total time: 0:00:00 (0.9223 s / it)
* Acc@1 68.966 loss 1.248 auroc 0.638 f1_score 0.204
  per-class F1 (Val): {'negative': np.float32(0.816), 'itc': np.float32(0.0), 'micro': np.float32(0.0), 'macro': np.float32(0.0)}
  [DIAG] Tier1 сам по собі: acc=68.966 f1_macro=0.204
Test [  0/197] eta: 0:00:25 loss: 4.3885 (4.3885) acc1: 0.0000 (0.0000) time: 0.1273 data: 0.0938 max mem: 326
Test [100/197] eta: 0:00:02 loss: 0.0888 (1.4702) acc1: 100.0000 (59.4059) time: 0.0272 data: 0.0001 max mem: 326
Test [196/197] eta: 0:00:00 loss: 0.0707 (1.3296) acc1: 100.0000 (61.4213) time: 0.0272 data: 0.0001 max mem: 326
Test Total time: 0:00:05 (5.5494 s / it)
* Acc@1 61.421 loss 1.330 auroc 0.673 f1_score 0.190
  per-class F1 (Test): {'negative': np.float32(0.761), 'itc': np.float32(0.0), 'micro': np.float32(0.0), 'macro': np.float32(0.0)}
  [DIAG] Tier1 сам по собі: acc=61.421 f1_macro=0.190

Epoch: [3] [  0/266] eta: 0:00:58 lr: 0.000060 tier1_loss: 0.0814 (0.0814) tier2_loss: 0.0820 (0.0820) time: 0.2195 data: 0.0913 max mem: 326
Epoch: [3] [100/266] eta: 0:00:18 lr: 0.000068 tier1_loss: 3.0154 (1.0580) tier2_loss: 1.1057 (1.0780) time: 0.1124 data: 0.0001 max mem: 326
Epoch: [3] [200/266] eta: 0:00:07 lr: 0.000075 tier1_loss: 0.1473 (1.2007) tier2_loss: 0.2967 (1.1802) time: 0.1066 data: 0.0001 max mem: 326
Epoch: [3] [265/266] eta: 0:00:00 lr: 0.000080 tier1_loss: 0.0940 (1.1555) tier2_loss: 0.0708 (1.1698) time: 0.1004 data: 0.0001 max mem: 326
Epoch: [3] Total time: 0:00:29 (29.3579 s / it)
Val [ 0/29] eta: 0:00:04 loss: 0.1295 (0.1295) acc1: 100.0000 (100.0000) time: 0.1583 data: 0.1093 max mem: 326
Val [28/29] eta: 0:00:00 loss: 0.1305 (1.1307) acc1: 100.0000 (68.9655) time: 0.0262 data: 0.0001 max mem: 326
Val Total time: 0:00:00 (0.9595 s / it)
* Acc@1 68.966 loss 1.131 auroc 0.668 f1_score 0.204
  per-class F1 (Val): {'negative': np.float32(0.816), 'itc': np.float32(0.0), 'micro': np.float32(0.0), 'macro': np.float32(0.0)}
  [DIAG] Tier1 сам по собі: acc=68.966 f1_macro=0.204
Test [  0/197] eta: 0:00:28 loss: 3.0278 (3.0278) acc1: 0.0000 (0.0000) time: 0.1427 data: 0.1046 max mem: 326
Test [100/197] eta: 0:00:02 loss: 0.1233 (1.1388) acc1: 100.0000 (64.3564) time: 0.0281 data: 0.0001 max mem: 326
Test [196/197] eta: 0:00:00 loss: 0.1032 (1.0398) acc1: 100.0000 (67.0051) time: 0.0264 data: 0.0001 max mem: 326
Test Total time: 0:00:05 (5.6423 s / it)
* Acc@1 67.005 loss 1.040 auroc 0.702 f1_score 0.301
  per-class F1 (Test): {'negative': np.float32(0.788), 'itc': np.float32(0.0), 'micro': np.float32(0.0), 'macro': np.float32(0.415)}
  [DIAG] Tier1 сам по собі: acc=61.421 f1_macro=0.190

Epoch: [4] [  0/266] eta: 0:01:04 lr: 0.000080 tier1_loss: 0.0970 (0.0970) tier2_loss: 0.0538 (0.0538) time: 0.2438 data: 0.1086 max mem: 326
Epoch: [4] [100/266] eta: 0:00:19 lr: 0.000088 tier1_loss: 0.1100 (1.0367) tier2_loss: 0.1077 (1.0524) time: 0.1166 data: 0.0001 max mem: 326
Epoch: [4] [200/266] eta: 0:00:07 lr: 0.000095 tier1_loss: 0.1274 (1.0782) tier2_loss: 0.1323 (1.1056) time: 0.1211 data: 0.0001 max mem: 326
Epoch: [4] [265/266] eta: 0:00:00 lr: 0.000100 tier1_loss: 0.1996 (1.0864) tier2_loss: 0.1957 (1.1012) time: 0.1139 data: 0.0001 max mem: 326
Epoch: [4] Total time: 0:00:31 (31.0814 s / it)
Val [ 0/29] eta: 0:00:04 loss: 0.8749 (0.8749) acc1: 100.0000 (100.0000) time: 0.1486 data: 0.1157 max mem: 326
Val [28/29] eta: 0:00:00 loss: 0.5688 (1.3377) acc1: 100.0000 (65.5172) time: 0.0266 data: 0.0001 max mem: 326
Val Total time: 0:00:00 (0.9340 s / it)
* Acc@1 65.517 loss 1.338 auroc 0.647 f1_score 0.298
  per-class F1 (Val): {'negative': np.float32(0.791), 'itc': np.float32(0.0), 'micro': np.float32(0.0), 'macro': np.float32(0.4)}
  [DIAG] Tier1 сам по собі: acc=68.966 f1_macro=0.204
Test [  0/197] eta: 0:00:27 loss: 2.7841 (2.7841) acc1: 0.0000 (0.0000) time: 0.1419 data: 0.1048 max mem: 326
Test [100/197] eta: 0:00:02 loss: 1.0531 (1.1808) acc1: 0.0000 (65.3465) time: 0.0274 data: 0.0001 max mem: 326
Test [196/197] eta: 0:00:00 loss: 0.1634 (1.0510) acc1: 100.0000 (70.0508) time: 0.0258 data: 0.0001 max mem: 326
Test Total time: 0:00:05 (5.5388 s / it)
* Acc@1 70.051 loss 1.051 auroc 0.714 f1_score 0.371
  per-class F1 (Test): {'negative': np.float32(0.811), 'itc': np.float32(0.0), 'micro': np.float32(0.0), 'macro': np.float32(0.672)}
  [DIAG] Tier1 сам по собі: acc=70.876 f1_macro=0.356

Epoch: [5] [  0/266] eta: 0:01:06 lr: 0.000100 tier1_loss: 0.0979 (0.0979) tier2_loss: 0.1608 (0.1608) time: 0.2499 data: 0.1035 max mem: 326
Epoch: [5] [100/266] eta: 0:00:18 lr: 0.000100 tier1_loss: 0.1164 (0.9385) tier2_loss: 0.1576 (1.0062) time: 0.1097 data: 0.0001 max mem: 326
Epoch: [5] [200/266] eta: 0:00:07 lr: 0.000099 tier1_loss: 0.2544 (1.0802) tier2_loss: 0.1808 (1.1336) time: 0.1055 data: 0.0001 max mem: 326
Epoch: [5] [265/266] eta: 0:00:00 lr: 0.000099 tier1_loss: 0.1174 (0.9865) tier2_loss: 0.0758 (1.0397) time: 0.1047 data: 0.0001 max mem: 326
Epoch: [5] Total time: 0:00:29 (29.0780 s / it)
Val [ 0/29] eta: 0:00:04 loss: 0.0435 (0.0435) acc1: 100.0000 (100.0000) time: 0.1555 data: 0.1193 max mem: 326
Val [28/29] eta: 0:00:00 loss: 0.0506 (1.2549) acc1: 100.0000 (72.4138) time: 0.0272 data: 0.0001 max mem: 326
Val Total time: 0:00:00 (0.9721 s / it)
* Acc@1 72.414 loss 1.255 auroc 0.710 f1_score 0.308
  per-class F1 (Val): {'negative': np.float32(0.833), 'itc': np.float32(0.0), 'micro': np.float32(0.0), 'macro': np.float32(0.4)}
  [DIAG] Tier1 сам по собі: acc=68.966 f1_macro=0.204
Test [  0/197] eta: 0:00:26 loss: 3.3677 (3.3677) acc1: 0.0000 (0.0000) time: 0.1370 data: 0.1018 max mem: 326
Test [100/197] eta: 0:00:02 loss: 0.0491 (1.1818) acc1: 100.0000 (70.2970) time: 0.0284 data: 0.0001 max mem: 326
Test [196/197] eta: 0:00:00 loss: 0.0388 (0.9856) acc1: 100.0000 (76.1421) time: 0.0264 data: 0.0001 max mem: 326
Test Total time: 0:00:05 (5.7062 s / it)
* Acc@1 76.142 loss 0.986 auroc 0.751 f1_score 0.411
  per-class F1 (Test): {'negative': np.float32(0.84), 'itc': np.float32(0.0), 'micro': np.float32(0.0), 'macro': np.float32(0.806)}
  [DIAG] Tier1 сам по собі: acc=74.048 f1_macro=0.391

Epoch: [6] [  0/266] eta: 0:00:58 lr: 0.000099 tier1_loss: 0.0540 (0.0540) tier2_loss: 0.0422 (0.0422) time: 0.2210 data: 0.0898 max mem: 326
Epoch: [6] [100/266] eta: 0:00:18 lr: 0.000098 tier1_loss: 0.1163 (1.0974) tier2_loss: 0.1212 (1.0928) time: 0.1070 data: 0.0001 max mem: 326
Epoch: [6] [200/266] eta: 0:00:07 lr: 0.000097 tier1_loss: 0.1332 (0.9896) tier2_loss: 0.0656 (0.9615) time: 0.1104 data: 0.0001 max mem: 326
Epoch: [6] [265/266] eta: 0:00:00 lr: 0.000096 tier1_loss: 0.0885 (0.9294) tier2_loss: 0.0685 (0.9269) time: 0.1032 data: 0.0001 max mem: 326
Epoch: [6] Total time: 0:00:28 (28.9408 s / it)
Val [ 0/29] eta: 0:00:04 loss: 0.0667 (0.0667) acc1: 100.0000 (100.0000) time: 0.1542 data: 0.1198 max mem: 326
Val [28/29] eta: 0:00:00 loss: 0.1014 (0.9872) acc1: 100.0000 (72.4138) time: 0.0262 data: 0.0001 max mem: 326
Val Total time: 0:00:00 (0.9264 s / it)
* Acc@1 72.414 loss 0.987 auroc 0.726 f1_score 0.373
  per-class F1 (Val): {'negative': np.float32(0.826), 'itc': np.float32(0.0), 'micro': np.float32(0.0), 'macro': np.float32(0.667)}
  [DIAG] Tier1 сам по собі: acc=68.966 f1_macro=0.285
Test [  0/197] eta: 0:00:29 loss: 2.1278 (2.1278) acc1: 0.0000 (0.0000) time: 0.1476 data: 0.1029 max mem: 326
Test [100/197] eta: 0:00:02 loss: 0.1151 (0.8927) acc1: 100.0000 (72.2772) time: 0.0276 data: 0.0001 max mem: 326
Test [196/197] eta: 0:00:00 loss: 0.0646 (0.7718) acc1: 100.0000 (77.6650) time: 0.0260 data: 0.0001 max mem: 326
Test Total time: 0:00:05 (5.5740 s / it)
* Acc@1 77.665 loss 0.772 auroc 0.768 f1_score 0.429
  per-class F1 (Test): {'negative': np.float32(0.852), 'itc': np.float32(0.0), 'micro': np.float32(0.0), 'macro': np.float32(0.864)}
  [DIAG] Tier1 сам по собі: acc=77.602 f1_macro=0.422

Epoch: [7] [  0/266] eta: 0:01:00 lr: 0.000096 tier1_loss: 3.1039 (3.1039) tier2_loss: 5.0734 (5.0734) time: 0.2270 data: 0.0926 max mem: 326
Epoch: [7] [100/266] eta: 0:00:18 lr: 0.000094 tier1_loss: 0.1011 (0.9572) tier2_loss: 0.0679 (1.0127) time: 0.1080 data: 0.0001 max mem: 326
Epoch: [7] [200/266] eta: 0:00:07 lr: 0.000092 tier1_loss: 0.0729 (0.8642) tier2_loss: 0.0489 (0.9201) time: 0.1057 data: 0.0001 max mem: 326
Epoch: [7] [265/266] eta: 0:00:00 lr: 0.000091 tier1_loss: 0.0412 (0.8668) tier2_loss: 0.0222 (0.9385) time: 0.0997 data: 0.0001 max mem: 326
Epoch: [7] Total time: 0:00:29 (29.2246 s / it)
Val [ 0/29] eta: 0:00:04 loss: 0.1576 (0.1576) acc1: 100.0000 (100.0000) time: 0.1447 data: 0.1110 max mem: 326
Val [28/29] eta: 0:00:00 loss: 0.0856 (1.4024) acc1: 100.0000 (68.9655) time: 0.0283 data: 0.0001 max mem: 326
Val Total time: 0:00:00 (0.9816 s / it)
* Acc@1 68.966 loss 1.402 auroc 0.692 f1_score 0.278
  per-class F1 (Val): {'negative': np.float32(0.826), 'itc': np.float32(0.0), 'micro': np.float32(0.0), 'macro': np.float32(0.286)}
  [DIAG] Tier1 сам по собі: acc=68.966 f1_macro=0.278
Test [  0/197] eta: 0:00:30 loss: 5.9884 (5.9884) acc1: 0.0000 (0.0000) time: 0.1548 data: 0.1031 max mem: 326
Test [100/197] eta: 0:00:02 loss: 0.1189 (1.3481) acc1: 100.0000 (71.2871) time: 0.0290 data: 0.0001 max mem: 326
Test [196/197] eta: 0:00:00 loss: 0.0282 (1.1640) acc1: 100.0000 (76.6497) time: 0.0275 data: 0.0001 max mem: 326
Test Total time: 0:00:05 (5.9263 s / it)
* Acc@1 76.650 loss 1.164 auroc 0.728 f1_score 0.418
  per-class F1 (Test): {'negative': np.float32(0.855), 'itc': np.float32(0.0), 'micro': np.float32(0.0), 'macro': np.float32(0.816)}
  [DIAG] Tier1 сам по собі: acc=77.348 f1_macro=0.419

Epoch: [8] [  0/266] eta: 0:01:01 lr: 0.000091 tier1_loss: 3.1184 (3.1184) tier2_loss: 2.7747 (2.7747) time: 0.2317 data: 0.0860 max mem: 326
Epoch: [8] [100/266] eta: 0:00:17 lr: 0.000088 tier1_loss: 0.0616 (0.8700) tier2_loss: 0.0368 (1.0076) time: 0.1004 data: 0.0001 max mem: 326
Epoch: [8] [200/266] eta: 0:00:07 lr: 0.000085 tier1_loss: 0.0363 (0.7451) tier2_loss: 0.0177 (0.8205) time: 0.1194 data: 0.0001 max mem: 326
Epoch: [8] [265/266] eta: 0:00:00 lr: 0.000084 tier1_loss: 0.1373 (0.7495) tier2_loss: 0.0846 (0.8191) time: 0.1076 data: 0.0001 max mem: 326
Epoch: [8] Total time: 0:00:28 (28.6779 s / it)
Val [ 0/29] eta: 0:00:04 loss: 0.0392 (0.0392) acc1: 100.0000 (100.0000) time: 0.1505 data: 0.1164 max mem: 326
Val [28/29] eta: 0:00:00 loss: 0.0596 (1.1426) acc1: 100.0000 (72.4138) time: 0.0269 data: 0.0001 max mem: 326
Val Total time: 0:00:00 (0.9523 s / it)
* Acc@1 72.414 loss 1.143 auroc 0.757 f1_score 0.416
  per-class F1 (Val): {'negative': np.float32(0.878), 'itc': np.float32(0.0), 'micro': np.float32(0.286), 'macro': np.float32(0.5)}
  [DIAG] Tier1 сам по собі: acc=74.569 f1_macro=0.373
Test [  0/197] eta: 0:00:27 loss: 1.7323 (1.7323) acc1: 0.0000 (0.0000) time: 0.1382 data: 0.1038 max mem: 326
Test [100/197] eta: 0:00:02 loss: 0.0658 (0.9686) acc1: 100.0000 (72.2772) time: 0.0279 data: 0.0001 max mem: 326
Test [196/197] eta: 0:00:00 loss: 0.0381 (0.9357) acc1: 100.0000 (75.1269) time: 0.0264 data: 0.0001 max mem: 326
Test Total time: 0:00:05 (5.6798 s / it)
* Acc@1 75.127 loss 0.936 auroc 0.850 f1_score 0.418
  per-class F1 (Test): {'negative': np.float32(0.858), 'itc': np.float32(0.0), 'micro': np.float32(0.0), 'macro': np.float32(0.816)}
  [DIAG] Tier1 сам по собі: acc=78.490 f1_macro=0.422

Epoch: [9] [  0/266] eta: 0:01:00 lr: 0.000084 tier1_loss: 0.2065 (0.2065) tier2_loss: 0.0898 (0.0898) time: 0.2260 data: 0.0955 max mem: 326
Epoch: [9] [100/266] eta: 0:00:19 lr: 0.000081 tier1_loss: 0.0640 (0.5545) tier2_loss: 0.0329 (0.5867) time: 0.1085 data: 0.0001 max mem: 326
Epoch: [9] [200/266] eta: 0:00:07 lr: 0.000077 tier1_loss: 0.0273 (0.6346) tier2_loss: 0.0205 (0.6318) time: 0.1077 data: 0.0001 max mem: 326
Epoch: [9] [265/266] eta: 0:00:00 lr: 0.000075 tier1_loss: 0.0422 (0.6493) tier2_loss: 0.0299 (0.6471) time: 0.1161 data: 0.0001 max mem: 326
Epoch: [9] Total time: 0:00:30 (30.0250 s / it)
Val [ 0/29] eta: 0:00:04 loss: 0.0570 (0.0570) acc1: 100.0000 (100.0000) time: 0.1682 data: 0.1246 max mem: 326
Val [28/29] eta: 0:00:00 loss: 0.0342 (0.9696) acc1: 100.0000 (79.3103) time: 0.0349 data: 0.0001 max mem: 326
Val Total time: 0:00:01 (1.3908 s / it)
* Acc@1 79.310 loss 0.970 auroc 0.791 f1_score 0.549
  per-class F1 (Val): {'negative': np.float32(0.864), 'itc': np.float32(0.0), 'micro': np.float32(0.667), 'macro': np.float32(0.667)}
  [DIAG] Tier1 сам по собі: acc=74.569 f1_macro=0.409
Test [  0/197] eta: 0:00:31 loss: 0.1534 (0.1534) acc1: 100.0000 (100.0000) time: 0.1583 data: 0.1186 max mem: 326
Test [100/197] eta: 0:00:02 loss: 0.0380 (0.6937) acc1: 100.0000 (80.1980) time: 0.0292 data: 0.0001 max mem: 326
Test [196/197] eta: 0:00:00 loss: 0.0247 (0.6145) acc1: 100.0000 (84.2640) time: 0.0275 data: 0.0001 max mem: 326
Test Total time: 0:00:05 (5.9047 s / it)
* Acc@1 84.264 loss 0.614 auroc 0.832 f1_score 0.566
  per-class F1 (Test): {'negative': np.float32(0.905), 'itc': np.float32(0.0), 'micro': np.float32(0.435), 'macro': np.float32(0.923)}
  [DIAG] Tier1 сам по собі: acc=81.662 f1_macro=0.447

Epoch: [10] [  0/266] eta: 0:01:00 lr: 0.000075 tier1_loss: 0.0151 (0.0151) tier2_loss: 0.0263 (0.0263) time: 0.2281 data: 0.0966 max mem: 326
Epoch: [10] [100/266] eta: 0:00:18 lr: 0.000072 tier1_loss: 0.0327 (0.5802) tier2_loss: 0.0232 (0.5822) time: 0.1055 data: 0.0001 max mem: 326
Epoch: [10] [200/266] eta: 0:00:07 lr: 0.000068 tier1_loss: 0.0351 (0.5489) tier2_loss: 0.0146 (0.5337) time: 0.1158 data: 0.0001 max mem: 326
Epoch: [10] [265/266] eta: 0:00:00 lr: 0.000066 tier1_loss: 0.0419 (0.5914) tier2_loss: 0.0436 (0.5708) time: 0.1262 data: 0.0001 max mem: 326
Epoch: [10] Total time: 0:00:30 (30.4321 s / it)
Val [ 0/29] eta: 0:00:04 loss: 0.0409 (0.0409) acc1: 100.0000 (100.0000) time: 0.1715 data: 0.1305 max mem: 326
Val [28/29] eta: 0:00:00 loss: 0.0258 (1.0667) acc1: 100.0000 (79.3103) time: 0.0275 data: 0.0001 max mem: 326
Val Total time: 0:00:01 (1.0235 s / it)
* Acc@1 79.310 loss 1.067 auroc 0.780 f1_score 0.530
  per-class F1 (Val): {'negative': np.float32(0.884), 'itc': np.float32(0.0), 'micro': np.float32(0.571), 'macro': np.float32(0.667)}
  [DIAG] Tier1 сам по собі: acc=78.879 f1_macro=0.529
Test [  0/197] eta: 0:00:30 loss: 0.2684 (0.2684) acc1: 100.0000 (100.0000) time: 0.1523 data: 0.1079 max mem: 326
Test [100/197] eta: 0:00:02 loss: 0.0355 (0.6182) acc1: 100.0000 (81.1881) time: 0.0285 data: 0.0001 max mem: 326
Test [196/197] eta: 0:00:00 loss: 0.0172 (0.5853) acc1: 100.0000 (84.2640) time: 0.0273 data: 0.0001 max mem: 326
Test Total time: 0:00:05 (5.8746 s / it)
* Acc@1 84.264 loss 0.585 auroc 0.860 f1_score 0.604
  per-class F1 (Test): {'negative': np.float32(0.904), 'itc': np.float32(0.0), 'micro': np.float32(0.606), 'macro': np.float32(0.905)}
  [DIAG] Tier1 сам по собі: acc=84.201 f1_macro=0.590

Epoch: [11] [  0/266] eta: 0:01:08 lr: 0.000066 tier1_loss: 2.7411 (2.7411) tier2_loss: 2.6556 (2.6556) time: 0.2591 data: 0.1136 max mem: 326
Epoch: [11] [100/266] eta: 0:00:18 lr: 0.000062 tier1_loss: 0.0820 (0.5198) tier2_loss: 0.0353 (0.5212) time: 0.1110 data: 0.0001 max mem: 326
Epoch: [11] [200/266] eta: 0:00:07 lr: 0.000058 tier1_loss: 0.0806 (0.4666) tier2_loss: 0.0148 (0.4521) time: 0.1095 data: 0.0001 max mem: 326
Epoch: [11] [265/266] eta: 0:00:00 lr: 0.000056 tier1_loss: 0.0166 (0.4951) tier2_loss: 0.0209 (0.4862) time: 0.1292 data: 0.0001 max mem: 326
Epoch: [11] Total time: 0:00:30 (30.3560 s / it)
Val [ 0/29] eta: 0:00:05 loss: 0.0185 (0.0185) acc1: 100.0000 (100.0000) time: 0.1863 data: 0.1446 max mem: 326
Val [28/29] eta: 0:00:00 loss: 0.0089 (1.0143) acc1: 100.0000 (79.3103) time: 0.0315 data: 0.0001 max mem: 326
Val Total time: 0:00:01 (1.3819 s / it)
* Acc@1 79.310 loss 1.014 auroc 0.810 f1_score 0.530
  per-class F1 (Val): {'negative': np.float32(0.884), 'itc': np.float32(0.0), 'micro': np.float32(0.571), 'macro': np.float32(0.667)}
  [DIAG] Tier1 сам по собі: acc=81.034 f1_macro=0.543
Test [  0/197] eta: 0:00:29 loss: 0.0326 (0.0326) acc1: 100.0000 (100.0000) time: 0.1480 data: 0.1143 max mem: 326
Test [100/197] eta: 0:00:02 loss: 0.0116 (0.7953) acc1: 100.0000 (81.1881) time: 0.0286 data: 0.0001 max mem: 326
Test [196/197] eta: 0:00:00 loss: 0.0072 (0.7069) acc1: 100.0000 (84.7716) time: 0.0269 data: 0.0001 max mem: 326
Test Total time: 0:00:05 (5.7811 s / it)
* Acc@1 84.772 loss 0.707 auroc 0.850 f1_score 0.580
  per-class F1 (Test): {'negative': np.float32(0.908), 'itc': np.float32(0.0), 'micro': np.float32(0.5), 'macro': np.float32(0.913)}
  [DIAG] Tier1 сам по собі: acc=83.947 f1_macro=0.549

Epoch: [12] [  0/266] eta: 0:00:57 lr: 0.000056 tier1_loss: 0.0053 (0.0053) tier2_loss: 0.0048 (0.0048) time: 0.2149 data: 0.1017 max mem: 326
Epoch: [12] [100/266] eta: 0:00:17 lr: 0.000052 tier1_loss: 0.0404 (0.5540) tier2_loss: 0.0219 (0.4635) time: 0.1118 data: 0.0001 max mem: 326
Epoch: [12] [200/266] eta: 0:00:07 lr: 0.000048 tier1_loss: 0.0347 (0.4689) tier2_loss: 0.0092 (0.4033) time: 0.1083 data: 0.0001 max mem: 326
Epoch: [12] [265/266] eta: 0:00:00 lr: 0.000045 tier1_loss: 0.0260 (0.4934) tier2_loss: 0.0106 (0.4478) time: 0.1142 data: 0.0001 max mem: 326
Epoch: [12] Total time: 0:00:29 (29.3465 s / it)
Val [ 0/29] eta: 0:00:04 loss: 0.0330 (0.0330) acc1: 100.0000 (100.0000) time: 0.1450 data: 0.1049 max mem: 326
Val [28/29] eta: 0:00:00 loss: 0.0119 (1.3147) acc1: 100.0000 (75.8621) time: 0.0337 data: 0.0001 max mem: 326
Val Total time: 0:00:01 (1.3726 s / it)
* Acc@1 75.862 loss 1.315 auroc 0.811 f1_score 0.506
  per-class F1 (Val): {'negative': np.float32(0.857), 'itc': np.float32(0.0), 'micro': np.float32(0.5), 'macro': np.float32(0.667)}
  [DIAG] Tier1 сам по собі: acc=78.448 f1_macro=0.524
Test [  0/197] eta: 0:00:33 loss: 0.4702 (0.4702) acc1: 100.0000 (100.0000) time: 0.1715 data: 0.1170 max mem: 326
Test [100/197] eta: 0:00:03 loss: 0.0257 (0.9147) acc1: 100.0000 (77.2277) time: 0.0294 data: 0.0001 max mem: 326
Test [196/197] eta: 0:00:00 loss: 0.0059 (0.8130) acc1: 100.0000 (81.2183) time: 0.0277 data: 0.0001 max mem: 326
Test Total time: 0:00:06 (6.3375 s / it)
* Acc@1 81.218 loss 0.813 auroc 0.860 f1_score 0.566
  per-class F1 (Test): {'negative': np.float32(0.887), 'itc': np.float32(0.0), 'micro': np.float32(0.485), 'macro': np.float32(0.894)}
  [DIAG] Tier1 сам по собі: acc=83.249 f1_macro=0.573

Epoch: [13] [  0/266] eta: 0:01:01 lr: 0.000045 tier1_loss: 0.0189 (0.0189) tier2_loss: 0.0132 (0.0132) time: 0.2323 data: 0.1271 max mem: 326
Epoch: [13] [100/266] eta: 0:00:17 lr: 0.000041 tier1_loss: 0.0213 (0.5603) tier2_loss: 0.0043 (0.4233) time: 0.0960 data: 0.0001 max mem: 326
Epoch: [13] [200/266] eta: 0:00:06 lr: 0.000038 tier1_loss: 0.0508 (0.4889) tier2_loss: 0.0059 (0.3597) time: 0.1023 data: 0.0001 max mem: 326
Epoch: [13] [265/266] eta: 0:00:00 lr: 0.000035 tier1_loss: 0.0294 (0.4696) tier2_loss: 0.0061 (0.3551) time: 0.1060 data: 0.0001 max mem: 326
Epoch: [13] Total time: 0:00:27 (27.7911 s / it)
Val [ 0/29] eta: 0:00:04 loss: 0.0076 (0.0076) acc1: 100.0000 (100.0000) time: 0.1563 data: 0.1149 max mem: 326
Val [28/29] eta: 0:00:00 loss: 0.0032 (1.3408) acc1: 100.0000 (79.3103) time: 0.0356 data: 0.0001 max mem: 326
Val Total time: 0:00:01 (1.3890 s / it)
* Acc@1 79.310 loss 1.341 auroc 0.770 f1_score 0.530
  per-class F1 (Val): {'negative': np.float32(0.884), 'itc': np.float32(0.0), 'micro': np.float32(0.571), 'macro': np.float32(0.667)}
  [DIAG] Tier1 сам по собі: acc=78.448 f1_macro=0.526
Test [  0/197] eta: 0:00:34 loss: 0.3983 (0.3983) acc1: 100.0000 (100.0000) time: 0.1754 data: 0.1171 max mem: 326
Test [100/197] eta: 0:00:03 loss: 0.0048 (0.9981) acc1: 100.0000 (80.1980) time: 0.0284 data: 0.0001 max mem: 326
Test [196/197] eta: 0:00:00 loss: 0.0027 (0.8379) acc1: 100.0000 (84.2640) time: 0.0264 data: 0.0001 max mem: 326
Test Total time: 0:00:06 (6.2899 s / it)
* Acc@1 84.264 loss 0.838 auroc 0.875 f1_score 0.577
  per-class F1 (Test): {'negative': np.float32(0.914), 'itc': np.float32(0.0), 'micro': np.float32(0.5), 'macro': np.float32(0.894)}
  [DIAG] Tier1 сам по собі: acc=84.391 f1_macro=0.588

Epoch: [14] [  0/266] eta: 0:00:55 lr: 0.000035 tier1_loss: 0.0081 (0.0081) tier2_loss: 0.0018 (0.0018) time: 0.2085 data: 0.0895 max mem: 326
Epoch: [14] [100/266] eta: 0:00:18 lr: 0.000032 tier1_loss: 0.0584 (0.4135) tier2_loss: 0.0070 (0.3121) time: 0.1094 data: 0.0001 max mem: 326
Epoch: [14] [200/266] eta: 0:00:07 lr: 0.000028 tier1_loss: 0.0536 (0.4422) tier2_loss: 0.0055 (0.3386) time: 0.1155 data: 0.0001 max mem: 326
Epoch: [14] [265/266] eta: 0:00:00 lr: 0.000026 tier1_loss: 0.0202 (0.4345) tier2_loss: 0.0056 (0.3197) time: 0.1121 data: 0.0001 max mem: 326
Epoch: [14] Total time: 0:00:29 (29.3135 s / it)
Val [ 0/29] eta: 0:00:04 loss: 0.0091 (0.0091) acc1: 100.0000 (100.0000) time: 0.1504 data: 0.1106 max mem: 326
Val [28/29] eta: 0:00:00 loss: 0.0031 (1.3815) acc1: 100.0000 (79.3103) time: 0.0338 data: 0.0001 max mem: 326
Val Total time: 0:00:01 (1.3173 s / it)
* Acc@1 79.310 loss 1.382 auroc 0.763 f1_score 0.530
  per-class F1 (Val): {'negative': np.float32(0.884), 'itc': np.float32(0.0), 'micro': np.float32(0.571), 'macro': np.float32(0.667)}
  [DIAG] Tier1 сам по собі: acc=78.017 f1_macro=0.519
Test [  0/197] eta: 0:00:29 loss: 0.0279 (0.0279) acc1: 100.0000 (100.0000) time: 0.1504 data: 0.1093 max mem: 326
Test [100/197] eta: 0:00:03 loss: 0.0113 (0.8551) acc1: 100.0000 (82.1782) time: 0.0288 data: 0.0001 max mem: 326
Test [196/197] eta: 0:00:00 loss: 0.0028 (0.7371) acc1: 100.0000 (85.2792) time: 0.0275 data: 0.0001 max mem: 326
Test Total time: 0:00:06 (6.3935 s / it)
* Acc@1 85.279 loss 0.737 auroc 0.869 f1_score 0.615
  per-class F1 (Test): {'negative': np.float32(0.914), 'itc': np.float32(0.0), 'micro': np.float32(0.625), 'macro': np.float32(0.921)}
  [DIAG] Tier1 сам по собі: acc=84.581 f1_macro=0.590

Epoch: [15] [  0/266] eta: 0:00:58 lr: 0.000026 tier1_loss: 0.0131 (0.0131) tier2_loss: 0.0051 (0.0051) time: 0.2183 data: 0.1012 max mem: 326
Epoch: [15] [100/266] eta: 0:00:18 lr: 0.000022 tier1_loss: 0.0231 (0.2216) tier2_loss: 0.0029 (0.1489) time: 0.1122 data: 0.0001 max mem: 326
Epoch: [15] [200/266] eta: 0:00:07 lr: 0.000019 tier1_loss: 0.1007 (0.3363) tier2_loss: 0.0122 (0.2054) time: 0.1114 data: 0.0001 max mem: 326
Epoch: [15] [265/266] eta: 0:00:00 lr: 0.000017 tier1_loss: 0.0932 (0.4217) tier2_loss: 0.0185 (0.2687) time: 0.1076 data: 0.0001 max mem: 326
Epoch: [15] Total time: 0:00:29 (29.5467 s / it)
Val [ 0/29] eta: 0:00:04 loss: 0.0456 (0.0456) acc1: 100.0000 (100.0000) time: 0.1526 data: 0.1150 max mem: 326
Val [28/29] eta: 0:00:00 loss: 0.0079 (1.2520) acc1: 100.0000 (79.3103) time: 0.0324 data: 0.0001 max mem: 326
Val Total time: 0:00:01 (1.1905 s / it)
* Acc@1 79.310 loss 1.252 auroc 0.781 f1_score 0.530
  per-class F1 (Val): {'negative': np.float32(0.884), 'itc': np.float32(0.0), 'micro': np.float32(0.571), 'macro': np.float32(0.667)}
  [DIAG] Tier1 сам по собі: acc=78.017 f1_macro=0.521
Test [  0/197] eta: 0:00:33 loss: 0.0939 (0.0939) acc1: 100.0000 (100.0000) time: 0.1679 data: 0.1107 max mem: 326
Test [100/197] eta: 0:00:03 loss: 0.1436 (0.8657) acc1: 100.0000 (74.2574) time: 0.0284 data: 0.0001 max mem: 326
Test [196/197] eta: 0:00:00 loss: 0.0047 (0.7204) acc1: 100.0000 (79.6954) time: 0.0278 data: 0.0001 max mem: 326
Test Total time: 0:00:06 (6.2759 s / it)
* Acc@1 79.695 loss 0.720 auroc 0.875 f1_score 0.597
  per-class F1 (Test): {'negative': np.float32(0.877), 'itc': np.float32(0.067), 'micro': np.float32(0.533), 'macro': np.float32(0.911)}
  [DIAG] Tier1 сам по собі: acc=84.137 f1_macro=0.590

Epoch: [16] [  0/266] eta: 0:00:59 lr: 0.000017 tier1_loss: 0.2202 (0.2202) tier2_loss: 0.0028 (0.0028) time: 0.2239 data: 0.0922 max mem: 326
Epoch: [16] [100/266] eta: 0:00:19 lr: 0.000015 tier1_loss: 0.0475 (0.3875) tier2_loss: 0.0044 (0.2480) time: 0.1200 data: 0.0001 max mem: 326
Epoch: [16] [200/266] eta: 0:00:07 lr: 0.000012 tier1_loss: 0.0441 (0.4211) tier2_loss: 0.0024 (0.2623) time: 0.1142 data: 0.0001 max mem: 326
Epoch: [16] [265/266] eta: 0:00:00 lr: 0.000010 tier1_loss: 0.0228 (0.4033) tier2_loss: 0.0041 (0.2382) time: 0.1091 data: 0.0001 max mem: 326
Epoch: [16] Total time: 0:00:30 (30.5244 s / it)
Val [ 0/29] eta: 0:00:04 loss: 0.0168 (0.0168) acc1: 100.0000 (100.0000) time: 0.1469 data: 0.1084 max mem: 326
Val [28/29] eta: 0:00:00 loss: 0.0030 (1.4625) acc1: 100.0000 (75.8621) time: 0.0321 data: 0.0001 max mem: 326
Val Total time: 0:00:01 (1.3181 s / it)
* Acc@1 75.862 loss 1.463 auroc 0.783 f1_score 0.506
  per-class F1 (Val): {'negative': np.float32(0.857), 'itc': np.float32(0.0), 'micro': np.float32(0.5), 'macro': np.float32(0.667)}
  [DIAG] Tier1 сам по собі: acc=77.586 f1_macro=0.518
Test [  0/197] eta: 0:00:31 loss: 0.1234 (0.1234) acc1: 100.0000 (100.0000) time: 0.1617 data: 0.1117 max mem: 326
Test [100/197] eta: 0:00:03 loss: 0.0290 (0.9795) acc1: 100.0000 (75.2475) time: 0.0283 data: 0.0001 max mem: 326
Test [196/197] eta: 0:00:00 loss: 0.0024 (0.8043) acc1: 100.0000 (80.7107) time: 0.0277 data: 0.0001 max mem: 326
Test Total time: 0:00:06 (6.0283 s / it)
* Acc@1 80.711 loss 0.804 auroc 0.865 f1_score 0.601
  per-class F1 (Test): {'negative': np.float32(0.885), 'itc': np.float32(0.077), 'micro': np.float32(0.529), 'macro': np.float32(0.911)}
  [DIAG] Tier1 сам по собі: acc=83.756 f1_macro=0.585

Epoch: [17] [  0/266] eta: 0:01:01 lr: 0.000010 tier1_loss: 0.0345 (0.0345) tier2_loss: 0.0018 (0.0018) time: 0.2310 data: 0.1134 max mem: 326
Epoch: [17] [100/266] eta: 0:00:19 lr: 0.000008 tier1_loss: 0.0545 (0.3512) tier2_loss: 0.0050 (0.0935) time: 0.1167 data: 0.0001 max mem: 326
Epoch: [17] [200/266] eta: 0:00:07 lr: 0.000006 tier1_loss: 0.0235 (0.4550) tier2_loss: 0.0026 (0.2701) time: 0.1108 data: 0.0001 max mem: 326
Epoch: [17] [265/266] eta: 0:00:00 lr: 0.000005 tier1_loss: 0.0478 (0.3979) tier2_loss: 0.0031 (0.2279) time: 0.1190 data: 0.0001 max mem: 326
Epoch: [17] Total time: 0:00:30 (30.7296 s / it)
Val [ 0/29] eta: 0:00:04 loss: 0.0167 (0.0167) acc1: 100.0000 (100.0000) time: 0.1504 data: 0.1114 max mem: 326
Val [28/29] eta: 0:00:00 loss: 0.0027 (1.5712) acc1: 100.0000 (75.8621) time: 0.0277 data: 0.0001 max mem: 326
Val Total time: 0:00:01 (1.1583 s / it)
* Acc@1 75.862 loss 1.571 auroc 0.779 f1_score 0.506
  per-class F1 (Val): {'negative': np.float32(0.857), 'itc': np.float32(0.0), 'micro': np.float32(0.5), 'macro': np.float32(0.667)}
  [DIAG] Tier1 сам по собі: acc=77.155 f1_macro=0.511
Test [  0/197] eta: 0:00:32 loss: 0.1429 (0.1429) acc1: 100.0000 (100.0000) time: 0.1634 data: 0.1214 max mem: 326
Test [100/197] eta: 0:00:02 loss: 0.0641 (1.0410) acc1: 100.0000 (74.2574) time: 0.0295 data: 0.0001 max mem: 326
Test [196/197] eta: 0:00:00 loss: 0.0022 (0.8661) acc1: 100.0000 (80.2030) time: 0.0289 data: 0.0001 max mem: 326
Test Total time: 0:00:05 (5.9461 s / it)
* Acc@1 80.203 loss 0.866 auroc 0.874 f1_score 0.599
  per-class F1 (Test): {'negative': np.float32(0.881), 'itc': np.float32(0.074), 'micro': np.float32(0.529), 'macro': np.float32(0.911)}
  [DIAG] Tier1 сам по собі: acc=83.058 f1_macro=0.577

Epoch: [18] [  0/266] eta: 0:01:03 lr: 0.000005 tier1_loss: 0.0370 (0.0370) tier2_loss: 0.0035 (0.0035) time: 0.2382 data: 0.1280 max mem: 326
Epoch: [18] [100/266] eta: 0:00:18 lr: 0.000004 tier1_loss: 0.0615 (0.4382) tier2_loss: 0.0051 (0.1844) time: 0.1178 data: 0.0001 max mem: 326
Epoch: [18] [200/266] eta: 0:00:07 lr: 0.000003 tier1_loss: 0.1172 (0.4377) tier2_loss: 0.0057 (0.2413) time: 0.1102 data: 0.0001 max mem: 326
Epoch: [18] [265/266] eta: 0:00:00 lr: 0.000002 tier1_loss: 0.0285 (0.3900) tier2_loss: 0.0030 (0.2111) time: 0.1126 data: 0.0001 max mem: 326
Epoch: [18] Total time: 0:00:29 (29.8367 s / it)
Val [ 0/29] eta: 0:00:04 loss: 0.0152 (0.0152) acc1: 100.0000 (100.0000) time: 0.1489 data: 0.1063 max mem: 326
Val [28/29] eta: 0:00:00 loss: 0.0024 (1.4287) acc1: 100.0000 (75.8621) time: 0.0295 data: 0.0001 max mem: 326
Val Total time: 0:00:01 (1.0299 s / it)
* Acc@1 75.862 loss 1.429 auroc 0.799 f1_score 0.506
  per-class F1 (Val): {'negative': np.float32(0.857), 'itc': np.float32(0.0), 'micro': np.float32(0.5), 'macro': np.float32(0.667)}
  [DIAG] Tier1 сам по собі: acc=78.017 f1_macro=0.519
Test [  0/197] eta: 0:00:30 loss: 0.1570 (0.1570) acc1: 100.0000 (100.0000) time: 0.1560 data: 0.0995 max mem: 326
Test [100/197] eta: 0:00:02 loss: 0.0899 (1.0478) acc1: 100.0000 (74.2574) time: 0.0290 data: 0.0001 max mem: 326
Test [196/197] eta: 0:00:00 loss: 0.0021 (0.8715) acc1: 100.0000 (80.2030) time: 0.0270 data: 0.0001 max mem: 326
Test Total time: 0:00:05 (5.8395 s / it)
* Acc@1 80.203 loss 0.872 auroc 0.871 f1_score 0.599
  per-class F1 (Test): {'negative': np.float32(0.881), 'itc': np.float32(0.074), 'micro': np.float32(0.529), 'macro': np.float32(0.911)}
  [DIAG] Tier1 сам по собі: acc=83.566 f1_macro=0.586

Epoch: [19] [  0/266] eta: 0:01:01 lr: 0.000002 tier1_loss: 0.5538 (0.5538) tier2_loss: 0.0065 (0.0065) time: 0.2295 data: 0.0977 max mem: 326
Epoch: [19] [100/266] eta: 0:00:17 lr: 0.000001 tier1_loss: 0.0553 (0.5270) tier2_loss: 0.0059 (0.2621) time: 0.0981 data: 0.0001 max mem: 326
Epoch: [19] [200/266] eta: 0:00:06 lr: 0.000001 tier1_loss: 0.0168 (0.3557) tier2_loss: 0.0023 (0.1638) time: 0.1061 data: 0.0001 max mem: 326
Epoch: [19] [265/266] eta: 0:00:00 lr: 0.000001 tier1_loss: 0.0388 (0.3722) tier2_loss: 0.0034 (0.1996) time: 0.1239 data: 0.0001 max mem: 326
Epoch: [19] Total time: 0:00:28 (28.4766 s / it)
Val [ 0/29] eta: 0:00:04 loss: 0.0151 (0.0151) acc1: 100.0000 (100.0000) time: 0.1710 data: 0.1295 max mem: 326
Val [28/29] eta: 0:00:00 loss: 0.0025 (1.4308) acc1: 100.0000 (75.8621) time: 0.0276 data: 0.0001 max mem: 326
Val Total time: 0:00:01 (1.1085 s / it)
* Acc@1 75.862 loss 1.431 auroc 0.785 f1_score 0.506
  per-class F1 (Val): {'negative': np.float32(0.857), 'itc': np.float32(0.0), 'micro': np.float32(0.5), 'macro': np.float32(0.667)}
  [DIAG] Tier1 сам по собі: acc=77.586 f1_macro=0.518
wandb: 
wandb: Run history:
wandb: diag/test_tier1_acc ▁▁▁▁▄▅▆▆▆▇██████████
wandb:  diag/test_tier1_f1 ▁▁▁▁▄▅▅▅▅▅█▇████████
wandb:       perf/test_auc ▁▂▂▃▃▄▅▄▇▇█▇████████
wandb:        perf/test_f1 ▁▁▁▃▄▅▅▅▅▇█▇▇▇██████
wandb:        perf/val_auc ▁▄▄▅▄▆▆▅▇█▇██▇▇▇▇▇█▇
wandb:         perf/val_f1 ▁▁▁▁▃▃▄▂▅███▇███▇▇▇▇
wandb:          tier1_loss ▃▃▃▂▅▁▁▁▁▁▅▁▅▅▁▁▇▁█▁▁▁▁▇▂▁▁▁▁▁▁▁▁▁▁▁▁▁▄▁
wandb:          tier2_loss ▁▁▄▁▅▁▁▅▁▄▁▅▁▁▂▅▁▁▁▁▁█▁▁▁▁▁▁▁▁█▁▁▁▁▁▆▁▁▁
wandb: 
wandb: Run summary:
wandb: diag/test_tier1_acc 83.05837
wandb:  diag/test_tier1_f1 0.57488
wandb:       perf/test_auc 0.86852
wandb:        perf/test_f1 0.59881
wandb:        perf/val_auc 0.78483
wandb:         perf/val_f1 0.50595
wandb:          tier1_loss 0.00457
wandb:          tier2_loss 0.00154
wandb: 
wandb: You can sync this run to the cloud by running:
wandb: wandb sync /data/bohatyrenko1/EXPERIMENTS_2/Hi-MoE_MIL/wandb/offline-run-20260925_123329-jsafvbsi
wandb: Find logs at: ./wandb/offline-run-20260925_123329-jsafvbsi/logs
Test [  0/197] eta: 0:00:28 loss: 0.1232 (0.1232) acc1: 100.0000 (100.0000) time: 0.1446 data: 0.1106 max mem: 326
Test [100/197] eta: 0:00:02 loss: 0.0539 (1.0741) acc1: 100.0000 (74.2574) time: 0.0282 data: 0.0001 max mem: 326
Test [196/197] eta: 0:00:00 loss: 0.0021 (0.8686) acc1: 100.0000 (80.2030) time: 0.0273 data: 0.0001 max mem: 326
Test Total time: 0:00:05 (5.7845 s / it)
* Acc@1 80.203 loss 0.869 auroc 0.869 f1_score 0.599
  per-class F1 (Test): {'negative': np.float32(0.881), 'itc': np.float32(0.074), 'micro': np.float32(0.529), 'macro': np.float32(0.911)}
  [DIAG] Tier1 сам по собі: acc=83.058 f1_macro=0.575

============================================================
FINAL EPOCH (19) RESULTS (DTFD-ASMIL v3, CLS-token):
  test_auc=0.8685 test_acc=80.20 test_f1(macro)=0.5988
  [DIAG] Tier1 сам по собі: acc=83.058 f1_macro=0.575
  test per-class F1: {'negative': np.float32(0.881), 'itc': np.float32(0.074), 'micro': np.float32(0.529), 'macro': np.float32(0.911)}
  test confusion matrix (rows=true, cols=pred):
          negative         itc       micro       macro
negative        107           9           3           2
     itc         12           1           3           0
   micro          3           1           9           5
   macro          0           0           1          41
============================================================
Best epoch: {'epoch': 11, 'val_f1': 0.5304540395736694, 'val_auc': 0.8103561401367188, 'test_f1': 0.5803601145744324, 'test_auc': 0.8499468564987183}
