wandb: Tracking run with wandb version 0.28.0
wandb: W&B syncing is set to `offline` in this directory. Run `wandb online` or set WANDB_MODE=online to enable cloud syncing.
wandb: Run data is saved locally in /data/bohatyrenko1/EXPERIMENTS_2/Hi-MoE_MIL/wandb/offline-run-20260925_104251-sj28nsce
wandb: View this run in the terminal with `wandb leet`
Used config (DTFD-ASMIL v2):
{'B': 1,
 'D_feat': 384,
 'D_inner': 128,
 'M': None,
 'ckpt_dir': 'ckpt/c17_dtfd_v2_20ep_seed3',
 'config': 'config/camelyon17_vitsdino_config_20ep.yml',
 'dataset': 'camelyon17',
 'lr': 0.0001,
 'min_lr': 1e-06,
 'n_class': 4,
 'n_token': 8,
 'n_worker': 4,
 'pin_memory': True,
 'pretrain': 'medical_ssl',
 'seed': 3,
 'splits_dir': '/data/bohatyrenko1/EXPERIMENTS_2/ASMIL/splits_paper',
 'test_dir': '/data/bohatyrenko1/features_vitsdino_camelyon17_train',
 'tier1_weight': 0.1,
 'tier2_D_inner': None,
 'tier2_n_heads': 4,
 'train_dir': '/data/bohatyrenko1/features_vitsdino_camelyon17_train',
 'train_epoch': 20,
 'wandb_mode': 'offline',
 'warmup_epoch': 5,
 'wd': 1e-05}
M (псевдо-bags) = 8, tier1_weight = 0.1
Class weights: [0.3757062256336212, 3.694444417953491, 1.6219512224197388, 2.2166666984558105]
Epoch: [0] [  0/266] eta: 0:02:40 lr: 0.000000 tier1_loss: 1.3552 (1.3552) tier2_loss: 1.1927 (1.1927) time: 0.6052 data: 0.0568 max mem: 41
Epoch: [0] [100/266] eta: 0:00:20 lr: 0.000008 tier1_loss: 1.3939 (1.4053) tier2_loss: 0.6247 (1.1753) time: 0.1131 data: 0.0001 max mem: 326
Epoch: [0] [200/266] eta: 0:00:07 lr: 0.000015 tier1_loss: 1.0054 (1.3334) tier2_loss: 0.1522 (1.1053) time: 0.1136 data: 0.0001 max mem: 326
Epoch: [0] [265/266] eta: 0:00:00 lr: 0.000020 tier1_loss: 0.7342 (1.2777) tier2_loss: 0.2265 (1.1238) time: 0.1109 data: 0.0001 max mem: 326
Epoch: [0] Total time: 0:00:30 (30.5249 s / it)
Val [ 0/29] eta: 0:00:05 loss: 0.1256 (0.1256) acc1: 100.0000 (100.0000) time: 0.1760 data: 0.1171 max mem: 326
Val [28/29] eta: 0:00:00 loss: 0.1209 (1.1065) acc1: 100.0000 (68.9655) time: 0.0281 data: 0.0001 max mem: 326
Val Total time: 0:00:00 (0.9899 s / it)
* Acc@1 68.966 loss 1.106 auroc 0.511 f1_score 0.204
  per-class F1 (Val): {'negative': np.float32(0.816), 'itc': np.float32(0.0), 'micro': np.float32(0.0), 'macro': np.float32(0.0)}
  [DIAG] Tier1 сам по собі: acc=68.966 f1_macro=0.204
Test [  0/197] eta: 0:00:31 loss: 3.0693 (3.0693) acc1: 0.0000 (0.0000) time: 0.1612 data: 0.1073 max mem: 326
Test [100/197] eta: 0:00:03 loss: 0.1216 (1.4068) acc1: 100.0000 (59.4059) time: 0.0320 data: 0.0001 max mem: 326
Test [196/197] eta: 0:00:00 loss: 0.1194 (1.3421) acc1: 100.0000 (61.4213) time: 0.0338 data: 0.0001 max mem: 326
Test Total time: 0:00:06 (6.5151 s / it)
* Acc@1 61.421 loss 1.342 auroc 0.550 f1_score 0.190
  per-class F1 (Test): {'negative': np.float32(0.761), 'itc': np.float32(0.0), 'micro': np.float32(0.0), 'macro': np.float32(0.0)}
  [DIAG] Tier1 сам по собі: acc=61.421 f1_macro=0.190

Epoch: [1] [  0/266] eta: 0:01:07 lr: 0.000020 tier1_loss: 0.5954 (0.5954) tier2_loss: 0.1091 (0.1091) time: 0.2528 data: 0.1106 max mem: 326
Epoch: [1] [100/266] eta: 0:00:18 lr: 0.000028 tier1_loss: 0.3896 (1.1196) tier2_loss: 0.1939 (1.2976) time: 0.1149 data: 0.0001 max mem: 326
Epoch: [1] [200/266] eta: 0:00:07 lr: 0.000035 tier1_loss: 0.2309 (1.0020) tier2_loss: 0.0971 (1.1326) time: 0.1038 data: 0.0001 max mem: 326
Epoch: [1] [265/266] eta: 0:00:00 lr: 0.000040 tier1_loss: 0.1852 (1.0145) tier2_loss: 0.2311 (1.1428) time: 0.1078 data: 0.0001 max mem: 326
Epoch: [1] Total time: 0:00:28 (28.8824 s / it)
Val [ 0/29] eta: 0:00:04 loss: 0.1419 (0.1419) acc1: 100.0000 (100.0000) time: 0.1657 data: 0.1149 max mem: 326
Val [28/29] eta: 0:00:00 loss: 0.2843 (1.0445) acc1: 100.0000 (68.9655) time: 0.0284 data: 0.0001 max mem: 326
Val Total time: 0:00:01 (1.0098 s / it)
* Acc@1 68.966 loss 1.044 auroc 0.516 f1_score 0.204
  per-class F1 (Val): {'negative': np.float32(0.816), 'itc': np.float32(0.0), 'micro': np.float32(0.0), 'macro': np.float32(0.0)}
  [DIAG] Tier1 сам по собі: acc=68.966 f1_macro=0.204
Test [  0/197] eta: 0:00:33 loss: 2.4871 (2.4871) acc1: 0.0000 (0.0000) time: 0.1702 data: 0.1140 max mem: 326
Test [100/197] eta: 0:00:03 loss: 0.2428 (1.2930) acc1: 100.0000 (59.4059) time: 0.0303 data: 0.0001 max mem: 326
Test [196/197] eta: 0:00:00 loss: 0.1961 (1.2423) acc1: 100.0000 (61.4213) time: 0.0336 data: 0.0001 max mem: 326
Test Total time: 0:00:06 (6.4252 s / it)
* Acc@1 61.421 loss 1.242 auroc 0.513 f1_score 0.190
  per-class F1 (Test): {'negative': np.float32(0.761), 'itc': np.float32(0.0), 'micro': np.float32(0.0), 'macro': np.float32(0.0)}
  [DIAG] Tier1 сам по собі: acc=61.421 f1_macro=0.190

Epoch: [2] [  0/266] eta: 0:01:15 lr: 0.000040 tier1_loss: 0.2145 (0.2145) tier2_loss: 0.3704 (0.3704) time: 0.2829 data: 0.1463 max mem: 326
Epoch: [2] [100/266] eta: 0:00:17 lr: 0.000048 tier1_loss: 0.1681 (0.9982) tier2_loss: 0.1116 (1.0674) time: 0.1056 data: 0.0001 max mem: 326
Epoch: [2] [200/266] eta: 0:00:07 lr: 0.000055 tier1_loss: 0.1536 (1.0480) tier2_loss: 0.1351 (1.1081) time: 0.1114 data: 0.0001 max mem: 326
Epoch: [2] [265/266] eta: 0:00:00 lr: 0.000060 tier1_loss: 0.1774 (1.0941) tier2_loss: 0.1369 (1.1360) time: 0.1156 data: 0.0001 max mem: 326
Epoch: [2] Total time: 0:00:28 (28.7296 s / it)
Val [ 0/29] eta: 0:00:04 loss: 0.1322 (0.1322) acc1: 100.0000 (100.0000) time: 0.1534 data: 0.1203 max mem: 326
Val [28/29] eta: 0:00:00 loss: 0.1205 (1.0892) acc1: 100.0000 (68.9655) time: 0.0288 data: 0.0001 max mem: 326
Val Total time: 0:00:01 (1.0195 s / it)
* Acc@1 68.966 loss 1.089 auroc 0.560 f1_score 0.204
  per-class F1 (Val): {'negative': np.float32(0.816), 'itc': np.float32(0.0), 'micro': np.float32(0.0), 'macro': np.float32(0.0)}
  [DIAG] Tier1 сам по собі: acc=68.966 f1_macro=0.204
Test [  0/197] eta: 0:00:27 loss: 3.3261 (3.3261) acc1: 0.0000 (0.0000) time: 0.1417 data: 0.0994 max mem: 326
Test [100/197] eta: 0:00:02 loss: 0.1206 (1.3612) acc1: 100.0000 (59.4059) time: 0.0295 data: 0.0001 max mem: 326
Test [196/197] eta: 0:00:00 loss: 0.1146 (1.2717) acc1: 100.0000 (61.4213) time: 0.0332 data: 0.0001 max mem: 326
Test Total time: 0:00:06 (6.3331 s / it)
* Acc@1 61.421 loss 1.272 auroc 0.649 f1_score 0.190
  per-class F1 (Test): {'negative': np.float32(0.761), 'itc': np.float32(0.0), 'micro': np.float32(0.0), 'macro': np.float32(0.0)}
  [DIAG] Tier1 сам по собі: acc=61.421 f1_macro=0.190

Epoch: [3] [  0/266] eta: 0:01:10 lr: 0.000060 tier1_loss: 0.1428 (0.1428) tier2_loss: 0.0821 (0.0821) time: 0.2668 data: 0.1230 max mem: 326
Epoch: [3] [100/266] eta: 0:00:17 lr: 0.000068 tier1_loss: 0.1530 (1.0169) tier2_loss: 0.1257 (1.0528) time: 0.1050 data: 0.0001 max mem: 326
Epoch: [3] [200/266] eta: 0:00:07 lr: 0.000075 tier1_loss: 0.1473 (1.0650) tier2_loss: 0.2048 (1.0744) time: 0.1088 data: 0.0001 max mem: 326
Epoch: [3] [265/266] eta: 0:00:00 lr: 0.000080 tier1_loss: 0.1620 (1.0923) tier2_loss: 0.3870 (1.1046) time: 0.1123 data: 0.0001 max mem: 326
Epoch: [3] Total time: 0:00:29 (29.3484 s / it)
Val [ 0/29] eta: 0:00:05 loss: 0.2046 (0.2046) acc1: 100.0000 (100.0000) time: 0.1769 data: 0.1273 max mem: 326
Val [28/29] eta: 0:00:00 loss: 0.5204 (0.9832) acc1: 100.0000 (68.9655) time: 0.0286 data: 0.0001 max mem: 326
Val Total time: 0:00:01 (1.0617 s / it)
* Acc@1 68.966 loss 0.983 auroc 0.468 f1_score 0.204
  per-class F1 (Val): {'negative': np.float32(0.816), 'itc': np.float32(0.0), 'micro': np.float32(0.0), 'macro': np.float32(0.0)}
  [DIAG] Tier1 сам по собі: acc=68.966 f1_macro=0.204
Test [  0/197] eta: 0:00:29 loss: 2.4197 (2.4197) acc1: 0.0000 (0.0000) time: 0.1495 data: 0.1153 max mem: 326
Test [100/197] eta: 0:00:02 loss: 0.4908 (1.1715) acc1: 100.0000 (59.4059) time: 0.0290 data: 0.0001 max mem: 326
Test [196/197] eta: 0:00:00 loss: 0.3995 (1.1205) acc1: 100.0000 (61.4213) time: 0.0328 data: 0.0001 max mem: 326
Test Total time: 0:00:06 (6.2530 s / it)
* Acc@1 61.421 loss 1.120 auroc 0.456 f1_score 0.190
  per-class F1 (Test): {'negative': np.float32(0.761), 'itc': np.float32(0.0), 'micro': np.float32(0.0), 'macro': np.float32(0.0)}
  [DIAG] Tier1 сам по собі: acc=61.421 f1_macro=0.190

Epoch: [4] [  0/266] eta: 0:01:11 lr: 0.000080 tier1_loss: 2.3161 (2.3161) tier2_loss: 1.9001 (1.9001) time: 0.2702 data: 0.1191 max mem: 326
Epoch: [4] [100/266] eta: 0:00:18 lr: 0.000088 tier1_loss: 0.2372 (1.1107) tier2_loss: 0.2424 (1.1423) time: 0.1111 data: 0.0001 max mem: 326
Epoch: [4] [200/266] eta: 0:00:07 lr: 0.000095 tier1_loss: 0.1389 (1.0516) tier2_loss: 0.1430 (1.1052) time: 0.1163 data: 0.0001 max mem: 326
Epoch: [4] [265/266] eta: 0:00:00 lr: 0.000100 tier1_loss: 0.1603 (1.0505) tier2_loss: 0.1492 (1.1010) time: 0.0969 data: 0.0001 max mem: 326
Epoch: [4] Total time: 0:00:29 (29.3260 s / it)
Val [ 0/29] eta: 0:00:05 loss: 0.1276 (0.1276) acc1: 100.0000 (100.0000) time: 0.1735 data: 0.1249 max mem: 326
Val [28/29] eta: 0:00:00 loss: 0.1759 (1.1590) acc1: 100.0000 (68.9655) time: 0.0289 data: 0.0001 max mem: 326
Val Total time: 0:00:01 (1.0373 s / it)
* Acc@1 68.966 loss 1.159 auroc 0.517 f1_score 0.204
  per-class F1 (Val): {'negative': np.float32(0.816), 'itc': np.float32(0.0), 'micro': np.float32(0.0), 'macro': np.float32(0.0)}
  [DIAG] Tier1 сам по собі: acc=68.966 f1_macro=0.204
Test [  0/197] eta: 0:00:29 loss: 2.8556 (2.8556) acc1: 0.0000 (0.0000) time: 0.1497 data: 0.1130 max mem: 326
Test [100/197] eta: 0:00:02 loss: 0.1269 (1.3002) acc1: 100.0000 (62.3762) time: 0.0291 data: 0.0001 max mem: 326
Test [196/197] eta: 0:00:00 loss: 0.1004 (1.2321) acc1: 100.0000 (63.9594) time: 0.0309 data: 0.0001 max mem: 326
Test Total time: 0:00:06 (6.3103 s / it)
* Acc@1 63.959 loss 1.232 auroc 0.651 f1_score 0.254
  per-class F1 (Test): {'negative': np.float32(0.772), 'itc': np.float32(0.0), 'micro': np.float32(0.0), 'macro': np.float32(0.245)}
  [DIAG] Tier1 сам по собі: acc=61.421 f1_macro=0.190

Epoch: [5] [  0/266] eta: 0:01:13 lr: 0.000100 tier1_loss: 0.1233 (0.1233) tier2_loss: 0.1154 (0.1154) time: 0.2768 data: 0.0915 max mem: 326
Epoch: [5] [100/266] eta: 0:00:19 lr: 0.000100 tier1_loss: 0.1673 (1.0088) tier2_loss: 0.1531 (1.0618) time: 0.1026 data: 0.0001 max mem: 326
Epoch: [5] [200/266] eta: 0:00:07 lr: 0.000099 tier1_loss: 0.1487 (1.0043) tier2_loss: 0.1034 (1.0571) time: 0.1157 data: 0.0001 max mem: 326
Epoch: [5] [265/266] eta: 0:00:00 lr: 0.000099 tier1_loss: 0.1250 (1.0329) tier2_loss: 0.1040 (1.0857) time: 0.1093 data: 0.0001 max mem: 326
Epoch: [5] Total time: 0:00:30 (30.3180 s / it)
Val [ 0/29] eta: 0:00:04 loss: 0.1078 (0.1078) acc1: 100.0000 (100.0000) time: 0.1709 data: 0.1277 max mem: 326
Val [28/29] eta: 0:00:00 loss: 0.1311 (1.1826) acc1: 100.0000 (68.9655) time: 0.0289 data: 0.0001 max mem: 326
Val Total time: 0:00:01 (1.0242 s / it)
* Acc@1 68.966 loss 1.183 auroc 0.468 f1_score 0.204
  per-class F1 (Val): {'negative': np.float32(0.816), 'itc': np.float32(0.0), 'micro': np.float32(0.0), 'macro': np.float32(0.0)}
  [DIAG] Tier1 сам по собі: acc=68.966 f1_macro=0.204
Test [  0/197] eta: 0:00:30 loss: 3.0915 (3.0915) acc1: 0.0000 (0.0000) time: 0.1526 data: 0.1135 max mem: 326
Test [100/197] eta: 0:00:03 loss: 0.1240 (1.3594) acc1: 100.0000 (60.3960) time: 0.0305 data: 0.0001 max mem: 326
Test [196/197] eta: 0:00:00 loss: 0.1092 (1.3411) acc1: 100.0000 (61.9289) time: 0.0344 data: 0.0001 max mem: 326
Test Total time: 0:00:06 (6.2273 s / it)
* Acc@1 61.929 loss 1.341 auroc 0.582 f1_score 0.213
  per-class F1 (Test): {'negative': np.float32(0.762), 'itc': np.float32(0.0), 'micro': np.float32(0.0), 'macro': np.float32(0.089)}
  [DIAG] Tier1 сам по собі: acc=62.437 f1_macro=0.214

Epoch: [6] [  0/266] eta: 0:01:17 lr: 0.000099 tier1_loss: 0.1625 (0.1625) tier2_loss: 0.1258 (0.1258) time: 0.2909 data: 0.1272 max mem: 326
Epoch: [6] [100/266] eta: 0:00:20 lr: 0.000098 tier1_loss: 1.7303 (1.0966) tier2_loss: 1.9086 (1.1529) time: 0.1165 data: 0.0001 max mem: 326
Epoch: [6] [200/266] eta: 0:00:07 lr: 0.000097 tier1_loss: 0.1609 (1.0253) tier2_loss: 0.1842 (1.0882) time: 0.1181 data: 0.0001 max mem: 326
Epoch: [6] [265/266] eta: 0:00:00 lr: 0.000096 tier1_loss: 0.1637 (0.9989) tier2_loss: 0.1585 (1.0747) time: 0.1173 data: 0.0001 max mem: 326
Epoch: [6] Total time: 0:00:31 (31.5530 s / it)
Val [ 0/29] eta: 0:00:04 loss: 0.1124 (0.1124) acc1: 100.0000 (100.0000) time: 0.1685 data: 0.1280 max mem: 326
Val [28/29] eta: 0:00:00 loss: 0.1488 (1.1616) acc1: 100.0000 (65.5172) time: 0.0290 data: 0.0001 max mem: 326
Val Total time: 0:00:01 (1.0473 s / it)
* Acc@1 65.517 loss 1.162 auroc 0.549 f1_score 0.198
  per-class F1 (Val): {'negative': np.float32(0.792), 'itc': np.float32(0.0), 'micro': np.float32(0.0), 'macro': np.float32(0.0)}
  [DIAG] Tier1 сам по собі: acc=68.966 f1_macro=0.204
Test [  0/197] eta: 0:00:28 loss: 2.8332 (2.8332) acc1: 0.0000 (0.0000) time: 0.1448 data: 0.1066 max mem: 326
Test [100/197] eta: 0:00:02 loss: 0.1188 (1.1967) acc1: 100.0000 (64.3564) time: 0.0297 data: 0.0001 max mem: 326
Test [196/197] eta: 0:00:00 loss: 0.1042 (1.0593) acc1: 100.0000 (69.0355) time: 0.0369 data: 0.0001 max mem: 326
Test Total time: 0:00:06 (6.6526 s / it)
* Acc@1 69.036 loss 1.059 auroc 0.687 f1_score 0.335
  per-class F1 (Test): {'negative': np.float32(0.797), 'itc': np.float32(0.0), 'micro': np.float32(0.0), 'macro': np.float32(0.542)}
  [DIAG] Tier1 сам по собі: acc=68.591 f1_macro=0.325

Epoch: [7] [  0/266] eta: 0:01:07 lr: 0.000096 tier1_loss: 0.0643 (0.0643) tier2_loss: 0.0959 (0.0959) time: 0.2533 data: 0.1296 max mem: 326
Epoch: [7] [100/266] eta: 0:00:18 lr: 0.000094 tier1_loss: 0.1708 (0.9061) tier2_loss: 0.1322 (0.9679) time: 0.1135 data: 0.0001 max mem: 326
Epoch: [7] [200/266] eta: 0:00:07 lr: 0.000092 tier1_loss: 0.1991 (0.9725) tier2_loss: 0.1549 (1.0401) time: 0.0981 data: 0.0001 max mem: 326
Epoch: [7] [265/266] eta: 0:00:00 lr: 0.000091 tier1_loss: 0.1067 (0.9185) tier2_loss: 0.1066 (0.9843) time: 0.1063 data: 0.0001 max mem: 326
Epoch: [7] Total time: 0:00:28 (28.4622 s / it)
Val [ 0/29] eta: 0:00:03 loss: 0.0843 (0.0843) acc1: 100.0000 (100.0000) time: 0.1356 data: 0.0983 max mem: 326
Val [28/29] eta: 0:00:00 loss: 0.0979 (1.2781) acc1: 100.0000 (65.5172) time: 0.0283 data: 0.0001 max mem: 326
Val Total time: 0:00:00 (0.9601 s / it)
* Acc@1 65.517 loss 1.278 auroc 0.556 f1_score 0.198
  per-class F1 (Val): {'negative': np.float32(0.792), 'itc': np.float32(0.0), 'micro': np.float32(0.0), 'macro': np.float32(0.0)}
  [DIAG] Tier1 сам по собі: acc=68.103 f1_macro=0.203
Test [  0/197] eta: 0:00:30 loss: 3.3346 (3.3346) acc1: 0.0000 (0.0000) time: 0.1524 data: 0.1112 max mem: 326
Test [100/197] eta: 0:00:02 loss: 0.0795 (1.2122) acc1: 100.0000 (67.3267) time: 0.0295 data: 0.0001 max mem: 326
Test [196/197] eta: 0:00:00 loss: 0.0636 (1.0262) acc1: 100.0000 (72.5888) time: 0.0325 data: 0.0001 max mem: 326
Test Total time: 0:00:06 (6.2899 s / it)
* Acc@1 72.589 loss 1.026 auroc 0.721 f1_score 0.379
  per-class F1 (Test): {'negative': np.float32(0.819), 'itc': np.float32(0.0), 'micro': np.float32(0.0), 'macro': np.float32(0.697)}
  [DIAG] Tier1 сам по собі: acc=72.779 f1_macro=0.377

Epoch: [8] [  0/266] eta: 0:01:16 lr: 0.000091 tier1_loss: 0.1052 (0.1052) tier2_loss: 0.0728 (0.0728) time: 0.2889 data: 0.1415 max mem: 326
Epoch: [8] [100/266] eta: 0:00:18 lr: 0.000088 tier1_loss: 0.1154 (0.9723) tier2_loss: 0.1062 (1.1049) time: 0.1094 data: 0.0001 max mem: 326
Epoch: [8] [200/266] eta: 0:00:07 lr: 0.000085 tier1_loss: 0.0929 (0.9371) tier2_loss: 0.0769 (1.0233) time: 0.1116 data: 0.0001 max mem: 326
Epoch: [8] [265/266] eta: 0:00:00 lr: 0.000084 tier1_loss: 0.0584 (0.8900) tier2_loss: 0.0519 (0.9674) time: 0.1109 data: 0.0001 max mem: 326
Epoch: [8] Total time: 0:00:29 (29.6773 s / it)
Val [ 0/29] eta: 0:00:04 loss: 0.0647 (0.0647) acc1: 100.0000 (100.0000) time: 0.1512 data: 0.1128 max mem: 326
Val [28/29] eta: 0:00:00 loss: 0.0600 (1.1712) acc1: 100.0000 (68.9655) time: 0.0287 data: 0.0001 max mem: 326
Val Total time: 0:00:01 (1.0139 s / it)
* Acc@1 68.966 loss 1.171 auroc 0.658 f1_score 0.302
  per-class F1 (Val): {'negative': np.float32(0.809), 'itc': np.float32(0.0), 'micro': np.float32(0.0), 'macro': np.float32(0.4)}
  [DIAG] Tier1 сам по собі: acc=69.828 f1_macro=0.304
Test [  0/197] eta: 0:00:29 loss: 3.4552 (3.4552) acc1: 0.0000 (0.0000) time: 0.1489 data: 0.1092 max mem: 326
Test [100/197] eta: 0:00:02 loss: 0.0603 (1.0777) acc1: 100.0000 (70.2970) time: 0.0294 data: 0.0001 max mem: 326
Test [196/197] eta: 0:00:00 loss: 0.0459 (0.8789) acc1: 100.0000 (76.6497) time: 0.0329 data: 0.0001 max mem: 326
Test Total time: 0:00:06 (6.2634 s / it)
* Acc@1 76.650 loss 0.879 auroc 0.766 f1_score 0.417
  per-class F1 (Test): {'negative': np.float32(0.843), 'itc': np.float32(0.0), 'micro': np.float32(0.0), 'macro': np.float32(0.825)}
  [DIAG] Tier1 сам по собі: acc=77.030 f1_macro=0.420

Epoch: [9] [  0/266] eta: 0:01:02 lr: 0.000084 tier1_loss: 0.1554 (0.1554) tier2_loss: 0.0875 (0.0875) time: 0.2366 data: 0.0996 max mem: 326
Epoch: [9] [100/266] eta: 0:00:17 lr: 0.000081 tier1_loss: 0.0793 (0.6932) tier2_loss: 0.0480 (0.6951) time: 0.0953 data: 0.0001 max mem: 326
Epoch: [9] [200/266] eta: 0:00:06 lr: 0.000077 tier1_loss: 0.1127 (0.8017) tier2_loss: 0.0987 (0.8627) time: 0.1022 data: 0.0001 max mem: 326
Epoch: [9] [265/266] eta: 0:00:00 lr: 0.000075 tier1_loss: 0.0531 (0.7943) tier2_loss: 0.0435 (0.8475) time: 0.0985 data: 0.0001 max mem: 326
Epoch: [9] Total time: 0:00:27 (27.2142 s / it)
Val [ 0/29] eta: 0:00:04 loss: 0.0444 (0.0444) acc1: 100.0000 (100.0000) time: 0.1588 data: 0.1252 max mem: 326
Val [28/29] eta: 0:00:00 loss: 0.0508 (1.3625) acc1: 100.0000 (68.9655) time: 0.0284 data: 0.0001 max mem: 326
Val Total time: 0:00:00 (0.9927 s / it)
* Acc@1 68.966 loss 1.362 auroc 0.630 f1_score 0.302
  per-class F1 (Val): {'negative': np.float32(0.809), 'itc': np.float32(0.0), 'micro': np.float32(0.0), 'macro': np.float32(0.4)}
  [DIAG] Tier1 сам по собі: acc=69.397 f1_macro=0.303
Test [  0/197] eta: 0:00:31 loss: 3.6104 (3.6104) acc1: 0.0000 (0.0000) time: 0.1580 data: 0.1194 max mem: 326
Test [100/197] eta: 0:00:02 loss: 0.0436 (1.0355) acc1: 100.0000 (73.2673) time: 0.0292 data: 0.0001 max mem: 326
Test [196/197] eta: 0:00:00 loss: 0.0299 (0.8750) acc1: 100.0000 (77.6650) time: 0.0279 data: 0.0001 max mem: 326
Test Total time: 0:00:05 (5.9767 s / it)
* Acc@1 77.665 loss 0.875 auroc 0.783 f1_score 0.425
  per-class F1 (Test): {'negative': np.float32(0.855), 'itc': np.float32(0.0), 'micro': np.float32(0.0), 'macro': np.float32(0.843)}
  [DIAG] Tier1 сам по собі: acc=78.490 f1_macro=0.431

Epoch: [10] [  0/266] eta: 0:01:00 lr: 0.000075 tier1_loss: 0.0585 (0.0585) tier2_loss: 0.0167 (0.0167) time: 0.2257 data: 0.0937 max mem: 326
Epoch: [10] [100/266] eta: 0:00:18 lr: 0.000072 tier1_loss: 0.0418 (0.7056) tier2_loss: 0.0252 (0.7816) time: 0.1128 data: 0.0001 max mem: 326
Epoch: [10] [200/266] eta: 0:00:07 lr: 0.000068 tier1_loss: 0.1446 (0.7988) tier2_loss: 0.1518 (0.8984) time: 0.0888 data: 0.0001 max mem: 326
Epoch: [10] [265/266] eta: 0:00:00 lr: 0.000066 tier1_loss: 0.0585 (0.7435) tier2_loss: 0.0353 (0.8397) time: 0.0873 data: 0.0001 max mem: 326
Epoch: [10] Total time: 0:00:27 (27.8719 s / it)
Val [ 0/29] eta: 0:00:04 loss: 0.0466 (0.0466) acc1: 100.0000 (100.0000) time: 0.1644 data: 0.1233 max mem: 326
Val [28/29] eta: 0:00:00 loss: 0.0271 (1.2258) acc1: 100.0000 (68.9655) time: 0.0293 data: 0.0001 max mem: 326
Val Total time: 0:00:01 (1.0230 s / it)
* Acc@1 68.966 loss 1.226 auroc 0.754 f1_score 0.302
  per-class F1 (Val): {'negative': np.float32(0.809), 'itc': np.float32(0.0), 'micro': np.float32(0.0), 'macro': np.float32(0.4)}
  [DIAG] Tier1 сам по собі: acc=68.966 f1_macro=0.300
Test [  0/197] eta: 0:00:30 loss: 2.5995 (2.5995) acc1: 0.0000 (0.0000) time: 0.1527 data: 0.1106 max mem: 326
Test [100/197] eta: 0:00:03 loss: 0.0348 (0.9497) acc1: 100.0000 (75.2475) time: 0.0297 data: 0.0001 max mem: 326
Test [196/197] eta: 0:00:00 loss: 0.0203 (0.7876) acc1: 100.0000 (80.2030) time: 0.0279 data: 0.0001 max mem: 326
Test Total time: 0:00:06 (6.0491 s / it)
* Acc@1 80.203 loss 0.788 auroc 0.800 f1_score 0.443
  per-class F1 (Test): {'negative': np.float32(0.879), 'itc': np.float32(0.0), 'micro': np.float32(0.0), 'macro': np.float32(0.894)}
  [DIAG] Tier1 сам по собі: acc=80.838 f1_macro=0.448

Epoch: [11] [  0/266] eta: 0:01:00 lr: 0.000066 tier1_loss: 0.0258 (0.0258) tier2_loss: 0.0238 (0.0238) time: 0.2280 data: 0.1061 max mem: 326
Epoch: [11] [100/266] eta: 0:00:18 lr: 0.000062 tier1_loss: 0.0450 (0.6210) tier2_loss: 0.0154 (0.6108) time: 0.1007 data: 0.0001 max mem: 326
Epoch: [11] [200/266] eta: 0:00:07 lr: 0.000058 tier1_loss: 0.0543 (0.6538) tier2_loss: 0.0314 (0.7308) time: 0.0986 data: 0.0001 max mem: 326
Epoch: [11] [265/266] eta: 0:00:00 lr: 0.000056 tier1_loss: 0.0884 (0.6674) tier2_loss: 0.0336 (0.7168) time: 0.0984 data: 0.0001 max mem: 326
Epoch: [11] Total time: 0:00:27 (27.6604 s / it)
Val [ 0/29] eta: 0:00:04 loss: 0.0444 (0.0444) acc1: 100.0000 (100.0000) time: 0.1567 data: 0.1169 max mem: 326
Val [28/29] eta: 0:00:00 loss: 0.0314 (1.1221) acc1: 100.0000 (72.4138) time: 0.0286 data: 0.0001 max mem: 326
Val Total time: 0:00:00 (0.9891 s / it)
* Acc@1 72.414 loss 1.122 auroc 0.737 f1_score 0.373
  per-class F1 (Val): {'negative': np.float32(0.826), 'itc': np.float32(0.0), 'micro': np.float32(0.0), 'macro': np.float32(0.667)}
  [DIAG] Tier1 сам по собі: acc=73.276 f1_macro=0.404
Test [  0/197] eta: 0:00:30 loss: 1.0987 (1.0987) acc1: 0.0000 (0.0000) time: 0.1523 data: 0.1112 max mem: 326
Test [100/197] eta: 0:00:03 loss: 0.0405 (0.7544) acc1: 100.0000 (78.2178) time: 0.0298 data: 0.0001 max mem: 326
Test [196/197] eta: 0:00:00 loss: 0.0158 (0.6986) acc1: 100.0000 (81.2183) time: 0.0276 data: 0.0001 max mem: 326
Test Total time: 0:00:06 (6.0490 s / it)
* Acc@1 81.218 loss 0.699 auroc 0.821 f1_score 0.491
  per-class F1 (Test): {'negative': np.float32(0.886), 'itc': np.float32(0.0), 'micro': np.float32(0.167), 'macro': np.float32(0.911)}
  [DIAG] Tier1 сам по собі: acc=80.711 f1_macro=0.458

Epoch: [12] [  0/266] eta: 0:00:59 lr: 0.000056 tier1_loss: 0.0770 (0.0770) tier2_loss: 0.0277 (0.0277) time: 0.2241 data: 0.1006 max mem: 326
Epoch: [12] [100/266] eta: 0:00:20 lr: 0.000052 tier1_loss: 0.0867 (0.6932) tier2_loss: 0.0267 (0.6611) time: 0.1056 data: 0.0001 max mem: 326
Epoch: [12] [200/266] eta: 0:00:07 lr: 0.000048 tier1_loss: 0.1978 (0.6876) tier2_loss: 0.0620 (0.6371) time: 0.1049 data: 0.0001 max mem: 326
Epoch: [12] [265/266] eta: 0:00:00 lr: 0.000045 tier1_loss: 0.0280 (0.5964) tier2_loss: 0.0082 (0.5288) time: 0.1014 data: 0.0001 max mem: 326
Epoch: [12] Total time: 0:00:29 (29.6701 s / it)
Val [ 0/29] eta: 0:00:04 loss: 0.0161 (0.0161) acc1: 100.0000 (100.0000) time: 0.1589 data: 0.1167 max mem: 326
Val [28/29] eta: 0:00:00 loss: 0.0117 (1.2915) acc1: 100.0000 (75.8621) time: 0.0291 data: 0.0001 max mem: 326
Val Total time: 0:00:01 (1.0196 s / it)
* Acc@1 75.862 loss 1.291 auroc 0.799 f1_score 0.379
  per-class F1 (Val): {'negative': np.float32(0.851), 'itc': np.float32(0.0), 'micro': np.float32(0.0), 'macro': np.float32(0.667)}
  [DIAG] Tier1 сам по собі: acc=73.707 f1_macro=0.418
Test [  0/197] eta: 0:00:31 loss: 2.4374 (2.4374) acc1: 0.0000 (0.0000) time: 0.1594 data: 0.1155 max mem: 326
Test [100/197] eta: 0:00:03 loss: 0.0161 (0.8961) acc1: 100.0000 (78.2178) time: 0.0298 data: 0.0001 max mem: 326
Test [196/197] eta: 0:00:00 loss: 0.0066 (0.8116) acc1: 100.0000 (81.7259) time: 0.0283 data: 0.0001 max mem: 326
Test Total time: 0:00:06 (6.0242 s / it)
* Acc@1 81.726 loss 0.812 auroc 0.846 f1_score 0.475
  per-class F1 (Test): {'negative': np.float32(0.891), 'itc': np.float32(0.0), 'micro': np.float32(0.095), 'macro': np.float32(0.913)}
  [DIAG] Tier1 сам по собі: acc=81.028 f1_macro=0.467

Epoch: [13] [  0/266] eta: 0:01:10 lr: 0.000045 tier1_loss: 0.0117 (0.0117) tier2_loss: 0.0066 (0.0066) time: 0.2660 data: 0.1144 max mem: 326
Epoch: [13] [100/266] eta: 0:00:18 lr: 0.000041 tier1_loss: 0.0308 (0.5550) tier2_loss: 0.0133 (0.5128) time: 0.1032 data: 0.0001 max mem: 326
Epoch: [13] [200/266] eta: 0:00:07 lr: 0.000038 tier1_loss: 0.0391 (0.5031) tier2_loss: 0.0108 (0.4726) time: 0.1049 data: 0.0001 max mem: 326
Epoch: [13] [265/266] eta: 0:00:00 lr: 0.000035 tier1_loss: 0.0223 (0.5509) tier2_loss: 0.0190 (0.5146) time: 0.1009 data: 0.0001 max mem: 326
Epoch: [13] Total time: 0:00:29 (29.0007 s / it)
Val [ 0/29] eta: 0:00:04 loss: 0.0581 (0.0581) acc1: 100.0000 (100.0000) time: 0.1534 data: 0.1194 max mem: 326
Val [28/29] eta: 0:00:00 loss: 0.0310 (1.0515) acc1: 100.0000 (79.3103) time: 0.0288 data: 0.0001 max mem: 326
Val Total time: 0:00:01 (1.0073 s / it)
* Acc@1 79.310 loss 1.051 auroc 0.773 f1_score 0.530
  per-class F1 (Val): {'negative': np.float32(0.884), 'itc': np.float32(0.0), 'micro': np.float32(0.571), 'macro': np.float32(0.667)}
  [DIAG] Tier1 сам по собі: acc=75.862 f1_macro=0.474
Test [  0/197] eta: 0:00:29 loss: 0.0821 (0.0821) acc1: 100.0000 (100.0000) time: 0.1504 data: 0.1149 max mem: 326
Test [100/197] eta: 0:00:03 loss: 0.0881 (0.6893) acc1: 100.0000 (79.2079) time: 0.0299 data: 0.0001 max mem: 326
Test [196/197] eta: 0:00:00 loss: 0.0081 (0.8435) acc1: 100.0000 (78.1726) time: 0.0290 data: 0.0001 max mem: 326
Test Total time: 0:00:06 (6.0392 s / it)
* Acc@1 78.173 loss 0.844 auroc 0.857 f1_score 0.539
  per-class F1 (Test): {'negative': np.float32(0.869), 'itc': np.float32(0.0), 'micro': np.float32(0.391), 'macro': np.float32(0.894)}
  [DIAG] Tier1 сам по собі: acc=81.472 f1_macro=0.516

Epoch: [14] [  0/266] eta: 0:01:15 lr: 0.000035 tier1_loss: 0.0106 (0.0106) tier2_loss: 0.0089 (0.0089) time: 0.2839 data: 0.1399 max mem: 326
Epoch: [14] [100/266] eta: 0:00:20 lr: 0.000032 tier1_loss: 0.0660 (0.4877) tier2_loss: 0.0180 (0.4139) time: 0.1171 data: 0.0001 max mem: 326
Epoch: [14] [200/266] eta: 0:00:07 lr: 0.000028 tier1_loss: 0.0262 (0.4433) tier2_loss: 0.0087 (0.3558) time: 0.1082 data: 0.0001 max mem: 326
Epoch: [14] [265/266] eta: 0:00:00 lr: 0.000026 tier1_loss: 0.0479 (0.5157) tier2_loss: 0.0209 (0.4188) time: 0.1118 data: 0.0001 max mem: 326
Epoch: [14] Total time: 0:00:30 (30.1544 s / it)
Val [ 0/29] eta: 0:00:04 loss: 0.0358 (0.0358) acc1: 100.0000 (100.0000) time: 0.1622 data: 0.1222 max mem: 326
Val [28/29] eta: 0:00:00 loss: 0.0167 (1.1134) acc1: 100.0000 (79.3103) time: 0.0287 data: 0.0001 max mem: 326
Val Total time: 0:00:01 (1.0118 s / it)
* Acc@1 79.310 loss 1.113 auroc 0.779 f1_score 0.530
  per-class F1 (Val): {'negative': np.float32(0.884), 'itc': np.float32(0.0), 'micro': np.float32(0.571), 'macro': np.float32(0.667)}
  [DIAG] Tier1 сам по собі: acc=77.155 f1_macro=0.499
Test [  0/197] eta: 0:00:31 loss: 0.0820 (0.0820) acc1: 100.0000 (100.0000) time: 0.1601 data: 0.1076 max mem: 326
Test [100/197] eta: 0:00:03 loss: 0.0733 (0.6932) acc1: 100.0000 (80.1980) time: 0.0311 data: 0.0001 max mem: 326
Test [196/197] eta: 0:00:00 loss: 0.0052 (0.7410) acc1: 100.0000 (80.2030) time: 0.0279 data: 0.0001 max mem: 326
Test Total time: 0:00:06 (6.0663 s / it)
* Acc@1 80.203 loss 0.741 auroc 0.866 f1_score 0.545
  per-class F1 (Test): {'negative': np.float32(0.886), 'itc': np.float32(0.0), 'micro': np.float32(0.389), 'macro': np.float32(0.903)}
  [DIAG] Tier1 сам по собі: acc=82.614 f1_macro=0.546

Epoch: [15] [  0/266] eta: 0:01:09 lr: 0.000026 tier1_loss: 0.6681 (0.6681) tier2_loss: 0.0234 (0.0234) time: 0.2604 data: 0.1145 max mem: 326
Epoch: [15] [100/266] eta: 0:00:19 lr: 0.000022 tier1_loss: 0.0746 (0.4747) tier2_loss: 0.0291 (0.3516) time: 0.1081 data: 0.0001 max mem: 326
Epoch: [15] [200/266] eta: 0:00:07 lr: 0.000019 tier1_loss: 0.0306 (0.4161) tier2_loss: 0.0074 (0.2995) time: 0.1071 data: 0.0001 max mem: 326
Epoch: [15] [265/266] eta: 0:00:00 lr: 0.000017 tier1_loss: 0.3298 (0.4955) tier2_loss: 0.0224 (0.3784) time: 0.1057 data: 0.0001 max mem: 326
Epoch: [15] Total time: 0:00:28 (28.8734 s / it)
Val [ 0/29] eta: 0:00:04 loss: 0.0345 (0.0345) acc1: 100.0000 (100.0000) time: 0.1636 data: 0.1278 max mem: 326
Val [28/29] eta: 0:00:00 loss: 0.0110 (1.2181) acc1: 100.0000 (79.3103) time: 0.0292 data: 0.0001 max mem: 326
Val Total time: 0:00:01 (1.0206 s / it)
* Acc@1 79.310 loss 1.218 auroc 0.776 f1_score 0.530
  per-class F1 (Val): {'negative': np.float32(0.884), 'itc': np.float32(0.0), 'micro': np.float32(0.571), 'macro': np.float32(0.667)}
  [DIAG] Tier1 сам по собі: acc=78.017 f1_macro=0.517
Test [  0/197] eta: 0:00:30 loss: 0.0706 (0.0706) acc1: 100.0000 (100.0000) time: 0.1535 data: 0.1095 max mem: 326
Test [100/197] eta: 0:00:03 loss: 0.0707 (0.7459) acc1: 100.0000 (81.1881) time: 0.0304 data: 0.0001 max mem: 326
Test [196/197] eta: 0:00:00 loss: 0.0039 (0.8219) acc1: 100.0000 (79.6954) time: 0.0282 data: 0.0001 max mem: 326
Test Total time: 0:00:06 (6.0792 s / it)
* Acc@1 79.695 loss 0.822 auroc 0.867 f1_score 0.550
  per-class F1 (Test): {'negative': np.float32(0.88), 'itc': np.float32(0.0), 'micro': np.float32(0.419), 'macro': np.float32(0.903)}
  [DIAG] Tier1 сам по собі: acc=82.424 f1_macro=0.561

Epoch: [16] [  0/266] eta: 0:00:59 lr: 0.000017 tier1_loss: 0.1987 (0.1987) tier2_loss: 0.0042 (0.0042) time: 0.2239 data: 0.1112 max mem: 326
Epoch: [16] [100/266] eta: 0:00:19 lr: 0.000015 tier1_loss: 0.0352 (0.4104) tier2_loss: 0.0073 (0.2224) time: 0.1061 data: 0.0001 max mem: 326
Epoch: [16] [200/266] eta: 0:00:07 lr: 0.000012 tier1_loss: 0.0295 (0.4108) tier2_loss: 0.0051 (0.2470) time: 0.1160 data: 0.0001 max mem: 326
Epoch: [16] [265/266] eta: 0:00:00 lr: 0.000010 tier1_loss: 0.0267 (0.4634) tier2_loss: 0.0071 (0.3237) time: 0.1068 data: 0.0001 max mem: 326
Epoch: [16] Total time: 0:00:29 (29.5967 s / it)
Val [ 0/29] eta: 0:00:04 loss: 0.0296 (0.0296) acc1: 100.0000 (100.0000) time: 0.1662 data: 0.1253 max mem: 326
Val [28/29] eta: 0:00:00 loss: 0.0077 (1.2830) acc1: 100.0000 (75.8621) time: 0.0287 data: 0.0001 max mem: 326
Val Total time: 0:00:01 (1.0322 s / it)
* Acc@1 75.862 loss 1.283 auroc 0.795 f1_score 0.506
  per-class F1 (Val): {'negative': np.float32(0.857), 'itc': np.float32(0.0), 'micro': np.float32(0.5), 'macro': np.float32(0.667)}
  [DIAG] Tier1 сам по собі: acc=78.017 f1_macro=0.519
Test [  0/197] eta: 0:00:29 loss: 0.1099 (0.1099) acc1: 100.0000 (100.0000) time: 0.1496 data: 0.1135 max mem: 326
Test [100/197] eta: 0:00:03 loss: 0.0785 (0.7721) acc1: 100.0000 (80.1980) time: 0.0295 data: 0.0001 max mem: 326
Test [196/197] eta: 0:00:00 loss: 0.0032 (0.8451) acc1: 100.0000 (79.6954) time: 0.0278 data: 0.0001 max mem: 326
Test Total time: 0:00:06 (6.0356 s / it)
* Acc@1 79.695 loss 0.845 auroc 0.871 f1_score 0.545
  per-class F1 (Test): {'negative': np.float32(0.888), 'itc': np.float32(0.0), 'micro': np.float32(0.39), 'macro': np.float32(0.903)}
  [DIAG] Tier1 сам по собі: acc=82.043 f1_macro=0.538

Epoch: [17] [  0/266] eta: 0:01:03 lr: 0.000010 tier1_loss: 0.1850 (0.1850) tier2_loss: 0.0116 (0.0116) time: 0.2381 data: 0.1248 max mem: 326
Epoch: [17] [100/266] eta: 0:00:19 lr: 0.000008 tier1_loss: 0.0374 (0.3773) tier2_loss: 0.0060 (0.1901) time: 0.1004 data: 0.0001 max mem: 326
Epoch: [17] [200/266] eta: 0:00:07 lr: 0.000006 tier1_loss: 0.0361 (0.5220) tier2_loss: 0.0067 (0.3589) time: 0.1052 data: 0.0001 max mem: 326
Epoch: [17] [265/266] eta: 0:00:00 lr: 0.000005 tier1_loss: 0.0329 (0.4645) tier2_loss: 0.0047 (0.2982) time: 0.1167 data: 0.0001 max mem: 326
Epoch: [17] Total time: 0:00:29 (29.4633 s / it)
Val [ 0/29] eta: 0:00:05 loss: 0.0244 (0.0244) acc1: 100.0000 (100.0000) time: 0.1761 data: 0.1390 max mem: 326
Val [28/29] eta: 0:00:00 loss: 0.0059 (1.3008) acc1: 100.0000 (75.8621) time: 0.0285 data: 0.0001 max mem: 326
Val Total time: 0:00:01 (1.0146 s / it)
* Acc@1 75.862 loss 1.301 auroc 0.808 f1_score 0.506
  per-class F1 (Val): {'negative': np.float32(0.857), 'itc': np.float32(0.0), 'micro': np.float32(0.5), 'macro': np.float32(0.667)}
  [DIAG] Tier1 сам по собі: acc=78.879 f1_macro=0.527
Test [  0/197] eta: 0:00:30 loss: 0.1522 (0.1522) acc1: 100.0000 (100.0000) time: 0.1570 data: 0.1188 max mem: 326
Test [100/197] eta: 0:00:03 loss: 0.0600 (0.8448) acc1: 100.0000 (80.1980) time: 0.0305 data: 0.0001 max mem: 326
Test [196/197] eta: 0:00:00 loss: 0.0028 (0.8792) acc1: 100.0000 (79.6954) time: 0.0279 data: 0.0001 max mem: 326
Test Total time: 0:00:06 (6.1269 s / it)
* Acc@1 79.695 loss 0.879 auroc 0.856 f1_score 0.549
  per-class F1 (Test): {'negative': np.float32(0.881), 'itc': np.float32(0.0), 'micro': np.float32(0.41), 'macro': np.float32(0.903)}
  [DIAG] Tier1 сам по собі: acc=82.360 f1_macro=0.546

Epoch: [18] [  0/266] eta: 0:01:04 lr: 0.000005 tier1_loss: 0.0229 (0.0229) tier2_loss: 0.0028 (0.0028) time: 0.2420 data: 0.1110 max mem: 326
Epoch: [18] [100/266] eta: 0:00:18 lr: 0.000004 tier1_loss: 0.0701 (0.4355) tier2_loss: 0.0106 (0.2210) time: 0.1019 data: 0.0001 max mem: 326
Epoch: [18] [200/266] eta: 0:00:07 lr: 0.000003 tier1_loss: 0.0269 (0.4086) tier2_loss: 0.0078 (0.2571) time: 0.0999 data: 0.0001 max mem: 326
Epoch: [18] [265/266] eta: 0:00:00 lr: 0.000002 tier1_loss: 0.0657 (0.4667) tier2_loss: 0.0089 (0.2933) time: 0.1030 data: 0.0001 max mem: 326
Epoch: [18] Total time: 0:00:29 (29.0119 s / it)
Val [ 0/29] eta: 0:00:04 loss: 0.0238 (0.0238) acc1: 100.0000 (100.0000) time: 0.1687 data: 0.1319 max mem: 326
Val [28/29] eta: 0:00:00 loss: 0.0054 (1.3282) acc1: 100.0000 (75.8621) time: 0.0302 data: 0.0001 max mem: 326
Val Total time: 0:00:01 (1.0767 s / it)
* Acc@1 75.862 loss 1.328 auroc 0.798 f1_score 0.506
  per-class F1 (Val): {'negative': np.float32(0.857), 'itc': np.float32(0.0), 'micro': np.float32(0.5), 'macro': np.float32(0.667)}
  [DIAG] Tier1 сам по собі: acc=78.879 f1_macro=0.529
Test [  0/197] eta: 0:00:31 loss: 0.2564 (0.2564) acc1: 100.0000 (100.0000) time: 0.1621 data: 0.1129 max mem: 326
Test [100/197] eta: 0:00:03 loss: 0.1004 (0.8383) acc1: 100.0000 (80.1980) time: 0.0293 data: 0.0001 max mem: 326
Test [196/197] eta: 0:00:00 loss: 0.0026 (0.8985) acc1: 100.0000 (79.1878) time: 0.0268 data: 0.0001 max mem: 326
Test Total time: 0:00:05 (5.8789 s / it)
* Acc@1 79.188 loss 0.898 auroc 0.867 f1_score 0.534
  per-class F1 (Test): {'negative': np.float32(0.884), 'itc': np.float32(0.0), 'micro': np.float32(0.35), 'macro': np.float32(0.903)}
  [DIAG] Tier1 сам по собі: acc=82.107 f1_macro=0.542

Epoch: [19] [  0/266] eta: 0:01:01 lr: 0.000002 tier1_loss: 0.0158 (0.0158) tier2_loss: 0.0036 (0.0036) time: 0.2294 data: 0.1160 max mem: 326
Epoch: [19] [100/266] eta: 0:00:19 lr: 0.000001 tier1_loss: 0.0319 (0.4256) tier2_loss: 0.0044 (0.1615) time: 0.1168 data: 0.0001 max mem: 326
Epoch: [19] [200/266] eta: 0:00:07 lr: 0.000001 tier1_loss: 0.0425 (0.4200) tier2_loss: 0.0098 (0.2338) time: 0.0973 data: 0.0001 max mem: 326
Epoch: [19] [265/266] eta: 0:00:00 lr: 0.000001 tier1_loss: 0.0692 (0.4542) tier2_loss: 0.0141 (0.2840) time: 0.0968 data: 0.0001 max mem: 326
Epoch: [19] Total time: 0:00:28 (28.7697 s / it)
Val [ 0/29] eta: 0:00:04 loss: 0.0241 (0.0241) acc1: 100.0000 (100.0000) time: 0.1483 data: 0.1165 max mem: 326
Val [28/29] eta: 0:00:00 loss: 0.0054 (1.3208) acc1: 100.0000 (79.3103) time: 0.0289 data: 0.0001 max mem: 326
Val Total time: 0:00:01 (1.0042 s / it)
* Acc@1 79.310 loss 1.321 auroc 0.804 f1_score 0.530
  per-class F1 (Val): {'negative': np.float32(0.884), 'itc': np.float32(0.0), 'micro': np.float32(0.571), 'macro': np.float32(0.667)}
  [DIAG] Tier1 сам по собі: acc=79.310 f1_macro=0.530
wandb: 
wandb: Run history:
wandb: diag/test_tier1_acc ▁▁▁▁▁▁▃▅▆▇▇▇▇███████
wandb:  diag/test_tier1_f1 ▁▁▁▁▁▁▄▅▅▆▆▆▆▇██████
wandb:       perf/test_auc ▃▂▄▁▄▃▅▅▆▇▇▇████████
wandb:        perf/test_f1 ▁▁▁▁▂▁▄▅▅▆▆▇▇███████
wandb:        perf/val_auc ▂▂▃▁▂▁▃▃▅▄▇▇█▇▇▇████
wandb:         perf/val_f1 ▁▁▁▁▁▁▁▁▃▃▃▅▅███▇▇▇█
wandb:          tier1_loss ▃▃▃▂▅▆▂▁▁▇▁▁▁▂▅▁▁▆▇▁▁▁█▁▁▄▁▁▁█▁▁▁▁▁▁▂▁▁▆
wandb:          tier2_loss ▂▁▁▁▁▁▁▆▁▇▁▆▅▁▁▅▁▅█▁▁▁▁█▁▁▁▂▁▂▁▁▁▇▁▁▁▁▁▁
wandb: 
wandb: Run summary:
wandb: diag/test_tier1_acc 82.55076
wandb:  diag/test_tier1_f1 0.55308
wandb:       perf/test_auc 0.87071
wandb:        perf/test_f1 0.5454
wandb:        perf/val_auc 0.80385
wandb:         perf/val_f1 0.53045
wandb:          tier1_loss 3.59299
wandb:          tier2_loss 1.00333
wandb: 
wandb: You can sync this run to the cloud by running:
wandb: wandb sync /data/bohatyrenko1/EXPERIMENTS_2/Hi-MoE_MIL/wandb/offline-run-20260925_104251-sj28nsce
wandb: Find logs at: ./wandb/offline-run-20260925_104251-sj28nsce/logs
Test [  0/197] eta: 0:00:31 loss: 0.2114 (0.2114) acc1: 100.0000 (100.0000) time: 0.1615 data: 0.1196 max mem: 326
Test [100/197] eta: 0:00:02 loss: 0.0701 (0.8349) acc1: 100.0000 (80.1980) time: 0.0297 data: 0.0001 max mem: 326
Test [196/197] eta: 0:00:00 loss: 0.0026 (0.9021) acc1: 100.0000 (79.6954) time: 0.0277 data: 0.0001 max mem: 326
Test Total time: 0:00:05 (5.9843 s / it)
* Acc@1 79.695 loss 0.902 auroc 0.871 f1_score 0.545
  per-class F1 (Test): {'negative': np.float32(0.888), 'itc': np.float32(0.0), 'micro': np.float32(0.4), 'macro': np.float32(0.894)}
  [DIAG] Tier1 сам по собі: acc=82.551 f1_macro=0.553

============================================================
FINAL EPOCH (19) RESULTS (DTFD-ASMIL v2):
  test_auc=0.8707 test_acc=79.70 test_f1(macro)=0.5454
  [DIAG] Tier1 сам по собі: acc=82.551 f1_macro=0.553
  test per-class F1: {'negative': np.float32(0.888), 'itc': np.float32(0.0), 'micro': np.float32(0.4), 'macro': np.float32(0.894)}
  test confusion matrix (rows=true, cols=pred):
          negative         itc       micro       macro
negative        107           2           9           3
     itc         11           0           5           0
   micro          2           1           8           7
   macro          0           0           0          42
============================================================
Best epoch: {'epoch': 19, 'val_f1': 0.5304540395736694, 'val_auc': 0.8038461208343506, 'test_f1': 0.5453959703445435, 'test_auc': 0.8707078695297241}
