wandb: Tracking run with wandb version 0.28.0
wandb: W&B syncing is set to `offline` in this directory. Run `wandb online` or set WANDB_MODE=online to enable cloud syncing.
wandb: Run data is saved locally in /data/bohatyrenko1/EXPERIMENTS_2/Hi-MoE_MIL/wandb/offline-run-20260922_091413-k8hy7seg
wandb: View this run in the terminal with `wandb leet`
Used config (DTFD-ASMIL):
{'B': 1,
 'D_feat': 384,
 'D_inner': 128,
 'M': None,
 'ckpt_dir': 'ckpt/c17_dtfd_w0_seed2',
 'config': 'config/camelyon17_vitsdino_config_30ep.yml',
 'dataset': 'camelyon17',
 'lr': 0.0001,
 'min_lr': 1e-06,
 'n_class': 4,
 'n_token': 8,
 'n_worker': 4,
 'pin_memory': True,
 'pretrain': 'medical_ssl',
 'seed': 2,
 'splits_dir': '/data/bohatyrenko1/EXPERIMENTS_2/ASMIL/splits_paper',
 'test_dir': '/data/bohatyrenko1/features_vitsdino_camelyon17_train',
 'tier1_weight': 0.0,
 'tier2_D_inner': None,
 'tier2_n_token': None,
 'train_dir': '/data/bohatyrenko1/features_vitsdino_camelyon17_train',
 'train_epoch': 30,
 'wandb_mode': 'offline',
 'warmup_epoch': 5,
 'wd': 1e-05}
M (псевдо-bags) = 8
Class weights: [0.3757062256336212, 3.694444417953491, 1.6219512224197388, 2.2166666984558105]
Epoch: [0] [  0/266] eta: 0:02:39 lr: 0.000000 tier1_loss: 1.4584 (1.4584) tier2_loss: 1.6193 (1.6193) time: 0.6014 data: 0.1314 max mem: 102
Epoch: [0] [100/266] eta: 0:00:21 lr: 0.000008 tier1_loss: 1.4290 (1.4174) tier2_loss: 1.1558 (1.3952) time: 0.1356 data: 0.0001 max mem: 327
Epoch: [0] [200/266] eta: 0:00:08 lr: 0.000015 tier1_loss: 1.4088 (1.4206) tier2_loss: 0.4459 (1.2230) time: 0.1165 data: 0.0001 max mem: 327
Epoch: [0] [265/266] eta: 0:00:00 lr: 0.000020 tier1_loss: 1.4567 (1.4238) tier2_loss: 0.2549 (1.1943) time: 0.1089 data: 0.0001 max mem: 327
Epoch: [0] Total time: 0:00:32 (32.0872 s / it)
Val [ 0/29] eta: 0:00:05 loss: 0.2113 (0.2113) acc1: 100.0000 (100.0000) time: 0.1774 data: 0.1194 max mem: 327
Val [28/29] eta: 0:00:00 loss: 0.2041 (1.0005) acc1: 100.0000 (68.9655) time: 0.0294 data: 0.0001 max mem: 327
Val Total time: 0:00:01 (1.0303 s / it)
* Acc@1 68.966 loss 1.000 auroc 0.446 f1_score 0.204
  per-class F1 (Val): {'negative': np.float32(0.816), 'itc': np.float32(0.0), 'micro': np.float32(0.0), 'macro': np.float32(0.0)}
Test [  0/197] eta: 0:00:30 loss: 2.5832 (2.5832) acc1: 0.0000 (0.0000) time: 0.1535 data: 0.1157 max mem: 327
Test [100/197] eta: 0:00:03 loss: 0.2068 (1.2316) acc1: 100.0000 (59.4059) time: 0.0313 data: 0.0001 max mem: 327
Test [196/197] eta: 0:00:00 loss: 0.2037 (1.1649) acc1: 100.0000 (61.4213) time: 0.0284 data: 0.0001 max mem: 327
Test Total time: 0:00:06 (6.2444 s / it)
* Acc@1 61.421 loss 1.165 auroc 0.628 f1_score 0.190
  per-class F1 (Test): {'negative': np.float32(0.761), 'itc': np.float32(0.0), 'micro': np.float32(0.0), 'macro': np.float32(0.0)}

Epoch: [1] [  0/266] eta: 0:01:04 lr: 0.000020 tier1_loss: 1.3122 (1.3122) tier2_loss: 2.7021 (2.7021) time: 0.2426 data: 0.1096 max mem: 327
Epoch: [1] [100/266] eta: 0:00:19 lr: 0.000028 tier1_loss: 1.4302 (1.4356) tier2_loss: 0.1678 (0.9922) time: 0.1249 data: 0.0001 max mem: 327
Epoch: [1] [200/266] eta: 0:00:07 lr: 0.000035 tier1_loss: 1.4423 (1.4297) tier2_loss: 0.2074 (1.0991) time: 0.1174 data: 0.0001 max mem: 327
Epoch: [1] [265/266] eta: 0:00:00 lr: 0.000040 tier1_loss: 1.4640 (1.4316) tier2_loss: 0.1388 (1.0595) time: 0.1125 data: 0.0001 max mem: 327
Epoch: [1] Total time: 0:00:31 (31.3902 s / it)
Val [ 0/29] eta: 0:00:04 loss: 0.1483 (0.1483) acc1: 100.0000 (100.0000) time: 0.1670 data: 0.1317 max mem: 327
Val [28/29] eta: 0:00:00 loss: 0.1194 (1.0806) acc1: 100.0000 (68.9655) time: 0.0291 data: 0.0001 max mem: 327
Val Total time: 0:00:01 (1.0183 s / it)
* Acc@1 68.966 loss 1.081 auroc 0.554 f1_score 0.204
  per-class F1 (Val): {'negative': np.float32(0.816), 'itc': np.float32(0.0), 'micro': np.float32(0.0), 'macro': np.float32(0.0)}
Test [  0/197] eta: 0:00:30 loss: 3.3466 (3.3466) acc1: 0.0000 (0.0000) time: 0.1529 data: 0.1151 max mem: 327
Test [100/197] eta: 0:00:03 loss: 0.1205 (1.3514) acc1: 100.0000 (59.4059) time: 0.0299 data: 0.0001 max mem: 327
Test [196/197] eta: 0:00:00 loss: 0.1162 (1.2611) acc1: 100.0000 (61.4213) time: 0.0287 data: 0.0001 max mem: 327
Test Total time: 0:00:06 (6.1314 s / it)
* Acc@1 61.421 loss 1.261 auroc 0.678 f1_score 0.190
  per-class F1 (Test): {'negative': np.float32(0.761), 'itc': np.float32(0.0), 'micro': np.float32(0.0), 'macro': np.float32(0.0)}

Epoch: [2] [  0/266] eta: 0:01:05 lr: 0.000040 tier1_loss: 1.3822 (1.3822) tier2_loss: 0.1448 (0.1448) time: 0.2464 data: 0.1164 max mem: 327
Epoch: [2] [100/266] eta: 0:00:20 lr: 0.000048 tier1_loss: 1.4283 (1.4462) tier2_loss: 0.2353 (1.1678) time: 0.1254 data: 0.0001 max mem: 327
Epoch: [2] [200/266] eta: 0:00:07 lr: 0.000055 tier1_loss: 1.4329 (1.4510) tier2_loss: 0.2799 (1.0661) time: 0.1214 data: 0.0001 max mem: 327
Epoch: [2] [265/266] eta: 0:00:00 lr: 0.000060 tier1_loss: 1.3902 (1.4483) tier2_loss: 0.2488 (1.0894) time: 0.1109 data: 0.0001 max mem: 327
Epoch: [2] Total time: 0:00:31 (31.7597 s / it)
Val [ 0/29] eta: 0:00:04 loss: 0.2496 (0.2496) acc1: 100.0000 (100.0000) time: 0.1642 data: 0.1318 max mem: 327
Val [28/29] eta: 0:00:00 loss: 0.2805 (0.9773) acc1: 100.0000 (68.9655) time: 0.0290 data: 0.0001 max mem: 327
Val Total time: 0:00:01 (1.0414 s / it)
* Acc@1 68.966 loss 0.977 auroc 0.493 f1_score 0.204
  per-class F1 (Val): {'negative': np.float32(0.816), 'itc': np.float32(0.0), 'micro': np.float32(0.0), 'macro': np.float32(0.0)}
Test [  0/197] eta: 0:00:34 loss: 2.6502 (2.6502) acc1: 0.0000 (0.0000) time: 0.1773 data: 0.1302 max mem: 327
Test [100/197] eta: 0:00:03 loss: 0.1903 (1.2069) acc1: 100.0000 (59.4059) time: 0.0312 data: 0.0001 max mem: 327
Test [196/197] eta: 0:00:00 loss: 0.1926 (1.1299) acc1: 100.0000 (61.4213) time: 0.0288 data: 0.0001 max mem: 327
Test Total time: 0:00:06 (6.2952 s / it)
* Acc@1 61.421 loss 1.130 auroc 0.659 f1_score 0.190
  per-class F1 (Test): {'negative': np.float32(0.761), 'itc': np.float32(0.0), 'micro': np.float32(0.0), 'macro': np.float32(0.0)}

Epoch: [3] [  0/266] eta: 0:01:03 lr: 0.000060 tier1_loss: 1.2993 (1.2993) tier2_loss: 0.2351 (0.2351) time: 0.2378 data: 0.1080 max mem: 327
Epoch: [3] [100/266] eta: 0:00:20 lr: 0.000068 tier1_loss: 1.4607 (1.4554) tier2_loss: 0.1598 (0.9487) time: 0.1145 data: 0.0001 max mem: 327
Epoch: [3] [200/266] eta: 0:00:07 lr: 0.000075 tier1_loss: 1.4696 (1.4577) tier2_loss: 0.4099 (1.0549) time: 0.1153 data: 0.0001 max mem: 327
Epoch: [3] [265/266] eta: 0:00:00 lr: 0.000080 tier1_loss: 1.5363 (1.4699) tier2_loss: 0.1299 (1.0412) time: 0.1045 data: 0.0001 max mem: 327
Epoch: [3] Total time: 0:00:30 (30.9631 s / it)
Val [ 0/29] eta: 0:00:05 loss: 0.1088 (0.1088) acc1: 100.0000 (100.0000) time: 0.1765 data: 0.1330 max mem: 327
Val [28/29] eta: 0:00:00 loss: 0.1117 (1.1286) acc1: 100.0000 (68.9655) time: 0.0290 data: 0.0001 max mem: 327
Val Total time: 0:00:01 (1.0384 s / it)
* Acc@1 68.966 loss 1.129 auroc 0.499 f1_score 0.204
  per-class F1 (Val): {'negative': np.float32(0.816), 'itc': np.float32(0.0), 'micro': np.float32(0.0), 'macro': np.float32(0.0)}
Test [  0/197] eta: 0:00:34 loss: 3.6754 (3.6754) acc1: 0.0000 (0.0000) time: 0.1749 data: 0.1334 max mem: 327
Test [100/197] eta: 0:00:03 loss: 0.0996 (1.4154) acc1: 100.0000 (59.4059) time: 0.0301 data: 0.0001 max mem: 327
Test [196/197] eta: 0:00:00 loss: 0.0924 (1.3137) acc1: 100.0000 (61.4213) time: 0.0286 data: 0.0001 max mem: 327
Test Total time: 0:00:06 (6.1475 s / it)
* Acc@1 61.421 loss 1.314 auroc 0.633 f1_score 0.190
  per-class F1 (Test): {'negative': np.float32(0.761), 'itc': np.float32(0.0), 'micro': np.float32(0.0), 'macro': np.float32(0.0)}

Epoch: [4] [  0/266] eta: 0:01:06 lr: 0.000080 tier1_loss: 1.3664 (1.3664) tier2_loss: 4.0247 (4.0247) time: 0.2498 data: 0.1015 max mem: 327
Epoch: [4] [100/266] eta: 0:00:20 lr: 0.000088 tier1_loss: 1.5101 (1.4766) tier2_loss: 0.1860 (1.0178) time: 0.1235 data: 0.0001 max mem: 327
Epoch: [4] [200/266] eta: 0:00:07 lr: 0.000095 tier1_loss: 1.4806 (1.4777) tier2_loss: 0.2201 (0.9869) time: 0.1142 data: 0.0001 max mem: 327
Epoch: [4] [265/266] eta: 0:00:00 lr: 0.000100 tier1_loss: 1.4077 (1.4731) tier2_loss: 0.1863 (1.0233) time: 0.1132 data: 0.0001 max mem: 327
Epoch: [4] Total time: 0:00:31 (31.2972 s / it)
Val [ 0/29] eta: 0:00:05 loss: 0.1580 (0.1580) acc1: 100.0000 (100.0000) time: 0.1815 data: 0.1383 max mem: 327
Val [28/29] eta: 0:00:00 loss: 0.1253 (1.0793) acc1: 100.0000 (68.9655) time: 0.0294 data: 0.0001 max mem: 327
Val Total time: 0:00:01 (1.0552 s / it)
* Acc@1 68.966 loss 1.079 auroc 0.582 f1_score 0.204
  per-class F1 (Val): {'negative': np.float32(0.816), 'itc': np.float32(0.0), 'micro': np.float32(0.0), 'macro': np.float32(0.0)}
Test [  0/197] eta: 0:00:35 loss: 3.3010 (3.3010) acc1: 0.0000 (0.0000) time: 0.1816 data: 0.1331 max mem: 327
Test [100/197] eta: 0:00:03 loss: 0.1150 (1.2915) acc1: 100.0000 (59.4059) time: 0.0311 data: 0.0001 max mem: 327
Test [196/197] eta: 0:00:00 loss: 0.1129 (1.1800) acc1: 100.0000 (61.4213) time: 0.0282 data: 0.0001 max mem: 327
Test Total time: 0:00:06 (6.1692 s / it)
* Acc@1 61.421 loss 1.180 auroc 0.680 f1_score 0.190
  per-class F1 (Test): {'negative': np.float32(0.761), 'itc': np.float32(0.0), 'micro': np.float32(0.0), 'macro': np.float32(0.0)}

Epoch: [5] [  0/266] eta: 0:01:01 lr: 0.000100 tier1_loss: 1.4460 (1.4460) tier2_loss: 2.3339 (2.3339) time: 0.2296 data: 0.1145 max mem: 327
Epoch: [5] [100/266] eta: 0:00:20 lr: 0.000100 tier1_loss: 1.5237 (1.4972) tier2_loss: 0.1488 (0.8878) time: 0.1118 data: 0.0001 max mem: 327
Epoch: [5] [200/266] eta: 0:00:07 lr: 0.000100 tier1_loss: 1.5235 (1.5001) tier2_loss: 0.1819 (0.9883) time: 0.1097 data: 0.0001 max mem: 327
Epoch: [5] [265/266] eta: 0:00:00 lr: 0.000100 tier1_loss: 1.5834 (1.5033) tier2_loss: 0.4083 (0.9970) time: 0.1119 data: 0.0001 max mem: 327
Epoch: [5] Total time: 0:00:31 (31.8429 s / it)
Val [ 0/29] eta: 0:00:04 loss: 0.3000 (0.3000) acc1: 100.0000 (100.0000) time: 0.1616 data: 0.1233 max mem: 327
Val [28/29] eta: 0:00:00 loss: 0.3964 (1.0471) acc1: 100.0000 (68.9655) time: 0.0292 data: 0.0001 max mem: 327
Val Total time: 0:00:01 (1.0135 s / it)
* Acc@1 68.966 loss 1.047 auroc 0.617 f1_score 0.204
  per-class F1 (Val): {'negative': np.float32(0.816), 'itc': np.float32(0.0), 'micro': np.float32(0.0), 'macro': np.float32(0.0)}
Test [  0/197] eta: 0:00:32 loss: 1.9060 (1.9060) acc1: 0.0000 (0.0000) time: 0.1674 data: 0.1236 max mem: 327
Test [100/197] eta: 0:00:03 loss: 0.3547 (1.0165) acc1: 100.0000 (66.3366) time: 0.0301 data: 0.0001 max mem: 327
Test [196/197] eta: 0:00:00 loss: 0.2510 (0.9030) acc1: 100.0000 (71.5736) time: 0.0286 data: 0.0001 max mem: 327
Test Total time: 0:00:06 (6.1258 s / it)
* Acc@1 71.574 loss 0.903 auroc 0.686 f1_score 0.365
  per-class F1 (Test): {'negative': np.float32(0.814), 'itc': np.float32(0.0), 'micro': np.float32(0.0), 'macro': np.float32(0.646)}

Epoch: [6] [  0/266] eta: 0:01:01 lr: 0.000100 tier1_loss: 1.6589 (1.6589) tier2_loss: 0.3788 (0.3788) time: 0.2302 data: 0.1036 max mem: 327
Epoch: [6] [100/266] eta: 0:00:20 lr: 0.000099 tier1_loss: 1.4823 (1.5338) tier2_loss: 0.3261 (1.0030) time: 0.1147 data: 0.0001 max mem: 327
Epoch: [6] [200/266] eta: 0:00:07 lr: 0.000099 tier1_loss: 1.4573 (1.5022) tier2_loss: 0.1478 (0.9301) time: 0.1191 data: 0.0001 max mem: 327
Epoch: [6] [265/266] eta: 0:00:00 lr: 0.000098 tier1_loss: 1.4696 (1.4931) tier2_loss: 0.0999 (0.9131) time: 0.1161 data: 0.0001 max mem: 327
Epoch: [6] Total time: 0:00:31 (31.6249 s / it)
Val [ 0/29] eta: 0:00:04 loss: 0.1313 (0.1313) acc1: 100.0000 (100.0000) time: 0.1694 data: 0.1339 max mem: 327
Val [28/29] eta: 0:00:00 loss: 0.1142 (1.0587) acc1: 100.0000 (72.4138) time: 0.0293 data: 0.0001 max mem: 327
Val Total time: 0:00:01 (1.0492 s / it)
* Acc@1 72.414 loss 1.059 auroc 0.693 f1_score 0.308
  per-class F1 (Val): {'negative': np.float32(0.833), 'itc': np.float32(0.0), 'micro': np.float32(0.0), 'macro': np.float32(0.4)}
Test [  0/197] eta: 0:00:30 loss: 3.3301 (3.3301) acc1: 0.0000 (0.0000) time: 0.1542 data: 0.1080 max mem: 327
Test [100/197] eta: 0:00:03 loss: 0.1188 (1.0195) acc1: 100.0000 (70.2970) time: 0.0307 data: 0.0001 max mem: 327
Test [196/197] eta: 0:00:00 loss: 0.0656 (0.8802) acc1: 100.0000 (74.6193) time: 0.0294 data: 0.0001 max mem: 327
Test Total time: 0:00:06 (6.2048 s / it)
* Acc@1 74.619 loss 0.880 auroc 0.748 f1_score 0.396
  per-class F1 (Test): {'negative': np.float32(0.832), 'itc': np.float32(0.0), 'micro': np.float32(0.0), 'macro': np.float32(0.754)}

Epoch: [7] [  0/266] eta: 0:01:14 lr: 0.000098 tier1_loss: 1.5782 (1.5782) tier2_loss: 0.0690 (0.0690) time: 0.2820 data: 0.1220 max mem: 327
Epoch: [7] [100/266] eta: 0:00:19 lr: 0.000098 tier1_loss: 1.5134 (1.4798) tier2_loss: 0.1213 (0.8684) time: 0.1099 data: 0.0001 max mem: 327
Epoch: [7] [200/266] eta: 0:00:07 lr: 0.000097 tier1_loss: 1.4841 (1.4843) tier2_loss: 0.1168 (0.8588) time: 0.1035 data: 0.0001 max mem: 327
Epoch: [7] [265/266] eta: 0:00:00 lr: 0.000097 tier1_loss: 1.5032 (1.4742) tier2_loss: 0.1059 (0.8857) time: 0.1092 data: 0.0001 max mem: 327
Epoch: [7] Total time: 0:00:29 (29.7647 s / it)
Val [ 0/29] eta: 0:00:04 loss: 0.1138 (0.1138) acc1: 100.0000 (100.0000) time: 0.1575 data: 0.1183 max mem: 327
Val [28/29] eta: 0:00:00 loss: 0.1923 (0.9766) acc1: 100.0000 (72.4138) time: 0.0282 data: 0.0001 max mem: 327
Val Total time: 0:00:00 (0.9810 s / it)
* Acc@1 72.414 loss 0.977 auroc 0.667 f1_score 0.308
  per-class F1 (Val): {'negative': np.float32(0.833), 'itc': np.float32(0.0), 'micro': np.float32(0.0), 'macro': np.float32(0.4)}
Test [  0/197] eta: 0:00:28 loss: 2.6477 (2.6477) acc1: 0.0000 (0.0000) time: 0.1443 data: 0.1039 max mem: 327
Test [100/197] eta: 0:00:02 loss: 0.1551 (0.8610) acc1: 100.0000 (73.2673) time: 0.0287 data: 0.0001 max mem: 327
Test [196/197] eta: 0:00:00 loss: 0.0809 (0.6865) acc1: 100.0000 (79.6954) time: 0.0277 data: 0.0001 max mem: 327
Test Total time: 0:00:05 (5.8466 s / it)
* Acc@1 79.695 loss 0.687 auroc 0.802 f1_score 0.441
  per-class F1 (Test): {'negative': np.float32(0.864), 'itc': np.float32(0.0), 'micro': np.float32(0.0), 'macro': np.float32(0.9)}

Epoch: [8] [  0/266] eta: 0:00:58 lr: 0.000097 tier1_loss: 1.4776 (1.4776) tier2_loss: 1.7498 (1.7498) time: 0.2216 data: 0.0971 max mem: 327
Epoch: [8] [100/266] eta: 0:00:18 lr: 0.000096 tier1_loss: 1.3457 (1.4761) tier2_loss: 0.1740 (0.7747) time: 0.1069 data: 0.0001 max mem: 327
Epoch: [8] [200/266] eta: 0:00:07 lr: 0.000095 tier1_loss: 1.4506 (1.4764) tier2_loss: 0.1114 (0.7075) time: 0.1006 data: 0.0001 max mem: 327
Epoch: [8] [265/266] eta: 0:00:00 lr: 0.000094 tier1_loss: 1.5086 (1.4833) tier2_loss: 0.1093 (0.7188) time: 0.1105 data: 0.0001 max mem: 327
Epoch: [8] Total time: 0:00:28 (28.5006 s / it)
Val [ 0/29] eta: 0:00:04 loss: 0.0685 (0.0685) acc1: 100.0000 (100.0000) time: 0.1673 data: 0.1302 max mem: 327
Val [28/29] eta: 0:00:00 loss: 0.1491 (0.7715) acc1: 100.0000 (79.3103) time: 0.0285 data: 0.0001 max mem: 327
Val Total time: 0:00:01 (1.0211 s / it)
* Acc@1 79.310 loss 0.772 auroc 0.765 f1_score 0.530
  per-class F1 (Val): {'negative': np.float32(0.884), 'itc': np.float32(0.0), 'micro': np.float32(0.571), 'macro': np.float32(0.667)}
Test [  0/197] eta: 0:00:37 loss: 0.4103 (0.4103) acc1: 100.0000 (100.0000) time: 0.1894 data: 0.1279 max mem: 327
Test [100/197] eta: 0:00:03 loss: 0.0969 (0.5762) acc1: 100.0000 (83.1683) time: 0.0294 data: 0.0001 max mem: 327
Test [196/197] eta: 0:00:00 loss: 0.1039 (0.5826) acc1: 100.0000 (83.7563) time: 0.0276 data: 0.0001 max mem: 327
Test Total time: 0:00:06 (6.0193 s / it)
* Acc@1 83.756 loss 0.583 auroc 0.872 f1_score 0.576
  per-class F1 (Test): {'negative': np.float32(0.899), 'itc': np.float32(0.0), 'micro': np.float32(0.483), 'macro': np.float32(0.923)}

Epoch: [9] [  0/266] eta: 0:01:05 lr: 0.000094 tier1_loss: 1.4558 (1.4558) tier2_loss: 0.5280 (0.5280) time: 0.2468 data: 0.1093 max mem: 327
Epoch: [9] [100/266] eta: 0:00:18 lr: 0.000093 tier1_loss: 1.4743 (1.5113) tier2_loss: 0.0352 (0.4676) time: 0.1175 data: 0.0001 max mem: 327
Epoch: [9] [200/266] eta: 0:00:07 lr: 0.000091 tier1_loss: 1.5314 (1.5142) tier2_loss: 0.0624 (0.5685) time: 0.1127 data: 0.0001 max mem: 327
Epoch: [9] [265/266] eta: 0:00:00 lr: 0.000091 tier1_loss: 1.5284 (1.5124) tier2_loss: 0.0592 (0.5591) time: 0.1106 data: 0.0001 max mem: 327
Epoch: [9] Total time: 0:00:30 (30.2707 s / it)
Val [ 0/29] eta: 0:00:04 loss: 0.0582 (0.0582) acc1: 100.0000 (100.0000) time: 0.1668 data: 0.1303 max mem: 327
Val [28/29] eta: 0:00:00 loss: 0.0706 (0.9500) acc1: 100.0000 (75.8621) time: 0.0284 data: 0.0001 max mem: 327
Val Total time: 0:00:01 (1.0352 s / it)
* Acc@1 75.862 loss 0.950 auroc 0.781 f1_score 0.506
  per-class F1 (Val): {'negative': np.float32(0.857), 'itc': np.float32(0.0), 'micro': np.float32(0.5), 'macro': np.float32(0.667)}
Test [  0/197] eta: 0:00:32 loss: 0.0972 (0.0972) acc1: 100.0000 (100.0000) time: 0.1653 data: 0.1307 max mem: 327
Test [100/197] eta: 0:00:02 loss: 0.0593 (0.5217) acc1: 100.0000 (85.1485) time: 0.0294 data: 0.0001 max mem: 327
Test [196/197] eta: 0:00:00 loss: 0.0348 (0.5345) acc1: 100.0000 (86.8020) time: 0.0277 data: 0.0001 max mem: 327
Test Total time: 0:00:05 (5.9495 s / it)
* Acc@1 86.802 loss 0.534 auroc 0.882 f1_score 0.646
  per-class F1 (Test): {'negative': np.float32(0.914), 'itc': np.float32(0.0), 'micro': np.float32(0.727), 'macro': np.float32(0.944)}

Epoch: [10] [  0/266] eta: 0:01:05 lr: 0.000091 tier1_loss: 1.5297 (1.5297) tier2_loss: 0.0275 (0.0275) time: 0.2455 data: 0.1288 max mem: 327
Epoch: [10] [100/266] eta: 0:00:16 lr: 0.000089 tier1_loss: 1.5084 (1.4820) tier2_loss: 0.0560 (0.5938) time: 0.1168 data: 0.0001 max mem: 327
Epoch: [10] [200/266] eta: 0:00:07 lr: 0.000088 tier1_loss: 1.5683 (1.4969) tier2_loss: 0.0552 (0.4939) time: 0.1140 data: 0.0001 max mem: 327
Epoch: [10] [265/266] eta: 0:00:00 lr: 0.000087 tier1_loss: 1.5338 (1.4967) tier2_loss: 0.0182 (0.4957) time: 0.1079 data: 0.0001 max mem: 327
Epoch: [10] Total time: 0:00:29 (29.2127 s / it)
Val [ 0/29] eta: 0:00:04 loss: 0.0235 (0.0235) acc1: 100.0000 (100.0000) time: 0.1523 data: 0.1186 max mem: 327
Val [28/29] eta: 0:00:00 loss: 0.0145 (0.9405) acc1: 100.0000 (79.3103) time: 0.0282 data: 0.0001 max mem: 327
Val Total time: 0:00:00 (0.9820 s / it)
* Acc@1 79.310 loss 0.940 auroc 0.814 f1_score 0.530
  per-class F1 (Val): {'negative': np.float32(0.884), 'itc': np.float32(0.0), 'micro': np.float32(0.571), 'macro': np.float32(0.667)}
Test [  0/197] eta: 0:00:30 loss: 0.2176 (0.2176) acc1: 100.0000 (100.0000) time: 0.1557 data: 0.1132 max mem: 327
Test [100/197] eta: 0:00:03 loss: 0.0230 (0.6661) acc1: 100.0000 (83.1683) time: 0.0303 data: 0.0001 max mem: 327
Test [196/197] eta: 0:00:00 loss: 0.0125 (0.6093) acc1: 100.0000 (85.2792) time: 0.0287 data: 0.0001 max mem: 327
Test Total time: 0:00:06 (6.0992 s / it)
* Acc@1 85.279 loss 0.609 auroc 0.873 f1_score 0.594
  per-class F1 (Test): {'negative': np.float32(0.922), 'itc': np.float32(0.0), 'micro': np.float32(0.552), 'macro': np.float32(0.903)}

Epoch: [11] [  0/266] eta: 0:01:23 lr: 0.000087 tier1_loss: 1.3218 (1.3218) tier2_loss: 0.3213 (0.3213) time: 0.3154 data: 0.1410 max mem: 327
Epoch: [11] [100/266] eta: 0:00:20 lr: 0.000085 tier1_loss: 1.5132 (1.4963) tier2_loss: 0.0237 (0.2854) time: 0.1191 data: 0.0001 max mem: 327
Epoch: [11] [200/266] eta: 0:00:08 lr: 0.000083 tier1_loss: 1.5078 (1.5009) tier2_loss: 0.0168 (0.3731) time: 0.1199 data: 0.0001 max mem: 327
Epoch: [11] [265/266] eta: 0:00:00 lr: 0.000082 tier1_loss: 1.4278 (1.4963) tier2_loss: 0.0180 (0.3747) time: 0.1146 data: 0.0001 max mem: 327
Epoch: [11] Total time: 0:00:32 (32.2413 s / it)
Val [ 0/29] eta: 0:00:04 loss: 0.1109 (0.1109) acc1: 100.0000 (100.0000) time: 0.1526 data: 0.1181 max mem: 327
Val [28/29] eta: 0:00:00 loss: 0.0296 (1.0493) acc1: 100.0000 (68.9655) time: 0.0290 data: 0.0001 max mem: 327
Val Total time: 0:00:01 (1.0169 s / it)
* Acc@1 68.966 loss 1.049 auroc 0.852 f1_score 0.570
  per-class F1 (Val): {'negative': np.float32(0.821), 'itc': np.float32(0.667), 'micro': np.float32(0.222), 'macro': np.float32(0.571)}
Test [  0/197] eta: 0:00:31 loss: 1.6092 (1.6092) acc1: 0.0000 (0.0000) time: 0.1599 data: 0.1225 max mem: 327
Test [100/197] eta: 0:00:03 loss: 0.1398 (0.7349) acc1: 100.0000 (79.2079) time: 0.0302 data: 0.0001 max mem: 327
Test [196/197] eta: 0:00:00 loss: 0.0141 (0.7227) acc1: 100.0000 (78.6802) time: 0.0290 data: 0.0001 max mem: 327
Test Total time: 0:00:06 (6.1411 s / it)
* Acc@1 78.680 loss 0.723 auroc 0.874 f1_score 0.582
  per-class F1 (Test): {'negative': np.float32(0.878), 'itc': np.float32(0.231), 'micro': np.float32(0.343), 'macro': np.float32(0.875)}

Epoch: [12] [  0/266] eta: 0:01:11 lr: 0.000082 tier1_loss: 1.4696 (1.4696) tier2_loss: 0.0777 (0.0777) time: 0.2704 data: 0.1127 max mem: 327
Epoch: [12] [100/266] eta: 0:00:20 lr: 0.000080 tier1_loss: 1.5066 (1.4989) tier2_loss: 0.0576 (0.2805) time: 0.1174 data: 0.0001 max mem: 327
Epoch: [12] [200/266] eta: 0:00:07 lr: 0.000078 tier1_loss: 1.4514 (1.5036) tier2_loss: 0.0211 (0.3795) time: 0.1162 data: 0.0001 max mem: 327
Epoch: [12] [265/266] eta: 0:00:00 lr: 0.000077 tier1_loss: 1.5011 (1.5053) tier2_loss: 0.0134 (0.3592) time: 0.1225 data: 0.0001 max mem: 327
Epoch: [12] Total time: 0:00:31 (31.5680 s / it)
Val [ 0/29] eta: 0:00:04 loss: 0.0205 (0.0205) acc1: 100.0000 (100.0000) time: 0.1590 data: 0.1260 max mem: 327
Val [28/29] eta: 0:00:00 loss: 0.0101 (1.2335) acc1: 100.0000 (72.4138) time: 0.0292 data: 0.0001 max mem: 327
Val Total time: 0:00:01 (1.0227 s / it)
* Acc@1 72.414 loss 1.233 auroc 0.834 f1_score 0.479
  per-class F1 (Val): {'negative': np.float32(0.85), 'itc': np.float32(0.0), 'micro': np.float32(0.4), 'macro': np.float32(0.667)}
Test [  0/197] eta: 0:00:29 loss: 0.3980 (0.3980) acc1: 100.0000 (100.0000) time: 0.1491 data: 0.1146 max mem: 327
Test [100/197] eta: 0:00:03 loss: 0.0142 (0.7434) acc1: 100.0000 (81.1881) time: 0.0296 data: 0.0001 max mem: 327
Test [196/197] eta: 0:00:00 loss: 0.0075 (0.7210) acc1: 100.0000 (81.2183) time: 0.0285 data: 0.0001 max mem: 327
Test Total time: 0:00:06 (6.0736 s / it)
* Acc@1 81.218 loss 0.721 auroc 0.889 f1_score 0.561
  per-class F1 (Test): {'negative': np.float32(0.893), 'itc': np.float32(0.0), 'micro': np.float32(0.439), 'macro': np.float32(0.913)}

Epoch: [13] [  0/266] eta: 0:01:00 lr: 0.000077 tier1_loss: 1.6372 (1.6372) tier2_loss: 0.0068 (0.0068) time: 0.2282 data: 0.1056 max mem: 327
Epoch: [13] [100/266] eta: 0:00:19 lr: 0.000075 tier1_loss: 1.5135 (1.4988) tier2_loss: 0.0256 (0.3682) time: 0.1053 data: 0.0001 max mem: 327
Epoch: [13] [200/266] eta: 0:00:07 lr: 0.000073 tier1_loss: 1.4480 (1.5054) tier2_loss: 0.0213 (0.3321) time: 0.1002 data: 0.0001 max mem: 327
Epoch: [13] [265/266] eta: 0:00:00 lr: 0.000072 tier1_loss: 1.5874 (1.5122) tier2_loss: 0.0085 (0.3173) time: 0.1081 data: 0.0001 max mem: 327
Epoch: [13] Total time: 0:00:29 (29.9564 s / it)
Val [ 0/29] eta: 0:00:04 loss: 0.0458 (0.0458) acc1: 100.0000 (100.0000) time: 0.1694 data: 0.1317 max mem: 327
Val [28/29] eta: 0:00:00 loss: 0.0129 (1.2372) acc1: 100.0000 (75.8621) time: 0.0290 data: 0.0001 max mem: 327
Val Total time: 0:00:01 (1.0276 s / it)
* Acc@1 75.862 loss 1.237 auroc 0.811 f1_score 0.524
  per-class F1 (Val): {'negative': np.float32(0.857), 'itc': np.float32(0.0), 'micro': np.float32(0.571), 'macro': np.float32(0.667)}
Test [  0/197] eta: 0:00:34 loss: 0.0651 (0.0651) acc1: 100.0000 (100.0000) time: 0.1736 data: 0.1235 max mem: 327
Test [100/197] eta: 0:00:03 loss: 0.0393 (0.6104) acc1: 100.0000 (84.1584) time: 0.0300 data: 0.0001 max mem: 327
Test [196/197] eta: 0:00:00 loss: 0.0076 (0.5660) acc1: 100.0000 (85.2792) time: 0.0282 data: 0.0001 max mem: 327
Test Total time: 0:00:06 (6.0728 s / it)
* Acc@1 85.279 loss 0.566 auroc 0.882 f1_score 0.685
  per-class F1 (Test): {'negative': np.float32(0.904), 'itc': np.float32(0.16), 'micro': np.float32(0.733), 'macro': np.float32(0.944)}

Epoch: [14] [  0/266] eta: 0:01:11 lr: 0.000072 tier1_loss: 1.5928 (1.5928) tier2_loss: 0.0107 (0.0107) time: 0.2705 data: 0.1352 max mem: 327
Epoch: [14] [100/266] eta: 0:00:20 lr: 0.000069 tier1_loss: 1.5209 (1.4853) tier2_loss: 0.0071 (0.3788) time: 0.1213 data: 0.0001 max mem: 327
Epoch: [14] [200/266] eta: 0:00:07 lr: 0.000067 tier1_loss: 1.5413 (1.5081) tier2_loss: 0.0092 (0.3021) time: 0.1115 data: 0.0001 max mem: 327
Epoch: [14] [265/266] eta: 0:00:00 lr: 0.000066 tier1_loss: 1.6078 (1.5166) tier2_loss: 0.0071 (0.2553) time: 0.1075 data: 0.0001 max mem: 327
Epoch: [14] Total time: 0:00:30 (30.7883 s / it)
Val [ 0/29] eta: 0:00:04 loss: 0.0104 (0.0104) acc1: 100.0000 (100.0000) time: 0.1620 data: 0.1265 max mem: 327
Val [28/29] eta: 0:00:00 loss: 0.0036 (1.3300) acc1: 100.0000 (75.8621) time: 0.0294 data: 0.0001 max mem: 327
Val Total time: 0:00:01 (1.0292 s / it)
* Acc@1 75.862 loss 1.330 auroc 0.753 f1_score 0.524
  per-class F1 (Val): {'negative': np.float32(0.857), 'itc': np.float32(0.0), 'micro': np.float32(0.571), 'macro': np.float32(0.667)}
Test [  0/197] eta: 0:00:35 loss: 0.0191 (0.0191) acc1: 100.0000 (100.0000) time: 0.1812 data: 0.1207 max mem: 327
Test [100/197] eta: 0:00:03 loss: 0.0123 (0.6493) acc1: 100.0000 (85.1485) time: 0.0308 data: 0.0001 max mem: 327
Test [196/197] eta: 0:00:00 loss: 0.0060 (0.5821) acc1: 100.0000 (86.8020) time: 0.0288 data: 0.0001 max mem: 327
Test Total time: 0:00:06 (6.2187 s / it)
* Acc@1 86.802 loss 0.582 auroc 0.885 f1_score 0.700
  per-class F1 (Test): {'negative': np.float32(0.912), 'itc': np.float32(0.19), 'micro': np.float32(0.743), 'macro': np.float32(0.955)}

Epoch: [15] [  0/266] eta: 0:01:08 lr: 0.000066 tier1_loss: 1.5632 (1.5632) tier2_loss: 0.0043 (0.0043) time: 0.2588 data: 0.1124 max mem: 327
Epoch: [15] [100/266] eta: 0:00:20 lr: 0.000064 tier1_loss: 1.5097 (1.5349) tier2_loss: 0.0125 (0.2364) time: 0.1248 data: 0.0001 max mem: 327
Epoch: [15] [200/266] eta: 0:00:07 lr: 0.000061 tier1_loss: 1.4995 (1.5285) tier2_loss: 0.0067 (0.2439) time: 0.1190 data: 0.0001 max mem: 327
Epoch: [15] [265/266] eta: 0:00:00 lr: 0.000060 tier1_loss: 1.5858 (1.5305) tier2_loss: 0.0055 (0.2633) time: 0.1147 data: 0.0001 max mem: 327
Epoch: [15] Total time: 0:00:31 (31.4387 s / it)
Val [ 0/29] eta: 0:00:04 loss: 0.0411 (0.0411) acc1: 100.0000 (100.0000) time: 0.1601 data: 0.1188 max mem: 327
Val [28/29] eta: 0:00:00 loss: 0.0046 (1.1995) acc1: 100.0000 (72.4138) time: 0.0289 data: 0.0001 max mem: 327
Val Total time: 0:00:01 (1.0140 s / it)
* Acc@1 72.414 loss 1.199 auroc 0.830 f1_score 0.517
  per-class F1 (Val): {'negative': np.float32(0.829), 'itc': np.float32(0.0), 'micro': np.float32(0.571), 'macro': np.float32(0.667)}
Test [  0/197] eta: 0:00:37 loss: 0.2400 (0.2400) acc1: 100.0000 (100.0000) time: 0.1929 data: 0.1346 max mem: 327
Test [100/197] eta: 0:00:03 loss: 0.0277 (0.6560) acc1: 100.0000 (83.1683) time: 0.0309 data: 0.0001 max mem: 327
Test [196/197] eta: 0:00:00 loss: 0.0048 (0.6022) acc1: 100.0000 (84.2640) time: 0.0288 data: 0.0001 max mem: 327
Test Total time: 0:00:06 (6.1783 s / it)
* Acc@1 84.264 loss 0.602 auroc 0.888 f1_score 0.675
  per-class F1 (Test): {'negative': np.float32(0.902), 'itc': np.float32(0.231), 'micro': np.float32(0.645), 'macro': np.float32(0.923)}

Epoch: [16] [  0/266] eta: 0:00:59 lr: 0.000060 tier1_loss: 1.6574 (1.6574) tier2_loss: 0.0035 (0.0035) time: 0.2226 data: 0.0879 max mem: 327
Epoch: [16] [100/266] eta: 0:00:20 lr: 0.000057 tier1_loss: 1.5531 (1.5350) tier2_loss: 0.0030 (0.1033) time: 0.1112 data: 0.0001 max mem: 327
Epoch: [16] [200/266] eta: 0:00:07 lr: 0.000055 tier1_loss: 1.5718 (1.5178) tier2_loss: 0.0061 (0.2322) time: 0.1137 data: 0.0001 max mem: 327
Epoch: [16] [265/266] eta: 0:00:00 lr: 0.000054 tier1_loss: 1.5084 (1.5200) tier2_loss: 0.0043 (0.2268) time: 0.1076 data: 0.0001 max mem: 327
Epoch: [16] Total time: 0:00:30 (30.7331 s / it)
Val [ 0/29] eta: 0:00:04 loss: 0.0395 (0.0395) acc1: 100.0000 (100.0000) time: 0.1557 data: 0.1191 max mem: 327
Val [28/29] eta: 0:00:00 loss: 0.0038 (1.3622) acc1: 100.0000 (75.8621) time: 0.0291 data: 0.0001 max mem: 327
Val Total time: 0:00:01 (1.0132 s / it)
* Acc@1 75.862 loss 1.362 auroc 0.811 f1_score 0.524
  per-class F1 (Val): {'negative': np.float32(0.857), 'itc': np.float32(0.0), 'micro': np.float32(0.571), 'macro': np.float32(0.667)}
Test [  0/197] eta: 0:00:30 loss: 0.0549 (0.0549) acc1: 100.0000 (100.0000) time: 0.1532 data: 0.1085 max mem: 327
Test [100/197] eta: 0:00:02 loss: 0.0285 (0.7149) acc1: 100.0000 (82.1782) time: 0.0303 data: 0.0001 max mem: 327
Test [196/197] eta: 0:00:00 loss: 0.0048 (0.6464) acc1: 100.0000 (83.2487) time: 0.0293 data: 0.0001 max mem: 327
Test Total time: 0:00:06 (6.1028 s / it)
* Acc@1 83.249 loss 0.646 auroc 0.880 f1_score 0.653
  per-class F1 (Test): {'negative': np.float32(0.902), 'itc': np.float32(0.214), 'micro': np.float32(0.562), 'macro': np.float32(0.933)}

Epoch: [17] [  0/266] eta: 0:01:13 lr: 0.000054 tier1_loss: 1.5120 (1.5120) tier2_loss: 0.0264 (0.0264) time: 0.2769 data: 0.1335 max mem: 327
Epoch: [17] [100/266] eta: 0:00:19 lr: 0.000051 tier1_loss: 1.4657 (1.5075) tier2_loss: 0.0055 (0.2029) time: 0.1147 data: 0.0001 max mem: 327
Epoch: [17] [200/266] eta: 0:00:07 lr: 0.000049 tier1_loss: 1.5462 (1.5136) tier2_loss: 0.0057 (0.2019) time: 0.1157 data: 0.0001 max mem: 327
Epoch: [17] [265/266] eta: 0:00:00 lr: 0.000047 tier1_loss: 1.5122 (1.5150) tier2_loss: 0.0033 (0.1958) time: 0.1032 data: 0.0001 max mem: 327
Epoch: [17] Total time: 0:00:30 (30.7408 s / it)
Val [ 0/29] eta: 0:00:04 loss: 0.0197 (0.0197) acc1: 100.0000 (100.0000) time: 0.1621 data: 0.1275 max mem: 327
Val [28/29] eta: 0:00:00 loss: 0.0029 (1.3664) acc1: 100.0000 (75.8621) time: 0.0284 data: 0.0001 max mem: 327
Val Total time: 0:00:00 (0.9956 s / it)
* Acc@1 75.862 loss 1.366 auroc 0.830 f1_score 0.524
  per-class F1 (Val): {'negative': np.float32(0.857), 'itc': np.float32(0.0), 'micro': np.float32(0.571), 'macro': np.float32(0.667)}
Test [  0/197] eta: 0:00:27 loss: 0.0637 (0.0637) acc1: 100.0000 (100.0000) time: 0.1400 data: 0.1053 max mem: 327
Test [100/197] eta: 0:00:02 loss: 0.0147 (0.8144) acc1: 100.0000 (81.1881) time: 0.0297 data: 0.0001 max mem: 327
Test [196/197] eta: 0:00:00 loss: 0.0037 (0.6901) acc1: 100.0000 (82.7411) time: 0.0285 data: 0.0001 max mem: 327
Test Total time: 0:00:06 (6.0402 s / it)
* Acc@1 82.741 loss 0.690 auroc 0.885 f1_score 0.629
  per-class F1 (Test): {'negative': np.float32(0.906), 'itc': np.float32(0.214), 'micro': np.float32(0.483), 'macro': np.float32(0.913)}

Epoch: [18] [  0/266] eta: 0:01:05 lr: 0.000047 tier1_loss: 1.4933 (1.4933) tier2_loss: 0.0021 (0.0021) time: 0.2481 data: 0.1187 max mem: 327
Epoch: [18] [100/266] eta: 0:00:19 lr: 0.000045 tier1_loss: 1.5664 (1.5072) tier2_loss: 0.0071 (0.2353) time: 0.1311 data: 0.0001 max mem: 327
Epoch: [18] [200/266] eta: 0:00:07 lr: 0.000043 tier1_loss: 1.5572 (1.5171) tier2_loss: 0.0048 (0.1564) time: 0.1167 data: 0.0001 max mem: 327
Epoch: [18] [265/266] eta: 0:00:00 lr: 0.000041 tier1_loss: 1.5226 (1.5143) tier2_loss: 0.0043 (0.1778) time: 0.1084 data: 0.0001 max mem: 327
Epoch: [18] Total time: 0:00:31 (31.0882 s / it)
Val [ 0/29] eta: 0:00:04 loss: 0.0100 (0.0100) acc1: 100.0000 (100.0000) time: 0.1622 data: 0.1245 max mem: 327
Val [28/29] eta: 0:00:00 loss: 0.0020 (1.4155) acc1: 100.0000 (75.8621) time: 0.0288 data: 0.0001 max mem: 327
Val Total time: 0:00:01 (1.0236 s / it)
* Acc@1 75.862 loss 1.415 auroc 0.801 f1_score 0.629
  per-class F1 (Val): {'negative': np.float32(0.85), 'itc': np.float32(0.5), 'micro': np.float32(0.5), 'macro': np.float32(0.667)}
Test [  0/197] eta: 0:00:29 loss: 0.0298 (0.0298) acc1: 100.0000 (100.0000) time: 0.1484 data: 0.1130 max mem: 327
Test [100/197] eta: 0:00:02 loss: 0.0143 (0.7583) acc1: 100.0000 (83.1683) time: 0.0294 data: 0.0001 max mem: 327
Test [196/197] eta: 0:00:00 loss: 0.0030 (0.6771) acc1: 100.0000 (84.2640) time: 0.0282 data: 0.0001 max mem: 327
Test Total time: 0:00:05 (5.9586 s / it)
* Acc@1 84.264 loss 0.677 auroc 0.885 f1_score 0.676
  per-class F1 (Test): {'negative': np.float32(0.902), 'itc': np.float32(0.24), 'micro': np.float32(0.629), 'macro': np.float32(0.933)}

Epoch: [19] [  0/266] eta: 0:01:06 lr: 0.000041 tier1_loss: 1.5961 (1.5961) tier2_loss: 0.0136 (0.0136) time: 0.2506 data: 0.0985 max mem: 327
Epoch: [19] [100/266] eta: 0:00:19 lr: 0.000039 tier1_loss: 1.5792 (1.5352) tier2_loss: 0.0043 (0.1040) time: 0.1004 data: 0.0001 max mem: 327
Epoch: [19] [200/266] eta: 0:00:07 lr: 0.000037 tier1_loss: 1.5026 (1.5307) tier2_loss: 0.0056 (0.1412) time: 0.1117 data: 0.0001 max mem: 327
Epoch: [19] [265/266] eta: 0:00:00 lr: 0.000035 tier1_loss: 1.4839 (1.5228) tier2_loss: 0.0077 (0.1540) time: 0.1047 data: 0.0001 max mem: 327
Epoch: [19] Total time: 0:00:29 (29.6208 s / it)
Val [ 0/29] eta: 0:00:04 loss: 0.0548 (0.0548) acc1: 100.0000 (100.0000) time: 0.1644 data: 0.1187 max mem: 327
Val [28/29] eta: 0:00:00 loss: 0.0034 (1.4263) acc1: 100.0000 (75.8621) time: 0.0295 data: 0.0001 max mem: 327
Val Total time: 0:00:01 (1.0531 s / it)
* Acc@1 75.862 loss 1.426 auroc 0.825 f1_score 0.622
  per-class F1 (Val): {'negative': np.float32(0.85), 'itc': np.float32(0.4), 'micro': np.float32(0.571), 'macro': np.float32(0.667)}
Test [  0/197] eta: 0:00:32 loss: 0.0316 (0.0316) acc1: 100.0000 (100.0000) time: 0.1636 data: 0.1172 max mem: 327
Test [100/197] eta: 0:00:03 loss: 0.0461 (0.7373) acc1: 100.0000 (80.1980) time: 0.0295 data: 0.0001 max mem: 327
Test [196/197] eta: 0:00:00 loss: 0.0032 (0.6424) acc1: 100.0000 (83.2487) time: 0.0278 data: 0.0001 max mem: 327
Test Total time: 0:00:06 (6.0848 s / it)
* Acc@1 83.249 loss 0.642 auroc 0.893 f1_score 0.703
  per-class F1 (Test): {'negative': np.float32(0.887), 'itc': np.float32(0.294), 'micro': np.float32(0.688), 'macro': np.float32(0.944)}

Epoch: [20] [  0/266] eta: 0:01:19 lr: 0.000035 tier1_loss: 1.4609 (1.4609) tier2_loss: 0.0071 (0.0071) time: 0.2990 data: 0.1326 max mem: 327
Epoch: [20] [100/266] eta: 0:00:20 lr: 0.000033 tier1_loss: 1.5082 (1.5247) tier2_loss: 0.0034 (0.1326) time: 0.1294 data: 0.0001 max mem: 327
Epoch: [20] [200/266] eta: 0:00:07 lr: 0.000031 tier1_loss: 1.4747 (1.5156) tier2_loss: 0.0027 (0.1392) time: 0.1132 data: 0.0001 max mem: 327
Epoch: [20] [265/266] eta: 0:00:00 lr: 0.000029 tier1_loss: 1.5505 (1.5219) tier2_loss: 0.0035 (0.1272) time: 0.1077 data: 0.0001 max mem: 327
Epoch: [20] Total time: 0:00:30 (30.4522 s / it)
Val [ 0/29] eta: 0:00:04 loss: 0.0154 (0.0154) acc1: 100.0000 (100.0000) time: 0.1488 data: 0.1149 max mem: 327
Val [28/29] eta: 0:00:00 loss: 0.0019 (1.4310) acc1: 100.0000 (75.8621) time: 0.0279 data: 0.0001 max mem: 327
Val Total time: 0:00:00 (0.9780 s / it)
* Acc@1 75.862 loss 1.431 auroc 0.815 f1_score 0.622
  per-class F1 (Val): {'negative': np.float32(0.85), 'itc': np.float32(0.4), 'micro': np.float32(0.571), 'macro': np.float32(0.667)}
Test [  0/197] eta: 0:00:30 loss: 0.0705 (0.0705) acc1: 100.0000 (100.0000) time: 0.1538 data: 0.1075 max mem: 327
Test [100/197] eta: 0:00:02 loss: 0.0131 (0.7345) acc1: 100.0000 (81.1881) time: 0.0290 data: 0.0001 max mem: 327
Test [196/197] eta: 0:00:00 loss: 0.0026 (0.6585) acc1: 100.0000 (83.7563) time: 0.0281 data: 0.0001 max mem: 327
Test Total time: 0:00:05 (5.9335 s / it)
* Acc@1 83.756 loss 0.659 auroc 0.894 f1_score 0.694
  per-class F1 (Test): {'negative': np.float32(0.897), 'itc': np.float32(0.258), 'micro': np.float32(0.688), 'macro': np.float32(0.932)}

Epoch: [21] [  0/266] eta: 0:01:13 lr: 0.000029 tier1_loss: 1.4514 (1.4514) tier2_loss: 0.0405 (0.0405) time: 0.2762 data: 0.1187 max mem: 327
Epoch: [21] [100/266] eta: 0:00:19 lr: 0.000027 tier1_loss: 1.5146 (1.5325) tier2_loss: 0.0023 (0.1395) time: 0.1395 data: 0.0001 max mem: 327
Epoch: [21] [200/266] eta: 0:00:07 lr: 0.000025 tier1_loss: 1.5557 (1.5235) tier2_loss: 0.0018 (0.1344) time: 0.1150 data: 0.0001 max mem: 327
Epoch: [21] [265/266] eta: 0:00:00 lr: 0.000024 tier1_loss: 1.5160 (1.5247) tier2_loss: 0.0025 (0.1073) time: 0.1038 data: 0.0001 max mem: 327
Epoch: [21] Total time: 0:00:30 (30.7443 s / it)
Val [ 0/29] eta: 0:00:05 loss: 0.0092 (0.0092) acc1: 100.0000 (100.0000) time: 0.1885 data: 0.1307 max mem: 327
Val [28/29] eta: 0:00:00 loss: 0.0015 (1.5373) acc1: 100.0000 (75.8621) time: 0.0289 data: 0.0001 max mem: 327
Val Total time: 0:00:01 (1.0390 s / it)
* Acc@1 75.862 loss 1.537 auroc 0.764 f1_score 0.524
  per-class F1 (Val): {'negative': np.float32(0.857), 'itc': np.float32(0.0), 'micro': np.float32(0.571), 'macro': np.float32(0.667)}
Test [  0/197] eta: 0:00:27 loss: 0.0192 (0.0192) acc1: 100.0000 (100.0000) time: 0.1413 data: 0.1028 max mem: 327
Test [100/197] eta: 0:00:02 loss: 0.0108 (0.7707) acc1: 100.0000 (83.1683) time: 0.0289 data: 0.0001 max mem: 327
Test [196/197] eta: 0:00:00 loss: 0.0024 (0.6585) acc1: 100.0000 (85.7868) time: 0.0276 data: 0.0001 max mem: 327
Test Total time: 0:00:05 (5.8165 s / it)
* Acc@1 85.787 loss 0.658 auroc 0.893 f1_score 0.721
  per-class F1 (Test): {'negative': np.float32(0.91), 'itc': np.float32(0.345), 'micro': np.float32(0.688), 'macro': np.float32(0.944)}

Epoch: [22] [  0/266] eta: 0:01:12 lr: 0.000024 tier1_loss: 1.7475 (1.7475) tier2_loss: 0.0034 (0.0034) time: 0.2742 data: 0.1197 max mem: 327
Epoch: [22] [100/266] eta: 0:00:20 lr: 0.000022 tier1_loss: 1.5221 (1.5178) tier2_loss: 0.0029 (0.1292) time: 0.1417 data: 0.0001 max mem: 327
Epoch: [22] [200/266] eta: 0:00:07 lr: 0.000020 tier1_loss: 1.5691 (1.5296) tier2_loss: 0.0019 (0.0999) time: 0.1116 data: 0.0001 max mem: 327
Epoch: [22] [265/266] eta: 0:00:00 lr: 0.000019 tier1_loss: 1.5501 (1.5255) tier2_loss: 0.0032 (0.1044) time: 0.1001 data: 0.0001 max mem: 327
Epoch: [22] Total time: 0:00:30 (30.7785 s / it)
Val [ 0/29] eta: 0:00:04 loss: 0.0074 (0.0074) acc1: 100.0000 (100.0000) time: 0.1489 data: 0.1183 max mem: 327
Val [28/29] eta: 0:00:00 loss: 0.0012 (1.3471) acc1: 100.0000 (79.3103) time: 0.0292 data: 0.0001 max mem: 327
Val Total time: 0:00:01 (1.0449 s / it)
* Acc@1 79.310 loss 1.347 auroc 0.783 f1_score 0.654
  per-class F1 (Val): {'negative': np.float32(0.878), 'itc': np.float32(0.5), 'micro': np.float32(0.571), 'macro': np.float32(0.667)}
Test [  0/197] eta: 0:00:30 loss: 0.0946 (0.0946) acc1: 100.0000 (100.0000) time: 0.1554 data: 0.1148 max mem: 327
Test [100/197] eta: 0:00:03 loss: 0.0084 (0.8229) acc1: 100.0000 (83.1683) time: 0.0310 data: 0.0001 max mem: 327
Test [196/197] eta: 0:00:00 loss: 0.0022 (0.6849) acc1: 100.0000 (85.7868) time: 0.0290 data: 0.0001 max mem: 327
Test Total time: 0:00:06 (6.2404 s / it)
* Acc@1 85.787 loss 0.685 auroc 0.880 f1_score 0.686
  per-class F1 (Test): {'negative': np.float32(0.923), 'itc': np.float32(0.308), 'micro': np.float32(0.581), 'macro': np.float32(0.933)}

Epoch: [23] [  0/266] eta: 0:01:06 lr: 0.000019 tier1_loss: 1.3391 (1.3391) tier2_loss: 0.0060 (0.0060) time: 0.2497 data: 0.1096 max mem: 327
Epoch: [23] [100/266] eta: 0:00:20 lr: 0.000017 tier1_loss: 1.5639 (1.5380) tier2_loss: 0.0031 (0.0335) time: 0.1200 data: 0.0001 max mem: 327
Epoch: [23] [200/266] eta: 0:00:07 lr: 0.000015 tier1_loss: 1.5278 (1.5226) tier2_loss: 0.0032 (0.0883) time: 0.1201 data: 0.0001 max mem: 327
Epoch: [23] [265/266] eta: 0:00:00 lr: 0.000014 tier1_loss: 1.5224 (1.5271) tier2_loss: 0.0033 (0.0878) time: 0.1056 data: 0.0001 max mem: 327
Epoch: [23] Total time: 0:00:31 (31.5876 s / it)
Val [ 0/29] eta: 0:00:05 loss: 0.0354 (0.0354) acc1: 100.0000 (100.0000) time: 0.1796 data: 0.1379 max mem: 327
Val [28/29] eta: 0:00:00 loss: 0.0021 (1.5105) acc1: 100.0000 (72.4138) time: 0.0284 data: 0.0001 max mem: 327
Val Total time: 0:00:01 (1.0110 s / it)
* Acc@1 72.414 loss 1.511 auroc 0.798 f1_score 0.499
  per-class F1 (Val): {'negative': np.float32(0.829), 'itc': np.float32(0.0), 'micro': np.float32(0.5), 'macro': np.float32(0.667)}
Test [  0/197] eta: 0:00:29 loss: 0.0734 (0.0734) acc1: 100.0000 (100.0000) time: 0.1513 data: 0.1169 max mem: 327
Test [100/197] eta: 0:00:02 loss: 0.0499 (0.8615) acc1: 100.0000 (76.2376) time: 0.0294 data: 0.0001 max mem: 327
Test [196/197] eta: 0:00:00 loss: 0.0022 (0.7728) acc1: 100.0000 (80.2030) time: 0.0292 data: 0.0001 max mem: 327
Test Total time: 0:00:06 (6.0031 s / it)
* Acc@1 80.203 loss 0.773 auroc 0.890 f1_score 0.684
  per-class F1 (Test): {'negative': np.float32(0.866), 'itc': np.float32(0.341), 'micro': np.float32(0.606), 'macro': np.float32(0.921)}

Epoch: [24] [  0/266] eta: 0:01:06 lr: 0.000014 tier1_loss: 1.6081 (1.6081) tier2_loss: 0.0015 (0.0015) time: 0.2484 data: 0.1146 max mem: 327
Epoch: [24] [100/266] eta: 0:00:20 lr: 0.000013 tier1_loss: 1.5085 (1.5217) tier2_loss: 0.0025 (0.0835) time: 0.1191 data: 0.0001 max mem: 327
Epoch: [24] [200/266] eta: 0:00:07 lr: 0.000011 tier1_loss: 1.5828 (1.5447) tier2_loss: 0.0032 (0.0830) time: 0.1085 data: 0.0001 max mem: 327
Epoch: [24] [265/266] eta: 0:00:00 lr: 0.000010 tier1_loss: 1.4961 (1.5314) tier2_loss: 0.0023 (0.0738) time: 0.1028 data: 0.0001 max mem: 327
Epoch: [24] Total time: 0:00:30 (30.5520 s / it)
Val [ 0/29] eta: 0:00:04 loss: 0.0259 (0.0259) acc1: 100.0000 (100.0000) time: 0.1601 data: 0.1244 max mem: 327
Val [28/29] eta: 0:00:00 loss: 0.0016 (1.3832) acc1: 100.0000 (79.3103) time: 0.0307 data: 0.0001 max mem: 327
Val Total time: 0:00:01 (1.0727 s / it)
* Acc@1 79.310 loss 1.383 auroc 0.839 f1_score 0.654
  per-class F1 (Val): {'negative': np.float32(0.878), 'itc': np.float32(0.5), 'micro': np.float32(0.571), 'macro': np.float32(0.667)}
Test [  0/197] eta: 0:00:31 loss: 0.0791 (0.0791) acc1: 100.0000 (100.0000) time: 0.1611 data: 0.1257 max mem: 327
Test [100/197] eta: 0:00:02 loss: 0.0381 (0.8733) acc1: 100.0000 (78.2178) time: 0.0292 data: 0.0001 max mem: 327
Test [196/197] eta: 0:00:00 loss: 0.0021 (0.7652) acc1: 100.0000 (81.7259) time: 0.0280 data: 0.0001 max mem: 327
Test Total time: 0:00:05 (5.9356 s / it)
* Acc@1 81.726 loss 0.765 auroc 0.885 f1_score 0.683
  per-class F1 (Test): {'negative': np.float32(0.881), 'itc': np.float32(0.316), 'micro': np.float32(0.6), 'macro': np.float32(0.933)}

Epoch: [25] [  0/266] eta: 0:01:19 lr: 0.000010 tier1_loss: 1.8063 (1.8063) tier2_loss: 0.0156 (0.0156) time: 0.2984 data: 0.1439 max mem: 327
Epoch: [25] [100/266] eta: 0:00:20 lr: 0.000009 tier1_loss: 1.5558 (1.5365) tier2_loss: 0.0026 (0.0905) time: 0.1193 data: 0.0001 max mem: 327
Epoch: [25] [200/266] eta: 0:00:07 lr: 0.000008 tier1_loss: 1.5186 (1.5295) tier2_loss: 0.0026 (0.0479) time: 0.1182 data: 0.0001 max mem: 327
Epoch: [25] [265/266] eta: 0:00:00 lr: 0.000007 tier1_loss: 1.5450 (1.5321) tier2_loss: 0.0030 (0.0582) time: 0.1103 data: 0.0001 max mem: 327
Epoch: [25] Total time: 0:00:31 (31.2737 s / it)
Val [ 0/29] eta: 0:00:04 loss: 0.0220 (0.0220) acc1: 100.0000 (100.0000) time: 0.1600 data: 0.1268 max mem: 327
Val [28/29] eta: 0:00:00 loss: 0.0016 (1.4680) acc1: 100.0000 (75.8621) time: 0.0281 data: 0.0001 max mem: 327
Val Total time: 0:00:00 (0.9845 s / it)
* Acc@1 75.862 loss 1.468 auroc 0.783 f1_score 0.524
  per-class F1 (Val): {'negative': np.float32(0.857), 'itc': np.float32(0.0), 'micro': np.float32(0.571), 'macro': np.float32(0.667)}
Test [  0/197] eta: 0:00:31 loss: 0.0461 (0.0461) acc1: 100.0000 (100.0000) time: 0.1611 data: 0.1187 max mem: 327
Test [100/197] eta: 0:00:03 loss: 0.0278 (0.9453) acc1: 100.0000 (77.2277) time: 0.0296 data: 0.0001 max mem: 327
Test [196/197] eta: 0:00:00 loss: 0.0020 (0.7788) acc1: 100.0000 (82.2335) time: 0.0280 data: 0.0001 max mem: 327
Test Total time: 0:00:06 (6.0327 s / it)
* Acc@1 82.234 loss 0.779 auroc 0.878 f1_score 0.690
  per-class F1 (Test): {'negative': np.float32(0.882), 'itc': np.float32(0.278), 'micro': np.float32(0.667), 'macro': np.float32(0.933)}

Epoch: [26] [  0/266] eta: 0:01:16 lr: 0.000007 tier1_loss: 1.4739 (1.4739) tier2_loss: 0.0340 (0.0340) time: 0.2874 data: 0.1373 max mem: 327
Epoch: [26] [100/266] eta: 0:00:19 lr: 0.000006 tier1_loss: 1.5046 (1.5368) tier2_loss: 0.0020 (0.0100) time: 0.1350 data: 0.0001 max mem: 327
Epoch: [26] [200/266] eta: 0:00:07 lr: 0.000005 tier1_loss: 1.5120 (1.5323) tier2_loss: 0.0028 (0.0651) time: 0.1154 data: 0.0001 max mem: 327
Epoch: [26] [265/266] eta: 0:00:00 lr: 0.000004 tier1_loss: 1.5741 (1.5328) tier2_loss: 0.0018 (0.0595) time: 0.1096 data: 0.0001 max mem: 327
Epoch: [26] Total time: 0:00:30 (30.9065 s / it)
Val [ 0/29] eta: 0:00:04 loss: 0.0147 (0.0147) acc1: 100.0000 (100.0000) time: 0.1602 data: 0.1261 max mem: 327
Val [28/29] eta: 0:00:00 loss: 0.0014 (1.4191) acc1: 100.0000 (75.8621) time: 0.0292 data: 0.0001 max mem: 327
Val Total time: 0:00:01 (1.0371 s / it)
* Acc@1 75.862 loss 1.419 auroc 0.765 f1_score 0.524
  per-class F1 (Val): {'negative': np.float32(0.857), 'itc': np.float32(0.0), 'micro': np.float32(0.571), 'macro': np.float32(0.667)}
Test [  0/197] eta: 0:00:33 loss: 0.2653 (0.2653) acc1: 100.0000 (100.0000) time: 0.1726 data: 0.1227 max mem: 327
Test [100/197] eta: 0:00:03 loss: 0.0218 (0.9011) acc1: 100.0000 (77.2277) time: 0.0310 data: 0.0001 max mem: 327
Test [196/197] eta: 0:00:00 loss: 0.0020 (0.7477) acc1: 100.0000 (81.7259) time: 0.0285 data: 0.0001 max mem: 327
Test Total time: 0:00:06 (6.2328 s / it)
* Acc@1 81.726 loss 0.748 auroc 0.888 f1_score 0.681
  per-class F1 (Test): {'negative': np.float32(0.886), 'itc': np.float32(0.316), 'micro': np.float32(0.6), 'macro': np.float32(0.921)}

Epoch: [27] [  0/266] eta: 0:01:07 lr: 0.000004 tier1_loss: 1.6779 (1.6779) tier2_loss: 0.0019 (0.0019) time: 0.2530 data: 0.1343 max mem: 327
Epoch: [27] [100/266] eta: 0:00:19 lr: 0.000004 tier1_loss: 1.4765 (1.5247) tier2_loss: 0.0026 (0.0759) time: 0.1270 data: 0.0001 max mem: 327
Epoch: [27] [200/266] eta: 0:00:07 lr: 0.000003 tier1_loss: 1.4990 (1.5257) tier2_loss: 0.0028 (0.0505) time: 0.1124 data: 0.0001 max mem: 327
Epoch: [27] [265/266] eta: 0:00:00 lr: 0.000003 tier1_loss: 1.4912 (1.5314) tier2_loss: 0.0015 (0.0421) time: 0.1078 data: 0.0001 max mem: 327
Epoch: [27] Total time: 0:00:31 (31.2781 s / it)
Val [ 0/29] eta: 0:00:05 loss: 0.0155 (0.0155) acc1: 100.0000 (100.0000) time: 0.1787 data: 0.1314 max mem: 327
Val [28/29] eta: 0:00:00 loss: 0.0014 (1.4350) acc1: 100.0000 (75.8621) time: 0.0289 data: 0.0001 max mem: 327
Val Total time: 0:00:01 (1.0322 s / it)
* Acc@1 75.862 loss 1.435 auroc 0.781 f1_score 0.622
  per-class F1 (Val): {'negative': np.float32(0.85), 'itc': np.float32(0.4), 'micro': np.float32(0.571), 'macro': np.float32(0.667)}
Test [  0/197] eta: 0:00:32 loss: 0.0293 (0.0293) acc1: 100.0000 (100.0000) time: 0.1650 data: 0.1288 max mem: 327
Test [100/197] eta: 0:00:03 loss: 0.0216 (0.9200) acc1: 100.0000 (77.2277) time: 0.0303 data: 0.0001 max mem: 327
Test [196/197] eta: 0:00:00 loss: 0.0020 (0.7675) acc1: 100.0000 (82.7411) time: 0.0289 data: 0.0001 max mem: 327
Test Total time: 0:00:06 (6.1690 s / it)
* Acc@1 82.741 loss 0.767 auroc 0.889 f1_score 0.695
  per-class F1 (Test): {'negative': np.float32(0.891), 'itc': np.float32(0.343), 'micro': np.float32(0.625), 'macro': np.float32(0.921)}

Epoch: [28] [  0/266] eta: 0:01:09 lr: 0.000003 tier1_loss: 1.5199 (1.5199) tier2_loss: 1.3401 (1.3401) time: 0.2621 data: 0.1147 max mem: 327
Epoch: [28] [100/266] eta: 0:00:19 lr: 0.000002 tier1_loss: 1.5335 (1.5252) tier2_loss: 0.0025 (0.0952) time: 0.1309 data: 0.0001 max mem: 327
Epoch: [28] [200/266] eta: 0:00:07 lr: 0.000002 tier1_loss: 1.5436 (1.5262) tier2_loss: 0.0016 (0.0642) time: 0.1137 data: 0.0001 max mem: 327
Epoch: [28] [265/266] eta: 0:00:00 lr: 0.000001 tier1_loss: 1.5726 (1.5299) tier2_loss: 0.0017 (0.0543) time: 0.1144 data: 0.0001 max mem: 327
Epoch: [28] Total time: 0:00:31 (31.0042 s / it)
Val [ 0/29] eta: 0:00:04 loss: 0.0149 (0.0149) acc1: 100.0000 (100.0000) time: 0.1573 data: 0.1207 max mem: 327
Val [28/29] eta: 0:00:00 loss: 0.0013 (1.5639) acc1: 100.0000 (75.8621) time: 0.0292 data: 0.0001 max mem: 327
Val Total time: 0:00:01 (1.0128 s / it)
* Acc@1 75.862 loss 1.564 auroc 0.741 f1_score 0.524
  per-class F1 (Val): {'negative': np.float32(0.857), 'itc': np.float32(0.0), 'micro': np.float32(0.571), 'macro': np.float32(0.667)}
Test [  0/197] eta: 0:00:30 loss: 0.0899 (0.0899) acc1: 100.0000 (100.0000) time: 0.1559 data: 0.1058 max mem: 327
Test [100/197] eta: 0:00:03 loss: 0.0262 (0.8945) acc1: 100.0000 (77.2277) time: 0.0302 data: 0.0001 max mem: 327
Test [196/197] eta: 0:00:00 loss: 0.0020 (0.7629) acc1: 100.0000 (82.7411) time: 0.0294 data: 0.0001 max mem: 327
Test Total time: 0:00:06 (6.2642 s / it)
* Acc@1 82.741 loss 0.763 auroc 0.880 f1_score 0.698
  per-class F1 (Test): {'negative': np.float32(0.891), 'itc': np.float32(0.333), 'micro': np.float32(0.645), 'macro': np.float32(0.921)}

Epoch: [29] [  0/266] eta: 0:01:06 lr: 0.000001 tier1_loss: 1.5416 (1.5416) tier2_loss: 0.0040 (0.0040) time: 0.2514 data: 0.1040 max mem: 327
Epoch: [29] [100/266] eta: 0:00:20 lr: 0.000001 tier1_loss: 1.4854 (1.5351) tier2_loss: 0.0015 (0.0514) time: 0.1475 data: 0.0001 max mem: 327
Epoch: [29] [200/266] eta: 0:00:07 lr: 0.000001 tier1_loss: 1.5471 (1.5317) tier2_loss: 0.0020 (0.0446) time: 0.1123 data: 0.0001 max mem: 327
Epoch: [29] [265/266] eta: 0:00:00 lr: 0.000001 tier1_loss: 1.5562 (1.5327) tier2_loss: 0.0019 (0.0422) time: 0.1178 data: 0.0001 max mem: 327
Epoch: [29] Total time: 0:00:31 (31.6221 s / it)
Val [ 0/29] eta: 0:00:04 loss: 0.0156 (0.0156) acc1: 100.0000 (100.0000) time: 0.1637 data: 0.1307 max mem: 327
Val [28/29] eta: 0:00:00 loss: 0.0013 (1.5627) acc1: 100.0000 (75.8621) time: 0.0303 data: 0.0001 max mem: 327
Val Total time: 0:00:01 (1.0661 s / it)
* Acc@1 75.862 loss 1.563 auroc 0.762 f1_score 0.524
  per-class F1 (Val): {'negative': np.float32(0.857), 'itc': np.float32(0.0), 'micro': np.float32(0.571), 'macro': np.float32(0.667)}
wandb: 
wandb: Run history:
wandb: perf/test_auc ▁▂▂▁▂▃▄▆▇█▇▇██████████████████
wandb:  perf/test_f1 ▁▁▁▁▁▃▄▄▆▇▆▆▆██▇▇▇▇█████▇█▇███
wandb:  perf/val_auc ▁▃▂▂▃▄▅▅▆▇▇██▇▆█▇█▇█▇▆▇▇█▇▆▇▆▆
wandb:   perf/val_f1 ▁▁▁▁▁▁▃▃▆▆▆▇▅▆▆▆▆▆███▆█▆█▆▆█▆▆
wandb:    tier1_loss ▄▂▃▄▄▂▂█▅▃▅▃▂▅▃▅▆▄▃▃▂▃▄▄▃▄▃▂▃▃▅▂▃▂▃▃▁▅▃▃
wandb:    tier2_loss ▂▁▁▆▆▁█▁▂▃▁▁▁▁▁▁▁▁▁▁▁▁▁▁▁▁▁▁▁▁▁▁▁▁▁▁▁▁▁▁
wandb: 
wandb: Run summary:
wandb: perf/test_auc 0.88757
wandb:  perf/test_f1 0.68801
wandb:  perf/val_auc 0.76248
wandb:   perf/val_f1 0.52381
wandb:    tier1_loss 1.68971
wandb:    tier2_loss 0.00124
wandb: 
wandb: You can sync this run to the cloud by running:
wandb: wandb sync /data/bohatyrenko1/EXPERIMENTS_2/Hi-MoE_MIL/wandb/offline-run-20260922_091413-k8hy7seg
wandb: Find logs at: ./wandb/offline-run-20260922_091413-k8hy7seg/logs
Test [  0/197] eta: 0:00:34 loss: 0.0505 (0.0505) acc1: 100.0000 (100.0000) time: 0.1730 data: 0.1385 max mem: 327
Test [100/197] eta: 0:00:03 loss: 0.0266 (0.9148) acc1: 100.0000 (77.2277) time: 0.0307 data: 0.0001 max mem: 327
Test [196/197] eta: 0:00:00 loss: 0.0020 (0.7885) acc1: 100.0000 (81.7259) time: 0.0284 data: 0.0001 max mem: 327
Test Total time: 0:00:06 (6.1141 s / it)
* Acc@1 81.726 loss 0.788 auroc 0.888 f1_score 0.688
  per-class F1 (Test): {'negative': np.float32(0.881), 'itc': np.float32(0.324), 'micro': np.float32(0.625), 'macro': np.float32(0.921)}

============================================================
FINAL EPOCH (29) RESULTS (DTFD-ASMIL):
  test_auc=0.8876 test_acc=81.73 test_f1(macro)=0.6880
  test per-class F1: {'negative': np.float32(0.881), 'itc': np.float32(0.324), 'micro': np.float32(0.625), 'macro': np.float32(0.921)}
  test confusion matrix (rows=true, cols=pred):
          negative         itc       micro       macro
negative        104          14           1           2
     itc          8           6           2           0
   micro          3           1          10           4
   macro          0           0           1          41
============================================================
Best epoch: {'epoch': 24, 'val_f1': 0.6540360450744629, 'val_auc': 0.838518500328064, 'test_f1': 0.6826196908950806, 'test_auc': 0.8850157856941223}
