wandb: Tracking run with wandb version 0.28.0
wandb: W&B syncing is set to `offline` in this directory. Run `wandb online` or set WANDB_MODE=online to enable cloud syncing.
wandb: Run data is saved locally in /data/bohatyrenko1/EXPERIMENTS_2/Hi-MoE_MIL/wandb/offline-run-20260925_131004-lorctxyp
wandb: View this run in the terminal with `wandb leet`
Used config (DTFD-ASMIL v2):
{'B': 1,
 'D_feat': 384,
 'D_inner': 128,
 'M': None,
 'ckpt_dir': 'ckpt/c17_dtfd_v3_seed4',
 'config': 'config/camelyon17_vitsdino_config_20ep.yml',
 'dataset': 'camelyon17',
 'lr': 0.0001,
 'min_lr': 1e-06,
 'n_class': 4,
 'n_token': 8,
 'n_worker': 4,
 'pin_memory': True,
 'pretrain': 'medical_ssl',
 'seed': 4,
 'splits_dir': '/data/bohatyrenko1/EXPERIMENTS_2/ASMIL/splits_paper',
 'test_dir': '/data/bohatyrenko1/features_vitsdino_camelyon17_train',
 'tier1_weight': 0.1,
 'tier2_D_inner': None,
 'tier2_n_heads': 4,
 'tier2_n_layers': 2,
 'train_dir': '/data/bohatyrenko1/features_vitsdino_camelyon17_train',
 'train_epoch': 20,
 'wandb_mode': 'offline',
 'warmup_epoch': 5,
 'wd': 1e-05}
M (псевдо-bags) = 8, tier1_weight = 0.1
Class weights: [0.3757062256336212, 3.694444417953491, 1.6219512224197388, 2.2166666984558105]
Epoch: [0] [  0/266] eta: 0:02:35 lr: 0.000000 tier1_loss: 1.3654 (1.3654) tier2_loss: 1.5083 (1.5083) time: 0.5842 data: 0.1100 max mem: 169
Epoch: [0] [100/266] eta: 0:00:18 lr: 0.000008 tier1_loss: 1.2496 (1.3248) tier2_loss: 0.6051 (1.3915) time: 0.1135 data: 0.0001 max mem: 253
Epoch: [0] [200/266] eta: 0:00:07 lr: 0.000015 tier1_loss: 0.9016 (1.2651) tier2_loss: 0.0835 (1.3158) time: 0.1080 data: 0.0001 max mem: 324
Epoch: [0] [265/266] eta: 0:00:00 lr: 0.000020 tier1_loss: 0.6139 (1.2174) tier2_loss: 0.0915 (1.3033) time: 0.1095 data: 0.0001 max mem: 324
Epoch: [0] Total time: 0:00:28 (28.9437 s / it)
Val [ 0/29] eta: 0:00:05 loss: 0.0774 (0.0774) acc1: 100.0000 (100.0000) time: 0.1765 data: 0.1018 max mem: 324
Val [28/29] eta: 0:00:00 loss: 0.0665 (1.2463) acc1: 100.0000 (68.9655) time: 0.0295 data: 0.0001 max mem: 324
Val Total time: 0:00:01 (1.2381 s / it)
* Acc@1 68.966 loss 1.246 auroc 0.626 f1_score 0.204
  per-class F1 (Val): {'negative': np.float32(0.816), 'itc': np.float32(0.0), 'micro': np.float32(0.0), 'macro': np.float32(0.0)}
  [DIAG] Tier1 сам по собі: acc=68.966 f1_macro=0.204
Test [  0/197] eta: 0:00:29 loss: 3.6332 (3.6332) acc1: 0.0000 (0.0000) time: 0.1475 data: 0.1097 max mem: 324
Test [100/197] eta: 0:00:02 loss: 0.0648 (1.6003) acc1: 100.0000 (59.4059) time: 0.0282 data: 0.0001 max mem: 324
Test [196/197] eta: 0:00:00 loss: 0.0783 (1.4798) acc1: 100.0000 (61.4213) time: 0.0272 data: 0.0001 max mem: 324
Test Total time: 0:00:05 (5.9072 s / it)
* Acc@1 61.421 loss 1.480 auroc 0.552 f1_score 0.190
  per-class F1 (Test): {'negative': np.float32(0.761), 'itc': np.float32(0.0), 'micro': np.float32(0.0), 'macro': np.float32(0.0)}
  [DIAG] Tier1 сам по собі: acc=61.421 f1_macro=0.190

Epoch: [1] [  0/266] eta: 0:00:57 lr: 0.000020 tier1_loss: 1.7957 (1.7957) tier2_loss: 3.5255 (3.5255) time: 0.2170 data: 0.1028 max mem: 324
Epoch: [1] [100/266] eta: 0:00:18 lr: 0.000028 tier1_loss: 0.3594 (1.0924) tier2_loss: 0.0892 (1.4950) time: 0.1166 data: 0.0001 max mem: 324
Epoch: [1] [200/266] eta: 0:00:07 lr: 0.000035 tier1_loss: 0.2051 (0.9610) tier2_loss: 0.0385 (1.2481) time: 0.1106 data: 0.0001 max mem: 324
Epoch: [1] [265/266] eta: 0:00:00 lr: 0.000040 tier1_loss: 0.1617 (1.0292) tier2_loss: 0.1316 (1.3109) time: 0.1099 data: 0.0001 max mem: 325
Epoch: [1] Total time: 0:00:28 (28.6749 s / it)
Val [ 0/29] eta: 0:00:04 loss: 0.0830 (0.0830) acc1: 100.0000 (100.0000) time: 0.1617 data: 0.1235 max mem: 325
Val [28/29] eta: 0:00:00 loss: 0.0583 (1.2877) acc1: 100.0000 (68.9655) time: 0.0341 data: 0.0001 max mem: 325
Val Total time: 0:00:01 (1.4016 s / it)
* Acc@1 68.966 loss 1.288 auroc 0.584 f1_score 0.204
  per-class F1 (Val): {'negative': np.float32(0.816), 'itc': np.float32(0.0), 'micro': np.float32(0.0), 'macro': np.float32(0.0)}
  [DIAG] Tier1 сам по собі: acc=68.966 f1_macro=0.204
Test [  0/197] eta: 0:00:33 loss: 3.6504 (3.6504) acc1: 0.0000 (0.0000) time: 0.1720 data: 0.1252 max mem: 325
Test [100/197] eta: 0:00:02 loss: 0.0608 (1.5994) acc1: 100.0000 (59.4059) time: 0.0281 data: 0.0001 max mem: 325
Test [196/197] eta: 0:00:00 loss: 0.0694 (1.4941) acc1: 100.0000 (61.4213) time: 0.0276 data: 0.0001 max mem: 325
Test Total time: 0:00:05 (5.8459 s / it)
* Acc@1 61.421 loss 1.494 auroc 0.591 f1_score 0.190
  per-class F1 (Test): {'negative': np.float32(0.761), 'itc': np.float32(0.0), 'micro': np.float32(0.0), 'macro': np.float32(0.0)}
  [DIAG] Tier1 сам по собі: acc=61.421 f1_macro=0.190

Epoch: [2] [  0/266] eta: 0:01:04 lr: 0.000040 tier1_loss: 0.1462 (0.1462) tier2_loss: 0.0479 (0.0479) time: 0.2419 data: 0.1134 max mem: 325
Epoch: [2] [100/266] eta: 0:00:18 lr: 0.000048 tier1_loss: 0.1292 (1.1917) tier2_loss: 0.1658 (1.2967) time: 0.1095 data: 0.0001 max mem: 325
Epoch: [2] [200/266] eta: 0:00:07 lr: 0.000055 tier1_loss: 0.1156 (1.1747) tier2_loss: 0.1131 (1.2713) time: 0.0990 data: 0.0001 max mem: 325
Epoch: [2] [265/266] eta: 0:00:00 lr: 0.000060 tier1_loss: 0.1037 (1.1715) tier2_loss: 0.0579 (1.2666) time: 0.0949 data: 0.0001 max mem: 325
Epoch: [2] Total time: 0:00:27 (27.9697 s / it)
Val [ 0/29] eta: 0:00:05 loss: 0.0910 (0.0910) acc1: 100.0000 (100.0000) time: 0.1755 data: 0.1380 max mem: 325
Val [28/29] eta: 0:00:00 loss: 0.0645 (1.2201) acc1: 100.0000 (68.9655) time: 0.0339 data: 0.0001 max mem: 325
Val Total time: 0:00:01 (1.3193 s / it)
* Acc@1 68.966 loss 1.220 auroc 0.606 f1_score 0.204
  per-class F1 (Val): {'negative': np.float32(0.816), 'itc': np.float32(0.0), 'micro': np.float32(0.0), 'macro': np.float32(0.0)}
  [DIAG] Tier1 сам по собі: acc=68.966 f1_macro=0.204
Test [  0/197] eta: 0:00:34 loss: 3.7741 (3.7741) acc1: 0.0000 (0.0000) time: 0.1731 data: 0.1329 max mem: 325
Test [100/197] eta: 0:00:03 loss: 0.0735 (1.5072) acc1: 100.0000 (59.4059) time: 0.0294 data: 0.0001 max mem: 325
Test [196/197] eta: 0:00:00 loss: 0.0733 (1.3975) acc1: 100.0000 (61.4213) time: 0.0272 data: 0.0001 max mem: 325
Test Total time: 0:00:06 (6.1245 s / it)
* Acc@1 61.421 loss 1.398 auroc 0.675 f1_score 0.190
  per-class F1 (Test): {'negative': np.float32(0.761), 'itc': np.float32(0.0), 'micro': np.float32(0.0), 'macro': np.float32(0.0)}
  [DIAG] Tier1 сам по собі: acc=61.421 f1_macro=0.190

Epoch: [3] [  0/266] eta: 0:01:17 lr: 0.000060 tier1_loss: 3.6000 (3.6000) tier2_loss: 4.1876 (4.1876) time: 0.2931 data: 0.1330 max mem: 325
Epoch: [3] [100/266] eta: 0:00:18 lr: 0.000068 tier1_loss: 0.1226 (1.2066) tier2_loss: 0.0846 (1.1433) time: 0.1146 data: 0.0001 max mem: 326
Epoch: [3] [200/266] eta: 0:00:07 lr: 0.000075 tier1_loss: 0.1499 (1.2523) tier2_loss: 0.1289 (1.2585) time: 0.1155 data: 0.0001 max mem: 326
Epoch: [3] [265/266] eta: 0:00:00 lr: 0.000080 tier1_loss: 0.1063 (1.1617) tier2_loss: 0.0669 (1.1746) time: 0.1136 data: 0.0001 max mem: 326
Epoch: [3] Total time: 0:00:29 (29.9271 s / it)
Val [ 0/29] eta: 0:00:04 loss: 0.0478 (0.0478) acc1: 100.0000 (100.0000) time: 0.1635 data: 0.1244 max mem: 326
Val [28/29] eta: 0:00:00 loss: 0.0422 (1.3585) acc1: 100.0000 (68.9655) time: 0.0281 data: 0.0001 max mem: 326
Val Total time: 0:00:01 (1.0005 s / it)
* Acc@1 68.966 loss 1.358 auroc 0.612 f1_score 0.204
  per-class F1 (Val): {'negative': np.float32(0.816), 'itc': np.float32(0.0), 'micro': np.float32(0.0), 'macro': np.float32(0.0)}
  [DIAG] Tier1 сам по собі: acc=68.966 f1_macro=0.204
Test [  0/197] eta: 0:00:31 loss: 4.2764 (4.2764) acc1: 0.0000 (0.0000) time: 0.1606 data: 0.1263 max mem: 326
Test [100/197] eta: 0:00:02 loss: 0.0424 (1.6975) acc1: 100.0000 (59.4059) time: 0.0295 data: 0.0001 max mem: 326
Test [196/197] eta: 0:00:00 loss: 0.0413 (1.5876) acc1: 100.0000 (61.4213) time: 0.0272 data: 0.0001 max mem: 326
Test Total time: 0:00:05 (5.9046 s / it)
* Acc@1 61.421 loss 1.588 auroc 0.708 f1_score 0.190
  per-class F1 (Test): {'negative': np.float32(0.761), 'itc': np.float32(0.0), 'micro': np.float32(0.0), 'macro': np.float32(0.0)}
  [DIAG] Tier1 сам по собі: acc=61.421 f1_macro=0.190

Epoch: [4] [  0/266] eta: 0:01:03 lr: 0.000080 tier1_loss: 0.0927 (0.0927) tier2_loss: 0.0418 (0.0418) time: 0.2379 data: 0.0948 max mem: 326
Epoch: [4] [100/266] eta: 0:00:17 lr: 0.000088 tier1_loss: 0.0864 (1.1163) tier2_loss: 0.0436 (1.1987) time: 0.0973 data: 0.0001 max mem: 326
Epoch: [4] [200/266] eta: 0:00:06 lr: 0.000095 tier1_loss: 0.1250 (1.1514) tier2_loss: 0.1301 (1.1693) time: 0.1089 data: 0.0001 max mem: 326
Epoch: [4] [265/266] eta: 0:00:00 lr: 0.000100 tier1_loss: 0.1240 (1.1545) tier2_loss: 0.0575 (1.1668) time: 0.1106 data: 0.0001 max mem: 326
Epoch: [4] Total time: 0:00:28 (28.2802 s / it)
Val [ 0/29] eta: 0:00:04 loss: 0.1981 (0.1981) acc1: 100.0000 (100.0000) time: 0.1605 data: 0.1219 max mem: 326
Val [28/29] eta: 0:00:00 loss: 0.0781 (1.1925) acc1: 100.0000 (68.9655) time: 0.0285 data: 0.0001 max mem: 326
Val Total time: 0:00:01 (1.0179 s / it)
* Acc@1 68.966 loss 1.193 auroc 0.583 f1_score 0.204
  per-class F1 (Val): {'negative': np.float32(0.816), 'itc': np.float32(0.0), 'micro': np.float32(0.0), 'macro': np.float32(0.0)}
  [DIAG] Tier1 сам по собі: acc=68.966 f1_macro=0.204
Test [  0/197] eta: 0:00:30 loss: 3.0823 (3.0823) acc1: 0.0000 (0.0000) time: 0.1547 data: 0.1154 max mem: 326
Test [100/197] eta: 0:00:02 loss: 0.0898 (1.2588) acc1: 100.0000 (63.3663) time: 0.0282 data: 0.0001 max mem: 326
Test [196/197] eta: 0:00:00 loss: 0.0770 (1.1313) acc1: 100.0000 (66.4975) time: 0.0276 data: 0.0001 max mem: 326
Test Total time: 0:00:05 (5.8758 s / it)
* Acc@1 66.497 loss 1.131 auroc 0.711 f1_score 0.298
  per-class F1 (Test): {'negative': np.float32(0.784), 'itc': np.float32(0.0), 'micro': np.float32(0.0), 'macro': np.float32(0.407)}
  [DIAG] Tier1 сам по собі: acc=61.421 f1_macro=0.190

Epoch: [5] [  0/266] eta: 0:01:07 lr: 0.000100 tier1_loss: 0.0868 (0.0868) tier2_loss: 0.0834 (0.0834) time: 0.2524 data: 0.1022 max mem: 326
Epoch: [5] [100/266] eta: 0:00:17 lr: 0.000100 tier1_loss: 0.1017 (0.9719) tier2_loss: 0.0678 (0.9739) time: 0.1007 data: 0.0001 max mem: 326
Epoch: [5] [200/266] eta: 0:00:06 lr: 0.000099 tier1_loss: 0.0899 (1.0587) tier2_loss: 0.0889 (1.0854) time: 0.1037 data: 0.0001 max mem: 326
Epoch: [5] [265/266] eta: 0:00:00 lr: 0.000099 tier1_loss: 0.1409 (1.0867) tier2_loss: 0.1040 (1.1020) time: 0.1004 data: 0.0001 max mem: 326
Epoch: [5] Total time: 0:00:27 (27.7551 s / it)
Val [ 0/29] eta: 0:00:04 loss: 0.1933 (0.1933) acc1: 100.0000 (100.0000) time: 0.1558 data: 0.1236 max mem: 326
Val [28/29] eta: 0:00:00 loss: 0.0909 (1.0649) acc1: 100.0000 (68.9655) time: 0.0279 data: 0.0001 max mem: 326
Val Total time: 0:00:00 (0.9841 s / it)
* Acc@1 68.966 loss 1.065 auroc 0.653 f1_score 0.204
  per-class F1 (Val): {'negative': np.float32(0.816), 'itc': np.float32(0.0), 'micro': np.float32(0.0), 'macro': np.float32(0.0)}
  [DIAG] Tier1 сам по собі: acc=68.966 f1_macro=0.204
Test [  0/197] eta: 0:00:34 loss: 3.0046 (3.0046) acc1: 0.0000 (0.0000) time: 0.1728 data: 0.1354 max mem: 326
Test [100/197] eta: 0:00:02 loss: 0.1061 (1.1360) acc1: 100.0000 (66.3366) time: 0.0291 data: 0.0001 max mem: 326
Test [196/197] eta: 0:00:00 loss: 0.0888 (0.9103) acc1: 100.0000 (74.1117) time: 0.0270 data: 0.0001 max mem: 326
Test Total time: 0:00:05 (5.7945 s / it)
* Acc@1 74.112 loss 0.910 auroc 0.730 f1_score 0.391
  per-class F1 (Test): {'negative': np.float32(0.83), 'itc': np.float32(0.0), 'micro': np.float32(0.0), 'macro': np.float32(0.732)}
  [DIAG] Tier1 сам по собі: acc=67.132 f1_macro=0.303

Epoch: [6] [  0/266] eta: 0:00:56 lr: 0.000099 tier1_loss: 0.2369 (0.2369) tier2_loss: 0.2101 (0.2101) time: 0.2117 data: 0.0982 max mem: 326
Epoch: [6] [100/266] eta: 0:00:17 lr: 0.000098 tier1_loss: 0.1328 (1.0339) tier2_loss: 0.1077 (1.0754) time: 0.1046 data: 0.0001 max mem: 326
Epoch: [6] [200/266] eta: 0:00:07 lr: 0.000097 tier1_loss: 0.1094 (1.0435) tier2_loss: 0.1219 (1.0853) time: 0.1114 data: 0.0001 max mem: 326
Epoch: [6] [265/266] eta: 0:00:00 lr: 0.000096 tier1_loss: 0.0952 (1.0123) tier2_loss: 0.0816 (1.0446) time: 0.1056 data: 0.0001 max mem: 326
Epoch: [6] Total time: 0:00:28 (28.9476 s / it)
Val [ 0/29] eta: 0:00:04 loss: 0.1039 (0.1039) acc1: 100.0000 (100.0000) time: 0.1514 data: 0.1185 max mem: 326
Val [28/29] eta: 0:00:00 loss: 0.1070 (1.1040) acc1: 100.0000 (65.5172) time: 0.0279 data: 0.0001 max mem: 326
Val Total time: 0:00:00 (0.9801 s / it)
* Acc@1 65.517 loss 1.104 auroc 0.708 f1_score 0.198
  per-class F1 (Val): {'negative': np.float32(0.792), 'itc': np.float32(0.0), 'micro': np.float32(0.0), 'macro': np.float32(0.0)}
  [DIAG] Tier1 сам по собі: acc=68.966 f1_macro=0.204
Test [  0/197] eta: 0:00:34 loss: 2.4786 (2.4786) acc1: 0.0000 (0.0000) time: 0.1728 data: 0.1246 max mem: 326
Test [100/197] eta: 0:00:02 loss: 0.1057 (1.0503) acc1: 100.0000 (68.3168) time: 0.0299 data: 0.0001 max mem: 326
Test [196/197] eta: 0:00:00 loss: 0.0936 (0.8665) acc1: 100.0000 (74.6193) time: 0.0271 data: 0.0001 max mem: 326
Test Total time: 0:00:05 (5.8681 s / it)
* Acc@1 74.619 loss 0.866 auroc 0.747 f1_score 0.397
  per-class F1 (Test): {'negative': np.float32(0.832), 'itc': np.float32(0.0), 'micro': np.float32(0.0), 'macro': np.float32(0.757)}
  [DIAG] Tier1 сам по собі: acc=73.668 f1_macro=0.388

Epoch: [7] [  0/266] eta: 0:01:07 lr: 0.000096 tier1_loss: 0.0606 (0.0606) tier2_loss: 0.0551 (0.0551) time: 0.2547 data: 0.1153 max mem: 326
Epoch: [7] [100/266] eta: 0:00:18 lr: 0.000094 tier1_loss: 0.0848 (0.9335) tier2_loss: 0.0563 (0.9943) time: 0.1081 data: 0.0001 max mem: 326
Epoch: [7] [200/266] eta: 0:00:07 lr: 0.000092 tier1_loss: 0.0854 (0.8862) tier2_loss: 0.0607 (0.9198) time: 0.1071 data: 0.0001 max mem: 326
Epoch: [7] [265/266] eta: 0:00:00 lr: 0.000091 tier1_loss: 0.7623 (0.9534) tier2_loss: 0.3530 (1.0160) time: 0.0975 data: 0.0001 max mem: 326
Epoch: [7] Total time: 0:00:29 (29.7407 s / it)
Val [ 0/29] eta: 0:00:04 loss: 0.9029 (0.9029) acc1: 100.0000 (100.0000) time: 0.1574 data: 0.1223 max mem: 326
Val [28/29] eta: 0:00:00 loss: 0.2618 (1.1297) acc1: 100.0000 (68.9655) time: 0.0281 data: 0.0001 max mem: 326
Val Total time: 0:00:00 (0.9885 s / it)
* Acc@1 68.966 loss 1.130 auroc 0.668 f1_score 0.330
  per-class F1 (Val): {'negative': np.float32(0.818), 'itc': np.float32(0.0), 'micro': np.float32(0.0), 'macro': np.float32(0.5)}
  [DIAG] Tier1 сам по собі: acc=70.259 f1_macro=0.301
Test [  0/197] eta: 0:00:35 loss: 1.8702 (1.8702) acc1: 0.0000 (0.0000) time: 0.1783 data: 0.1300 max mem: 326
Test [100/197] eta: 0:00:02 loss: 0.4803 (0.9825) acc1: 100.0000 (68.3168) time: 0.0290 data: 0.0001 max mem: 326
Test [196/197] eta: 0:00:00 loss: 0.2007 (0.8222) acc1: 100.0000 (73.6041) time: 0.0274 data: 0.0001 max mem: 326
Test Total time: 0:00:05 (5.9004 s / it)
* Acc@1 73.604 loss 0.822 auroc 0.759 f1_score 0.406
  per-class F1 (Test): {'negative': np.float32(0.828), 'itc': np.float32(0.0), 'micro': np.float32(0.0), 'macro': np.float32(0.796)}
  [DIAG] Tier1 сам по собі: acc=77.538 f1_macro=0.423

Epoch: [8] [  0/266] eta: 0:01:06 lr: 0.000091 tier1_loss: 0.1681 (0.1681) tier2_loss: 0.1954 (0.1954) time: 0.2504 data: 0.1173 max mem: 326
Epoch: [8] [100/266] eta: 0:00:18 lr: 0.000088 tier1_loss: 0.0912 (0.8105) tier2_loss: 0.0396 (0.8454) time: 0.1055 data: 0.0001 max mem: 326
Epoch: [8] [200/266] eta: 0:00:07 lr: 0.000085 tier1_loss: 0.0444 (0.8475) tier2_loss: 0.0296 (0.8620) time: 0.1094 data: 0.0001 max mem: 326
Epoch: [8] [265/266] eta: 0:00:00 lr: 0.000084 tier1_loss: 0.0626 (0.8375) tier2_loss: 0.0473 (0.8403) time: 0.1084 data: 0.0001 max mem: 326
Epoch: [8] Total time: 0:00:29 (29.2326 s / it)
Val [ 0/29] eta: 0:00:04 loss: 0.0459 (0.0459) acc1: 100.0000 (100.0000) time: 0.1631 data: 0.1308 max mem: 326
Val [28/29] eta: 0:00:00 loss: 0.0450 (0.9898) acc1: 100.0000 (72.4138) time: 0.0278 data: 0.0001 max mem: 326
Val Total time: 0:00:01 (1.0003 s / it)
* Acc@1 72.414 loss 0.990 auroc 0.745 f1_score 0.373
  per-class F1 (Val): {'negative': np.float32(0.826), 'itc': np.float32(0.0), 'micro': np.float32(0.0), 'macro': np.float32(0.667)}
  [DIAG] Tier1 сам по собі: acc=74.138 f1_macro=0.364
Test [  0/197] eta: 0:00:27 loss: 2.4905 (2.4905) acc1: 0.0000 (0.0000) time: 0.1397 data: 0.1054 max mem: 326
Test [100/197] eta: 0:00:02 loss: 0.0545 (0.7611) acc1: 100.0000 (77.2277) time: 0.0285 data: 0.0001 max mem: 326
Test [196/197] eta: 0:00:00 loss: 0.0347 (0.7310) acc1: 100.0000 (80.2030) time: 0.0277 data: 0.0001 max mem: 326
Test Total time: 0:00:05 (5.8953 s / it)
* Acc@1 80.203 loss 0.731 auroc 0.833 f1_score 0.461
  per-class F1 (Test): {'negative': np.float32(0.885), 'itc': np.float32(0.0), 'micro': np.float32(0.095), 'macro': np.float32(0.866)}
  [DIAG] Tier1 сам по собі: acc=82.043 f1_macro=0.456

Epoch: [9] [  0/266] eta: 0:01:10 lr: 0.000084 tier1_loss: 0.0698 (0.0698) tier2_loss: 0.0661 (0.0661) time: 0.2662 data: 0.0963 max mem: 326
Epoch: [9] [100/266] eta: 0:00:18 lr: 0.000081 tier1_loss: 0.0560 (0.6764) tier2_loss: 0.0169 (0.6517) time: 0.1013 data: 0.0001 max mem: 326
Epoch: [9] [200/266] eta: 0:00:06 lr: 0.000077 tier1_loss: 0.0549 (0.6874) tier2_loss: 0.0546 (0.6611) time: 0.0992 data: 0.0001 max mem: 326
Epoch: [9] [265/266] eta: 0:00:00 lr: 0.000075 tier1_loss: 0.0689 (0.7126) tier2_loss: 0.0299 (0.6981) time: 0.1056 data: 0.0001 max mem: 326
Epoch: [9] Total time: 0:00:28 (28.1507 s / it)
Val [ 0/29] eta: 0:00:04 loss: 0.0755 (0.0755) acc1: 100.0000 (100.0000) time: 0.1627 data: 0.1280 max mem: 326
Val [28/29] eta: 0:00:00 loss: 0.0418 (1.0093) acc1: 100.0000 (79.3103) time: 0.0297 data: 0.0001 max mem: 326
Val Total time: 0:00:01 (1.0379 s / it)
* Acc@1 79.310 loss 1.009 auroc 0.755 f1_score 0.530
  per-class F1 (Val): {'negative': np.float32(0.884), 'itc': np.float32(0.0), 'micro': np.float32(0.571), 'macro': np.float32(0.667)}
  [DIAG] Tier1 сам по собі: acc=73.707 f1_macro=0.395
Test [  0/197] eta: 0:00:32 loss: 0.5369 (0.5369) acc1: 100.0000 (100.0000) time: 0.1648 data: 0.1174 max mem: 326
Test [100/197] eta: 0:00:03 loss: 0.0693 (0.6482) acc1: 100.0000 (80.1980) time: 0.0296 data: 0.0001 max mem: 326
Test [196/197] eta: 0:00:00 loss: 0.0324 (0.6193) acc1: 100.0000 (82.7411) time: 0.0268 data: 0.0001 max mem: 326
Test Total time: 0:00:05 (5.9117 s / it)
* Acc@1 82.741 loss 0.619 auroc 0.845 f1_score 0.547
  per-class F1 (Test): {'negative': np.float32(0.892), 'itc': np.float32(0.0), 'micro': np.float32(0.385), 'macro': np.float32(0.913)}
  [DIAG] Tier1 сам по собі: acc=81.472 f1_macro=0.444

Epoch: [10] [  0/266] eta: 0:01:08 lr: 0.000075 tier1_loss: 0.0344 (0.0344) tier2_loss: 0.0372 (0.0372) time: 0.2584 data: 0.1013 max mem: 326
Epoch: [10] [100/266] eta: 0:00:17 lr: 0.000072 tier1_loss: 0.0581 (0.6438) tier2_loss: 0.0318 (0.5483) time: 0.1045 data: 0.0001 max mem: 326
Epoch: [10] [200/266] eta: 0:00:07 lr: 0.000068 tier1_loss: 0.0322 (0.6201) tier2_loss: 0.0201 (0.5913) time: 0.1055 data: 0.0001 max mem: 326
Epoch: [10] [265/266] eta: 0:00:00 lr: 0.000066 tier1_loss: 0.0352 (0.6158) tier2_loss: 0.0153 (0.5987) time: 0.1138 data: 0.0001 max mem: 326
Epoch: [10] Total time: 0:00:28 (28.9204 s / it)
Val [ 0/29] eta: 0:00:04 loss: 0.0346 (0.0346) acc1: 100.0000 (100.0000) time: 0.1625 data: 0.1282 max mem: 326
Val [28/29] eta: 0:00:00 loss: 0.0152 (0.9860) acc1: 100.0000 (79.3103) time: 0.0266 data: 0.0001 max mem: 326
Val Total time: 0:00:00 (0.9718 s / it)
* Acc@1 79.310 loss 0.986 auroc 0.789 f1_score 0.530
  per-class F1 (Val): {'negative': np.float32(0.884), 'itc': np.float32(0.0), 'micro': np.float32(0.571), 'macro': np.float32(0.667)}
  [DIAG] Tier1 сам по собі: acc=77.586 f1_macro=0.488
Test [  0/197] eta: 0:00:32 loss: 0.0831 (0.0831) acc1: 100.0000 (100.0000) time: 0.1659 data: 0.1265 max mem: 326
Test [100/197] eta: 0:00:02 loss: 0.0324 (0.6930) acc1: 100.0000 (81.1881) time: 0.0292 data: 0.0001 max mem: 326
Test [196/197] eta: 0:00:00 loss: 0.0128 (0.6846) acc1: 100.0000 (83.2487) time: 0.0270 data: 0.0001 max mem: 326
Test Total time: 0:00:05 (5.8515 s / it)
* Acc@1 83.249 loss 0.685 auroc 0.864 f1_score 0.549
  per-class F1 (Test): {'negative': np.float32(0.903), 'itc': np.float32(0.0), 'micro': np.float32(0.4), 'macro': np.float32(0.894)}
  [DIAG] Tier1 сам по собі: acc=82.170 f1_macro=0.479

Epoch: [11] [  0/266] eta: 0:01:20 lr: 0.000066 tier1_loss: 0.0350 (0.0350) tier2_loss: 0.0275 (0.0275) time: 0.3035 data: 0.1510 max mem: 326
Epoch: [11] [100/266] eta: 0:00:18 lr: 0.000062 tier1_loss: 0.0331 (0.4396) tier2_loss: 0.0169 (0.4756) time: 0.0984 data: 0.0001 max mem: 326
Epoch: [11] [200/266] eta: 0:00:07 lr: 0.000058 tier1_loss: 0.0276 (0.5367) tier2_loss: 0.0102 (0.5477) time: 0.1051 data: 0.0001 max mem: 326
Epoch: [11] [265/266] eta: 0:00:00 lr: 0.000056 tier1_loss: 0.1031 (0.5494) tier2_loss: 0.0387 (0.5621) time: 0.1279 data: 0.0001 max mem: 326
Epoch: [11] Total time: 0:00:29 (29.5054 s / it)
Val [ 0/29] eta: 0:00:04 loss: 0.0315 (0.0315) acc1: 100.0000 (100.0000) time: 0.1692 data: 0.1316 max mem: 326
Val [28/29] eta: 0:00:00 loss: 0.0104 (1.0350) acc1: 100.0000 (79.3103) time: 0.0300 data: 0.0001 max mem: 326
Val Total time: 0:00:01 (1.0809 s / it)
* Acc@1 79.310 loss 1.035 auroc 0.820 f1_score 0.530
  per-class F1 (Val): {'negative': np.float32(0.884), 'itc': np.float32(0.0), 'micro': np.float32(0.571), 'macro': np.float32(0.667)}
  [DIAG] Tier1 сам по собі: acc=79.310 f1_macro=0.530
Test [  0/197] eta: 0:00:33 loss: 0.0372 (0.0372) acc1: 100.0000 (100.0000) time: 0.1690 data: 0.1322 max mem: 326
Test [100/197] eta: 0:00:02 loss: 0.0283 (0.7118) acc1: 100.0000 (82.1782) time: 0.0294 data: 0.0001 max mem: 326
Test [196/197] eta: 0:00:00 loss: 0.0085 (0.6621) acc1: 100.0000 (84.2640) time: 0.0272 data: 0.0001 max mem: 326
Test Total time: 0:00:05 (5.9197 s / it)
* Acc@1 84.264 loss 0.662 auroc 0.872 f1_score 0.574
  per-class F1 (Test): {'negative': np.float32(0.911), 'itc': np.float32(0.0), 'micro': np.float32(0.48), 'macro': np.float32(0.903)}
  [DIAG] Tier1 сам по собі: acc=84.264 f1_macro=0.566

Epoch: [12] [  0/266] eta: 0:01:05 lr: 0.000056 tier1_loss: 0.0346 (0.0346) tier2_loss: 0.0180 (0.0180) time: 0.2449 data: 0.0969 max mem: 326
Epoch: [12] [100/266] eta: 0:00:18 lr: 0.000052 tier1_loss: 0.0409 (0.3358) tier2_loss: 0.0133 (0.3633) time: 0.1030 data: 0.0001 max mem: 326
Epoch: [12] [200/266] eta: 0:00:07 lr: 0.000048 tier1_loss: 0.0208 (0.4967) tier2_loss: 0.0089 (0.4832) time: 0.1044 data: 0.0001 max mem: 326
Epoch: [12] [265/266] eta: 0:00:00 lr: 0.000045 tier1_loss: 0.0500 (0.5285) tier2_loss: 0.0113 (0.4668) time: 0.1248 data: 0.0001 max mem: 326
Epoch: [12] Total time: 0:00:28 (28.8724 s / it)
Val [ 0/29] eta: 0:00:05 loss: 0.0182 (0.0182) acc1: 100.0000 (100.0000) time: 0.1746 data: 0.1324 max mem: 326
Val [28/29] eta: 0:00:00 loss: 0.0072 (1.1778) acc1: 100.0000 (79.3103) time: 0.0276 data: 0.0001 max mem: 326
Val Total time: 0:00:00 (0.9948 s / it)
* Acc@1 79.310 loss 1.178 auroc 0.802 f1_score 0.530
  per-class F1 (Val): {'negative': np.float32(0.884), 'itc': np.float32(0.0), 'micro': np.float32(0.571), 'macro': np.float32(0.667)}
  [DIAG] Tier1 сам по собі: acc=78.879 f1_macro=0.527
Test [  0/197] eta: 0:00:36 loss: 0.0146 (0.0146) acc1: 100.0000 (100.0000) time: 0.1844 data: 0.1377 max mem: 326
Test [100/197] eta: 0:00:02 loss: 0.0174 (0.6452) acc1: 100.0000 (82.1782) time: 0.0287 data: 0.0001 max mem: 326
Test [196/197] eta: 0:00:00 loss: 0.0095 (0.6485) acc1: 100.0000 (84.7716) time: 0.0264 data: 0.0001 max mem: 326
Test Total time: 0:00:05 (5.8312 s / it)
* Acc@1 84.772 loss 0.648 auroc 0.875 f1_score 0.617
  per-class F1 (Test): {'negative': np.float32(0.905), 'itc': np.float32(0.0), 'micro': np.float32(0.629), 'macro': np.float32(0.933)}
  [DIAG] Tier1 сам по собі: acc=85.406 f1_macro=0.610

Epoch: [13] [  0/266] eta: 0:01:10 lr: 0.000045 tier1_loss: 0.0325 (0.0325) tier2_loss: 0.0168 (0.0168) time: 0.2664 data: 0.1062 max mem: 326
Epoch: [13] [100/266] eta: 0:00:19 lr: 0.000041 tier1_loss: 0.0287 (0.5491) tier2_loss: 0.0152 (0.4468) time: 0.1093 data: 0.0001 max mem: 326
Epoch: [13] [200/266] eta: 0:00:07 lr: 0.000038 tier1_loss: 0.0353 (0.4786) tier2_loss: 0.0163 (0.3899) time: 0.1082 data: 0.0001 max mem: 326
Epoch: [13] [265/266] eta: 0:00:00 lr: 0.000035 tier1_loss: 0.1006 (0.4966) tier2_loss: 0.0156 (0.3855) time: 0.1226 data: 0.0001 max mem: 326
Epoch: [13] Total time: 0:00:29 (29.8158 s / it)
Val [ 0/29] eta: 0:00:04 loss: 0.0605 (0.0605) acc1: 100.0000 (100.0000) time: 0.1648 data: 0.1243 max mem: 326
Val [28/29] eta: 0:00:00 loss: 0.0132 (1.1242) acc1: 100.0000 (75.8621) time: 0.0269 data: 0.0001 max mem: 326
Val Total time: 0:00:01 (1.2332 s / it)
* Acc@1 75.862 loss 1.124 auroc 0.780 f1_score 0.471
  per-class F1 (Val): {'negative': np.float32(0.884), 'itc': np.float32(0.0), 'micro': np.float32(0.333), 'macro': np.float32(0.667)}
  [DIAG] Tier1 сам по собі: acc=77.586 f1_macro=0.507
Test [  0/197] eta: 0:00:30 loss: 0.6912 (0.6912) acc1: 100.0000 (100.0000) time: 0.1526 data: 0.1098 max mem: 326
Test [100/197] eta: 0:00:02 loss: 0.1550 (0.7780) acc1: 100.0000 (78.2178) time: 0.0286 data: 0.0001 max mem: 326
Test [196/197] eta: 0:00:00 loss: 0.0094 (0.7285) acc1: 100.0000 (79.6954) time: 0.0265 data: 0.0001 max mem: 326
Test Total time: 0:00:05 (5.7181 s / it)
* Acc@1 79.695 loss 0.729 auroc 0.882 f1_score 0.521
  per-class F1 (Test): {'negative': np.float32(0.899), 'itc': np.float32(0.08), 'micro': np.float32(0.231), 'macro': np.float32(0.875)}
  [DIAG] Tier1 сам по собі: acc=84.264 f1_macro=0.580

Epoch: [14] [  0/266] eta: 0:01:04 lr: 0.000035 tier1_loss: 0.0134 (0.0134) tier2_loss: 0.0058 (0.0058) time: 0.2413 data: 0.1064 max mem: 326
Epoch: [14] [100/266] eta: 0:00:18 lr: 0.000032 tier1_loss: 0.0458 (0.4895) tier2_loss: 0.0096 (0.3035) time: 0.1069 data: 0.0001 max mem: 326
Epoch: [14] [200/266] eta: 0:00:07 lr: 0.000028 tier1_loss: 0.0287 (0.4408) tier2_loss: 0.0084 (0.3226) time: 0.0971 data: 0.0001 max mem: 326
Epoch: [14] [265/266] eta: 0:00:00 lr: 0.000026 tier1_loss: 0.0248 (0.4956) tier2_loss: 0.0101 (0.3667) time: 0.1203 data: 0.0001 max mem: 326
Epoch: [14] Total time: 0:00:28 (28.8202 s / it)
Val [ 0/29] eta: 0:00:05 loss: 0.0368 (0.0368) acc1: 100.0000 (100.0000) time: 0.1831 data: 0.1361 max mem: 326
Val [28/29] eta: 0:00:00 loss: 0.0063 (1.2438) acc1: 100.0000 (75.8621) time: 0.0340 data: 0.0001 max mem: 326
Val Total time: 0:00:01 (1.3401 s / it)
* Acc@1 75.862 loss 1.244 auroc 0.803 f1_score 0.506
  per-class F1 (Val): {'negative': np.float32(0.857), 'itc': np.float32(0.0), 'micro': np.float32(0.5), 'macro': np.float32(0.667)}
  [DIAG] Tier1 сам по собі: acc=78.879 f1_macro=0.527
Test [  0/197] eta: 0:00:33 loss: 0.0532 (0.0532) acc1: 100.0000 (100.0000) time: 0.1682 data: 0.1250 max mem: 326
Test [100/197] eta: 0:00:03 loss: 0.0945 (0.6952) acc1: 100.0000 (82.1782) time: 0.0305 data: 0.0001 max mem: 326
Test [196/197] eta: 0:00:00 loss: 0.0058 (0.6929) acc1: 100.0000 (82.7411) time: 0.0280 data: 0.0001 max mem: 326
Test Total time: 0:00:06 (6.1429 s / it)
* Acc@1 82.741 loss 0.693 auroc 0.884 f1_score 0.621
  per-class F1 (Test): {'negative': np.float32(0.897), 'itc': np.float32(0.091), 'micro': np.float32(0.564), 'macro': np.float32(0.933)}
  [DIAG] Tier1 сам по собі: acc=84.391 f1_macro=0.600

Epoch: [15] [  0/266] eta: 0:00:56 lr: 0.000026 tier1_loss: 0.0130 (0.0130) tier2_loss: 0.0055 (0.0055) time: 0.2108 data: 0.1062 max mem: 326
Epoch: [15] [100/266] eta: 0:00:18 lr: 0.000022 tier1_loss: 0.0177 (0.3491) tier2_loss: 0.0064 (0.2337) time: 0.1100 data: 0.0001 max mem: 326
Epoch: [15] [200/266] eta: 0:00:07 lr: 0.000019 tier1_loss: 0.0479 (0.4849) tier2_loss: 0.0099 (0.2911) time: 0.1105 data: 0.0001 max mem: 326
Epoch: [15] [265/266] eta: 0:00:00 lr: 0.000017 tier1_loss: 0.0358 (0.4630) tier2_loss: 0.0060 (0.2949) time: 0.1108 data: 0.0001 max mem: 326
Epoch: [15] Total time: 0:00:29 (29.5775 s / it)
Val [ 0/29] eta: 0:00:05 loss: 0.0209 (0.0209) acc1: 100.0000 (100.0000) time: 0.1906 data: 0.1471 max mem: 326
Val [28/29] eta: 0:00:00 loss: 0.0040 (1.3414) acc1: 100.0000 (72.4138) time: 0.0351 data: 0.0001 max mem: 326
Val Total time: 0:00:01 (1.4466 s / it)
* Acc@1 72.414 loss 1.341 auroc 0.813 f1_score 0.452
  per-class F1 (Val): {'negative': np.float32(0.857), 'itc': np.float32(0.0), 'micro': np.float32(0.286), 'macro': np.float32(0.667)}
  [DIAG] Tier1 сам по собі: acc=77.155 f1_macro=0.502
Test [  0/197] eta: 0:00:32 loss: 0.1105 (0.1105) acc1: 100.0000 (100.0000) time: 0.1652 data: 0.1297 max mem: 326
Test [100/197] eta: 0:00:02 loss: 0.0364 (0.8329) acc1: 100.0000 (80.1980) time: 0.0288 data: 0.0001 max mem: 326
Test [196/197] eta: 0:00:00 loss: 0.0041 (0.8109) acc1: 100.0000 (81.7259) time: 0.0261 data: 0.0001 max mem: 326
Test Total time: 0:00:05 (5.7369 s / it)
* Acc@1 81.726 loss 0.811 auroc 0.876 f1_score 0.597
  per-class F1 (Test): {'negative': np.float32(0.901), 'itc': np.float32(0.087), 'micro': np.float32(0.486), 'macro': np.float32(0.913)}
  [DIAG] Tier1 сам по собі: acc=83.756 f1_macro=0.586

Epoch: [16] [  0/266] eta: 0:01:09 lr: 0.000017 tier1_loss: 0.0132 (0.0132) tier2_loss: 0.0042 (0.0042) time: 0.2602 data: 0.1157 max mem: 326
Epoch: [16] [100/266] eta: 0:00:17 lr: 0.000015 tier1_loss: 0.0206 (0.5682) tier2_loss: 0.0053 (0.2750) time: 0.0960 data: 0.0001 max mem: 326
Epoch: [16] [200/266] eta: 0:00:07 lr: 0.000012 tier1_loss: 0.0943 (0.4669) tier2_loss: 0.0073 (0.2883) time: 0.1102 data: 0.0001 max mem: 326
Epoch: [16] [265/266] eta: 0:00:00 lr: 0.000010 tier1_loss: 0.0215 (0.4625) tier2_loss: 0.0058 (0.2653) time: 0.1311 data: 0.0001 max mem: 326
Epoch: [16] Total time: 0:00:29 (29.1269 s / it)
Val [ 0/29] eta: 0:00:05 loss: 0.0222 (0.0222) acc1: 100.0000 (100.0000) time: 0.1794 data: 0.1343 max mem: 326
Val [28/29] eta: 0:00:00 loss: 0.0038 (1.3465) acc1: 100.0000 (75.8621) time: 0.0291 data: 0.0001 max mem: 326
Val Total time: 0:00:01 (1.1869 s / it)
* Acc@1 75.862 loss 1.347 auroc 0.800 f1_score 0.506
  per-class F1 (Val): {'negative': np.float32(0.857), 'itc': np.float32(0.0), 'micro': np.float32(0.5), 'macro': np.float32(0.667)}
  [DIAG] Tier1 сам по собі: acc=78.017 f1_macro=0.521
Test [  0/197] eta: 0:00:30 loss: 0.2153 (0.2153) acc1: 100.0000 (100.0000) time: 0.1565 data: 0.1063 max mem: 326
Test [100/197] eta: 0:00:02 loss: 0.0963 (0.8664) acc1: 100.0000 (77.2277) time: 0.0290 data: 0.0001 max mem: 326
Test [196/197] eta: 0:00:00 loss: 0.0040 (0.8240) acc1: 100.0000 (79.1878) time: 0.0276 data: 0.0001 max mem: 326
Test Total time: 0:00:05 (5.9274 s / it)
* Acc@1 79.188 loss 0.824 auroc 0.881 f1_score 0.544
  per-class F1 (Test): {'negative': np.float32(0.893), 'itc': np.float32(0.077), 'micro': np.float32(0.312), 'macro': np.float32(0.894)}
  [DIAG] Tier1 сам по собі: acc=83.629 f1_macro=0.591

Epoch: [17] [  0/266] eta: 0:01:09 lr: 0.000010 tier1_loss: 0.0071 (0.0071) tier2_loss: 0.0029 (0.0029) time: 0.2626 data: 0.1166 max mem: 326
Epoch: [17] [100/266] eta: 0:00:16 lr: 0.000008 tier1_loss: 0.0240 (0.4066) tier2_loss: 0.0058 (0.2154) time: 0.1006 data: 0.0001 max mem: 326
Epoch: [17] [200/266] eta: 0:00:06 lr: 0.000006 tier1_loss: 0.0579 (0.4249) tier2_loss: 0.0074 (0.2057) time: 0.1157 data: 0.0001 max mem: 326
Epoch: [17] [265/266] eta: 0:00:00 lr: 0.000005 tier1_loss: 0.0787 (0.4369) tier2_loss: 0.0074 (0.2467) time: 0.1038 data: 0.0001 max mem: 326
Epoch: [17] Total time: 0:00:28 (28.2164 s / it)
Val [ 0/29] eta: 0:00:04 loss: 0.0244 (0.0244) acc1: 100.0000 (100.0000) time: 0.1509 data: 0.1132 max mem: 326
Val [28/29] eta: 0:00:00 loss: 0.0039 (1.3528) acc1: 100.0000 (75.8621) time: 0.0327 data: 0.0001 max mem: 326
Val Total time: 0:00:01 (1.2576 s / it)
* Acc@1 75.862 loss 1.353 auroc 0.816 f1_score 0.524
  per-class F1 (Val): {'negative': np.float32(0.857), 'itc': np.float32(0.0), 'micro': np.float32(0.571), 'macro': np.float32(0.667)}
  [DIAG] Tier1 сам по собі: acc=78.017 f1_macro=0.521
Test [  0/197] eta: 0:00:33 loss: 0.0533 (0.0533) acc1: 100.0000 (100.0000) time: 0.1706 data: 0.1235 max mem: 326
Test [100/197] eta: 0:00:03 loss: 0.0540 (0.8286) acc1: 100.0000 (79.2079) time: 0.0297 data: 0.0001 max mem: 326
Test [196/197] eta: 0:00:00 loss: 0.0042 (0.7720) acc1: 100.0000 (81.2183) time: 0.0283 data: 0.0001 max mem: 326
Test Total time: 0:00:06 (6.5758 s / it)
* Acc@1 81.218 loss 0.772 auroc 0.887 f1_score 0.585
  per-class F1 (Test): {'negative': np.float32(0.901), 'itc': np.float32(0.083), 'micro': np.float32(0.444), 'macro': np.float32(0.913)}
  [DIAG] Tier1 сам по собі: acc=83.820 f1_macro=0.598

Epoch: [18] [  0/266] eta: 0:01:06 lr: 0.000005 tier1_loss: 0.0093 (0.0093) tier2_loss: 0.0068 (0.0068) time: 0.2497 data: 0.1203 max mem: 326
Epoch: [18] [100/266] eta: 0:00:18 lr: 0.000004 tier1_loss: 0.0365 (0.4814) tier2_loss: 0.0066 (0.3688) time: 0.1138 data: 0.0001 max mem: 326
Epoch: [18] [200/266] eta: 0:00:07 lr: 0.000003 tier1_loss: 0.0721 (0.4522) tier2_loss: 0.0085 (0.2838) time: 0.1165 data: 0.0001 max mem: 326
Epoch: [18] [265/266] eta: 0:00:00 lr: 0.000002 tier1_loss: 0.0175 (0.4197) tier2_loss: 0.0045 (0.2491) time: 0.1023 data: 0.0001 max mem: 326
Epoch: [18] Total time: 0:00:29 (29.4658 s / it)
Val [ 0/29] eta: 0:00:05 loss: 0.0274 (0.0274) acc1: 100.0000 (100.0000) time: 0.1886 data: 0.1279 max mem: 326
Val [28/29] eta: 0:00:00 loss: 0.0040 (1.3975) acc1: 100.0000 (75.8621) time: 0.0368 data: 0.0001 max mem: 326
Val Total time: 0:00:01 (1.4873 s / it)
* Acc@1 75.862 loss 1.397 auroc 0.803 f1_score 0.506
  per-class F1 (Val): {'negative': np.float32(0.857), 'itc': np.float32(0.0), 'micro': np.float32(0.5), 'macro': np.float32(0.667)}
  [DIAG] Tier1 сам по собі: acc=78.448 f1_macro=0.524
Test [  0/197] eta: 0:00:39 loss: 0.0569 (0.0569) acc1: 100.0000 (100.0000) time: 0.1990 data: 0.1417 max mem: 326
Test [100/197] eta: 0:00:03 loss: 0.1127 (0.8713) acc1: 100.0000 (75.2475) time: 0.0297 data: 0.0001 max mem: 326
Test [196/197] eta: 0:00:00 loss: 0.0038 (0.8211) acc1: 100.0000 (79.1878) time: 0.0277 data: 0.0001 max mem: 326
Test Total time: 0:00:06 (6.3959 s / it)
* Acc@1 79.188 loss 0.821 auroc 0.880 f1_score 0.585
  per-class F1 (Test): {'negative': np.float32(0.875), 'itc': np.float32(0.069), 'micro': np.float32(0.485), 'macro': np.float32(0.913)}
  [DIAG] Tier1 сам по собі: acc=83.439 f1_macro=0.593

Epoch: [19] [  0/266] eta: 0:01:06 lr: 0.000002 tier1_loss: 0.0120 (0.0120) tier2_loss: 0.0035 (0.0035) time: 0.2513 data: 0.1110 max mem: 326
Epoch: [19] [100/266] eta: 0:00:17 lr: 0.000001 tier1_loss: 0.0246 (0.4580) tier2_loss: 0.0054 (0.2377) time: 0.1093 data: 0.0001 max mem: 326
Epoch: [19] [200/266] eta: 0:00:07 lr: 0.000001 tier1_loss: 0.0489 (0.4170) tier2_loss: 0.0062 (0.2625) time: 0.1058 data: 0.0001 max mem: 326
Epoch: [19] [265/266] eta: 0:00:00 lr: 0.000001 tier1_loss: 0.0294 (0.4109) tier2_loss: 0.0055 (0.2299) time: 0.1172 data: 0.0001 max mem: 326
Epoch: [19] Total time: 0:00:28 (28.8037 s / it)
Val [ 0/29] eta: 0:00:05 loss: 0.0263 (0.0263) acc1: 100.0000 (100.0000) time: 0.1847 data: 0.1438 max mem: 326
Val [28/29] eta: 0:00:00 loss: 0.0036 (1.3338) acc1: 100.0000 (75.8621) time: 0.0367 data: 0.0001 max mem: 326
Val Total time: 0:00:01 (1.3992 s / it)
* Acc@1 75.862 loss 1.334 auroc 0.808 f1_score 0.524
  per-class F1 (Val): {'negative': np.float32(0.857), 'itc': np.float32(0.0), 'micro': np.float32(0.571), 'macro': np.float32(0.667)}
  [DIAG] Tier1 сам по собі: acc=77.155 f1_macro=0.511
wandb: 
wandb: Run history:
wandb: diag/test_tier1_acc ▁▁▁▁▁▃▅▆▇▇▇█████▇█▇▇
wandb:  diag/test_tier1_f1 ▁▁▁▁▁▃▄▅▅▅▆▇█▇██████
wandb:       perf/test_auc ▁▂▄▄▄▅▅▅▇▇██████████
wandb:        perf/test_f1 ▁▁▁▁▃▄▄▅▅▇▇▇█▆██▇▇▇▇
wandb:        perf/val_auc ▂▁▂▂▁▃▅▄▆▆▇█▇▇██▇███
wandb:         perf/val_f1 ▁▁▁▁▁▁▁▄▅████▇▇▆▇█▇█
wandb:          tier1_loss ▃▃▂▄▁▁▁▅▁▆▃▁▇▁▁▁▁█▂▁▁▁▁▁▅▁▁▁▂▁▁▁▁▁▁▁▁▁▁▂
wandb:          tier2_loss ▁▁▁▁▁▁▁▁▄▁▁▁█▆▁▅▁▁▁█▁▁▁▁▁▁▁▁▁▁▁▃▁▂▁▁▁▁▁▁
wandb: 
wandb: Run summary:
wandb: diag/test_tier1_acc 83.56599
wandb:  diag/test_tier1_f1 0.59576
wandb:       perf/test_auc 0.8801
wandb:        perf/test_f1 0.57651
wandb:        perf/val_auc 0.80778
wandb:         perf/val_f1 0.52381
wandb:          tier1_loss 0.02882
wandb:          tier2_loss 0.00635
wandb: 
wandb: You can sync this run to the cloud by running:
wandb: wandb sync /data/bohatyrenko1/EXPERIMENTS_2/Hi-MoE_MIL/wandb/offline-run-20260925_131004-lorctxyp
wandb: Find logs at: ./wandb/offline-run-20260925_131004-lorctxyp/logs
Test [  0/197] eta: 0:00:38 loss: 0.0811 (0.0811) acc1: 100.0000 (100.0000) time: 0.1975 data: 0.1498 max mem: 326
Test [100/197] eta: 0:00:03 loss: 0.1361 (0.8611) acc1: 100.0000 (75.2475) time: 0.0290 data: 0.0001 max mem: 326
Test [196/197] eta: 0:00:00 loss: 0.0038 (0.8062) acc1: 100.0000 (78.1726) time: 0.0274 data: 0.0001 max mem: 326
Test Total time: 0:00:06 (6.2832 s / it)
* Acc@1 78.173 loss 0.806 auroc 0.880 f1_score 0.577
  per-class F1 (Test): {'negative': np.float32(0.869), 'itc': np.float32(0.067), 'micro': np.float32(0.457), 'macro': np.float32(0.913)}
  [DIAG] Tier1 сам по собі: acc=83.566 f1_macro=0.596

============================================================
FINAL EPOCH (19) RESULTS (DTFD-ASMIL v3, CLS-token):
  test_auc=0.8801 test_acc=78.17 test_f1(macro)=0.5765
  [DIAG] Tier1 сам по собі: acc=83.566 f1_macro=0.596
  test per-class F1: {'negative': np.float32(0.869), 'itc': np.float32(0.067), 'micro': np.float32(0.457), 'macro': np.float32(0.913)}
  test confusion matrix (rows=true, cols=pred):
          negative         itc       micro       macro
negative        103          10           6           2
     itc         12           1           3           0
   micro          1           3           8           6
   macro          0           0           0          42
============================================================
Best epoch: {'epoch': 11, 'val_f1': 0.5304540395736694, 'val_auc': 0.8197364807128906, 'test_f1': 0.5736056566238403, 'test_auc': 0.8722927570343018}
