wandb: Tracking run with wandb version 0.28.0
wandb: W&B syncing is set to `offline` in this directory. Run `wandb online` or set WANDB_MODE=online to enable cloud syncing.
wandb: Run data is saved locally in /data/bohatyrenko1/EXPERIMENTS_2/Hi-MoE_MIL/wandb/offline-run-20260925_095536-b0mxiteb
wandb: View this run in the terminal with `wandb leet`
Used config (DTFD-ASMIL v2):
{'B': 1,
 'D_feat': 384,
 'D_inner': 128,
 'M': None,
 'ckpt_dir': 'ckpt/c17_dtfd_v2_seed1',
 'config': 'config/camelyon17_vitsdino_config_30ep.yml',
 'dataset': 'camelyon17',
 'lr': 0.0001,
 'min_lr': 1e-06,
 'n_class': 4,
 'n_token': 8,
 'n_worker': 4,
 'pin_memory': True,
 'pretrain': 'medical_ssl',
 'seed': 1,
 'splits_dir': '/data/bohatyrenko1/EXPERIMENTS_2/ASMIL/splits_paper',
 'test_dir': '/data/bohatyrenko1/features_vitsdino_camelyon17_train',
 'tier1_weight': 0.1,
 'tier2_D_inner': None,
 'tier2_n_heads': 4,
 'train_dir': '/data/bohatyrenko1/features_vitsdino_camelyon17_train',
 'train_epoch': 30,
 'wandb_mode': 'offline',
 'warmup_epoch': 5,
 'wd': 1e-05}
M (псевдо-bags) = 8, tier1_weight = 0.1
Class weights: [0.3757062256336212, 3.694444417953491, 1.6219512224197388, 2.2166666984558105]
Epoch: [0] [  0/266] eta: 0:02:53 lr: 0.000000 tier1_loss: 1.3125 (1.3125) tier2_loss: 1.0257 (1.0257) time: 0.6527 data: 0.0792 max mem: 144
Epoch: [0] [100/266] eta: 0:00:19 lr: 0.000008 tier1_loss: 1.4031 (1.4142) tier2_loss: 1.0822 (1.4082) time: 0.1067 data: 0.0001 max mem: 307
Epoch: [0] [200/266] eta: 0:00:07 lr: 0.000015 tier1_loss: 1.0434 (1.3517) tier2_loss: 0.2405 (1.2044) time: 0.1031 data: 0.0001 max mem: 327
Epoch: [0] [265/266] eta: 0:00:00 lr: 0.000020 tier1_loss: 0.7177 (1.2898) tier2_loss: 0.1782 (1.1795) time: 0.1112 data: 0.0001 max mem: 327
Epoch: [0] Total time: 0:00:29 (29.2035 s / it)
Val [ 0/29] eta: 0:00:04 loss: 0.1572 (0.1572) acc1: 100.0000 (100.0000) time: 0.1569 data: 0.0977 max mem: 327
Val [28/29] eta: 0:00:00 loss: 0.1654 (1.0588) acc1: 100.0000 (68.9655) time: 0.0269 data: 0.0001 max mem: 327
Val Total time: 0:00:00 (0.9461 s / it)
* Acc@1 68.966 loss 1.059 auroc 0.457 f1_score 0.204
  per-class F1 (Val): {'negative': np.float32(0.816), 'itc': np.float32(0.0), 'micro': np.float32(0.0), 'macro': np.float32(0.0)}
  [DIAG] Tier1 сам по собі: acc=68.966 f1_macro=0.204
Test [  0/197] eta: 0:00:21 loss: 2.8103 (2.8103) acc1: 0.0000 (0.0000) time: 0.1107 data: 0.0737 max mem: 327
Test [100/197] eta: 0:00:02 loss: 0.1597 (1.3075) acc1: 100.0000 (59.4059) time: 0.0290 data: 0.0001 max mem: 327
Test [196/197] eta: 0:00:00 loss: 0.1569 (1.2462) acc1: 100.0000 (61.4213) time: 0.0267 data: 0.0001 max mem: 327
Test Total time: 0:00:05 (5.8131 s / it)
* Acc@1 61.421 loss 1.246 auroc 0.583 f1_score 0.190
  per-class F1 (Test): {'negative': np.float32(0.761), 'itc': np.float32(0.0), 'micro': np.float32(0.0), 'macro': np.float32(0.0)}
  [DIAG] Tier1 сам по собі: acc=61.421 f1_macro=0.190

Epoch: [1] [  0/266] eta: 0:00:57 lr: 0.000020 tier1_loss: 1.7975 (1.7975) tier2_loss: 2.7737 (2.7737) time: 0.2146 data: 0.0698 max mem: 327
Epoch: [1] [100/266] eta: 0:00:18 lr: 0.000028 tier1_loss: 0.3738 (1.0414) tier2_loss: 0.1852 (1.1648) time: 0.1111 data: 0.0001 max mem: 327
Epoch: [1] [200/266] eta: 0:00:07 lr: 0.000035 tier1_loss: 0.2575 (1.0179) tier2_loss: 0.1393 (1.1285) time: 0.1050 data: 0.0001 max mem: 327
Epoch: [1] [265/266] eta: 0:00:00 lr: 0.000040 tier1_loss: 0.1907 (1.0152) tier2_loss: 0.1547 (1.1214) time: 0.1027 data: 0.0001 max mem: 327
Epoch: [1] Total time: 0:00:29 (29.8053 s / it)
Val [ 0/29] eta: 0:00:04 loss: 0.1666 (0.1666) acc1: 100.0000 (100.0000) time: 0.1402 data: 0.1057 max mem: 327
Val [28/29] eta: 0:00:00 loss: 0.1885 (1.0470) acc1: 100.0000 (68.9655) time: 0.0273 data: 0.0001 max mem: 327
Val Total time: 0:00:00 (0.9514 s / it)
* Acc@1 68.966 loss 1.047 auroc 0.528 f1_score 0.204
  per-class F1 (Val): {'negative': np.float32(0.816), 'itc': np.float32(0.0), 'micro': np.float32(0.0), 'macro': np.float32(0.0)}
  [DIAG] Tier1 сам по собі: acc=68.966 f1_macro=0.204
Test [  0/197] eta: 0:00:27 loss: 3.0168 (3.0168) acc1: 0.0000 (0.0000) time: 0.1374 data: 0.0815 max mem: 327
Test [100/197] eta: 0:00:02 loss: 0.1658 (1.2482) acc1: 100.0000 (59.4059) time: 0.0296 data: 0.0001 max mem: 327
Test [196/197] eta: 0:00:00 loss: 0.1668 (1.1808) acc1: 100.0000 (61.4213) time: 0.0284 data: 0.0001 max mem: 327
Test Total time: 0:00:05 (5.8775 s / it)
* Acc@1 61.421 loss 1.181 auroc 0.619 f1_score 0.190
  per-class F1 (Test): {'negative': np.float32(0.761), 'itc': np.float32(0.0), 'micro': np.float32(0.0), 'macro': np.float32(0.0)}
  [DIAG] Tier1 сам по собі: acc=61.421 f1_macro=0.190

Epoch: [2] [  0/266] eta: 0:00:55 lr: 0.000040 tier1_loss: 0.1586 (0.1586) tier2_loss: 0.1387 (0.1387) time: 0.2098 data: 0.0753 max mem: 327
Epoch: [2] [100/266] eta: 0:00:18 lr: 0.000048 tier1_loss: 0.1568 (1.0129) tier2_loss: 0.1169 (1.0710) time: 0.1026 data: 0.0001 max mem: 327
Epoch: [2] [200/266] eta: 0:00:07 lr: 0.000055 tier1_loss: 0.1516 (1.0958) tier2_loss: 0.1290 (1.1276) time: 0.1086 data: 0.0001 max mem: 327
Epoch: [2] [265/266] eta: 0:00:00 lr: 0.000060 tier1_loss: 0.1382 (1.0949) tier2_loss: 0.1379 (1.1310) time: 0.1045 data: 0.0001 max mem: 327
Epoch: [2] Total time: 0:00:29 (29.1793 s / it)
Val [ 0/29] eta: 0:00:04 loss: 0.0932 (0.0932) acc1: 100.0000 (100.0000) time: 0.1545 data: 0.1026 max mem: 327
Val [28/29] eta: 0:00:00 loss: 0.1034 (1.1437) acc1: 100.0000 (68.9655) time: 0.0284 data: 0.0001 max mem: 327
Val Total time: 0:00:01 (1.0077 s / it)
* Acc@1 68.966 loss 1.144 auroc 0.594 f1_score 0.204
  per-class F1 (Val): {'negative': np.float32(0.816), 'itc': np.float32(0.0), 'micro': np.float32(0.0), 'macro': np.float32(0.0)}
  [DIAG] Tier1 сам по собі: acc=68.966 f1_macro=0.204
Test [  0/197] eta: 0:00:27 loss: 3.3668 (3.3668) acc1: 0.0000 (0.0000) time: 0.1418 data: 0.0791 max mem: 327
Test [100/197] eta: 0:00:02 loss: 0.0923 (1.3054) acc1: 100.0000 (61.3861) time: 0.0293 data: 0.0001 max mem: 327
Test [196/197] eta: 0:00:00 loss: 0.0910 (1.2108) acc1: 100.0000 (63.4518) time: 0.0276 data: 0.0001 max mem: 327
Test Total time: 0:00:05 (5.9090 s / it)
* Acc@1 63.452 loss 1.211 auroc 0.656 f1_score 0.236
  per-class F1 (Test): {'negative': np.float32(0.771), 'itc': np.float32(0.0), 'micro': np.float32(0.0), 'macro': np.float32(0.174)}
  [DIAG] Tier1 сам по собі: acc=61.421 f1_macro=0.190

Epoch: [3] [  0/266] eta: 0:01:01 lr: 0.000060 tier1_loss: 0.1205 (0.1205) tier2_loss: 0.0702 (0.0702) time: 0.2315 data: 0.0789 max mem: 327
Epoch: [3] [100/266] eta: 0:00:19 lr: 0.000068 tier1_loss: 0.1414 (1.1552) tier2_loss: 0.1771 (1.0752) time: 0.1346 data: 0.0001 max mem: 327
Epoch: [3] [200/266] eta: 0:00:07 lr: 0.000075 tier1_loss: 0.1468 (1.0798) tier2_loss: 0.1668 (1.0433) time: 0.1049 data: 0.0001 max mem: 327
Epoch: [3] [265/266] eta: 0:00:00 lr: 0.000080 tier1_loss: 0.1627 (1.0921) tier2_loss: 0.1478 (1.0855) time: 0.1068 data: 0.0001 max mem: 327
Epoch: [3] Total time: 0:00:29 (29.1052 s / it)
Val [ 0/29] eta: 0:00:04 loss: 0.1064 (0.1064) acc1: 100.0000 (100.0000) time: 0.1579 data: 0.1116 max mem: 327
Val [28/29] eta: 0:00:00 loss: 0.1644 (1.0509) acc1: 100.0000 (68.9655) time: 0.0299 data: 0.0001 max mem: 327
Val Total time: 0:00:01 (1.0366 s / it)
* Acc@1 68.966 loss 1.051 auroc 0.606 f1_score 0.204
  per-class F1 (Val): {'negative': np.float32(0.816), 'itc': np.float32(0.0), 'micro': np.float32(0.0), 'macro': np.float32(0.0)}
  [DIAG] Tier1 сам по собі: acc=68.966 f1_macro=0.204
Test [  0/197] eta: 0:00:28 loss: 2.9923 (2.9923) acc1: 0.0000 (0.0000) time: 0.1427 data: 0.0797 max mem: 327
Test [100/197] eta: 0:00:03 loss: 0.1312 (1.1068) acc1: 100.0000 (65.3465) time: 0.0306 data: 0.0001 max mem: 327
Test [196/197] eta: 0:00:00 loss: 0.1333 (0.9581) acc1: 100.0000 (70.0508) time: 0.0281 data: 0.0001 max mem: 327
Test Total time: 0:00:06 (6.1906 s / it)
* Acc@1 70.051 loss 0.958 auroc 0.659 f1_score 0.348
  per-class F1 (Test): {'negative': np.float32(0.803), 'itc': np.float32(0.0), 'micro': np.float32(0.0), 'macro': np.float32(0.59)}
  [DIAG] Tier1 сам по собі: acc=61.421 f1_macro=0.190

Epoch: [4] [  0/266] eta: 0:00:56 lr: 0.000080 tier1_loss: 2.9591 (2.9591) tier2_loss: 2.7164 (2.7164) time: 0.2136 data: 0.0800 max mem: 327
Epoch: [4] [100/266] eta: 0:00:20 lr: 0.000088 tier1_loss: 0.1623 (1.0403) tier2_loss: 0.0935 (1.0305) time: 0.1126 data: 0.0001 max mem: 327
Epoch: [4] [200/266] eta: 0:00:07 lr: 0.000095 tier1_loss: 0.0896 (1.0083) tier2_loss: 0.0825 (1.0322) time: 0.1041 data: 0.0001 max mem: 327
Epoch: [4] [265/266] eta: 0:00:00 lr: 0.000100 tier1_loss: 0.1347 (1.0497) tier2_loss: 0.0907 (1.0875) time: 0.1012 data: 0.0001 max mem: 327
Epoch: [4] Total time: 0:00:29 (29.9398 s / it)
Val [ 0/29] eta: 0:00:04 loss: 0.1610 (0.1610) acc1: 100.0000 (100.0000) time: 0.1591 data: 0.1166 max mem: 327
Val [28/29] eta: 0:00:00 loss: 0.1402 (1.0072) acc1: 100.0000 (68.9655) time: 0.0278 data: 0.0001 max mem: 327
Val Total time: 0:00:00 (0.9841 s / it)
* Acc@1 68.966 loss 1.007 auroc 0.619 f1_score 0.204
  per-class F1 (Val): {'negative': np.float32(0.816), 'itc': np.float32(0.0), 'micro': np.float32(0.0), 'macro': np.float32(0.0)}
  [DIAG] Tier1 сам по собі: acc=68.966 f1_macro=0.204
Test [  0/197] eta: 0:00:25 loss: 2.9202 (2.9202) acc1: 0.0000 (0.0000) time: 0.1315 data: 0.0897 max mem: 327
Test [100/197] eta: 0:00:03 loss: 0.1780 (0.9850) acc1: 100.0000 (69.3069) time: 0.0310 data: 0.0001 max mem: 327
Test [196/197] eta: 0:00:00 loss: 0.1337 (0.8608) acc1: 100.0000 (73.0964) time: 0.0286 data: 0.0001 max mem: 327
Test Total time: 0:00:06 (6.1710 s / it)
* Acc@1 73.096 loss 0.861 auroc 0.745 f1_score 0.382
  per-class F1 (Test): {'negative': np.float32(0.82), 'itc': np.float32(0.0), 'micro': np.float32(0.0), 'macro': np.float32(0.708)}
  [DIAG] Tier1 сам по собі: acc=67.703 f1_macro=0.312

Epoch: [5] [  0/266] eta: 0:01:05 lr: 0.000100 tier1_loss: 0.0819 (0.0819) tier2_loss: 0.1082 (0.1082) time: 0.2476 data: 0.1038 max mem: 327
Epoch: [5] [100/266] eta: 0:00:19 lr: 0.000100 tier1_loss: 0.1450 (0.8975) tier2_loss: 0.1546 (0.9552) time: 0.1060 data: 0.0001 max mem: 327
Epoch: [5] [200/266] eta: 0:00:07 lr: 0.000100 tier1_loss: 0.2488 (0.9217) tier2_loss: 0.1622 (1.0175) time: 0.1087 data: 0.0001 max mem: 327
Epoch: [5] [265/266] eta: 0:00:00 lr: 0.000100 tier1_loss: 0.0819 (0.9424) tier2_loss: 0.0712 (1.0238) time: 0.1056 data: 0.0001 max mem: 327
Epoch: [5] Total time: 0:00:30 (30.3598 s / it)
Val [ 0/29] eta: 0:00:04 loss: 0.0868 (0.0868) acc1: 100.0000 (100.0000) time: 0.1666 data: 0.1089 max mem: 327
Val [28/29] eta: 0:00:00 loss: 0.1027 (1.1516) acc1: 100.0000 (68.9655) time: 0.0286 data: 0.0001 max mem: 327
Val Total time: 0:00:01 (1.0154 s / it)
* Acc@1 68.966 loss 1.152 auroc 0.647 f1_score 0.204
  per-class F1 (Val): {'negative': np.float32(0.816), 'itc': np.float32(0.0), 'micro': np.float32(0.0), 'macro': np.float32(0.0)}
  [DIAG] Tier1 сам по собі: acc=68.966 f1_macro=0.204
Test [  0/197] eta: 0:00:27 loss: 3.2513 (3.2513) acc1: 0.0000 (0.0000) time: 0.1394 data: 0.0818 max mem: 327
Test [100/197] eta: 0:00:03 loss: 0.0888 (1.0854) acc1: 100.0000 (70.2970) time: 0.0300 data: 0.0001 max mem: 327
Test [196/197] eta: 0:00:00 loss: 0.0838 (0.9158) acc1: 100.0000 (75.1269) time: 0.0277 data: 0.0001 max mem: 327
Test Total time: 0:00:06 (6.0358 s / it)
* Acc@1 75.127 loss 0.916 auroc 0.709 f1_score 0.401
  per-class F1 (Test): {'negative': np.float32(0.834), 'itc': np.float32(0.0), 'micro': np.float32(0.0), 'macro': np.float32(0.771)}
  [DIAG] Tier1 сам по собі: acc=73.287 f1_macro=0.384

Epoch: [6] [  0/266] eta: 0:01:02 lr: 0.000100 tier1_loss: 0.0794 (0.0794) tier2_loss: 0.0639 (0.0639) time: 0.2353 data: 0.0839 max mem: 327
Epoch: [6] [100/266] eta: 0:00:20 lr: 0.000099 tier1_loss: 0.0803 (0.7843) tier2_loss: 0.0507 (0.7888) time: 0.1191 data: 0.0001 max mem: 327
Epoch: [6] [200/266] eta: 0:00:07 lr: 0.000099 tier1_loss: 0.1375 (0.8899) tier2_loss: 0.0749 (0.9630) time: 0.1059 data: 0.0001 max mem: 327
Epoch: [6] [265/266] eta: 0:00:00 lr: 0.000098 tier1_loss: 0.1108 (0.9048) tier2_loss: 0.0721 (0.9846) time: 0.0998 data: 0.0001 max mem: 327
Epoch: [6] Total time: 0:00:30 (30.6092 s / it)
Val [ 0/29] eta: 0:00:04 loss: 0.1042 (0.1042) acc1: 100.0000 (100.0000) time: 0.1514 data: 0.0989 max mem: 327
Val [28/29] eta: 0:00:00 loss: 0.0902 (1.0802) acc1: 100.0000 (68.9655) time: 0.0275 data: 0.0001 max mem: 327
Val Total time: 0:00:00 (0.9738 s / it)
* Acc@1 68.966 loss 1.080 auroc 0.667 f1_score 0.302
  per-class F1 (Val): {'negative': np.float32(0.809), 'itc': np.float32(0.0), 'micro': np.float32(0.0), 'macro': np.float32(0.4)}
  [DIAG] Tier1 сам по собі: acc=69.397 f1_macro=0.303
Test [  0/197] eta: 0:00:27 loss: 2.2511 (2.2511) acc1: 0.0000 (0.0000) time: 0.1411 data: 0.0998 max mem: 327
Test [100/197] eta: 0:00:02 loss: 0.0995 (0.8798) acc1: 100.0000 (72.2772) time: 0.0287 data: 0.0001 max mem: 327
Test [196/197] eta: 0:00:00 loss: 0.0776 (0.7455) acc1: 100.0000 (78.1726) time: 0.0269 data: 0.0001 max mem: 327
Test Total time: 0:00:05 (5.7908 s / it)
* Acc@1 78.173 loss 0.745 auroc 0.786 f1_score 0.434
  per-class F1 (Test): {'negative': np.float32(0.851), 'itc': np.float32(0.0), 'micro': np.float32(0.0), 'macro': np.float32(0.883)}
  [DIAG] Tier1 сам по собі: acc=77.855 f1_macro=0.426

Epoch: [7] [  0/266] eta: 0:00:58 lr: 0.000098 tier1_loss: 1.2375 (1.2375) tier2_loss: 1.2366 (1.2366) time: 0.2206 data: 0.0781 max mem: 327
Epoch: [7] [100/266] eta: 0:00:19 lr: 0.000098 tier1_loss: 0.0881 (0.8107) tier2_loss: 0.1226 (0.8373) time: 0.1074 data: 0.0001 max mem: 327
Epoch: [7] [200/266] eta: 0:00:07 lr: 0.000097 tier1_loss: 0.1132 (0.7902) tier2_loss: 0.0766 (0.8388) time: 0.1069 data: 0.0001 max mem: 327
Epoch: [7] [265/266] eta: 0:00:00 lr: 0.000097 tier1_loss: 0.3845 (0.7965) tier2_loss: 0.2012 (0.8855) time: 0.1000 data: 0.0001 max mem: 327
Epoch: [7] Total time: 0:00:29 (29.5987 s / it)
Val [ 0/29] eta: 0:00:04 loss: 0.0616 (0.0616) acc1: 100.0000 (100.0000) time: 0.1623 data: 0.1010 max mem: 327
Val [28/29] eta: 0:00:00 loss: 0.0816 (0.8654) acc1: 100.0000 (79.3103) time: 0.0280 data: 0.0001 max mem: 327
Val Total time: 0:00:01 (1.0102 s / it)
* Acc@1 79.310 loss 0.865 auroc 0.751 f1_score 0.530
  per-class F1 (Val): {'negative': np.float32(0.884), 'itc': np.float32(0.0), 'micro': np.float32(0.571), 'macro': np.float32(0.667)}
  [DIAG] Tier1 сам по собі: acc=71.552 f1_macro=0.341
Test [  0/197] eta: 0:00:24 loss: 1.4325 (1.4325) acc1: 0.0000 (0.0000) time: 0.1265 data: 0.0850 max mem: 327
Test [100/197] eta: 0:00:02 loss: 0.1130 (0.8908) acc1: 100.0000 (73.2673) time: 0.0291 data: 0.0001 max mem: 327
Test [196/197] eta: 0:00:00 loss: 0.0611 (0.8522) acc1: 100.0000 (76.6497) time: 0.0478 data: 0.0001 max mem: 327
Test Total time: 0:00:06 (6.7674 s / it)
* Acc@1 76.650 loss 0.852 auroc 0.797 f1_score 0.413
  per-class F1 (Test): {'negative': np.float32(0.865), 'itc': np.float32(0.0), 'micro': np.float32(0.0), 'macro': np.float32(0.785)}
  [DIAG] Tier1 сам по собі: acc=79.505 f1_macro=0.432

Epoch: [8] [  0/266] eta: 0:01:16 lr: 0.000097 tier1_loss: 0.0442 (0.0442) tier2_loss: 0.0797 (0.0797) time: 0.2869 data: 0.1105 max mem: 327
Epoch: [8] [100/266] eta: 0:00:17 lr: 0.000096 tier1_loss: 0.0492 (0.6442) tier2_loss: 0.0551 (0.7015) time: 0.1068 data: 0.0001 max mem: 327
Epoch: [8] [200/266] eta: 0:00:07 lr: 0.000095 tier1_loss: 0.0737 (0.6546) tier2_loss: 0.0366 (0.6862) time: 0.1058 data: 0.0001 max mem: 327
Epoch: [8] [265/266] eta: 0:00:00 lr: 0.000094 tier1_loss: 0.1093 (0.6618) tier2_loss: 0.0588 (0.7059) time: 0.1023 data: 0.0001 max mem: 327
Epoch: [8] Total time: 0:00:28 (28.2209 s / it)
Val [ 0/29] eta: 0:00:04 loss: 0.0492 (0.0492) acc1: 100.0000 (100.0000) time: 0.1694 data: 0.1208 max mem: 327
Val [28/29] eta: 0:00:00 loss: 0.0319 (0.9112) acc1: 100.0000 (82.7586) time: 0.0279 data: 0.0001 max mem: 327
Val Total time: 0:00:00 (0.9779 s / it)
* Acc@1 82.759 loss 0.911 auroc 0.800 f1_score 0.561
  per-class F1 (Val): {'negative': np.float32(0.909), 'itc': np.float32(0.0), 'micro': np.float32(0.667), 'macro': np.float32(0.667)}
  [DIAG] Tier1 сам по собі: acc=78.017 f1_macro=0.502
Test [  0/197] eta: 0:00:27 loss: 0.2965 (0.2965) acc1: 100.0000 (100.0000) time: 0.1379 data: 0.0826 max mem: 327
Test [100/197] eta: 0:00:02 loss: 0.0355 (0.6270) acc1: 100.0000 (81.1881) time: 0.0274 data: 0.0001 max mem: 327
Test [196/197] eta: 0:00:00 loss: 0.0248 (0.5779) acc1: 100.0000 (84.2640) time: 0.0267 data: 0.0001 max mem: 327
Test Total time: 0:00:06 (6.8193 s / it)
* Acc@1 84.264 loss 0.578 auroc 0.860 f1_score 0.560
  per-class F1 (Test): {'negative': np.float32(0.908), 'itc': np.float32(0.0), 'micro': np.float32(0.417), 'macro': np.float32(0.913)}
  [DIAG] Tier1 сам по собі: acc=83.185 f1_macro=0.524

Epoch: [9] [  0/266] eta: 0:00:56 lr: 0.000094 tier1_loss: 1.0050 (1.0050) tier2_loss: 1.1565 (1.1565) time: 0.2134 data: 0.0929 max mem: 327
Epoch: [9] [100/266] eta: 0:00:17 lr: 0.000093 tier1_loss: 0.0465 (0.6131) tier2_loss: 0.0168 (0.6354) time: 0.1146 data: 0.0001 max mem: 327
Epoch: [9] [200/266] eta: 0:00:07 lr: 0.000091 tier1_loss: 0.0387 (0.5457) tier2_loss: 0.0126 (0.5031) time: 0.1056 data: 0.0001 max mem: 327
Epoch: [9] [265/266] eta: 0:00:00 lr: 0.000091 tier1_loss: 0.0261 (0.5622) tier2_loss: 0.0141 (0.5320) time: 0.0984 data: 0.0001 max mem: 327
Epoch: [9] Total time: 0:00:28 (28.3642 s / it)
Val [ 0/29] eta: 0:00:04 loss: 0.0254 (0.0254) acc1: 100.0000 (100.0000) time: 0.1562 data: 0.1115 max mem: 327
Val [28/29] eta: 0:00:00 loss: 0.0179 (1.0008) acc1: 100.0000 (82.7586) time: 0.0280 data: 0.0001 max mem: 327
Val Total time: 0:00:00 (0.9885 s / it)
* Acc@1 82.759 loss 1.001 auroc 0.812 f1_score 0.561
  per-class F1 (Val): {'negative': np.float32(0.909), 'itc': np.float32(0.0), 'micro': np.float32(0.667), 'macro': np.float32(0.667)}
  [DIAG] Tier1 сам по собі: acc=81.897 f1_macro=0.554
Test [  0/197] eta: 0:00:29 loss: 0.0456 (0.0456) acc1: 100.0000 (100.0000) time: 0.1485 data: 0.1029 max mem: 327
Test [100/197] eta: 0:00:03 loss: 0.0217 (0.5982) acc1: 100.0000 (84.1584) time: 0.0503 data: 0.0001 max mem: 327
Test [196/197] eta: 0:00:00 loss: 0.0190 (0.5476) acc1: 100.0000 (85.7868) time: 0.0268 data: 0.0001 max mem: 327
Test Total time: 0:00:06 (6.9896 s / it)
* Acc@1 85.787 loss 0.548 auroc 0.887 f1_score 0.619
  per-class F1 (Test): {'negative': np.float32(0.925), 'itc': np.float32(0.0), 'micro': np.float32(0.632), 'macro': np.float32(0.918)}
  [DIAG] Tier1 сам по собі: acc=84.518 f1_macro=0.575

Epoch: [10] [  0/266] eta: 0:00:52 lr: 0.000091 tier1_loss: 0.0122 (0.0122) tier2_loss: 0.0146 (0.0146) time: 0.1957 data: 0.0773 max mem: 327
Epoch: [10] [100/266] eta: 0:00:17 lr: 0.000089 tier1_loss: 0.0663 (0.4840) tier2_loss: 0.0111 (0.5168) time: 0.1077 data: 0.0001 max mem: 327
Epoch: [10] [200/266] eta: 0:00:07 lr: 0.000088 tier1_loss: 0.0408 (0.5042) tier2_loss: 0.0140 (0.5133) time: 0.1049 data: 0.0001 max mem: 327
Epoch: [10] [265/266] eta: 0:00:00 lr: 0.000087 tier1_loss: 0.0286 (0.5057) tier2_loss: 0.0102 (0.4936) time: 0.0985 data: 0.0001 max mem: 327
Epoch: [10] Total time: 0:00:28 (28.2448 s / it)
Val [ 0/29] eta: 0:00:04 loss: 0.0198 (0.0198) acc1: 100.0000 (100.0000) time: 0.1598 data: 0.1062 max mem: 327
Val [28/29] eta: 0:00:00 loss: 0.0079 (1.1980) acc1: 100.0000 (75.8621) time: 0.0269 data: 0.0001 max mem: 327
Val Total time: 0:00:00 (0.9755 s / it)
* Acc@1 75.862 loss 1.198 auroc 0.800 f1_score 0.524
  per-class F1 (Val): {'negative': np.float32(0.857), 'itc': np.float32(0.0), 'micro': np.float32(0.571), 'macro': np.float32(0.667)}
  [DIAG] Tier1 сам по собі: acc=77.586 f1_macro=0.500
Test [  0/197] eta: 0:00:22 loss: 0.1209 (0.1209) acc1: 100.0000 (100.0000) time: 0.1120 data: 0.0809 max mem: 327
Test [100/197] eta: 0:00:03 loss: 0.0083 (0.8009) acc1: 100.0000 (82.1782) time: 0.0280 data: 0.0001 max mem: 327
Test [196/197] eta: 0:00:00 loss: 0.0059 (0.6752) acc1: 100.0000 (85.2792) time: 0.0267 data: 0.0001 max mem: 327
Test Total time: 0:00:06 (6.8677 s / it)
* Acc@1 85.279 loss 0.675 auroc 0.865 f1_score 0.647
  per-class F1 (Test): {'negative': np.float32(0.92), 'itc': np.float32(0.211), 'micro': np.float32(0.545), 'macro': np.float32(0.913)}
  [DIAG] Tier1 сам по собі: acc=83.883 f1_macro=0.558

Epoch: [11] [  0/266] eta: 0:00:57 lr: 0.000087 tier1_loss: 3.5108 (3.5108) tier2_loss: 6.1976 (6.1976) time: 0.2159 data: 0.0747 max mem: 327
Epoch: [11] [100/266] eta: 0:00:19 lr: 0.000085 tier1_loss: 0.0312 (0.5544) tier2_loss: 0.0078 (0.5318) time: 0.1181 data: 0.0001 max mem: 327
Epoch: [11] [200/266] eta: 0:00:07 lr: 0.000083 tier1_loss: 0.0312 (0.5316) tier2_loss: 0.0053 (0.5034) time: 0.1076 data: 0.0001 max mem: 327
Epoch: [11] [265/266] eta: 0:00:00 lr: 0.000082 tier1_loss: 0.0296 (0.4982) tier2_loss: 0.0067 (0.4223) time: 0.1293 data: 0.0001 max mem: 327
Epoch: [11] Total time: 0:00:29 (29.7441 s / it)
Val [ 0/29] eta: 0:00:05 loss: 0.0081 (0.0081) acc1: 100.0000 (100.0000) time: 0.2013 data: 0.1375 max mem: 327
Val [28/29] eta: 0:00:00 loss: 0.0051 (1.1325) acc1: 100.0000 (82.7586) time: 0.0377 data: 0.0001 max mem: 327
Val Total time: 0:00:01 (1.4795 s / it)
* Acc@1 82.759 loss 1.132 auroc 0.823 f1_score 0.561
  per-class F1 (Val): {'negative': np.float32(0.909), 'itc': np.float32(0.0), 'micro': np.float32(0.667), 'macro': np.float32(0.667)}
  [DIAG] Tier1 сам по собі: acc=80.603 f1_macro=0.543
Test [  0/197] eta: 0:00:25 loss: 0.0229 (0.0229) acc1: 100.0000 (100.0000) time: 0.1292 data: 0.0792 max mem: 327
Test [100/197] eta: 0:00:02 loss: 0.0065 (0.7478) acc1: 100.0000 (86.1386) time: 0.0289 data: 0.0001 max mem: 327
Test [196/197] eta: 0:00:00 loss: 0.0046 (0.6190) acc1: 100.0000 (87.3096) time: 0.0262 data: 0.0001 max mem: 327
Test Total time: 0:00:05 (5.7687 s / it)
* Acc@1 87.310 loss 0.619 auroc 0.890 f1_score 0.664
  per-class F1 (Test): {'negative': np.float32(0.929), 'itc': np.float32(0.118), 'micro': np.float32(0.667), 'macro': np.float32(0.943)}
  [DIAG] Tier1 сам по собі: acc=85.470 f1_macro=0.612

Epoch: [12] [  0/266] eta: 0:01:05 lr: 0.000082 tier1_loss: 0.0134 (0.0134) tier2_loss: 0.0073 (0.0073) time: 0.2459 data: 0.0984 max mem: 327
Epoch: [12] [100/266] eta: 0:00:19 lr: 0.000080 tier1_loss: 0.0273 (0.4921) tier2_loss: 0.0060 (0.4049) time: 0.1172 data: 0.0001 max mem: 327
Epoch: [12] [200/266] eta: 0:00:07 lr: 0.000078 tier1_loss: 0.0440 (0.5022) tier2_loss: 0.0069 (0.4275) time: 0.1119 data: 0.0001 max mem: 327
Epoch: [12] [265/266] eta: 0:00:00 lr: 0.000077 tier1_loss: 0.0444 (0.4776) tier2_loss: 0.0076 (0.4145) time: 0.1107 data: 0.0001 max mem: 327
Epoch: [12] Total time: 0:00:31 (31.9477 s / it)
Val [ 0/29] eta: 0:00:04 loss: 0.0191 (0.0191) acc1: 100.0000 (100.0000) time: 0.1516 data: 0.1080 max mem: 327
Val [28/29] eta: 0:00:00 loss: 0.0050 (1.1807) acc1: 100.0000 (75.8621) time: 0.0279 data: 0.0001 max mem: 327
Val Total time: 0:00:00 (0.9659 s / it)
* Acc@1 75.862 loss 1.181 auroc 0.880 f1_score 0.524
  per-class F1 (Val): {'negative': np.float32(0.857), 'itc': np.float32(0.0), 'micro': np.float32(0.571), 'macro': np.float32(0.667)}
  [DIAG] Tier1 сам по собі: acc=78.448 f1_macro=0.521
Test [  0/197] eta: 0:00:29 loss: 0.0204 (0.0204) acc1: 100.0000 (100.0000) time: 0.1482 data: 0.1057 max mem: 327
Test [100/197] eta: 0:00:02 loss: 0.0069 (0.8301) acc1: 100.0000 (83.1683) time: 0.0295 data: 0.0001 max mem: 327
Test [196/197] eta: 0:00:00 loss: 0.0047 (0.6515) acc1: 100.0000 (85.7868) time: 0.0283 data: 0.0001 max mem: 327
Test Total time: 0:00:05 (5.9772 s / it)
* Acc@1 85.787 loss 0.651 auroc 0.892 f1_score 0.660
  per-class F1 (Test): {'negative': np.float32(0.932), 'itc': np.float32(0.273), 'micro': np.float32(0.533), 'macro': np.float32(0.901)}
  [DIAG] Tier1 сам по собі: acc=84.898 f1_macro=0.596

Epoch: [13] [  0/266] eta: 0:00:54 lr: 0.000077 tier1_loss: 0.0118 (0.0118) tier2_loss: 0.0018 (0.0018) time: 0.2035 data: 0.0834 max mem: 327
Epoch: [13] [100/266] eta: 0:00:18 lr: 0.000075 tier1_loss: 0.0433 (0.3716) tier2_loss: 0.0040 (0.2540) time: 0.1083 data: 0.0001 max mem: 327
Epoch: [13] [200/266] eta: 0:00:07 lr: 0.000073 tier1_loss: 0.0821 (0.5023) tier2_loss: 0.0084 (0.3875) time: 0.1067 data: 0.0001 max mem: 327
Epoch: [13] [265/266] eta: 0:00:00 lr: 0.000072 tier1_loss: 0.0482 (0.4687) tier2_loss: 0.0051 (0.3669) time: 0.1137 data: 0.0001 max mem: 327
Epoch: [13] Total time: 0:00:30 (30.1491 s / it)
Val [ 0/29] eta: 0:00:04 loss: 0.0230 (0.0230) acc1: 100.0000 (100.0000) time: 0.1456 data: 0.1071 max mem: 327
Val [28/29] eta: 0:00:00 loss: 0.0053 (1.2101) acc1: 100.0000 (72.4138) time: 0.0269 data: 0.0000 max mem: 327
Val Total time: 0:00:00 (0.9401 s / it)
* Acc@1 72.414 loss 1.210 auroc 0.877 f1_score 0.517
  per-class F1 (Val): {'negative': np.float32(0.829), 'itc': np.float32(0.0), 'micro': np.float32(0.571), 'macro': np.float32(0.667)}
  [DIAG] Tier1 сам по собі: acc=78.017 f1_macro=0.513
Test [  0/197] eta: 0:00:26 loss: 0.3897 (0.3897) acc1: 100.0000 (100.0000) time: 0.1337 data: 0.0943 max mem: 327
Test [100/197] eta: 0:00:02 loss: 0.0065 (0.9707) acc1: 100.0000 (82.1782) time: 0.0291 data: 0.0001 max mem: 327
Test [196/197] eta: 0:00:00 loss: 0.0042 (0.7563) acc1: 100.0000 (85.2792) time: 0.0268 data: 0.0001 max mem: 327
Test Total time: 0:00:05 (5.7129 s / it)
* Acc@1 85.279 loss 0.756 auroc 0.887 f1_score 0.673
  per-class F1 (Test): {'negative': np.float32(0.923), 'itc': np.float32(0.333), 'micro': np.float32(0.533), 'macro': np.float32(0.903)}
  [DIAG] Tier1 сам по собі: acc=83.947 f1_macro=0.583

Epoch: [14] [  0/266] eta: 0:01:04 lr: 0.000072 tier1_loss: 0.0343 (0.0343) tier2_loss: 0.0032 (0.0032) time: 0.2438 data: 0.0984 max mem: 327
Epoch: [14] [100/266] eta: 0:00:18 lr: 0.000069 tier1_loss: 0.0795 (0.5050) tier2_loss: 0.0113 (0.4344) time: 0.1086 data: 0.0001 max mem: 327
Epoch: [14] [200/266] eta: 0:00:07 lr: 0.000067 tier1_loss: 0.0316 (0.4586) tier2_loss: 0.0054 (0.3771) time: 0.1027 data: 0.0001 max mem: 327
Epoch: [14] [265/266] eta: 0:00:00 lr: 0.000066 tier1_loss: 0.0546 (0.4290) tier2_loss: 0.0060 (0.3310) time: 0.1089 data: 0.0001 max mem: 327
Epoch: [14] Total time: 0:00:29 (29.4439 s / it)
Val [ 0/29] eta: 0:00:03 loss: 0.0170 (0.0170) acc1: 100.0000 (100.0000) time: 0.1330 data: 0.0786 max mem: 327
Val [28/29] eta: 0:00:00 loss: 0.0032 (1.3384) acc1: 100.0000 (75.8621) time: 0.0282 data: 0.0001 max mem: 327
Val Total time: 0:00:00 (0.9744 s / it)
* Acc@1 75.862 loss 1.338 auroc 0.881 f1_score 0.571
  per-class F1 (Val): {'negative': np.float32(0.878), 'itc': np.float32(0.5), 'micro': np.float32(0.333), 'macro': np.float32(0.571)}
  [DIAG] Tier1 сам по собі: acc=76.724 f1_macro=0.475
Test [  0/197] eta: 0:00:25 loss: 3.5234 (3.5234) acc1: 0.0000 (0.0000) time: 0.1295 data: 0.0859 max mem: 327
Test [100/197] eta: 0:00:02 loss: 0.0093 (1.1528) acc1: 100.0000 (77.2277) time: 0.0292 data: 0.0001 max mem: 327
Test [196/197] eta: 0:00:00 loss: 0.0027 (0.8170) acc1: 100.0000 (83.7563) time: 0.0274 data: 0.0001 max mem: 327
Test Total time: 0:00:05 (5.9240 s / it)
* Acc@1 83.756 loss 0.817 auroc 0.902 f1_score 0.582
  per-class F1 (Test): {'negative': np.float32(0.932), 'itc': np.float32(0.429), 'micro': np.float32(0.1), 'macro': np.float32(0.866)}
  [DIAG] Tier1 сам по собі: acc=83.185 f1_macro=0.557

Epoch: [15] [  0/266] eta: 0:01:05 lr: 0.000066 tier1_loss: 1.1684 (1.1684) tier2_loss: 5.7614 (5.7614) time: 0.2451 data: 0.0787 max mem: 327
Epoch: [15] [100/266] eta: 0:00:18 lr: 0.000064 tier1_loss: 0.0426 (0.4435) tier2_loss: 0.0045 (0.4187) time: 0.1107 data: 0.0001 max mem: 327
Epoch: [15] [200/266] eta: 0:00:07 lr: 0.000061 tier1_loss: 0.0244 (0.4211) tier2_loss: 0.0018 (0.3420) time: 0.1368 data: 0.0001 max mem: 327
Epoch: [15] [265/266] eta: 0:00:00 lr: 0.000060 tier1_loss: 0.0516 (0.4144) tier2_loss: 0.0041 (0.3174) time: 0.0984 data: 0.0001 max mem: 327
Epoch: [15] Total time: 0:00:29 (29.2282 s / it)
Val [ 0/29] eta: 0:00:04 loss: 0.0296 (0.0296) acc1: 100.0000 (100.0000) time: 0.1596 data: 0.1010 max mem: 327
Val [28/29] eta: 0:00:00 loss: 0.0029 (1.4057) acc1: 100.0000 (72.4138) time: 0.0269 data: 0.0001 max mem: 327
Val Total time: 0:00:00 (0.9640 s / it)
* Acc@1 72.414 loss 1.406 auroc 0.860 f1_score 0.440
  per-class F1 (Val): {'negative': np.float32(0.857), 'itc': np.float32(0.0), 'micro': np.float32(0.333), 'macro': np.float32(0.571)}
  [DIAG] Tier1 сам по собі: acc=77.155 f1_macro=0.494
Test [  0/197] eta: 0:00:24 loss: 1.7546 (1.7546) acc1: 0.0000 (0.0000) time: 0.1257 data: 0.0812 max mem: 327
Test [100/197] eta: 0:00:02 loss: 0.0084 (1.1045) acc1: 100.0000 (76.2376) time: 0.0292 data: 0.0001 max mem: 327
Test [196/197] eta: 0:00:00 loss: 0.0020 (0.7831) acc1: 100.0000 (83.7563) time: 0.0268 data: 0.0001 max mem: 327
Test Total time: 0:00:05 (5.8123 s / it)
* Acc@1 83.756 loss 0.783 auroc 0.896 f1_score 0.596
  per-class F1 (Test): {'negative': np.float32(0.928), 'itc': np.float32(0.32), 'micro': np.float32(0.25), 'macro': np.float32(0.884)}
  [DIAG] Tier1 сам по собі: acc=82.995 f1_macro=0.564

Epoch: [16] [  0/266] eta: 0:00:56 lr: 0.000060 tier1_loss: 0.0796 (0.0796) tier2_loss: 0.0025 (0.0025) time: 0.2117 data: 0.0906 max mem: 327
Epoch: [16] [100/266] eta: 0:00:18 lr: 0.000057 tier1_loss: 0.0865 (0.4260) tier2_loss: 0.0016 (0.2623) time: 0.0977 data: 0.0001 max mem: 327
Epoch: [16] [200/266] eta: 0:00:07 lr: 0.000055 tier1_loss: 0.0320 (0.4040) tier2_loss: 0.0028 (0.2831) time: 0.1586 data: 0.0001 max mem: 327
Epoch: [16] [265/266] eta: 0:00:00 lr: 0.000054 tier1_loss: 0.0305 (0.3696) tier2_loss: 0.0014 (0.2291) time: 0.1102 data: 0.0001 max mem: 327
Epoch: [16] Total time: 0:00:29 (29.3551 s / it)
Val [ 0/29] eta: 0:00:04 loss: 0.0062 (0.0062) acc1: 100.0000 (100.0000) time: 0.1491 data: 0.1063 max mem: 327
Val [28/29] eta: 0:00:00 loss: 0.0011 (1.4925) acc1: 100.0000 (75.8621) time: 0.0275 data: 0.0001 max mem: 327
Val Total time: 0:00:00 (0.9720 s / it)
* Acc@1 75.862 loss 1.493 auroc 0.860 f1_score 0.571
  per-class F1 (Val): {'negative': np.float32(0.878), 'itc': np.float32(0.5), 'micro': np.float32(0.333), 'macro': np.float32(0.571)}
  [DIAG] Tier1 сам по собі: acc=76.293 f1_macro=0.473
Test [  0/197] eta: 0:00:26 loss: 2.8685 (2.8685) acc1: 0.0000 (0.0000) time: 0.1357 data: 0.0922 max mem: 327
Test [100/197] eta: 0:00:02 loss: 0.0019 (1.3271) acc1: 100.0000 (77.2277) time: 0.0289 data: 0.0001 max mem: 327
Test [196/197] eta: 0:00:00 loss: 0.0009 (0.9347) acc1: 100.0000 (82.2335) time: 0.0267 data: 0.0001 max mem: 327
Test Total time: 0:00:05 (5.8688 s / it)
* Acc@1 82.234 loss 0.935 auroc 0.900 f1_score 0.535
  per-class F1 (Test): {'negative': np.float32(0.924), 'itc': np.float32(0.174), 'micro': np.float32(0.174), 'macro': np.float32(0.866)}
  [DIAG] Tier1 сам по собі: acc=82.995 f1_macro=0.553

Epoch: [17] [  0/266] eta: 0:00:59 lr: 0.000054 tier1_loss: 0.0237 (0.0237) tier2_loss: 0.0007 (0.0007) time: 0.2243 data: 0.0934 max mem: 327
Epoch: [17] [100/266] eta: 0:00:19 lr: 0.000051 tier1_loss: 0.0305 (0.3537) tier2_loss: 0.0010 (0.2768) time: 0.1121 data: 0.0001 max mem: 327
Epoch: [17] [200/266] eta: 0:00:07 lr: 0.000049 tier1_loss: 0.0649 (0.3341) tier2_loss: 0.0017 (0.2257) time: 0.1180 data: 0.0001 max mem: 327
Epoch: [17] [265/266] eta: 0:00:00 lr: 0.000047 tier1_loss: 0.1424 (0.3581) tier2_loss: 0.0018 (0.2482) time: 0.1099 data: 0.0001 max mem: 327
Epoch: [17] Total time: 0:00:31 (31.3640 s / it)
Val [ 0/29] eta: 0:00:04 loss: 0.0069 (0.0069) acc1: 100.0000 (100.0000) time: 0.1552 data: 0.1129 max mem: 327
Val [28/29] eta: 0:00:00 loss: 0.0011 (1.5238) acc1: 100.0000 (79.3103) time: 0.0283 data: 0.0001 max mem: 327
Val Total time: 0:00:00 (0.9969 s / it)
* Acc@1 79.310 loss 1.524 auroc 0.888 f1_score 0.654
  per-class F1 (Val): {'negative': np.float32(0.878), 'itc': np.float32(0.5), 'micro': np.float32(0.571), 'macro': np.float32(0.667)}
  [DIAG] Tier1 сам по собі: acc=78.448 f1_macro=0.521
Test [  0/197] eta: 0:00:29 loss: 0.0130 (0.0130) acc1: 100.0000 (100.0000) time: 0.1494 data: 0.1066 max mem: 327
Test [100/197] eta: 0:00:02 loss: 0.0018 (0.9771) acc1: 100.0000 (80.1980) time: 0.0293 data: 0.0001 max mem: 327
Test [196/197] eta: 0:00:00 loss: 0.0010 (0.7655) acc1: 100.0000 (84.7716) time: 0.0272 data: 0.0001 max mem: 327
Test Total time: 0:00:05 (5.8672 s / it)
* Acc@1 84.772 loss 0.766 auroc 0.901 f1_score 0.655
  per-class F1 (Test): {'negative': np.float32(0.924), 'itc': np.float32(0.286), 'micro': np.float32(0.5), 'macro': np.float32(0.909)}
  [DIAG] Tier1 сам по собі: acc=82.931 f1_macro=0.580

Epoch: [18] [  0/266] eta: 0:01:02 lr: 0.000047 tier1_loss: 0.0199 (0.0199) tier2_loss: 0.0009 (0.0009) time: 0.2334 data: 0.1105 max mem: 327
Epoch: [18] [100/266] eta: 0:00:18 lr: 0.000045 tier1_loss: 0.0381 (0.2456) tier2_loss: 0.0016 (0.1532) time: 0.1052 data: 0.0001 max mem: 327
Epoch: [18] [200/266] eta: 0:00:07 lr: 0.000043 tier1_loss: 0.0902 (0.2860) tier2_loss: 0.0012 (0.1512) time: 0.1106 data: 0.0001 max mem: 327
Epoch: [18] [265/266] eta: 0:00:00 lr: 0.000041 tier1_loss: 0.0892 (0.3264) tier2_loss: 0.0025 (0.1599) time: 0.1212 data: 0.0001 max mem: 327
Epoch: [18] Total time: 0:00:30 (30.4325 s / it)
Val [ 0/29] eta: 0:00:04 loss: 0.2350 (0.2350) acc1: 100.0000 (100.0000) time: 0.1609 data: 0.1149 max mem: 327
Val [28/29] eta: 0:00:00 loss: 0.0013 (1.7301) acc1: 100.0000 (72.4138) time: 0.0284 data: 0.0001 max mem: 327
Val Total time: 0:00:00 (0.9950 s / it)
* Acc@1 72.414 loss 1.730 auroc 0.873 f1_score 0.527
  per-class F1 (Val): {'negative': np.float32(0.872), 'itc': np.float32(0.333), 'micro': np.float32(0.333), 'macro': np.float32(0.571)}
  [DIAG] Tier1 сам по собі: acc=75.862 f1_macro=0.462
Test [  0/197] eta: 0:00:29 loss: 1.8031 (1.8031) acc1: 0.0000 (0.0000) time: 0.1506 data: 0.0910 max mem: 327
Test [100/197] eta: 0:00:02 loss: 0.0057 (1.3433) acc1: 100.0000 (75.2475) time: 0.0299 data: 0.0001 max mem: 327
Test [196/197] eta: 0:00:00 loss: 0.0009 (1.0029) acc1: 100.0000 (81.2183) time: 0.0277 data: 0.0001 max mem: 327
Test Total time: 0:00:05 (5.9814 s / it)
* Acc@1 81.218 loss 1.003 auroc 0.885 f1_score 0.602
  per-class F1 (Test): {'negative': np.float32(0.905), 'itc': np.float32(0.323), 'micro': np.float32(0.296), 'macro': np.float32(0.884)}
  [DIAG] Tier1 сам по собі: acc=81.345 f1_macro=0.548

Epoch: [19] [  0/266] eta: 0:01:09 lr: 0.000041 tier1_loss: 1.6172 (1.6172) tier2_loss: 0.1321 (0.1321) time: 0.2602 data: 0.0939 max mem: 327
Epoch: [19] [100/266] eta: 0:00:17 lr: 0.000039 tier1_loss: 0.0453 (0.3650) tier2_loss: 0.0009 (0.1535) time: 0.1114 data: 0.0001 max mem: 327
Epoch: [19] [200/266] eta: 0:00:07 lr: 0.000037 tier1_loss: 0.0403 (0.3147) tier2_loss: 0.0006 (0.1157) time: 0.1002 data: 0.0001 max mem: 327
Epoch: [19] [265/266] eta: 0:00:00 lr: 0.000035 tier1_loss: 0.0364 (0.3240) tier2_loss: 0.0007 (0.1558) time: 0.1117 data: 0.0001 max mem: 327
Epoch: [19] Total time: 0:00:28 (28.6350 s / it)
Val [ 0/29] eta: 0:00:04 loss: 0.0141 (0.0141) acc1: 100.0000 (100.0000) time: 0.1579 data: 0.1122 max mem: 327
Val [28/29] eta: 0:00:00 loss: 0.0006 (1.7176) acc1: 100.0000 (72.4138) time: 0.0286 data: 0.0001 max mem: 327
Val Total time: 0:00:01 (1.0032 s / it)
* Acc@1 72.414 loss 1.718 auroc 0.838 f1_score 0.539
  per-class F1 (Val): {'negative': np.float32(0.85), 'itc': np.float32(0.4), 'micro': np.float32(0.333), 'macro': np.float32(0.571)}
  [DIAG] Tier1 сам по собі: acc=75.862 f1_macro=0.473
Test [  0/197] eta: 0:00:29 loss: 3.1935 (3.1935) acc1: 0.0000 (0.0000) time: 0.1501 data: 0.1048 max mem: 327
Test [100/197] eta: 0:00:03 loss: 0.0014 (1.3299) acc1: 100.0000 (78.2178) time: 0.0301 data: 0.0001 max mem: 327
Test [196/197] eta: 0:00:00 loss: 0.0006 (0.9670) acc1: 100.0000 (83.2487) time: 0.0273 data: 0.0001 max mem: 327
Test Total time: 0:00:05 (5.9728 s / it)
* Acc@1 83.249 loss 0.967 auroc 0.891 f1_score 0.603
  per-class F1 (Test): {'negative': np.float32(0.924), 'itc': np.float32(0.25), 'micro': np.float32(0.357), 'macro': np.float32(0.882)}
  [DIAG] Tier1 сам по собі: acc=78.744 f1_macro=0.552

Epoch: [20] [  0/266] eta: 0:01:00 lr: 0.000035 tier1_loss: 0.0255 (0.0255) tier2_loss: 0.0003 (0.0003) time: 0.2263 data: 0.0783 max mem: 327
Epoch: [20] [100/266] eta: 0:00:18 lr: 0.000033 tier1_loss: 0.0472 (0.3432) tier2_loss: 0.0007 (0.1226) time: 0.1157 data: 0.0001 max mem: 327
Epoch: [20] [200/266] eta: 0:00:07 lr: 0.000031 tier1_loss: 0.0286 (0.2577) tier2_loss: 0.0005 (0.1092) time: 0.0977 data: 0.0001 max mem: 327
Epoch: [20] [265/266] eta: 0:00:00 lr: 0.000029 tier1_loss: 0.0715 (0.2816) tier2_loss: 0.0006 (0.1271) time: 0.0927 data: 0.0001 max mem: 327
Epoch: [20] Total time: 0:00:28 (28.6153 s / it)
Val [ 0/29] eta: 0:00:04 loss: 0.0082 (0.0082) acc1: 100.0000 (100.0000) time: 0.1524 data: 0.1132 max mem: 327
Val [28/29] eta: 0:00:00 loss: 0.0006 (1.7065) acc1: 100.0000 (79.3103) time: 0.0274 data: 0.0001 max mem: 327
Val Total time: 0:00:00 (0.9718 s / it)
* Acc@1 79.310 loss 1.706 auroc 0.875 f1_score 0.654
  per-class F1 (Val): {'negative': np.float32(0.878), 'itc': np.float32(0.5), 'micro': np.float32(0.571), 'macro': np.float32(0.667)}
  [DIAG] Tier1 сам по собі: acc=78.448 f1_macro=0.522
Test [  0/197] eta: 0:00:24 loss: 0.0136 (0.0136) acc1: 100.0000 (100.0000) time: 0.1248 data: 0.0860 max mem: 327
Test [100/197] eta: 0:00:02 loss: 0.0014 (1.0546) acc1: 100.0000 (80.1980) time: 0.0292 data: 0.0001 max mem: 327
Test [196/197] eta: 0:00:00 loss: 0.0005 (0.8779) acc1: 100.0000 (82.7411) time: 0.0267 data: 0.0001 max mem: 327
Test Total time: 0:00:05 (5.8074 s / it)
* Acc@1 82.741 loss 0.878 auroc 0.900 f1_score 0.630
  per-class F1 (Test): {'negative': np.float32(0.907), 'itc': np.float32(0.167), 'micro': np.float32(0.541), 'macro': np.float32(0.907)}
  [DIAG] Tier1 сам по собі: acc=81.472 f1_macro=0.580

Epoch: [21] [  0/266] eta: 0:00:52 lr: 0.000029 tier1_loss: 1.9231 (1.9231) tier2_loss: 0.0086 (0.0086) time: 0.1985 data: 0.0952 max mem: 327
Epoch: [21] [100/266] eta: 0:00:17 lr: 0.000027 tier1_loss: 0.0458 (0.2151) tier2_loss: 0.0009 (0.0816) time: 0.1178 data: 0.0001 max mem: 327
Epoch: [21] [200/266] eta: 0:00:06 lr: 0.000025 tier1_loss: 0.0406 (0.2991) tier2_loss: 0.0011 (0.1332) time: 0.0812 data: 0.0001 max mem: 327
Epoch: [21] [265/266] eta: 0:00:00 lr: 0.000024 tier1_loss: 0.0711 (0.2960) tier2_loss: 0.0012 (0.1413) time: 0.1059 data: 0.0001 max mem: 327
Epoch: [21] Total time: 0:00:26 (26.6111 s / it)
Val [ 0/29] eta: 0:00:04 loss: 0.0339 (0.0339) acc1: 100.0000 (100.0000) time: 0.1683 data: 0.1133 max mem: 327
Val [28/29] eta: 0:00:00 loss: 0.0007 (1.9160) acc1: 100.0000 (72.4138) time: 0.0276 data: 0.0001 max mem: 327
Val Total time: 0:00:00 (0.9889 s / it)
* Acc@1 72.414 loss 1.916 auroc 0.838 f1_score 0.539
  per-class F1 (Val): {'negative': np.float32(0.85), 'itc': np.float32(0.4), 'micro': np.float32(0.333), 'macro': np.float32(0.571)}
  [DIAG] Tier1 сам по собі: acc=75.000 f1_macro=0.447
Test [  0/197] eta: 0:00:25 loss: 5.2866 (5.2866) acc1: 0.0000 (0.0000) time: 0.1281 data: 0.0875 max mem: 327
Test [100/197] eta: 0:00:02 loss: 0.0035 (1.4137) acc1: 100.0000 (78.2178) time: 0.0292 data: 0.0001 max mem: 327
Test [196/197] eta: 0:00:00 loss: 0.0006 (0.9581) acc1: 100.0000 (83.2487) time: 0.0271 data: 0.0001 max mem: 327
Test Total time: 0:00:05 (5.8958 s / it)
* Acc@1 83.249 loss 0.958 auroc 0.895 f1_score 0.604
  per-class F1 (Test): {'negative': np.float32(0.927), 'itc': np.float32(0.32), 'micro': np.float32(0.286), 'macro': np.float32(0.882)}
  [DIAG] Tier1 сам по собі: acc=76.586 f1_macro=0.537

Epoch: [22] [  0/266] eta: 0:00:54 lr: 0.000024 tier1_loss: 1.3533 (1.3533) tier2_loss: 0.0107 (0.0107) time: 0.2043 data: 0.0925 max mem: 327
Epoch: [22] [100/266] eta: 0:00:18 lr: 0.000022 tier1_loss: 0.0361 (0.2803) tier2_loss: 0.0005 (0.1199) time: 0.1085 data: 0.0001 max mem: 327
Epoch: [22] [200/266] eta: 0:00:07 lr: 0.000020 tier1_loss: 0.1575 (0.2679) tier2_loss: 0.0008 (0.1015) time: 0.1069 data: 0.0001 max mem: 327
Epoch: [22] [265/266] eta: 0:00:00 lr: 0.000019 tier1_loss: 0.0394 (0.2755) tier2_loss: 0.0005 (0.1044) time: 0.1046 data: 0.0001 max mem: 327
Epoch: [22] Total time: 0:00:29 (29.6325 s / it)
Val [ 0/29] eta: 0:00:04 loss: 0.0224 (0.0224) acc1: 100.0000 (100.0000) time: 0.1585 data: 0.1118 max mem: 327
Val [28/29] eta: 0:00:00 loss: 0.0006 (1.8058) acc1: 100.0000 (75.8621) time: 0.0288 data: 0.0001 max mem: 327
Val Total time: 0:00:01 (1.0025 s / it)
* Acc@1 75.862 loss 1.806 auroc 0.825 f1_score 0.571
  per-class F1 (Val): {'negative': np.float32(0.878), 'itc': np.float32(0.5), 'micro': np.float32(0.333), 'macro': np.float32(0.571)}
  [DIAG] Tier1 сам по собі: acc=75.862 f1_macro=0.471
Test [  0/197] eta: 0:00:26 loss: 6.3666 (6.3666) acc1: 0.0000 (0.0000) time: 0.1364 data: 0.0903 max mem: 327
Test [100/197] eta: 0:00:03 loss: 0.0031 (1.4179) acc1: 100.0000 (78.2178) time: 0.0302 data: 0.0001 max mem: 327
Test [196/197] eta: 0:00:00 loss: 0.0005 (1.0140) acc1: 100.0000 (84.2640) time: 0.0279 data: 0.0001 max mem: 327
Test Total time: 0:00:06 (6.0553 s / it)
* Acc@1 84.264 loss 1.014 auroc 0.890 f1_score 0.641
  per-class F1 (Test): {'negative': np.float32(0.924), 'itc': np.float32(0.286), 'micro': np.float32(0.444), 'macro': np.float32(0.911)}
  [DIAG] Tier1 сам по собі: acc=77.348 f1_macro=0.553

Epoch: [23] [  0/266] eta: 0:00:52 lr: 0.000019 tier1_loss: 0.0233 (0.0233) tier2_loss: 0.0002 (0.0002) time: 0.1986 data: 0.0781 max mem: 327
Epoch: [23] [100/266] eta: 0:00:19 lr: 0.000017 tier1_loss: 0.0336 (0.2374) tier2_loss: 0.0006 (0.0488) time: 0.1452 data: 0.0001 max mem: 327
Epoch: [23] [200/266] eta: 0:00:07 lr: 0.000015 tier1_loss: 0.0248 (0.2397) tier2_loss: 0.0004 (0.0993) time: 0.1119 data: 0.0001 max mem: 327
Epoch: [23] [265/266] eta: 0:00:00 lr: 0.000014 tier1_loss: 0.0363 (0.2592) tier2_loss: 0.0005 (0.0901) time: 0.1061 data: 0.0001 max mem: 327
Epoch: [23] Total time: 0:00:29 (29.7655 s / it)
Val [ 0/29] eta: 0:00:04 loss: 0.0481 (0.0481) acc1: 100.0000 (100.0000) time: 0.1630 data: 0.1098 max mem: 327
Val [28/29] eta: 0:00:00 loss: 0.0005 (1.7016) acc1: 100.0000 (79.3103) time: 0.0290 data: 0.0001 max mem: 327
Val Total time: 0:00:01 (1.0301 s / it)
* Acc@1 79.310 loss 1.702 auroc 0.881 f1_score 0.635
  per-class F1 (Val): {'negative': np.float32(0.9), 'itc': np.float32(0.4), 'micro': np.float32(0.571), 'macro': np.float32(0.667)}
  [DIAG] Tier1 сам по собі: acc=77.155 f1_macro=0.487
Test [  0/197] eta: 0:00:23 loss: 3.4004 (3.4004) acc1: 0.0000 (0.0000) time: 0.1176 data: 0.0828 max mem: 327
Test [100/197] eta: 0:00:02 loss: 0.0025 (1.3351) acc1: 100.0000 (79.2079) time: 0.0305 data: 0.0001 max mem: 327
Test [196/197] eta: 0:00:00 loss: 0.0005 (0.9680) acc1: 100.0000 (84.7716) time: 0.0285 data: 0.0001 max mem: 327
Test Total time: 0:00:06 (6.0339 s / it)
* Acc@1 84.772 loss 0.968 auroc 0.889 f1_score 0.628
  per-class F1 (Test): {'negative': np.float32(0.932), 'itc': np.float32(0.231), 'micro': np.float32(0.429), 'macro': np.float32(0.921)}
  [DIAG] Tier1 сам по собі: acc=77.348 f1_macro=0.543

Epoch: [24] [  0/266] eta: 0:00:55 lr: 0.000014 tier1_loss: 0.1060 (0.1060) tier2_loss: 0.0002 (0.0002) time: 0.2080 data: 0.0876 max mem: 327
Epoch: [24] [100/266] eta: 0:00:19 lr: 0.000013 tier1_loss: 0.0334 (0.2121) tier2_loss: 0.0003 (0.0904) time: 0.1109 data: 0.0001 max mem: 327
Epoch: [24] [200/266] eta: 0:00:07 lr: 0.000011 tier1_loss: 0.0178 (0.2365) tier2_loss: 0.0004 (0.0693) time: 0.1060 data: 0.0001 max mem: 327
Epoch: [24] [265/266] eta: 0:00:00 lr: 0.000010 tier1_loss: 0.0349 (0.2607) tier2_loss: 0.0008 (0.0699) time: 0.1089 data: 0.0001 max mem: 327
Epoch: [24] Total time: 0:00:29 (29.7496 s / it)
Val [ 0/29] eta: 0:00:04 loss: 0.1867 (0.1867) acc1: 100.0000 (100.0000) time: 0.1409 data: 0.1056 max mem: 327
Val [28/29] eta: 0:00:00 loss: 0.0004 (1.9322) acc1: 100.0000 (75.8621) time: 0.0281 data: 0.0001 max mem: 327
Val Total time: 0:00:00 (0.9779 s / it)
* Acc@1 75.862 loss 1.932 auroc 0.870 f1_score 0.611
  per-class F1 (Val): {'negative': np.float32(0.872), 'itc': np.float32(0.333), 'micro': np.float32(0.571), 'macro': np.float32(0.667)}
  [DIAG] Tier1 сам по собі: acc=74.138 f1_macro=0.445
Test [  0/197] eta: 0:00:28 loss: 0.4099 (0.4099) acc1: 100.0000 (100.0000) time: 0.1435 data: 0.0876 max mem: 327
Test [100/197] eta: 0:00:03 loss: 0.0039 (1.3972) acc1: 100.0000 (74.2574) time: 0.0310 data: 0.0001 max mem: 327
Test [196/197] eta: 0:00:00 loss: 0.0005 (1.0596) acc1: 100.0000 (80.7107) time: 0.0286 data: 0.0001 max mem: 327
Test Total time: 0:00:06 (6.1845 s / it)
* Acc@1 80.711 loss 1.060 auroc 0.881 f1_score 0.623
  per-class F1 (Test): {'negative': np.float32(0.888), 'itc': np.float32(0.194), 'micro': np.float32(0.5), 'macro': np.float32(0.911)}
  [DIAG] Tier1 сам по собі: acc=72.906 f1_macro=0.533

Epoch: [25] [  0/266] eta: 0:00:59 lr: 0.000010 tier1_loss: 0.0034 (0.0034) tier2_loss: 0.0002 (0.0002) time: 0.2254 data: 0.0738 max mem: 327
Epoch: [25] [100/266] eta: 0:00:18 lr: 0.000009 tier1_loss: 0.0390 (0.1727) tier2_loss: 0.0003 (0.0377) time: 0.0789 data: 0.0001 max mem: 327
Epoch: [25] [200/266] eta: 0:00:06 lr: 0.000008 tier1_loss: 0.0947 (0.2589) tier2_loss: 0.0005 (0.0839) time: 0.1069 data: 0.0001 max mem: 327
Epoch: [25] [265/266] eta: 0:00:00 lr: 0.000007 tier1_loss: 0.0755 (0.2421) tier2_loss: 0.0006 (0.0642) time: 0.1017 data: 0.0001 max mem: 327
Epoch: [25] Total time: 0:00:28 (28.4553 s / it)
Val [ 0/29] eta: 0:00:04 loss: 0.1184 (0.1184) acc1: 100.0000 (100.0000) time: 0.1673 data: 0.1124 max mem: 327
Val [28/29] eta: 0:00:00 loss: 0.0004 (1.7651) acc1: 100.0000 (79.3103) time: 0.0273 data: 0.0001 max mem: 327
Val Total time: 0:00:00 (0.9901 s / it)
* Acc@1 79.310 loss 1.765 auroc 0.885 f1_score 0.635
  per-class F1 (Val): {'negative': np.float32(0.9), 'itc': np.float32(0.4), 'micro': np.float32(0.571), 'macro': np.float32(0.667)}
  [DIAG] Tier1 сам по собі: acc=74.569 f1_macro=0.454
Test [  0/197] eta: 0:00:28 loss: 4.2328 (4.2328) acc1: 0.0000 (0.0000) time: 0.1471 data: 0.1047 max mem: 327
Test [100/197] eta: 0:00:02 loss: 0.0026 (1.4413) acc1: 100.0000 (75.2475) time: 0.0288 data: 0.0001 max mem: 327
Test [196/197] eta: 0:00:00 loss: 0.0004 (1.0578) acc1: 100.0000 (81.7259) time: 0.0267 data: 0.0001 max mem: 327
Test Total time: 0:00:05 (5.7446 s / it)
* Acc@1 81.726 loss 1.058 auroc 0.881 f1_score 0.593
  per-class F1 (Test): {'negative': np.float32(0.911), 'itc': np.float32(0.207), 'micro': np.float32(0.345), 'macro': np.float32(0.911)}
  [DIAG] Tier1 сам по собі: acc=73.287 f1_macro=0.529

Epoch: [26] [  0/266] eta: 0:00:59 lr: 0.000007 tier1_loss: 0.1348 (0.1348) tier2_loss: 0.0005 (0.0005) time: 0.2252 data: 0.0772 max mem: 327
Epoch: [26] [100/266] eta: 0:00:19 lr: 0.000006 tier1_loss: 0.0437 (0.1908) tier2_loss: 0.0004 (0.0492) time: 0.1108 data: 0.0001 max mem: 327
Epoch: [26] [200/266] eta: 0:00:07 lr: 0.000005 tier1_loss: 0.1213 (0.2282) tier2_loss: 0.0007 (0.0478) time: 0.1138 data: 0.0001 max mem: 327
Epoch: [26] [265/266] eta: 0:00:00 lr: 0.000004 tier1_loss: 0.0552 (0.2387) tier2_loss: 0.0005 (0.0539) time: 0.1103 data: 0.0001 max mem: 327
Epoch: [26] Total time: 0:00:30 (30.7633 s / it)
Val [ 0/29] eta: 0:00:04 loss: 0.0655 (0.0655) acc1: 100.0000 (100.0000) time: 0.1582 data: 0.1077 max mem: 327
Val [28/29] eta: 0:00:00 loss: 0.0004 (1.9865) acc1: 100.0000 (72.4138) time: 0.0280 data: 0.0001 max mem: 327
Val Total time: 0:00:00 (0.9961 s / it)
* Acc@1 72.414 loss 1.986 auroc 0.824 f1_score 0.539
  per-class F1 (Val): {'negative': np.float32(0.85), 'itc': np.float32(0.4), 'micro': np.float32(0.333), 'macro': np.float32(0.571)}
  [DIAG] Tier1 сам по собі: acc=75.000 f1_macro=0.447
Test [  0/197] eta: 0:00:26 loss: 6.2500 (6.2500) acc1: 0.0000 (0.0000) time: 0.1323 data: 0.0859 max mem: 327
Test [100/197] eta: 0:00:03 loss: 0.0016 (1.5018) acc1: 100.0000 (76.2376) time: 0.0311 data: 0.0001 max mem: 327
Test [196/197] eta: 0:00:00 loss: 0.0004 (1.0795) acc1: 100.0000 (83.2487) time: 0.0265 data: 0.0001 max mem: 327
Test Total time: 0:00:06 (6.0608 s / it)
* Acc@1 83.249 loss 1.079 auroc 0.882 f1_score 0.629
  per-class F1 (Test): {'negative': np.float32(0.919), 'itc': np.float32(0.296), 'micro': np.float32(0.4), 'macro': np.float32(0.901)}
  [DIAG] Tier1 сам по собі: acc=74.365 f1_macro=0.536

Epoch: [27] [  0/266] eta: 0:01:05 lr: 0.000004 tier1_loss: 0.0190 (0.0190) tier2_loss: 0.0003 (0.0003) time: 0.2445 data: 0.1117 max mem: 327
Epoch: [27] [100/266] eta: 0:00:18 lr: 0.000004 tier1_loss: 0.0356 (0.2484) tier2_loss: 0.0003 (0.0412) time: 0.0943 data: 0.0001 max mem: 327
Epoch: [27] [200/266] eta: 0:00:07 lr: 0.000003 tier1_loss: 0.0294 (0.2237) tier2_loss: 0.0006 (0.0390) time: 0.1146 data: 0.0001 max mem: 327
Epoch: [27] [265/266] eta: 0:00:00 lr: 0.000003 tier1_loss: 0.0242 (0.2323) tier2_loss: 0.0003 (0.0446) time: 0.1039 data: 0.0001 max mem: 327
Epoch: [27] Total time: 0:00:29 (29.3015 s / it)
Val [ 0/29] eta: 0:00:04 loss: 0.0671 (0.0671) acc1: 100.0000 (100.0000) time: 0.1459 data: 0.1064 max mem: 327
Val [28/29] eta: 0:00:00 loss: 0.0004 (1.8624) acc1: 100.0000 (72.4138) time: 0.0278 data: 0.0001 max mem: 327
Val Total time: 0:00:00 (0.9739 s / it)
* Acc@1 72.414 loss 1.862 auroc 0.868 f1_score 0.527
  per-class F1 (Val): {'negative': np.float32(0.872), 'itc': np.float32(0.333), 'micro': np.float32(0.333), 'macro': np.float32(0.571)}
  [DIAG] Tier1 сам по собі: acc=75.431 f1_macro=0.457
Test [  0/197] eta: 0:00:23 loss: 3.8991 (3.8991) acc1: 0.0000 (0.0000) time: 0.1217 data: 0.0788 max mem: 327
Test [100/197] eta: 0:00:02 loss: 0.0017 (1.5239) acc1: 100.0000 (76.2376) time: 0.0292 data: 0.0001 max mem: 327
Test [196/197] eta: 0:00:00 loss: 0.0004 (1.0464) acc1: 100.0000 (83.7563) time: 0.0267 data: 0.0001 max mem: 327
Test Total time: 0:00:05 (5.7667 s / it)
* Acc@1 83.756 loss 1.046 auroc 0.883 f1_score 0.634
  per-class F1 (Test): {'negative': np.float32(0.923), 'itc': np.float32(0.32), 'micro': np.float32(0.4), 'macro': np.float32(0.891)}
  [DIAG] Tier1 сам по собі: acc=73.668 f1_macro=0.529

Epoch: [28] [  0/266] eta: 0:01:03 lr: 0.000003 tier1_loss: 0.0322 (0.0322) tier2_loss: 0.0010 (0.0010) time: 0.2379 data: 0.0872 max mem: 327
Epoch: [28] [100/266] eta: 0:00:19 lr: 0.000002 tier1_loss: 0.0442 (0.2613) tier2_loss: 0.0003 (0.0951) time: 0.1136 data: 0.0001 max mem: 327
Epoch: [28] [200/266] eta: 0:00:07 lr: 0.000002 tier1_loss: 0.0779 (0.2329) tier2_loss: 0.0003 (0.0641) time: 0.1105 data: 0.0001 max mem: 327
Epoch: [28] [265/266] eta: 0:00:00 lr: 0.000001 tier1_loss: 0.0187 (0.2307) tier2_loss: 0.0003 (0.0526) time: 0.1147 data: 0.0001 max mem: 327
Epoch: [28] Total time: 0:00:29 (29.9746 s / it)
Val [ 0/29] eta: 0:00:04 loss: 0.0793 (0.0793) acc1: 100.0000 (100.0000) time: 0.1433 data: 0.1068 max mem: 327
Val [28/29] eta: 0:00:00 loss: 0.0004 (1.8167) acc1: 100.0000 (75.8621) time: 0.0267 data: 0.0001 max mem: 327
Val Total time: 0:00:00 (0.9353 s / it)
* Acc@1 75.862 loss 1.817 auroc 0.866 f1_score 0.551
  per-class F1 (Val): {'negative': np.float32(0.9), 'itc': np.float32(0.4), 'micro': np.float32(0.333), 'macro': np.float32(0.571)}
  [DIAG] Tier1 сам по собі: acc=74.569 f1_macro=0.451
Test [  0/197] eta: 0:00:30 loss: 1.2688 (1.2688) acc1: 0.0000 (0.0000) time: 0.1531 data: 0.0952 max mem: 327
Test [100/197] eta: 0:00:02 loss: 0.0020 (1.4845) acc1: 100.0000 (76.2376) time: 0.0298 data: 0.0001 max mem: 327
Test [196/197] eta: 0:00:00 loss: 0.0004 (1.0197) acc1: 100.0000 (83.2487) time: 0.0279 data: 0.0001 max mem: 327
Test Total time: 0:00:05 (5.9325 s / it)
* Acc@1 83.249 loss 1.020 auroc 0.882 f1_score 0.632
  per-class F1 (Test): {'negative': np.float32(0.915), 'itc': np.float32(0.296), 'micro': np.float32(0.414), 'macro': np.float32(0.901)}
  [DIAG] Tier1 сам по собі: acc=74.112 f1_macro=0.531

Epoch: [29] [  0/266] eta: 0:01:11 lr: 0.000001 tier1_loss: 0.0751 (0.0751) tier2_loss: 0.0003 (0.0003) time: 0.2687 data: 0.1011 max mem: 327
Epoch: [29] [100/266] eta: 0:00:18 lr: 0.000001 tier1_loss: 0.0474 (0.1777) tier2_loss: 0.0003 (0.0320) time: 0.0820 data: 0.0001 max mem: 327
Epoch: [29] [200/266] eta: 0:00:06 lr: 0.000001 tier1_loss: 0.0289 (0.2422) tier2_loss: 0.0003 (0.0570) time: 0.1041 data: 0.0001 max mem: 327
Epoch: [29] [265/266] eta: 0:00:00 lr: 0.000001 tier1_loss: 0.0397 (0.2315) tier2_loss: 0.0002 (0.0467) time: 0.1039 data: 0.0001 max mem: 327
Epoch: [29] Total time: 0:00:27 (27.8747 s / it)
Val [ 0/29] eta: 0:00:04 loss: 0.0769 (0.0769) acc1: 100.0000 (100.0000) time: 0.1643 data: 0.1072 max mem: 327
Val [28/29] eta: 0:00:00 loss: 0.0004 (1.7564) acc1: 100.0000 (79.3103) time: 0.0274 data: 0.0001 max mem: 327
Val Total time: 0:00:00 (0.9850 s / it)
* Acc@1 79.310 loss 1.756 auroc 0.891 f1_score 0.635
  per-class F1 (Val): {'negative': np.float32(0.9), 'itc': np.float32(0.4), 'micro': np.float32(0.571), 'macro': np.float32(0.667)}
  [DIAG] Tier1 сам по собі: acc=75.000 f1_macro=0.459
wandb: 
wandb: Run history:
wandb: diag/test_tier1_acc ▁▁▁▁▃▄▆▆▇█████▇▇▇▇▇▆▇▅▆▆▄▄▅▅▅▅
wandb:  diag/test_tier1_f1 ▁▁▁▁▃▄▅▅▇▇▇███▇▇▇▇▇▇▇▇▇▇▇▇▇▇▇▇
wandb:       perf/test_auc ▁▂▃▃▅▄▅▆▇█▇██████████████████▇
wandb:        perf/test_f1 ▁▁▂▃▄▄▅▄▆▇████▇▇▆█▇▇▇▇█▇▇▇▇▇▇▇
wandb:        perf/val_auc ▁▂▃▃▄▄▄▆▇▇▇▇███▇███▇█▇▇███▇███
wandb:         perf/val_f1 ▁▁▁▁▁▁▃▆▇▇▆▇▆▆▇▅▇█▆▆█▆▇█▇█▆▆▆█
wandb:          tier1_loss ▇▁▁▁▁▅▁▇▁█▂▃▁▁▁▄▂▁▁▁▁▁▁▇▁▁▁▃▁▁▁▁▁▅▁▁█▁▁▁
wandb:          tier2_loss ▃▆▁▁▁▁▁█▁█▁▇▁▁▄▁▁▁▁▁▁▁▁▃▁▁▁▁▁▁▁▁▁▁▁▁▁▁▁▁
wandb: 
wandb: Run summary:
wandb: diag/test_tier1_acc 74.11167
wandb:  diag/test_tier1_f1 0.53206
wandb:       perf/test_auc 0.87897
wandb:        perf/test_f1 0.59223
wandb:        perf/val_auc 0.89093
wandb:         perf/val_f1 0.63452
wandb:          tier1_loss 0.03432
wandb:          tier2_loss 0.00021
wandb: 
wandb: You can sync this run to the cloud by running:
wandb: wandb sync /data/bohatyrenko1/EXPERIMENTS_2/Hi-MoE_MIL/wandb/offline-run-20260925_095536-b0mxiteb
wandb: Find logs at: ./wandb/offline-run-20260925_095536-b0mxiteb/logs
Test [  0/197] eta: 0:00:25 loss: 5.2816 (5.2816) acc1: 0.0000 (0.0000) time: 0.1312 data: 0.0855 max mem: 327
Test [100/197] eta: 0:00:02 loss: 0.0018 (1.5522) acc1: 100.0000 (76.2376) time: 0.0291 data: 0.0001 max mem: 327
Test [196/197] eta: 0:00:00 loss: 0.0004 (1.1047) acc1: 100.0000 (81.7259) time: 0.0284 data: 0.0001 max mem: 327
Test Total time: 0:00:05 (5.8217 s / it)
* Acc@1 81.726 loss 1.105 auroc 0.879 f1_score 0.592
  per-class F1 (Test): {'negative': np.float32(0.911), 'itc': np.float32(0.222), 'micro': np.float32(0.345), 'macro': np.float32(0.891)}
  [DIAG] Tier1 сам по собі: acc=74.112 f1_macro=0.532

============================================================
FINAL EPOCH (29) RESULTS (DTFD-ASMIL v2):
  test_auc=0.8790 test_acc=81.73 test_f1(macro)=0.5922
  [DIAG] Tier1 сам по собі: acc=74.112 f1_macro=0.532
  test per-class F1: {'negative': np.float32(0.911), 'itc': np.float32(0.222), 'micro': np.float32(0.345), 'macro': np.float32(0.891)}
  test confusion matrix (rows=true, cols=pred):
          negative         itc       micro       macro
negative        112           6           2           1
     itc         10           3           3           0
   micro          3           2           5           8
   macro          0           0           1          41
============================================================
Best epoch: {'epoch': 17, 'val_f1': 0.6540360450744629, 'val_auc': 0.8875925540924072, 'test_f1': 0.6546250581741333, 'test_auc': 0.9014214873313904}
