wandb: Tracking run with wandb version 0.28.0
wandb: W&B syncing is set to `offline` in this directory. Run `wandb online` or set WANDB_MODE=online to enable cloud syncing.
wandb: Run data is saved locally in /data/bohatyrenko1/EXPERIMENTS_2/Hi-MoE_MIL/wandb/offline-run-20260925_143426-is7w9yvm
wandb: View this run in the terminal with `wandb leet`
Used config (DTFD-ASMIL v2):
{'B': 1,
 'D_feat': 384,
 'D_inner': 128,
 'M': None,
 'ckpt_dir': 'ckpt/c17_dtfd_v4_seed3',
 'config': 'config/camelyon17_vitsdino_config_20ep.yml',
 'dataset': 'camelyon17',
 'lr': 0.0001,
 'min_lr': 1e-06,
 'n_class': 4,
 'n_token': 8,
 'n_worker': 4,
 'pin_memory': True,
 'pretrain': 'medical_ssl',
 'seed': 3,
 'splits_dir': '/data/bohatyrenko1/EXPERIMENTS_2/ASMIL/splits_paper',
 'test_dir': '/data/bohatyrenko1/features_vitsdino_camelyon17_train',
 'tier1_weight_init': 0.1,
 'tier2_D_inner': None,
 'tier2_n_heads': 4,
 'train_dir': '/data/bohatyrenko1/features_vitsdino_camelyon17_train',
 'train_epoch': 20,
 'wandb_mode': 'offline',
 'warmup_epoch': 5,
 'wd': 1e-05}
M (псевдо-bags) = 8, tier1_weight = 0.1
Class weights: [0.3757062256336212, 3.694444417953491, 1.6219512224197388, 2.2166666984558105]
Epoch: [0] [  0/266] eta: 0:02:48 lr: 0.000000 tier1_loss: 1.4195 (1.4195) tier2_loss: 1.4912 (1.4912) time: 0.6340 data: 0.0720 max mem: 63
Epoch: [0] [100/266] eta: 0:00:19 lr: 0.000008 tier1_loss: 1.3596 (1.4028) tier2_loss: 0.7571 (1.2766) time: 0.1018 data: 0.0001 max mem: 327
Epoch: [0] [200/266] eta: 0:00:07 lr: 0.000015 tier1_loss: 1.0261 (1.3334) tier2_loss: 0.1732 (1.1590) time: 0.1077 data: 0.0001 max mem: 327
Epoch: [0] [265/266] eta: 0:00:00 lr: 0.000020 tier1_loss: 0.7203 (1.2866) tier2_loss: 0.1920 (1.1932) time: 0.1018 data: 0.0001 max mem: 327
Epoch: [0] Total time: 0:00:29 (29.2689 s / it)
  [learned tier1_weight] epoch=0 weight=0.0995
Val [ 0/29] eta: 0:00:04 loss: 0.1403 (0.1403) acc1: 100.0000 (100.0000) time: 0.1686 data: 0.1055 max mem: 327
Val [28/29] eta: 0:00:00 loss: 0.1401 (1.0801) acc1: 100.0000 (68.9655) time: 0.0294 data: 0.0001 max mem: 327
Val Total time: 0:00:01 (1.0227 s / it)
* Acc@1 68.966 loss 1.080 auroc 0.434 f1_score 0.204
  per-class F1 (Val): {'negative': np.float32(0.816), 'itc': np.float32(0.0), 'micro': np.float32(0.0), 'macro': np.float32(0.0)}
  [DIAG] Tier1 сам по собі: acc=68.966 f1_macro=0.204
Test [  0/197] eta: 0:00:31 loss: 2.9747 (2.9747) acc1: 0.0000 (0.0000) time: 0.1580 data: 0.1094 max mem: 327
Test [100/197] eta: 0:00:03 loss: 0.1448 (1.3128) acc1: 100.0000 (59.4059) time: 0.0349 data: 0.0001 max mem: 327
Test [196/197] eta: 0:00:00 loss: 0.1403 (1.2458) acc1: 100.0000 (61.4213) time: 0.0367 data: 0.0001 max mem: 327
Test Total time: 0:00:06 (6.9426 s / it)
* Acc@1 61.421 loss 1.246 auroc 0.655 f1_score 0.190
  per-class F1 (Test): {'negative': np.float32(0.761), 'itc': np.float32(0.0), 'micro': np.float32(0.0), 'macro': np.float32(0.0)}
  [DIAG] Tier1 сам по собі: acc=61.421 f1_macro=0.190

Epoch: [1] [  0/266] eta: 0:01:24 lr: 0.000020 tier1_loss: 0.6257 (0.6257) tier2_loss: 0.1301 (0.1301) time: 0.3178 data: 0.1590 max mem: 327
Epoch: [1] [100/266] eta: 0:00:16 lr: 0.000028 tier1_loss: 0.3898 (1.0411) tier2_loss: 0.1414 (1.2073) time: 0.0960 data: 0.0001 max mem: 327
Epoch: [1] [200/266] eta: 0:00:06 lr: 0.000035 tier1_loss: 0.2158 (0.9557) tier2_loss: 0.1021 (1.0824) time: 0.1074 data: 0.0001 max mem: 327
Epoch: [1] [265/266] eta: 0:00:00 lr: 0.000040 tier1_loss: 0.2222 (1.0278) tier2_loss: 0.1298 (1.1639) time: 0.1063 data: 0.0001 max mem: 327
Epoch: [1] Total time: 0:00:28 (28.1760 s / it)
  [learned tier1_weight] epoch=1 weight=0.0990
Val [ 0/29] eta: 0:00:04 loss: 0.1051 (0.1051) acc1: 100.0000 (100.0000) time: 0.1503 data: 0.1164 max mem: 327
Val [28/29] eta: 0:00:00 loss: 0.1718 (1.1218) acc1: 100.0000 (68.9655) time: 0.0304 data: 0.0001 max mem: 327
Val Total time: 0:00:01 (1.0455 s / it)
* Acc@1 68.966 loss 1.122 auroc 0.469 f1_score 0.204
  per-class F1 (Val): {'negative': np.float32(0.816), 'itc': np.float32(0.0), 'micro': np.float32(0.0), 'macro': np.float32(0.0)}
  [DIAG] Tier1 сам по собі: acc=68.966 f1_macro=0.204
Test [  0/197] eta: 0:00:29 loss: 2.6095 (2.6095) acc1: 0.0000 (0.0000) time: 0.1497 data: 0.1110 max mem: 327
Test [100/197] eta: 0:00:03 loss: 0.1648 (1.4079) acc1: 100.0000 (59.4059) time: 0.0300 data: 0.0001 max mem: 327
Test [196/197] eta: 0:00:00 loss: 0.1441 (1.3594) acc1: 100.0000 (61.4213) time: 0.0365 data: 0.0001 max mem: 327
Test Total time: 0:00:06 (6.7027 s / it)
* Acc@1 61.421 loss 1.359 auroc 0.507 f1_score 0.190
  per-class F1 (Test): {'negative': np.float32(0.761), 'itc': np.float32(0.0), 'micro': np.float32(0.0), 'macro': np.float32(0.0)}
  [DIAG] Tier1 сам по собі: acc=61.421 f1_macro=0.190

Epoch: [2] [  0/266] eta: 0:01:21 lr: 0.000040 tier1_loss: 0.1783 (0.1783) tier2_loss: 0.1305 (0.1305) time: 0.3068 data: 0.1387 max mem: 327
Epoch: [2] [100/266] eta: 0:00:19 lr: 0.000048 tier1_loss: 0.1825 (1.0608) tier2_loss: 0.0803 (1.1589) time: 0.1173 data: 0.0001 max mem: 327
Epoch: [2] [200/266] eta: 0:00:07 lr: 0.000055 tier1_loss: 0.1830 (1.1244) tier2_loss: 0.1659 (1.1632) time: 0.1149 data: 0.0001 max mem: 327
Epoch: [2] [265/266] eta: 0:00:00 lr: 0.000060 tier1_loss: 0.1426 (1.0780) tier2_loss: 0.0942 (1.1247) time: 0.0993 data: 0.0001 max mem: 327
Epoch: [2] Total time: 0:00:29 (29.7558 s / it)
  [learned tier1_weight] epoch=2 weight=0.0982
Val [ 0/29] eta: 0:00:04 loss: 0.0659 (0.0659) acc1: 100.0000 (100.0000) time: 0.1717 data: 0.1311 max mem: 327
Val [28/29] eta: 0:00:00 loss: 0.0767 (1.2523) acc1: 100.0000 (68.9655) time: 0.0290 data: 0.0001 max mem: 327
Val Total time: 0:00:01 (1.0458 s / it)
* Acc@1 68.966 loss 1.252 auroc 0.560 f1_score 0.204
  per-class F1 (Val): {'negative': np.float32(0.816), 'itc': np.float32(0.0), 'micro': np.float32(0.0), 'macro': np.float32(0.0)}
  [DIAG] Tier1 сам по собі: acc=68.966 f1_macro=0.204
Test [  0/197] eta: 0:00:32 loss: 3.3792 (3.3792) acc1: 0.0000 (0.0000) time: 0.1661 data: 0.1266 max mem: 327
Test [100/197] eta: 0:00:03 loss: 0.0719 (1.5919) acc1: 100.0000 (59.4059) time: 0.0366 data: 0.0001 max mem: 327
Test [196/197] eta: 0:00:00 loss: 0.0652 (1.5281) acc1: 100.0000 (61.4213) time: 0.0330 data: 0.0001 max mem: 327
Test Total time: 0:00:06 (6.8767 s / it)
* Acc@1 61.421 loss 1.528 auroc 0.631 f1_score 0.190
  per-class F1 (Test): {'negative': np.float32(0.761), 'itc': np.float32(0.0), 'micro': np.float32(0.0), 'macro': np.float32(0.0)}
  [DIAG] Tier1 сам по собі: acc=61.421 f1_macro=0.190

Epoch: [3] [  0/266] eta: 0:01:01 lr: 0.000060 tier1_loss: 0.1452 (0.1452) tier2_loss: 0.0713 (0.0713) time: 0.2301 data: 0.1110 max mem: 327
Epoch: [3] [100/266] eta: 0:00:19 lr: 0.000068 tier1_loss: 0.1044 (0.9222) tier2_loss: 0.1108 (0.9751) time: 0.1194 data: 0.0001 max mem: 327
Epoch: [3] [200/266] eta: 0:00:07 lr: 0.000075 tier1_loss: 0.1777 (1.0934) tier2_loss: 0.1983 (1.1177) time: 0.1149 data: 0.0001 max mem: 327
Epoch: [3] [265/266] eta: 0:00:00 lr: 0.000080 tier1_loss: 0.1721 (1.0997) tier2_loss: 0.1497 (1.1239) time: 0.1055 data: 0.0001 max mem: 327
Epoch: [3] Total time: 0:00:30 (30.5690 s / it)
  [learned tier1_weight] epoch=3 weight=0.0971
Val [ 0/29] eta: 0:00:04 loss: 0.2193 (0.2193) acc1: 100.0000 (100.0000) time: 0.1382 data: 0.1043 max mem: 327
Val [28/29] eta: 0:00:00 loss: 0.1164 (1.0959) acc1: 100.0000 (68.9655) time: 0.0294 data: 0.0001 max mem: 327
Val Total time: 0:00:01 (1.0042 s / it)
* Acc@1 68.966 loss 1.096 auroc 0.579 f1_score 0.204
  per-class F1 (Val): {'negative': np.float32(0.816), 'itc': np.float32(0.0), 'micro': np.float32(0.0), 'macro': np.float32(0.0)}
  [DIAG] Tier1 сам по собі: acc=68.966 f1_macro=0.204
Test [  0/197] eta: 0:00:30 loss: 3.2709 (3.2709) acc1: 0.0000 (0.0000) time: 0.1572 data: 0.1214 max mem: 327
Test [100/197] eta: 0:00:03 loss: 0.1252 (1.2754) acc1: 100.0000 (59.4059) time: 0.0375 data: 0.0001 max mem: 327
Test [196/197] eta: 0:00:00 loss: 0.0939 (1.2160) acc1: 100.0000 (61.4213) time: 0.0279 data: 0.0001 max mem: 327
Test Total time: 0:00:06 (6.9046 s / it)
* Acc@1 61.421 loss 1.216 auroc 0.673 f1_score 0.190
  per-class F1 (Test): {'negative': np.float32(0.761), 'itc': np.float32(0.0), 'micro': np.float32(0.0), 'macro': np.float32(0.0)}
  [DIAG] Tier1 сам по собі: acc=61.421 f1_macro=0.190

Epoch: [4] [  0/266] eta: 0:01:04 lr: 0.000080 tier1_loss: 0.1301 (0.1301) tier2_loss: 0.0765 (0.0765) time: 0.2411 data: 0.1036 max mem: 327
Epoch: [4] [100/266] eta: 0:00:17 lr: 0.000088 tier1_loss: 0.1685 (1.0883) tier2_loss: 0.1028 (1.0983) time: 0.1110 data: 0.0001 max mem: 327
Epoch: [4] [200/266] eta: 0:00:07 lr: 0.000095 tier1_loss: 0.7165 (1.0813) tier2_loss: 1.8162 (1.1281) time: 0.1150 data: 0.0001 max mem: 327
Epoch: [4] [265/266] eta: 0:00:00 lr: 0.000100 tier1_loss: 0.1094 (1.0301) tier2_loss: 0.0696 (1.0726) time: 0.1029 data: 0.0001 max mem: 327
Epoch: [4] Total time: 0:00:29 (29.4489 s / it)
  [learned tier1_weight] epoch=4 weight=0.0957
Val [ 0/29] eta: 0:00:04 loss: 0.1343 (0.1343) acc1: 100.0000 (100.0000) time: 0.1647 data: 0.1307 max mem: 327
Val [28/29] eta: 0:00:00 loss: 0.0570 (1.3101) acc1: 100.0000 (68.9655) time: 0.0291 data: 0.0001 max mem: 327
Val Total time: 0:00:01 (1.0334 s / it)
* Acc@1 68.966 loss 1.310 auroc 0.539 f1_score 0.204
  per-class F1 (Val): {'negative': np.float32(0.816), 'itc': np.float32(0.0), 'micro': np.float32(0.0), 'macro': np.float32(0.0)}
  [DIAG] Tier1 сам по собі: acc=68.966 f1_macro=0.204
Test [  0/197] eta: 0:00:32 loss: 3.8597 (3.8597) acc1: 0.0000 (0.0000) time: 0.1638 data: 0.1278 max mem: 327
Test [100/197] eta: 0:00:03 loss: 0.0576 (1.4823) acc1: 100.0000 (61.3861) time: 0.0370 data: 0.0001 max mem: 327
Test [196/197] eta: 0:00:00 loss: 0.0409 (1.4035) acc1: 100.0000 (62.4365) time: 0.0289 data: 0.0001 max mem: 327
Test Total time: 0:00:06 (6.7928 s / it)
* Acc@1 62.437 loss 1.404 auroc 0.650 f1_score 0.224
  per-class F1 (Test): {'negative': np.float32(0.764), 'itc': np.float32(0.0), 'micro': np.float32(0.0), 'macro': np.float32(0.13)}
  [DIAG] Tier1 сам по собі: acc=61.421 f1_macro=0.190

Epoch: [5] [  0/266] eta: 0:01:05 lr: 0.000100 tier1_loss: 0.0756 (0.0756) tier2_loss: 0.0428 (0.0428) time: 0.2467 data: 0.1172 max mem: 327
Epoch: [5] [100/266] eta: 0:00:18 lr: 0.000100 tier1_loss: 0.2405 (1.1083) tier2_loss: 0.2678 (1.1574) time: 0.1186 data: 0.0001 max mem: 327
Epoch: [5] [200/266] eta: 0:00:07 lr: 0.000099 tier1_loss: 0.2007 (1.0574) tier2_loss: 0.3282 (1.1007) time: 0.1128 data: 0.0001 max mem: 327
Epoch: [5] [265/266] eta: 0:00:00 lr: 0.000099 tier1_loss: 0.1534 (1.0513) tier2_loss: 0.1270 (1.0925) time: 0.1067 data: 0.0001 max mem: 327
Epoch: [5] Total time: 0:00:30 (30.0871 s / it)
  [learned tier1_weight] epoch=5 weight=0.0942
Val [ 0/29] eta: 0:00:04 loss: 0.1244 (0.1244) acc1: 100.0000 (100.0000) time: 0.1651 data: 0.1312 max mem: 327
Val [28/29] eta: 0:00:00 loss: 0.1123 (1.0769) acc1: 100.0000 (68.9655) time: 0.0341 data: 0.0001 max mem: 327
Val Total time: 0:00:01 (1.1584 s / it)
* Acc@1 68.966 loss 1.077 auroc 0.639 f1_score 0.204
  per-class F1 (Val): {'negative': np.float32(0.816), 'itc': np.float32(0.0), 'micro': np.float32(0.0), 'macro': np.float32(0.0)}
  [DIAG] Tier1 сам по собі: acc=68.966 f1_macro=0.204
Test [  0/197] eta: 0:00:31 loss: 2.9909 (2.9909) acc1: 0.0000 (0.0000) time: 0.1623 data: 0.1186 max mem: 327
Test [100/197] eta: 0:00:03 loss: 0.1119 (1.1355) acc1: 100.0000 (67.3267) time: 0.0309 data: 0.0001 max mem: 327
Test [196/197] eta: 0:00:00 loss: 0.1236 (0.9526) acc1: 100.0000 (73.0964) time: 0.0289 data: 0.0001 max mem: 327
Test Total time: 0:00:06 (6.8080 s / it)
* Acc@1 73.096 loss 0.953 auroc 0.666 f1_score 0.378
  per-class F1 (Test): {'negative': np.float32(0.828), 'itc': np.float32(0.0), 'micro': np.float32(0.0), 'macro': np.float32(0.686)}
  [DIAG] Tier1 сам по собі: acc=64.721 f1_macro=0.261

Epoch: [6] [  0/266] eta: 0:01:22 lr: 0.000099 tier1_loss: 0.1658 (0.1658) tier2_loss: 0.1124 (0.1124) time: 0.3095 data: 0.1673 max mem: 327
Epoch: [6] [100/266] eta: 0:00:19 lr: 0.000098 tier1_loss: 0.2471 (1.0312) tier2_loss: 0.1480 (1.0739) time: 0.1099 data: 0.0001 max mem: 327
Epoch: [6] [200/266] eta: 0:00:07 lr: 0.000097 tier1_loss: 0.1515 (1.0310) tier2_loss: 0.1692 (1.1000) time: 0.0999 data: 0.0001 max mem: 327
Epoch: [6] [265/266] eta: 0:00:00 lr: 0.000096 tier1_loss: 0.1986 (0.9787) tier2_loss: 0.1003 (1.0468) time: 0.1045 data: 0.0001 max mem: 327
Epoch: [6] Total time: 0:00:29 (29.0602 s / it)
  [learned tier1_weight] epoch=6 weight=0.0929
Val [ 0/29] eta: 0:00:04 loss: 0.0595 (0.0595) acc1: 100.0000 (100.0000) time: 0.1636 data: 0.1211 max mem: 327
Val [28/29] eta: 0:00:00 loss: 0.0658 (1.2916) acc1: 100.0000 (65.5172) time: 0.0354 data: 0.0001 max mem: 327
Val Total time: 0:00:01 (1.3295 s / it)
* Acc@1 65.517 loss 1.292 auroc 0.585 f1_score 0.202
  per-class F1 (Val): {'negative': np.float32(0.809), 'itc': np.float32(0.0), 'micro': np.float32(0.0), 'macro': np.float32(0.0)}
  [DIAG] Tier1 сам по собі: acc=68.534 f1_macro=0.203
Test [  0/197] eta: 0:00:33 loss: 2.6404 (2.6404) acc1: 0.0000 (0.0000) time: 0.1686 data: 0.1242 max mem: 327
Test [100/197] eta: 0:00:03 loss: 0.0698 (1.2179) acc1: 100.0000 (67.3267) time: 0.0300 data: 0.0001 max mem: 327
Test [196/197] eta: 0:00:00 loss: 0.0404 (1.0230) acc1: 100.0000 (74.1117) time: 0.0283 data: 0.0001 max mem: 327
Test Total time: 0:00:06 (6.6479 s / it)
* Acc@1 74.112 loss 1.023 auroc 0.682 f1_score 0.389
  per-class F1 (Test): {'negative': np.float32(0.837), 'itc': np.float32(0.0), 'micro': np.float32(0.0), 'macro': np.float32(0.718)}
  [DIAG] Tier1 сам по собі: acc=71.193 f1_macro=0.361

Epoch: [7] [  0/266] eta: 0:01:13 lr: 0.000096 tier1_loss: 0.0427 (0.0427) tier2_loss: 0.0233 (0.0233) time: 0.2768 data: 0.1197 max mem: 327
Epoch: [7] [100/266] eta: 0:00:19 lr: 0.000094 tier1_loss: 0.1276 (0.9756) tier2_loss: 0.1232 (1.0372) time: 0.1164 data: 0.0001 max mem: 327
Epoch: [7] [200/266] eta: 0:00:07 lr: 0.000092 tier1_loss: 0.2914 (0.9699) tier2_loss: 0.2150 (1.0444) time: 0.1018 data: 0.0001 max mem: 327
Epoch: [7] [265/266] eta: 0:00:00 lr: 0.000091 tier1_loss: 0.1197 (0.9509) tier2_loss: 0.0887 (1.0358) time: 0.1117 data: 0.0001 max mem: 327
Epoch: [7] Total time: 0:00:29 (29.8269 s / it)
  [learned tier1_weight] epoch=7 weight=0.0918
Val [ 0/29] eta: 0:00:05 loss: 0.0605 (0.0605) acc1: 100.0000 (100.0000) time: 0.1796 data: 0.1388 max mem: 327
Val [28/29] eta: 0:00:00 loss: 0.0566 (1.2285) acc1: 100.0000 (68.9655) time: 0.0352 data: 0.0001 max mem: 327
Val Total time: 0:00:01 (1.3734 s / it)
* Acc@1 68.966 loss 1.229 auroc 0.699 f1_score 0.302
  per-class F1 (Val): {'negative': np.float32(0.809), 'itc': np.float32(0.0), 'micro': np.float32(0.0), 'macro': np.float32(0.4)}
  [DIAG] Tier1 сам по собі: acc=68.966 f1_macro=0.302
Test [  0/197] eta: 0:00:33 loss: 3.3440 (3.3440) acc1: 0.0000 (0.0000) time: 0.1681 data: 0.1239 max mem: 327
Test [100/197] eta: 0:00:03 loss: 0.0511 (1.1497) acc1: 100.0000 (71.2871) time: 0.0305 data: 0.0001 max mem: 327
Test [196/197] eta: 0:00:00 loss: 0.0436 (0.9871) acc1: 100.0000 (75.6345) time: 0.0288 data: 0.0001 max mem: 327
Test Total time: 0:00:06 (6.6067 s / it)
* Acc@1 75.635 loss 0.987 auroc 0.694 f1_score 0.434
  per-class F1 (Test): {'negative': np.float32(0.835), 'itc': np.float32(0.0), 'micro': np.float32(0.095), 'macro': np.float32(0.806)}
  [DIAG] Tier1 сам по собі: acc=75.381 f1_macro=0.405

Epoch: [8] [  0/266] eta: 0:01:01 lr: 0.000091 tier1_loss: 0.0574 (0.0574) tier2_loss: 0.0405 (0.0405) time: 0.2330 data: 0.1186 max mem: 327
Epoch: [8] [100/266] eta: 0:00:17 lr: 0.000088 tier1_loss: 0.1309 (0.9542) tier2_loss: 0.0781 (1.0422) time: 0.1067 data: 0.0001 max mem: 327
Epoch: [8] [200/266] eta: 0:00:06 lr: 0.000085 tier1_loss: 0.0920 (0.8635) tier2_loss: 0.0870 (0.9273) time: 0.1044 data: 0.0001 max mem: 327
Epoch: [8] [265/266] eta: 0:00:00 lr: 0.000084 tier1_loss: 0.0822 (0.8686) tier2_loss: 0.0429 (0.9279) time: 0.1023 data: 0.0001 max mem: 327
Epoch: [8] Total time: 0:00:27 (27.8156 s / it)
  [learned tier1_weight] epoch=8 weight=0.0909
Val [ 0/29] eta: 0:00:05 loss: 0.0622 (0.0622) acc1: 100.0000 (100.0000) time: 0.1793 data: 0.1370 max mem: 327
Val [28/29] eta: 0:00:00 loss: 0.0685 (1.2694) acc1: 100.0000 (68.9655) time: 0.0368 data: 0.0001 max mem: 327
Val Total time: 0:00:01 (1.4646 s / it)
* Acc@1 68.966 loss 1.269 auroc 0.681 f1_score 0.290
  per-class F1 (Val): {'negative': np.float32(0.826), 'itc': np.float32(0.0), 'micro': np.float32(0.0), 'macro': np.float32(0.333)}
  [DIAG] Tier1 сам по собі: acc=68.966 f1_macro=0.302
Test [  0/197] eta: 0:00:39 loss: 2.2408 (2.2408) acc1: 0.0000 (0.0000) time: 0.1997 data: 0.1411 max mem: 327
Test [100/197] eta: 0:00:03 loss: 0.0681 (1.1263) acc1: 100.0000 (71.2871) time: 0.0308 data: 0.0001 max mem: 327
Test [196/197] eta: 0:00:00 loss: 0.0370 (0.9765) acc1: 100.0000 (75.6345) time: 0.0290 data: 0.0001 max mem: 327
Test Total time: 0:00:06 (6.9654 s / it)
* Acc@1 75.635 loss 0.976 auroc 0.722 f1_score 0.411
  per-class F1 (Test): {'negative': np.float32(0.847), 'itc': np.float32(0.0), 'micro': np.float32(0.0), 'macro': np.float32(0.796)}
  [DIAG] Tier1 сам по собі: acc=77.348 f1_macro=0.423

Epoch: [9] [  0/266] eta: 0:01:05 lr: 0.000084 tier1_loss: 0.3559 (0.3559) tier2_loss: 0.3697 (0.3697) time: 0.2463 data: 0.1092 max mem: 327
Epoch: [9] [100/266] eta: 0:00:19 lr: 0.000081 tier1_loss: 0.1124 (0.7266) tier2_loss: 0.0369 (0.7396) time: 0.1048 data: 0.0001 max mem: 327
Epoch: [9] [200/266] eta: 0:00:07 lr: 0.000077 tier1_loss: 0.0554 (0.7391) tier2_loss: 0.0288 (0.8423) time: 0.1046 data: 0.0001 max mem: 327
Epoch: [9] [265/266] eta: 0:00:00 lr: 0.000075 tier1_loss: 0.0971 (0.7613) tier2_loss: 0.0574 (0.8815) time: 0.1030 data: 0.0001 max mem: 327
Epoch: [9] Total time: 0:00:29 (29.0758 s / it)
  [learned tier1_weight] epoch=9 weight=0.0902
Val [ 0/29] eta: 0:00:05 loss: 0.0616 (0.0616) acc1: 100.0000 (100.0000) time: 0.1823 data: 0.1381 max mem: 327
Val [28/29] eta: 0:00:00 loss: 0.0353 (1.0709) acc1: 100.0000 (72.4138) time: 0.0368 data: 0.0001 max mem: 327
Val Total time: 0:00:01 (1.3967 s / it)
* Acc@1 72.414 loss 1.071 auroc 0.778 f1_score 0.373
  per-class F1 (Val): {'negative': np.float32(0.826), 'itc': np.float32(0.0), 'micro': np.float32(0.0), 'macro': np.float32(0.667)}
  [DIAG] Tier1 сам по собі: acc=70.690 f1_macro=0.324
Test [  0/197] eta: 0:00:38 loss: 2.8536 (2.8536) acc1: 0.0000 (0.0000) time: 0.1947 data: 0.1379 max mem: 327
Test [100/197] eta: 0:00:03 loss: 0.0409 (0.8949) acc1: 100.0000 (76.2376) time: 0.0302 data: 0.0001 max mem: 327
Test [196/197] eta: 0:00:00 loss: 0.0293 (0.7639) acc1: 100.0000 (79.6954) time: 0.0284 data: 0.0001 max mem: 327
Test Total time: 0:00:06 (6.7309 s / it)
* Acc@1 79.695 loss 0.764 auroc 0.795 f1_score 0.440
  per-class F1 (Test): {'negative': np.float32(0.875), 'itc': np.float32(0.0), 'micro': np.float32(0.0), 'macro': np.float32(0.884)}
  [DIAG] Tier1 сам по собі: acc=80.964 f1_macro=0.449

Epoch: [10] [  0/266] eta: 0:01:07 lr: 0.000075 tier1_loss: 0.0595 (0.0595) tier2_loss: 0.0235 (0.0235) time: 0.2524 data: 0.1040 max mem: 327
Epoch: [10] [100/266] eta: 0:00:19 lr: 0.000072 tier1_loss: 0.0867 (0.7429) tier2_loss: 0.0615 (0.7255) time: 0.1058 data: 0.0001 max mem: 327
Epoch: [10] [200/266] eta: 0:00:07 lr: 0.000068 tier1_loss: 0.0848 (0.6652) tier2_loss: 0.0351 (0.6618) time: 0.1076 data: 0.0001 max mem: 327
Epoch: [10] [265/266] eta: 0:00:00 lr: 0.000066 tier1_loss: 0.0377 (0.6507) tier2_loss: 0.0262 (0.6441) time: 0.1151 data: 0.0001 max mem: 327
Epoch: [10] Total time: 0:00:29 (29.5477 s / it)
  [learned tier1_weight] epoch=10 weight=0.0897
Val [ 0/29] eta: 0:00:05 loss: 0.0583 (0.0583) acc1: 100.0000 (100.0000) time: 0.1731 data: 0.1331 max mem: 327
Val [28/29] eta: 0:00:00 loss: 0.0331 (1.1124) acc1: 100.0000 (75.8621) time: 0.0360 data: 0.0001 max mem: 327
Val Total time: 0:00:01 (1.2390 s / it)
* Acc@1 75.862 loss 1.112 auroc 0.787 f1_score 0.379
  per-class F1 (Val): {'negative': np.float32(0.851), 'itc': np.float32(0.0), 'micro': np.float32(0.0), 'macro': np.float32(0.667)}
  [DIAG] Tier1 сам по собі: acc=72.414 f1_macro=0.373
Test [  0/197] eta: 0:00:34 loss: 2.9089 (2.9089) acc1: 0.0000 (0.0000) time: 0.1771 data: 0.1227 max mem: 327
Test [100/197] eta: 0:00:03 loss: 0.0461 (0.7495) acc1: 100.0000 (80.1980) time: 0.0297 data: 0.0001 max mem: 327
Test [196/197] eta: 0:00:00 loss: 0.0200 (0.6774) acc1: 100.0000 (83.2487) time: 0.0288 data: 0.0001 max mem: 327
Test Total time: 0:00:06 (6.4538 s / it)
* Acc@1 83.249 loss 0.677 auroc 0.827 f1_score 0.524
  per-class F1 (Test): {'negative': np.float32(0.898), 'itc': np.float32(0.0), 'micro': np.float32(0.286), 'macro': np.float32(0.913)}
  [DIAG] Tier1 сам по собі: acc=81.536 f1_macro=0.448

Epoch: [11] [  0/266] eta: 0:01:06 lr: 0.000066 tier1_loss: 0.0307 (0.0307) tier2_loss: 0.0249 (0.0249) time: 0.2516 data: 0.1125 max mem: 327
Epoch: [11] [100/266] eta: 0:00:19 lr: 0.000062 tier1_loss: 0.0433 (0.5964) tier2_loss: 0.0206 (0.5917) time: 0.1192 data: 0.0001 max mem: 327
Epoch: [11] [200/266] eta: 0:00:07 lr: 0.000058 tier1_loss: 0.0412 (0.6006) tier2_loss: 0.0243 (0.6112) time: 0.1025 data: 0.0001 max mem: 327
Epoch: [11] [265/266] eta: 0:00:00 lr: 0.000056 tier1_loss: 0.0427 (0.5826) tier2_loss: 0.0179 (0.5813) time: 0.1134 data: 0.0001 max mem: 327
Epoch: [11] Total time: 0:00:29 (29.4366 s / it)
  [learned tier1_weight] epoch=11 weight=0.0893
Val [ 0/29] eta: 0:00:05 loss: 0.0206 (0.0206) acc1: 100.0000 (100.0000) time: 0.1749 data: 0.1328 max mem: 327
Val [28/29] eta: 0:00:00 loss: 0.0146 (1.0751) acc1: 100.0000 (75.8621) time: 0.0361 data: 0.0001 max mem: 327
Val Total time: 0:00:01 (1.4676 s / it)
* Acc@1 75.862 loss 1.075 auroc 0.776 f1_score 0.388
  per-class F1 (Val): {'negative': np.float32(0.884), 'itc': np.float32(0.0), 'micro': np.float32(0.0), 'macro': np.float32(0.667)}
  [DIAG] Tier1 сам по собі: acc=74.569 f1_macro=0.382
Test [  0/197] eta: 0:00:34 loss: 0.4082 (0.4082) acc1: 100.0000 (100.0000) time: 0.1745 data: 0.1306 max mem: 327
Test [100/197] eta: 0:00:03 loss: 0.0190 (0.9200) acc1: 100.0000 (79.2079) time: 0.0301 data: 0.0001 max mem: 327
Test [196/197] eta: 0:00:00 loss: 0.0079 (0.9477) acc1: 100.0000 (78.6802) time: 0.0288 data: 0.0001 max mem: 327
Test Total time: 0:00:06 (6.3926 s / it)
* Acc@1 78.680 loss 0.948 auroc 0.846 f1_score 0.494
  per-class F1 (Test): {'negative': np.float32(0.886), 'itc': np.float32(0.0), 'micro': np.float32(0.276), 'macro': np.float32(0.816)}
  [DIAG] Tier1 сам по собі: acc=80.013 f1_macro=0.445

Epoch: [12] [  0/266] eta: 0:01:06 lr: 0.000056 tier1_loss: 0.0175 (0.0175) tier2_loss: 0.0085 (0.0085) time: 0.2509 data: 0.1129 max mem: 327
Epoch: [12] [100/266] eta: 0:00:19 lr: 0.000052 tier1_loss: 0.0279 (0.5555) tier2_loss: 0.0171 (0.5587) time: 0.1087 data: 0.0001 max mem: 327
Epoch: [12] [200/266] eta: 0:00:07 lr: 0.000048 tier1_loss: 0.0519 (0.5428) tier2_loss: 0.0128 (0.5432) time: 0.1181 data: 0.0001 max mem: 327
Epoch: [12] [265/266] eta: 0:00:00 lr: 0.000045 tier1_loss: 0.0469 (0.5587) tier2_loss: 0.0101 (0.5540) time: 0.1157 data: 0.0001 max mem: 327
Epoch: [12] Total time: 0:00:30 (30.5560 s / it)
  [learned tier1_weight] epoch=12 weight=0.0888
Val [ 0/29] eta: 0:00:04 loss: 0.0144 (0.0144) acc1: 100.0000 (100.0000) time: 0.1683 data: 0.1248 max mem: 327
Val [28/29] eta: 0:00:00 loss: 0.0113 (1.0894) acc1: 100.0000 (79.3103) time: 0.0306 data: 0.0001 max mem: 327
Val Total time: 0:00:01 (1.2128 s / it)
* Acc@1 79.310 loss 1.089 auroc 0.788 f1_score 0.530
  per-class F1 (Val): {'negative': np.float32(0.884), 'itc': np.float32(0.0), 'micro': np.float32(0.571), 'macro': np.float32(0.667)}
  [DIAG] Tier1 сам по собі: acc=78.879 f1_macro=0.525
Test [  0/197] eta: 0:00:32 loss: 0.0628 (0.0628) acc1: 100.0000 (100.0000) time: 0.1668 data: 0.1263 max mem: 327
Test [100/197] eta: 0:00:03 loss: 0.0157 (0.6719) acc1: 100.0000 (84.1584) time: 0.0302 data: 0.0001 max mem: 327
Test [196/197] eta: 0:00:00 loss: 0.0072 (0.6993) acc1: 100.0000 (83.7563) time: 0.0287 data: 0.0001 max mem: 327
Test Total time: 0:00:06 (6.1556 s / it)
* Acc@1 83.756 loss 0.699 auroc 0.883 f1_score 0.592
  per-class F1 (Test): {'negative': np.float32(0.904), 'itc': np.float32(0.0), 'micro': np.float32(0.541), 'macro': np.float32(0.923)}
  [DIAG] Tier1 сам по собі: acc=82.170 f1_macro=0.532

Epoch: [13] [  0/266] eta: 0:01:01 lr: 0.000045 tier1_loss: 0.0189 (0.0189) tier2_loss: 0.0056 (0.0056) time: 0.2326 data: 0.0983 max mem: 327
Epoch: [13] [100/266] eta: 0:00:18 lr: 0.000041 tier1_loss: 0.0602 (0.5505) tier2_loss: 0.0203 (0.4502) time: 0.1155 data: 0.0001 max mem: 327
Epoch: [13] [200/266] eta: 0:00:07 lr: 0.000038 tier1_loss: 0.0360 (0.5038) tier2_loss: 0.0062 (0.4519) time: 0.1129 data: 0.0001 max mem: 327
Epoch: [13] [265/266] eta: 0:00:00 lr: 0.000035 tier1_loss: 0.0457 (0.5029) tier2_loss: 0.0077 (0.4636) time: 0.1174 data: 0.0001 max mem: 327
Epoch: [13] Total time: 0:00:30 (30.7174 s / it)
  [learned tier1_weight] epoch=13 weight=0.0885
Val [ 0/29] eta: 0:00:04 loss: 0.0149 (0.0149) acc1: 100.0000 (100.0000) time: 0.1704 data: 0.1334 max mem: 327
Val [28/29] eta: 0:00:00 loss: 0.0078 (1.1588) acc1: 100.0000 (79.3103) time: 0.0292 data: 0.0001 max mem: 327
Val Total time: 0:00:01 (1.0378 s / it)
* Acc@1 79.310 loss 1.159 auroc 0.796 f1_score 0.530
  per-class F1 (Val): {'negative': np.float32(0.884), 'itc': np.float32(0.0), 'micro': np.float32(0.571), 'macro': np.float32(0.667)}
  [DIAG] Tier1 сам по собі: acc=78.879 f1_macro=0.525
Test [  0/197] eta: 0:00:33 loss: 0.0312 (0.0312) acc1: 100.0000 (100.0000) time: 0.1686 data: 0.1296 max mem: 327
Test [100/197] eta: 0:00:03 loss: 0.0173 (0.6921) acc1: 100.0000 (84.1584) time: 0.0306 data: 0.0001 max mem: 327
Test [196/197] eta: 0:00:00 loss: 0.0074 (0.7509) acc1: 100.0000 (81.2183) time: 0.0285 data: 0.0001 max mem: 327
Test Total time: 0:00:06 (6.1324 s / it)
* Acc@1 81.218 loss 0.751 auroc 0.870 f1_score 0.572
  per-class F1 (Test): {'negative': np.float32(0.889), 'itc': np.float32(0.0), 'micro': np.float32(0.478), 'macro': np.float32(0.921)}
  [DIAG] Tier1 сам по собі: acc=82.995 f1_macro=0.566

Epoch: [14] [  0/266] eta: 0:01:10 lr: 0.000035 tier1_loss: 0.0186 (0.0186) tier2_loss: 0.0047 (0.0047) time: 0.2652 data: 0.1170 max mem: 327
Epoch: [14] [100/266] eta: 0:00:18 lr: 0.000032 tier1_loss: 0.0437 (0.5205) tier2_loss: 0.0089 (0.4505) time: 0.1168 data: 0.0001 max mem: 327
Epoch: [14] [200/266] eta: 0:00:07 lr: 0.000028 tier1_loss: 0.0479 (0.5315) tier2_loss: 0.0120 (0.4292) time: 0.1139 data: 0.0001 max mem: 327
Epoch: [14] [265/266] eta: 0:00:00 lr: 0.000026 tier1_loss: 0.0390 (0.4715) tier2_loss: 0.0053 (0.3670) time: 0.0983 data: 0.0001 max mem: 327
Epoch: [14] Total time: 0:00:30 (30.4604 s / it)
  [learned tier1_weight] epoch=14 weight=0.0882
Val [ 0/29] eta: 0:00:04 loss: 0.0161 (0.0161) acc1: 100.0000 (100.0000) time: 0.1589 data: 0.1201 max mem: 327
Val [28/29] eta: 0:00:00 loss: 0.0055 (1.2784) acc1: 100.0000 (72.4138) time: 0.0299 data: 0.0001 max mem: 327
Val Total time: 0:00:01 (1.0413 s / it)
* Acc@1 72.414 loss 1.278 auroc 0.798 f1_score 0.499
  per-class F1 (Val): {'negative': np.float32(0.829), 'itc': np.float32(0.0), 'micro': np.float32(0.5), 'macro': np.float32(0.667)}
  [DIAG] Tier1 сам по собі: acc=78.017 f1_macro=0.521
Test [  0/197] eta: 0:00:32 loss: 0.0462 (0.0462) acc1: 100.0000 (100.0000) time: 0.1663 data: 0.1224 max mem: 327
Test [100/197] eta: 0:00:03 loss: 0.0207 (0.7857) acc1: 100.0000 (82.1782) time: 0.0332 data: 0.0001 max mem: 327
Test [196/197] eta: 0:00:00 loss: 0.0038 (0.8319) acc1: 100.0000 (80.2030) time: 0.0290 data: 0.0001 max mem: 327
Test Total time: 0:00:06 (6.4438 s / it)
* Acc@1 80.203 loss 0.832 auroc 0.878 f1_score 0.572
  per-class F1 (Test): {'negative': np.float32(0.884), 'itc': np.float32(0.111), 'micro': np.float32(0.39), 'macro': np.float32(0.903)}
  [DIAG] Tier1 сам по собі: acc=81.662 f1_macro=0.545

Epoch: [15] [  0/266] eta: 0:01:02 lr: 0.000026 tier1_loss: 0.1432 (0.1432) tier2_loss: 0.0109 (0.0109) time: 0.2364 data: 0.1141 max mem: 327
Epoch: [15] [100/266] eta: 0:00:18 lr: 0.000022 tier1_loss: 0.0957 (0.4407) tier2_loss: 0.0083 (0.3226) time: 0.1004 data: 0.0001 max mem: 327
Epoch: [15] [200/266] eta: 0:00:07 lr: 0.000019 tier1_loss: 0.0487 (0.4848) tier2_loss: 0.0095 (0.3975) time: 0.1022 data: 0.0001 max mem: 327
Epoch: [15] [265/266] eta: 0:00:00 lr: 0.000017 tier1_loss: 0.0850 (0.4740) tier2_loss: 0.0126 (0.3530) time: 0.1127 data: 0.0001 max mem: 327
Epoch: [15] Total time: 0:00:29 (29.1661 s / it)
  [learned tier1_weight] epoch=15 weight=0.0880
Val [ 0/29] eta: 0:00:05 loss: 0.0551 (0.0551) acc1: 100.0000 (100.0000) time: 0.1778 data: 0.1351 max mem: 327
Val [28/29] eta: 0:00:00 loss: 0.0073 (1.2540) acc1: 100.0000 (75.8621) time: 0.0303 data: 0.0001 max mem: 327
Val Total time: 0:00:01 (1.0866 s / it)
* Acc@1 75.862 loss 1.254 auroc 0.802 f1_score 0.524
  per-class F1 (Val): {'negative': np.float32(0.857), 'itc': np.float32(0.0), 'micro': np.float32(0.571), 'macro': np.float32(0.667)}
  [DIAG] Tier1 сам по собі: acc=77.586 f1_macro=0.518
Test [  0/197] eta: 0:00:33 loss: 0.1515 (0.1515) acc1: 100.0000 (100.0000) time: 0.1697 data: 0.1310 max mem: 327
Test [100/197] eta: 0:00:03 loss: 0.1434 (0.7803) acc1: 100.0000 (79.2079) time: 0.0300 data: 0.0001 max mem: 327
Test [196/197] eta: 0:00:00 loss: 0.0041 (0.7799) acc1: 100.0000 (79.6954) time: 0.0276 data: 0.0001 max mem: 327
Test Total time: 0:00:06 (6.1029 s / it)
* Acc@1 79.695 loss 0.780 auroc 0.867 f1_score 0.584
  per-class F1 (Test): {'negative': np.float32(0.875), 'itc': np.float32(0.087), 'micro': np.float32(0.462), 'macro': np.float32(0.913)}
  [DIAG] Tier1 сам по собі: acc=82.170 f1_macro=0.558

Epoch: [16] [  0/266] eta: 0:01:07 lr: 0.000017 tier1_loss: 0.0946 (0.0946) tier2_loss: 0.0093 (0.0093) time: 0.2526 data: 0.1025 max mem: 327
Epoch: [16] [100/266] eta: 0:00:18 lr: 0.000015 tier1_loss: 0.0407 (0.4315) tier2_loss: 0.0067 (0.3114) time: 0.1095 data: 0.0001 max mem: 327
Epoch: [16] [200/266] eta: 0:00:07 lr: 0.000012 tier1_loss: 0.0530 (0.4683) tier2_loss: 0.0048 (0.3673) time: 0.1137 data: 0.0001 max mem: 327
Epoch: [16] [265/266] eta: 0:00:00 lr: 0.000010 tier1_loss: 0.0325 (0.4667) tier2_loss: 0.0030 (0.3248) time: 0.1044 data: 0.0001 max mem: 327
Epoch: [16] Total time: 0:00:30 (30.2535 s / it)
  [learned tier1_weight] epoch=16 weight=0.0878
Val [ 0/29] eta: 0:00:04 loss: 0.0363 (0.0363) acc1: 100.0000 (100.0000) time: 0.1586 data: 0.1237 max mem: 327
Val [28/29] eta: 0:00:00 loss: 0.0047 (1.3289) acc1: 100.0000 (75.8621) time: 0.0307 data: 0.0001 max mem: 327
Val Total time: 0:00:01 (1.0737 s / it)
* Acc@1 75.862 loss 1.329 auroc 0.807 f1_score 0.524
  per-class F1 (Val): {'negative': np.float32(0.857), 'itc': np.float32(0.0), 'micro': np.float32(0.571), 'macro': np.float32(0.667)}
  [DIAG] Tier1 сам по собі: acc=77.586 f1_macro=0.518
Test [  0/197] eta: 0:00:32 loss: 0.0423 (0.0423) acc1: 100.0000 (100.0000) time: 0.1654 data: 0.1219 max mem: 327
Test [100/197] eta: 0:00:03 loss: 0.0769 (0.8422) acc1: 100.0000 (77.2277) time: 0.0303 data: 0.0001 max mem: 327
Test [196/197] eta: 0:00:00 loss: 0.0030 (0.8550) acc1: 100.0000 (78.1726) time: 0.0291 data: 0.0001 max mem: 327
Test Total time: 0:00:06 (6.1739 s / it)
* Acc@1 78.173 loss 0.855 auroc 0.875 f1_score 0.562
  per-class F1 (Test): {'negative': np.float32(0.869), 'itc': np.float32(0.087), 'micro': np.float32(0.39), 'macro': np.float32(0.903)}
  [DIAG] Tier1 сам по собі: acc=82.233 f1_macro=0.561

Epoch: [17] [  0/266] eta: 0:01:03 lr: 0.000010 tier1_loss: 0.2157 (0.2157) tier2_loss: 0.0475 (0.0475) time: 0.2394 data: 0.0972 max mem: 327
Epoch: [17] [100/266] eta: 0:00:18 lr: 0.000008 tier1_loss: 0.0592 (0.5525) tier2_loss: 0.0052 (0.4365) time: 0.1136 data: 0.0001 max mem: 327
Epoch: [17] [200/266] eta: 0:00:07 lr: 0.000006 tier1_loss: 0.0475 (0.4783) tier2_loss: 0.0050 (0.3178) time: 0.1092 data: 0.0001 max mem: 327
Epoch: [17] [265/266] eta: 0:00:00 lr: 0.000005 tier1_loss: 0.0298 (0.4486) tier2_loss: 0.0030 (0.2909) time: 0.1086 data: 0.0001 max mem: 327
Epoch: [17] Total time: 0:00:30 (30.5842 s / it)
  [learned tier1_weight] epoch=17 weight=0.0878
Val [ 0/29] eta: 0:00:04 loss: 0.0307 (0.0307) acc1: 100.0000 (100.0000) time: 0.1610 data: 0.1261 max mem: 327
Val [28/29] eta: 0:00:00 loss: 0.0031 (1.3002) acc1: 100.0000 (75.8621) time: 0.0299 data: 0.0001 max mem: 327
Val Total time: 0:00:01 (1.0276 s / it)
* Acc@1 75.862 loss 1.300 auroc 0.837 f1_score 0.524
  per-class F1 (Val): {'negative': np.float32(0.857), 'itc': np.float32(0.0), 'micro': np.float32(0.571), 'macro': np.float32(0.667)}
  [DIAG] Tier1 сам по собі: acc=78.448 f1_macro=0.524
Test [  0/197] eta: 0:00:35 loss: 0.0672 (0.0672) acc1: 100.0000 (100.0000) time: 0.1812 data: 0.1487 max mem: 327
Test [100/197] eta: 0:00:02 loss: 0.0721 (0.9457) acc1: 100.0000 (78.2178) time: 0.0288 data: 0.0001 max mem: 327
Test [196/197] eta: 0:00:00 loss: 0.0024 (0.8978) acc1: 100.0000 (80.2030) time: 0.0276 data: 0.0001 max mem: 327
Test Total time: 0:00:05 (5.9379 s / it)
* Acc@1 80.203 loss 0.898 auroc 0.857 f1_score 0.576
  per-class F1 (Test): {'negative': np.float32(0.888), 'itc': np.float32(0.091), 'micro': np.float32(0.421), 'macro': np.float32(0.903)}
  [DIAG] Tier1 сам по собі: acc=82.043 f1_macro=0.559

Epoch: [18] [  0/266] eta: 0:01:10 lr: 0.000005 tier1_loss: 0.0090 (0.0090) tier2_loss: 0.0062 (0.0062) time: 0.2633 data: 0.1053 max mem: 327
Epoch: [18] [100/266] eta: 0:00:17 lr: 0.000004 tier1_loss: 0.0508 (0.4276) tier2_loss: 0.0074 (0.3353) time: 0.1016 data: 0.0001 max mem: 327
Epoch: [18] [200/266] eta: 0:00:06 lr: 0.000003 tier1_loss: 0.1243 (0.4283) tier2_loss: 0.0060 (0.2851) time: 0.1022 data: 0.0001 max mem: 327
Epoch: [18] [265/266] eta: 0:00:00 lr: 0.000002 tier1_loss: 0.0821 (0.4393) tier2_loss: 0.0069 (0.2877) time: 0.0976 data: 0.0001 max mem: 327
Epoch: [18] Total time: 0:00:28 (28.3460 s / it)
  [learned tier1_weight] epoch=18 weight=0.0877
Val [ 0/29] eta: 0:00:04 loss: 0.0348 (0.0348) acc1: 100.0000 (100.0000) time: 0.1571 data: 0.1215 max mem: 327
Val [28/29] eta: 0:00:00 loss: 0.0030 (1.3578) acc1: 100.0000 (75.8621) time: 0.0289 data: 0.0001 max mem: 327
Val Total time: 0:00:01 (1.0218 s / it)
* Acc@1 75.862 loss 1.358 auroc 0.831 f1_score 0.524
  per-class F1 (Val): {'negative': np.float32(0.857), 'itc': np.float32(0.0), 'micro': np.float32(0.571), 'macro': np.float32(0.667)}
  [DIAG] Tier1 сам по собі: acc=78.448 f1_macro=0.522
Test [  0/197] eta: 0:00:34 loss: 0.1827 (0.1827) acc1: 100.0000 (100.0000) time: 0.1757 data: 0.1258 max mem: 327
Test [100/197] eta: 0:00:03 loss: 0.0819 (0.9412) acc1: 100.0000 (77.2277) time: 0.0306 data: 0.0001 max mem: 327
Test [196/197] eta: 0:00:00 loss: 0.0023 (0.9233) acc1: 100.0000 (78.1726) time: 0.0279 data: 0.0001 max mem: 327
Test Total time: 0:00:06 (6.1370 s / it)
* Acc@1 78.173 loss 0.923 auroc 0.861 f1_score 0.564
  per-class F1 (Test): {'negative': np.float32(0.866), 'itc': np.float32(0.087), 'micro': np.float32(0.4), 'macro': np.float32(0.903)}
  [DIAG] Tier1 сам по собі: acc=81.662 f1_macro=0.550

Epoch: [19] [  0/266] eta: 0:01:17 lr: 0.000002 tier1_loss: 0.3481 (0.3481) tier2_loss: 0.0066 (0.0066) time: 0.2932 data: 0.1333 max mem: 327
Epoch: [19] [100/266] eta: 0:00:17 lr: 0.000001 tier1_loss: 0.0671 (0.5372) tier2_loss: 0.0084 (0.4427) time: 0.1122 data: 0.0001 max mem: 327
Epoch: [19] [200/266] eta: 0:00:06 lr: 0.000001 tier1_loss: 0.0717 (0.4447) tier2_loss: 0.0106 (0.2902) time: 0.1029 data: 0.0001 max mem: 327
Epoch: [19] [265/266] eta: 0:00:00 lr: 0.000001 tier1_loss: 0.0432 (0.4325) tier2_loss: 0.0037 (0.2900) time: 0.1224 data: 0.0001 max mem: 327
Epoch: [19] Total time: 0:00:28 (28.9247 s / it)
  [learned tier1_weight] epoch=19 weight=0.0877
Val [ 0/29] eta: 0:00:04 loss: 0.0394 (0.0394) acc1: 100.0000 (100.0000) time: 0.1707 data: 0.1351 max mem: 327
Val [28/29] eta: 0:00:00 loss: 0.0031 (1.3607) acc1: 100.0000 (75.8621) time: 0.0291 data: 0.0001 max mem: 327
Val Total time: 0:00:01 (1.0306 s / it)
* Acc@1 75.862 loss 1.361 auroc 0.817 f1_score 0.524
  per-class F1 (Val): {'negative': np.float32(0.857), 'itc': np.float32(0.0), 'micro': np.float32(0.571), 'macro': np.float32(0.667)}
  [DIAG] Tier1 сам по собі: acc=78.448 f1_macro=0.522
wandb: 
wandb: Run history:
wandb: diag/test_tier1_acc ▁▁▁▁▁▂▄▆▆▇█▇████████
wandb:  diag/test_tier1_f1 ▁▁▁▁▁▂▄▅▅▆▆▆▇███████
wandb:   diag/tier1_weight ██▇▇▆▅▄▃▃▃▂▂▂▁▁▁▁▁▁▁
wandb:       perf/test_auc ▄▁▃▄▄▄▄▄▅▆▇▇████████
wandb:        perf/test_f1 ▁▁▁▁▂▄▄▅▅▅▇▆████▇██▇
wandb:        perf/val_auc ▁▂▃▄▃▅▄▆▅▇▇▇▇▇▇▇▇███
wandb:         perf/val_f1 ▁▁▁▁▁▁▁▃▃▅▅▅██▇█████
wandb:          tier1_loss ▄▄▂▇▇▁▁█▁▂▁▂▁▁▁▁▁▁▁▁▁▁▁▁▁▁▁▂▁▁▁▄▁▁█▁▁▁▁▁
wandb:          tier2_loss ▃▂▄▁▁▅▁▁▁▄▁▄▁▁▁▁▁█▁▁▁▁▁▁▁▁▁▁▁▁▁▁▁▁▁▁▆▁▁▁
wandb: 
wandb: Run summary:
wandb: diag/test_tier1_acc 82.29695
wandb:  diag/test_tier1_f1 0.5584
wandb:   diag/tier1_weight 0.08771
wandb:       perf/test_auc 0.86593
wandb:        perf/test_f1 0.56241
wandb:        perf/val_auc 0.81667
wandb:         perf/val_f1 0.52381
wandb:          tier1_loss 0.06684
wandb:          tier2_loss 0.00184
wandb: 
wandb: You can sync this run to the cloud by running:
wandb: wandb sync /data/bohatyrenko1/EXPERIMENTS_2/Hi-MoE_MIL/wandb/offline-run-20260925_143426-is7w9yvm
wandb: Find logs at: ./wandb/offline-run-20260925_143426-is7w9yvm/logs
Test [  0/197] eta: 0:00:34 loss: 0.0741 (0.0741) acc1: 100.0000 (100.0000) time: 0.1760 data: 0.1276 max mem: 327
Test [100/197] eta: 0:00:03 loss: 0.1152 (0.9647) acc1: 100.0000 (77.2277) time: 0.0296 data: 0.0001 max mem: 327
Test [196/197] eta: 0:00:00 loss: 0.0024 (0.9216) acc1: 100.0000 (78.1726) time: 0.0282 data: 0.0001 max mem: 327
Test Total time: 0:00:06 (6.0733 s / it)
* Acc@1 78.173 loss 0.922 auroc 0.866 f1_score 0.562
  per-class F1 (Test): {'negative': np.float32(0.869), 'itc': np.float32(0.087), 'micro': np.float32(0.39), 'macro': np.float32(0.903)}
  [DIAG] Tier1 сам по собі: acc=82.297 f1_macro=0.558

============================================================
FINAL EPOCH (19) RESULTS (DTFD-ASMIL v4, cumulative LSA + learned weight):
  [learned tier1_weight, final] 0.0877
  test_auc=0.8659 test_acc=78.17 test_f1(macro)=0.5624
  [DIAG] Tier1 сам по собі: acc=82.297 f1_macro=0.558
  test per-class F1: {'negative': np.float32(0.869), 'itc': np.float32(0.087), 'micro': np.float32(0.39), 'macro': np.float32(0.903)}
  test confusion matrix (rows=true, cols=pred):
          negative         itc       micro       macro
negative        103           6          10           2
     itc         10           1           5           0
   micro          3           0           8           7
   macro          0           0           0          42
============================================================
Best epoch: {'epoch': 17, 'val_f1': 0.523809552192688, 'val_auc': 0.8370797634124756, 'test_f1': 0.5757886171340942, 'test_auc': 0.8574610948562622}
