wandb: Tracking run with wandb version 0.28.0
wandb: W&B syncing is set to `offline` in this directory. Run `wandb online` or set WANDB_MODE=online to enable cloud syncing.
wandb: Run data is saved locally in /data/bohatyrenko1/EXPERIMENTS_2/Hi-MoE_MIL/wandb/offline-run-20260925_104213-r3gqermq
wandb: View this run in the terminal with `wandb leet`
Used config (DTFD-ASMIL v2):
{'B': 1,
 'D_feat': 384,
 'D_inner': 128,
 'M': None,
 'ckpt_dir': 'ckpt/c17_dtfd_v2_20ep_seed8',
 'config': 'config/camelyon17_vitsdino_config_20ep.yml',
 'dataset': 'camelyon17',
 'lr': 0.0001,
 'min_lr': 1e-06,
 'n_class': 4,
 'n_token': 8,
 'n_worker': 4,
 'pin_memory': True,
 'pretrain': 'medical_ssl',
 'seed': 8,
 'splits_dir': '/data/bohatyrenko1/EXPERIMENTS_2/ASMIL/splits_paper',
 'test_dir': '/data/bohatyrenko1/features_vitsdino_camelyon17_train',
 'tier1_weight': 0.1,
 'tier2_D_inner': None,
 'tier2_n_heads': 4,
 'train_dir': '/data/bohatyrenko1/features_vitsdino_camelyon17_train',
 'train_epoch': 20,
 'wandb_mode': 'offline',
 'warmup_epoch': 5,
 'wd': 1e-05}
M (псевдо-bags) = 8, tier1_weight = 0.1
Class weights: [0.3757062256336212, 3.694444417953491, 1.6219512224197388, 2.2166666984558105]
Epoch: [0] [  0/266] eta: 0:02:53 lr: 0.000000 tier1_loss: 1.2482 (1.2482) tier2_loss: 1.3583 (1.3583) time: 0.6507 data: 0.0735 max mem: 98
Epoch: [0] [100/266] eta: 0:00:18 lr: 0.000008 tier1_loss: 1.2916 (1.3336) tier2_loss: 0.7387 (1.2348) time: 0.1016 data: 0.0001 max mem: 307
Epoch: [0] [200/266] eta: 0:00:06 lr: 0.000015 tier1_loss: 0.9653 (1.2840) tier2_loss: 0.2136 (1.1831) time: 0.0994 data: 0.0001 max mem: 307
Epoch: [0] [265/266] eta: 0:00:00 lr: 0.000020 tier1_loss: 0.6548 (1.2361) tier2_loss: 0.1777 (1.1827) time: 0.1046 data: 0.0001 max mem: 325
Epoch: [0] Total time: 0:00:28 (28.3307 s / it)
Val [ 0/29] eta: 0:00:05 loss: 0.1594 (0.1594) acc1: 100.0000 (100.0000) time: 0.1825 data: 0.1145 max mem: 325
Val [28/29] eta: 0:00:00 loss: 0.1435 (1.0801) acc1: 100.0000 (68.9655) time: 0.0253 data: 0.0001 max mem: 325
Val Total time: 0:00:00 (0.9413 s / it)
* Acc@1 68.966 loss 1.080 auroc 0.522 f1_score 0.204
  per-class F1 (Val): {'negative': np.float32(0.816), 'itc': np.float32(0.0), 'micro': np.float32(0.0), 'macro': np.float32(0.0)}
  [DIAG] Tier1 сам по собі: acc=68.966 f1_macro=0.204
Test [  0/197] eta: 0:00:34 loss: 2.6903 (2.6903) acc1: 0.0000 (0.0000) time: 0.1771 data: 0.1136 max mem: 325
Test [100/197] eta: 0:00:02 loss: 0.1460 (1.3506) acc1: 100.0000 (59.4059) time: 0.0284 data: 0.0001 max mem: 325
Test [196/197] eta: 0:00:00 loss: 0.1501 (1.2847) acc1: 100.0000 (61.4213) time: 0.0247 data: 0.0001 max mem: 325
Test Total time: 0:00:05 (5.6957 s / it)
* Acc@1 61.421 loss 1.285 auroc 0.579 f1_score 0.190
  per-class F1 (Test): {'negative': np.float32(0.761), 'itc': np.float32(0.0), 'micro': np.float32(0.0), 'macro': np.float32(0.0)}
  [DIAG] Tier1 сам по собі: acc=61.421 f1_macro=0.190

Epoch: [1] [  0/266] eta: 0:01:04 lr: 0.000020 tier1_loss: 1.6982 (1.6982) tier2_loss: 2.6928 (2.6928) time: 0.2412 data: 0.1119 max mem: 325
Epoch: [1] [100/266] eta: 0:00:18 lr: 0.000028 tier1_loss: 0.3900 (1.0513) tier2_loss: 0.1211 (1.1943) time: 0.1002 data: 0.0001 max mem: 325
Epoch: [1] [200/266] eta: 0:00:07 lr: 0.000035 tier1_loss: 0.2264 (1.0198) tier2_loss: 0.1665 (1.1629) time: 0.1086 data: 0.0001 max mem: 325
Epoch: [1] [265/266] eta: 0:00:00 lr: 0.000040 tier1_loss: 0.1814 (1.0065) tier2_loss: 0.2043 (1.1360) time: 0.0985 data: 0.0001 max mem: 325
Epoch: [1] Total time: 0:00:28 (28.8051 s / it)
Val [ 0/29] eta: 0:00:04 loss: 0.1660 (0.1660) acc1: 100.0000 (100.0000) time: 0.1571 data: 0.1263 max mem: 325
Val [28/29] eta: 0:00:00 loss: 0.1458 (1.0552) acc1: 100.0000 (68.9655) time: 0.0246 data: 0.0001 max mem: 325
Val Total time: 0:00:00 (0.9213 s / it)
* Acc@1 68.966 loss 1.055 auroc 0.584 f1_score 0.204
  per-class F1 (Val): {'negative': np.float32(0.816), 'itc': np.float32(0.0), 'micro': np.float32(0.0), 'macro': np.float32(0.0)}
  [DIAG] Tier1 сам по собі: acc=68.966 f1_macro=0.204
Test [  0/197] eta: 0:00:32 loss: 2.7645 (2.7645) acc1: 0.0000 (0.0000) time: 0.1636 data: 0.1112 max mem: 325
Test [100/197] eta: 0:00:02 loss: 0.1526 (1.3156) acc1: 100.0000 (59.4059) time: 0.0248 data: 0.0001 max mem: 325
Test [196/197] eta: 0:00:00 loss: 0.1607 (1.2346) acc1: 100.0000 (61.4213) time: 0.0242 data: 0.0001 max mem: 325
Test Total time: 0:00:05 (5.1272 s / it)
* Acc@1 61.421 loss 1.235 auroc 0.612 f1_score 0.190
  per-class F1 (Test): {'negative': np.float32(0.761), 'itc': np.float32(0.0), 'micro': np.float32(0.0), 'macro': np.float32(0.0)}
  [DIAG] Tier1 сам по собі: acc=61.421 f1_macro=0.190

Epoch: [2] [  0/266] eta: 0:01:11 lr: 0.000040 tier1_loss: 0.1645 (0.1645) tier2_loss: 0.1288 (0.1288) time: 0.2706 data: 0.1261 max mem: 325
Epoch: [2] [100/266] eta: 0:00:19 lr: 0.000048 tier1_loss: 0.1704 (1.1161) tier2_loss: 0.1057 (1.1854) time: 0.1054 data: 0.0001 max mem: 325
Epoch: [2] [200/266] eta: 0:00:07 lr: 0.000055 tier1_loss: 0.1632 (1.1270) tier2_loss: 0.1505 (1.1943) time: 0.1058 data: 0.0001 max mem: 325
Epoch: [2] [265/266] eta: 0:00:00 lr: 0.000060 tier1_loss: 0.1611 (1.0869) tier2_loss: 0.1246 (1.1472) time: 0.1016 data: 0.0001 max mem: 325
Epoch: [2] Total time: 0:00:28 (28.7123 s / it)
Val [ 0/29] eta: 0:00:04 loss: 0.1017 (0.1017) acc1: 100.0000 (100.0000) time: 0.1603 data: 0.1198 max mem: 325
Val [28/29] eta: 0:00:00 loss: 0.1161 (1.1756) acc1: 100.0000 (68.9655) time: 0.0245 data: 0.0001 max mem: 325
Val Total time: 0:00:00 (0.9243 s / it)
* Acc@1 68.966 loss 1.176 auroc 0.549 f1_score 0.204
  per-class F1 (Val): {'negative': np.float32(0.816), 'itc': np.float32(0.0), 'micro': np.float32(0.0), 'macro': np.float32(0.0)}
  [DIAG] Tier1 сам по собі: acc=68.966 f1_macro=0.204
Test [  0/197] eta: 0:00:30 loss: 3.2110 (3.2110) acc1: 0.0000 (0.0000) time: 0.1561 data: 0.1218 max mem: 325
Test [100/197] eta: 0:00:02 loss: 0.0987 (1.4724) acc1: 100.0000 (59.4059) time: 0.0268 data: 0.0001 max mem: 325
Test [196/197] eta: 0:00:00 loss: 0.0858 (1.4040) acc1: 100.0000 (61.4213) time: 0.0244 data: 0.0001 max mem: 325
Test Total time: 0:00:05 (5.3655 s / it)
* Acc@1 61.421 loss 1.404 auroc 0.642 f1_score 0.190
  per-class F1 (Test): {'negative': np.float32(0.761), 'itc': np.float32(0.0), 'micro': np.float32(0.0), 'macro': np.float32(0.0)}
  [DIAG] Tier1 сам по собі: acc=61.421 f1_macro=0.190

Epoch: [3] [  0/266] eta: 0:01:06 lr: 0.000060 tier1_loss: 2.9008 (2.9008) tier2_loss: 3.5969 (3.5969) time: 0.2506 data: 0.1069 max mem: 325
Epoch: [3] [100/266] eta: 0:00:19 lr: 0.000068 tier1_loss: 0.1759 (1.2615) tier2_loss: 0.2771 (1.2616) time: 0.0985 data: 0.0001 max mem: 325
Epoch: [3] [200/266] eta: 0:00:07 lr: 0.000075 tier1_loss: 0.0966 (1.0842) tier2_loss: 0.0912 (1.0912) time: 0.0966 data: 0.0001 max mem: 325
Epoch: [3] [265/266] eta: 0:00:00 lr: 0.000080 tier1_loss: 0.1752 (1.1090) tier2_loss: 0.3988 (1.1238) time: 0.0954 data: 0.0001 max mem: 325
Epoch: [3] Total time: 0:00:28 (28.1943 s / it)
Val [ 0/29] eta: 0:00:05 loss: 0.3225 (0.3225) acc1: 100.0000 (100.0000) time: 0.1811 data: 0.1274 max mem: 325
Val [28/29] eta: 0:00:00 loss: 0.5398 (1.0442) acc1: 100.0000 (65.5172) time: 0.0257 data: 0.0001 max mem: 325
Val Total time: 0:00:00 (0.9764 s / it)
* Acc@1 65.517 loss 1.044 auroc 0.521 f1_score 0.198
  per-class F1 (Val): {'negative': np.float32(0.792), 'itc': np.float32(0.0), 'micro': np.float32(0.0), 'macro': np.float32(0.0)}
  [DIAG] Tier1 сам по собі: acc=68.966 f1_macro=0.204
Test [  0/197] eta: 0:00:30 loss: 1.8289 (1.8289) acc1: 0.0000 (0.0000) time: 0.1532 data: 0.1187 max mem: 325
Test [100/197] eta: 0:00:02 loss: 0.4493 (1.2059) acc1: 100.0000 (59.4059) time: 0.0261 data: 0.0001 max mem: 325
Test [196/197] eta: 0:00:00 loss: 0.3007 (1.1731) acc1: 100.0000 (61.4213) time: 0.0241 data: 0.0001 max mem: 325
Test Total time: 0:00:05 (5.2985 s / it)
* Acc@1 61.421 loss 1.173 auroc 0.594 f1_score 0.190
  per-class F1 (Test): {'negative': np.float32(0.761), 'itc': np.float32(0.0), 'micro': np.float32(0.0), 'macro': np.float32(0.0)}
  [DIAG] Tier1 сам по собі: acc=61.421 f1_macro=0.190

Epoch: [4] [  0/266] eta: 0:01:13 lr: 0.000080 tier1_loss: 2.3010 (2.3010) tier2_loss: 1.0672 (1.0672) time: 0.2760 data: 0.1380 max mem: 325
Epoch: [4] [100/266] eta: 0:00:18 lr: 0.000088 tier1_loss: 0.1100 (1.0686) tier2_loss: 0.0596 (1.0973) time: 0.1228 data: 0.0001 max mem: 325
Epoch: [4] [200/266] eta: 0:00:07 lr: 0.000095 tier1_loss: 0.1156 (1.0793) tier2_loss: 0.1064 (1.0900) time: 0.0959 data: 0.0001 max mem: 325
Epoch: [4] [265/266] eta: 0:00:00 lr: 0.000100 tier1_loss: 0.1310 (1.0778) tier2_loss: 0.0878 (1.0950) time: 0.0949 data: 0.0001 max mem: 325
Epoch: [4] Total time: 0:00:27 (27.9045 s / it)
Val [ 0/29] eta: 0:00:04 loss: 0.0647 (0.0647) acc1: 100.0000 (100.0000) time: 0.1464 data: 0.1162 max mem: 325
Val [28/29] eta: 0:00:00 loss: 0.0929 (1.3176) acc1: 100.0000 (68.9655) time: 0.0243 data: 0.0001 max mem: 325
Val Total time: 0:00:00 (0.8864 s / it)
* Acc@1 68.966 loss 1.318 auroc 0.520 f1_score 0.204
  per-class F1 (Val): {'negative': np.float32(0.816), 'itc': np.float32(0.0), 'micro': np.float32(0.0), 'macro': np.float32(0.0)}
  [DIAG] Tier1 сам по собі: acc=68.966 f1_macro=0.204
Test [  0/197] eta: 0:00:30 loss: 3.5219 (3.5219) acc1: 0.0000 (0.0000) time: 0.1561 data: 0.1036 max mem: 325
Test [100/197] eta: 0:00:02 loss: 0.0743 (1.5507) acc1: 100.0000 (59.4059) time: 0.0267 data: 0.0001 max mem: 325
Test [196/197] eta: 0:00:00 loss: 0.0537 (1.5020) acc1: 100.0000 (61.4213) time: 0.0246 data: 0.0001 max mem: 325
Test Total time: 0:00:05 (5.4513 s / it)
* Acc@1 61.421 loss 1.502 auroc 0.628 f1_score 0.190
  per-class F1 (Test): {'negative': np.float32(0.761), 'itc': np.float32(0.0), 'micro': np.float32(0.0), 'macro': np.float32(0.0)}
  [DIAG] Tier1 сам по собі: acc=61.421 f1_macro=0.190

Epoch: [5] [  0/266] eta: 0:01:09 lr: 0.000100 tier1_loss: 0.0820 (0.0820) tier2_loss: 0.0604 (0.0604) time: 0.2612 data: 0.1275 max mem: 325
Epoch: [5] [100/266] eta: 0:00:18 lr: 0.000100 tier1_loss: 0.0940 (0.9742) tier2_loss: 0.1208 (1.0313) time: 0.1316 data: 0.0001 max mem: 325
Epoch: [5] [200/266] eta: 0:00:07 lr: 0.000099 tier1_loss: 0.1333 (1.0629) tier2_loss: 0.3324 (1.0847) time: 0.1214 data: 0.0001 max mem: 325
Epoch: [5] [265/266] eta: 0:00:00 lr: 0.000099 tier1_loss: 0.1267 (1.0667) tier2_loss: 0.1611 (1.1098) time: 0.1120 data: 0.0001 max mem: 325
Epoch: [5] Total time: 0:00:30 (30.1274 s / it)
Val [ 0/29] eta: 0:00:04 loss: 0.2693 (0.2693) acc1: 100.0000 (100.0000) time: 0.1668 data: 0.1319 max mem: 325
Val [28/29] eta: 0:00:00 loss: 0.2374 (1.0836) acc1: 100.0000 (65.5172) time: 0.0253 data: 0.0001 max mem: 325
Val Total time: 0:00:00 (0.9510 s / it)
* Acc@1 65.517 loss 1.084 auroc 0.666 f1_score 0.198
  per-class F1 (Val): {'negative': np.float32(0.792), 'itc': np.float32(0.0), 'micro': np.float32(0.0), 'macro': np.float32(0.0)}
  [DIAG] Tier1 сам по собі: acc=68.103 f1_macro=0.203
Test [  0/197] eta: 0:00:33 loss: 2.7430 (2.7430) acc1: 0.0000 (0.0000) time: 0.1696 data: 0.1158 max mem: 325
Test [100/197] eta: 0:00:02 loss: 0.2310 (1.0454) acc1: 100.0000 (66.3366) time: 0.0265 data: 0.0001 max mem: 325
Test [196/197] eta: 0:00:00 loss: 0.1739 (0.9041) acc1: 100.0000 (71.0660) time: 0.0244 data: 0.0001 max mem: 325
Test Total time: 0:00:05 (5.2978 s / it)
* Acc@1 71.066 loss 0.904 auroc 0.693 f1_score 0.357
  per-class F1 (Test): {'negative': np.float32(0.814), 'itc': np.float32(0.0), 'micro': np.float32(0.0), 'macro': np.float32(0.615)}
  [DIAG] Tier1 сам по собі: acc=65.990 f1_macro=0.284

Epoch: [6] [  0/266] eta: 0:01:02 lr: 0.000099 tier1_loss: 0.0892 (0.0892) tier2_loss: 0.1100 (0.1100) time: 0.2338 data: 0.1080 max mem: 325
Epoch: [6] [100/266] eta: 0:00:18 lr: 0.000098 tier1_loss: 0.0870 (0.8329) tier2_loss: 0.0716 (0.8428) time: 0.1200 data: 0.0001 max mem: 325
Epoch: [6] [200/266] eta: 0:00:07 lr: 0.000097 tier1_loss: 0.3076 (0.9487) tier2_loss: 0.1845 (0.9697) time: 0.1018 data: 0.0001 max mem: 325
Epoch: [6] [265/266] eta: 0:00:00 lr: 0.000096 tier1_loss: 1.8214 (0.9693) tier2_loss: 1.9293 (1.0009) time: 0.0973 data: 0.0001 max mem: 325
Epoch: [6] Total time: 0:00:28 (28.8508 s / it)
Val [ 0/29] eta: 0:00:04 loss: 1.0037 (1.0037) acc1: 100.0000 (100.0000) time: 0.1529 data: 0.1177 max mem: 325
Val [28/29] eta: 0:00:00 loss: 0.4325 (1.0597) acc1: 100.0000 (68.9655) time: 0.0245 data: 0.0001 max mem: 325
Val Total time: 0:00:00 (0.9262 s / it)
* Acc@1 68.966 loss 1.060 auroc 0.687 f1_score 0.376
  per-class F1 (Val): {'negative': np.float32(0.818), 'itc': np.float32(0.0), 'micro': np.float32(0.286), 'macro': np.float32(0.4)}
  [DIAG] Tier1 сам по собі: acc=69.397 f1_macro=0.318
Test [  0/197] eta: 0:00:34 loss: 0.9345 (0.9345) acc1: 100.0000 (100.0000) time: 0.1729 data: 0.1290 max mem: 325
Test [100/197] eta: 0:00:02 loss: 0.7016 (1.0019) acc1: 100.0000 (66.3366) time: 0.0255 data: 0.0001 max mem: 325
Test [196/197] eta: 0:00:00 loss: 0.1372 (0.8437) acc1: 100.0000 (73.0964) time: 0.0238 data: 0.0001 max mem: 325
Test Total time: 0:00:05 (5.1981 s / it)
* Acc@1 73.096 loss 0.844 auroc 0.755 f1_score 0.476
  per-class F1 (Test): {'negative': np.float32(0.813), 'itc': np.float32(0.0), 'micro': np.float32(0.278), 'macro': np.float32(0.813)}
  [DIAG] Tier1 сам по собі: acc=73.794 f1_macro=0.436

Epoch: [7] [  0/266] eta: 0:00:59 lr: 0.000096 tier1_loss: 1.6125 (1.6125) tier2_loss: 1.3602 (1.3602) time: 0.2238 data: 0.0986 max mem: 325
Epoch: [7] [100/266] eta: 0:00:17 lr: 0.000094 tier1_loss: 0.1015 (1.0681) tier2_loss: 0.1233 (1.1491) time: 0.1091 data: 0.0001 max mem: 325
Epoch: [7] [200/266] eta: 0:00:07 lr: 0.000092 tier1_loss: 0.0657 (0.8914) tier2_loss: 0.0346 (0.9353) time: 0.1116 data: 0.0001 max mem: 325
Epoch: [7] [265/266] eta: 0:00:00 lr: 0.000091 tier1_loss: 0.1105 (0.9078) tier2_loss: 0.0981 (0.9539) time: 0.0969 data: 0.0001 max mem: 325
Epoch: [7] Total time: 0:00:28 (28.2732 s / it)
Val [ 0/29] eta: 0:00:05 loss: 0.0810 (0.0810) acc1: 100.0000 (100.0000) time: 0.1863 data: 0.1295 max mem: 325
Val [28/29] eta: 0:00:00 loss: 0.0805 (1.1064) acc1: 100.0000 (68.9655) time: 0.0246 data: 0.0001 max mem: 325
Val Total time: 0:00:00 (0.9530 s / it)
* Acc@1 68.966 loss 1.106 auroc 0.743 f1_score 0.290
  per-class F1 (Val): {'negative': np.float32(0.826), 'itc': np.float32(0.0), 'micro': np.float32(0.0), 'macro': np.float32(0.333)}
  [DIAG] Tier1 сам по собі: acc=68.966 f1_macro=0.302
Test [  0/197] eta: 0:00:33 loss: 1.8627 (1.8627) acc1: 0.0000 (0.0000) time: 0.1677 data: 0.1320 max mem: 325
Test [100/197] eta: 0:00:02 loss: 0.1224 (0.9782) acc1: 100.0000 (71.2871) time: 0.0260 data: 0.0001 max mem: 325
Test [196/197] eta: 0:00:00 loss: 0.0402 (0.8835) acc1: 100.0000 (75.6345) time: 0.0243 data: 0.0001 max mem: 325
Test Total time: 0:00:05 (5.2848 s / it)
* Acc@1 75.635 loss 0.884 auroc 0.771 f1_score 0.412
  per-class F1 (Test): {'negative': np.float32(0.842), 'itc': np.float32(0.0), 'micro': np.float32(0.0), 'macro': np.float32(0.808)}
  [DIAG] Tier1 сам по собі: acc=77.411 f1_macro=0.427

Epoch: [8] [  0/266] eta: 0:01:08 lr: 0.000091 tier1_loss: 0.6755 (0.6755) tier2_loss: 0.8619 (0.8619) time: 0.2584 data: 0.1004 max mem: 325
Epoch: [8] [100/266] eta: 0:00:17 lr: 0.000088 tier1_loss: 0.0865 (0.7817) tier2_loss: 0.1207 (0.8299) time: 0.1075 data: 0.0001 max mem: 325
Epoch: [8] [200/266] eta: 0:00:07 lr: 0.000085 tier1_loss: 0.0715 (0.8150) tier2_loss: 0.0821 (0.8719) time: 0.1045 data: 0.0001 max mem: 325
Epoch: [8] [265/266] eta: 0:00:00 lr: 0.000084 tier1_loss: 0.2838 (0.8068) tier2_loss: 0.1231 (0.8600) time: 0.1011 data: 0.0001 max mem: 325
Epoch: [8] Total time: 0:00:29 (29.0976 s / it)
Val [ 0/29] eta: 0:00:04 loss: 0.0292 (0.0292) acc1: 100.0000 (100.0000) time: 0.1521 data: 0.1187 max mem: 325
Val [28/29] eta: 0:00:00 loss: 0.0800 (0.9917) acc1: 100.0000 (75.8621) time: 0.0249 data: 0.0001 max mem: 325
Val Total time: 0:00:00 (0.9293 s / it)
* Acc@1 75.862 loss 0.992 auroc 0.754 f1_score 0.478
  per-class F1 (Val): {'negative': np.float32(0.844), 'itc': np.float32(0.0), 'micro': np.float32(0.4), 'macro': np.float32(0.667)}
  [DIAG] Tier1 сам по собі: acc=72.414 f1_macro=0.363
Test [  0/197] eta: 0:00:31 loss: 0.5943 (0.5943) acc1: 100.0000 (100.0000) time: 0.1619 data: 0.1292 max mem: 325
Test [100/197] eta: 0:00:02 loss: 0.1063 (0.9439) acc1: 100.0000 (73.2673) time: 0.0251 data: 0.0001 max mem: 325
Test [196/197] eta: 0:00:00 loss: 0.0585 (1.0900) acc1: 100.0000 (71.0660) time: 0.0246 data: 0.0001 max mem: 325
Test Total time: 0:00:05 (5.1973 s / it)
* Acc@1 71.066 loss 1.090 auroc 0.793 f1_score 0.421
  per-class F1 (Test): {'negative': np.float32(0.824), 'itc': np.float32(0.0), 'micro': np.float32(0.16), 'macro': np.float32(0.7)}
  [DIAG] Tier1 сам по собі: acc=78.807 f1_macro=0.443

Epoch: [9] [  0/266] eta: 0:01:11 lr: 0.000084 tier1_loss: 0.0788 (0.0788) tier2_loss: 0.0640 (0.0640) time: 0.2701 data: 0.1252 max mem: 325
Epoch: [9] [100/266] eta: 0:00:18 lr: 0.000081 tier1_loss: 0.0292 (0.5243) tier2_loss: 0.0143 (0.5545) time: 0.1102 data: 0.0001 max mem: 325
Epoch: [9] [200/266] eta: 0:00:07 lr: 0.000077 tier1_loss: 0.1058 (0.6586) tier2_loss: 0.0662 (0.6769) time: 0.1036 data: 0.0001 max mem: 325
Epoch: [9] [265/266] eta: 0:00:00 lr: 0.000075 tier1_loss: 0.0680 (0.6976) tier2_loss: 0.0588 (0.7169) time: 0.1061 data: 0.0001 max mem: 325
Epoch: [9] Total time: 0:00:28 (28.9535 s / it)
Val [ 0/29] eta: 0:00:04 loss: 0.0877 (0.0877) acc1: 100.0000 (100.0000) time: 0.1595 data: 0.1270 max mem: 325
Val [28/29] eta: 0:00:00 loss: 0.0456 (0.8966) acc1: 100.0000 (75.8621) time: 0.0249 data: 0.0001 max mem: 325
Val Total time: 0:00:00 (0.9436 s / it)
* Acc@1 75.862 loss 0.897 auroc 0.799 f1_score 0.388
  per-class F1 (Val): {'negative': np.float32(0.884), 'itc': np.float32(0.0), 'micro': np.float32(0.0), 'macro': np.float32(0.667)}
  [DIAG] Tier1 сам по собі: acc=74.569 f1_macro=0.382
Test [  0/197] eta: 0:00:31 loss: 0.5148 (0.5148) acc1: 100.0000 (100.0000) time: 0.1601 data: 0.1157 max mem: 325
Test [100/197] eta: 0:00:02 loss: 0.0922 (0.7439) acc1: 100.0000 (78.2178) time: 0.0263 data: 0.0001 max mem: 325
Test [196/197] eta: 0:00:00 loss: 0.0278 (0.7894) acc1: 100.0000 (78.6802) time: 0.0244 data: 0.0001 max mem: 325
Test Total time: 0:00:05 (5.2803 s / it)
* Acc@1 78.680 loss 0.789 auroc 0.840 f1_score 0.499
  per-class F1 (Test): {'negative': np.float32(0.883), 'itc': np.float32(0.0), 'micro': np.float32(0.296), 'macro': np.float32(0.816)}
  [DIAG] Tier1 сам по собі: acc=80.520 f1_macro=0.451

Epoch: [10] [  0/266] eta: 0:01:07 lr: 0.000075 tier1_loss: 0.0461 (0.0461) tier2_loss: 0.0625 (0.0625) time: 0.2528 data: 0.1210 max mem: 325
Epoch: [10] [100/266] eta: 0:00:16 lr: 0.000072 tier1_loss: 0.1392 (0.5877) tier2_loss: 0.1166 (0.6358) time: 0.1022 data: 0.0001 max mem: 325
Epoch: [10] [200/266] eta: 0:00:06 lr: 0.000068 tier1_loss: 0.0806 (0.6429) tier2_loss: 0.0697 (0.6933) time: 0.1155 data: 0.0001 max mem: 325
Epoch: [10] [265/266] eta: 0:00:00 lr: 0.000066 tier1_loss: 0.0727 (0.6180) tier2_loss: 0.0256 (0.6555) time: 0.0782 data: 0.0001 max mem: 325
Epoch: [10] Total time: 0:00:26 (26.7788 s / it)
Val [ 0/29] eta: 0:00:03 loss: 0.0261 (0.0261) acc1: 100.0000 (100.0000) time: 0.1298 data: 0.0997 max mem: 325
Val [28/29] eta: 0:00:00 loss: 0.0276 (1.0251) acc1: 100.0000 (79.3103) time: 0.0242 data: 0.0001 max mem: 325
Val Total time: 0:00:00 (0.8782 s / it)
* Acc@1 79.310 loss 1.025 auroc 0.794 f1_score 0.530
  per-class F1 (Val): {'negative': np.float32(0.884), 'itc': np.float32(0.0), 'micro': np.float32(0.571), 'macro': np.float32(0.667)}
  [DIAG] Tier1 сам по собі: acc=77.155 f1_macro=0.493
Test [  0/197] eta: 0:00:33 loss: 0.0593 (0.0593) acc1: 100.0000 (100.0000) time: 0.1689 data: 0.1223 max mem: 325
Test [100/197] eta: 0:00:02 loss: 0.0462 (0.6485) acc1: 100.0000 (83.1683) time: 0.0252 data: 0.0001 max mem: 325
Test [196/197] eta: 0:00:00 loss: 0.0155 (0.7067) acc1: 100.0000 (82.2335) time: 0.0237 data: 0.0001 max mem: 325
Test Total time: 0:00:05 (5.2103 s / it)
* Acc@1 82.234 loss 0.707 auroc 0.875 f1_score 0.560
  per-class F1 (Test): {'negative': np.float32(0.903), 'itc': np.float32(0.0), 'micro': np.float32(0.444), 'macro': np.float32(0.894)}
  [DIAG] Tier1 сам по собі: acc=80.584 f1_macro=0.482

Epoch: [11] [  0/266] eta: 0:01:00 lr: 0.000066 tier1_loss: 0.0463 (0.0463) tier2_loss: 0.0264 (0.0264) time: 0.2266 data: 0.1070 max mem: 325
Epoch: [11] [100/266] eta: 0:00:14 lr: 0.000062 tier1_loss: 0.0609 (0.5489) tier2_loss: 0.0174 (0.4581) time: 0.0873 data: 0.0001 max mem: 325
Epoch: [11] [200/266] eta: 0:00:05 lr: 0.000058 tier1_loss: 0.0461 (0.5257) tier2_loss: 0.0135 (0.4988) time: 0.1013 data: 0.0001 max mem: 325
Epoch: [11] [265/266] eta: 0:00:00 lr: 0.000056 tier1_loss: 0.0304 (0.5344) tier2_loss: 0.0143 (0.4910) time: 0.1220 data: 0.0001 max mem: 325
Epoch: [11] Total time: 0:00:24 (24.8123 s / it)
Val [ 0/29] eta: 0:00:05 loss: 0.0231 (0.0231) acc1: 100.0000 (100.0000) time: 0.1918 data: 0.1497 max mem: 325
Val [28/29] eta: 0:00:00 loss: 0.0146 (1.0912) acc1: 100.0000 (79.3103) time: 0.0317 data: 0.0001 max mem: 325
Val Total time: 0:00:01 (1.2236 s / it)
* Acc@1 79.310 loss 1.091 auroc 0.807 f1_score 0.530
  per-class F1 (Val): {'negative': np.float32(0.884), 'itc': np.float32(0.0), 'micro': np.float32(0.571), 'macro': np.float32(0.667)}
  [DIAG] Tier1 сам по собі: acc=78.017 f1_macro=0.510
Test [  0/197] eta: 0:00:37 loss: 0.0514 (0.0514) acc1: 100.0000 (100.0000) time: 0.1897 data: 0.1386 max mem: 325
Test [100/197] eta: 0:00:03 loss: 0.0242 (0.6794) acc1: 100.0000 (83.1683) time: 0.0251 data: 0.0001 max mem: 325
Test [196/197] eta: 0:00:00 loss: 0.0087 (0.6669) acc1: 100.0000 (83.7563) time: 0.0236 data: 0.0001 max mem: 325
Test Total time: 0:00:05 (5.6514 s / it)
* Acc@1 83.756 loss 0.667 auroc 0.883 f1_score 0.578
  per-class F1 (Test): {'negative': np.float32(0.909), 'itc': np.float32(0.0), 'micro': np.float32(0.5), 'macro': np.float32(0.903)}
  [DIAG] Tier1 сам по собі: acc=82.995 f1_macro=0.541

Epoch: [12] [  0/266] eta: 0:00:57 lr: 0.000056 tier1_loss: 0.0966 (0.0966) tier2_loss: 0.0370 (0.0370) time: 0.2162 data: 0.1097 max mem: 325
Epoch: [12] [100/266] eta: 0:00:16 lr: 0.000052 tier1_loss: 0.0251 (0.5070) tier2_loss: 0.0069 (0.3867) time: 0.0985 data: 0.0001 max mem: 325
Epoch: [12] [200/266] eta: 0:00:06 lr: 0.000048 tier1_loss: 0.0291 (0.5240) tier2_loss: 0.0088 (0.4268) time: 0.1041 data: 0.0001 max mem: 325
Epoch: [12] [265/266] eta: 0:00:00 lr: 0.000045 tier1_loss: 0.0571 (0.4924) tier2_loss: 0.0115 (0.4055) time: 0.0971 data: 0.0001 max mem: 325
Epoch: [12] Total time: 0:00:27 (27.1404 s / it)
Val [ 0/29] eta: 0:00:04 loss: 0.0095 (0.0095) acc1: 100.0000 (100.0000) time: 0.1450 data: 0.1179 max mem: 325
Val [28/29] eta: 0:00:00 loss: 0.0068 (1.2687) acc1: 100.0000 (75.8621) time: 0.0259 data: 0.0001 max mem: 325
Val Total time: 0:00:00 (0.9330 s / it)
* Acc@1 75.862 loss 1.269 auroc 0.829 f1_score 0.506
  per-class F1 (Val): {'negative': np.float32(0.857), 'itc': np.float32(0.0), 'micro': np.float32(0.5), 'macro': np.float32(0.667)}
  [DIAG] Tier1 сам по собі: acc=78.879 f1_macro=0.527
Test [  0/197] eta: 0:00:33 loss: 0.0217 (0.0217) acc1: 100.0000 (100.0000) time: 0.1685 data: 0.1186 max mem: 325
Test [100/197] eta: 0:00:03 loss: 0.0117 (0.6643) acc1: 100.0000 (84.1584) time: 0.0315 data: 0.0001 max mem: 325
Test [196/197] eta: 0:00:00 loss: 0.0058 (0.6507) acc1: 100.0000 (85.2792) time: 0.0241 data: 0.0001 max mem: 325
Test Total time: 0:00:06 (6.1465 s / it)
* Acc@1 85.279 loss 0.651 auroc 0.898 f1_score 0.617
  per-class F1 (Test): {'negative': np.float32(0.919), 'itc': np.float32(0.0), 'micro': np.float32(0.605), 'macro': np.float32(0.943)}
  [DIAG] Tier1 сам по собі: acc=84.201 f1_macro=0.592

Epoch: [13] [  0/266] eta: 0:01:09 lr: 0.000045 tier1_loss: 0.0252 (0.0252) tier2_loss: 0.0041 (0.0041) time: 0.2605 data: 0.1148 max mem: 325
Epoch: [13] [100/266] eta: 0:00:17 lr: 0.000041 tier1_loss: 0.0569 (0.4658) tier2_loss: 0.0087 (0.3010) time: 0.0993 data: 0.0001 max mem: 325
Epoch: [13] [200/266] eta: 0:00:06 lr: 0.000038 tier1_loss: 0.0131 (0.4342) tier2_loss: 0.0031 (0.3200) time: 0.1074 data: 0.0001 max mem: 325
Epoch: [13] [265/266] eta: 0:00:00 lr: 0.000035 tier1_loss: 0.1290 (0.4761) tier2_loss: 0.0082 (0.3592) time: 0.1069 data: 0.0001 max mem: 325
Epoch: [13] Total time: 0:00:27 (27.5688 s / it)
Val [ 0/29] eta: 0:00:04 loss: 0.0098 (0.0098) acc1: 100.0000 (100.0000) time: 0.1496 data: 0.1183 max mem: 325
Val [28/29] eta: 0:00:00 loss: 0.0055 (1.2847) acc1: 100.0000 (75.8621) time: 0.0244 data: 0.0001 max mem: 325
Val Total time: 0:00:00 (0.8921 s / it)
* Acc@1 75.862 loss 1.285 auroc 0.858 f1_score 0.506
  per-class F1 (Val): {'negative': np.float32(0.857), 'itc': np.float32(0.0), 'micro': np.float32(0.5), 'macro': np.float32(0.667)}
  [DIAG] Tier1 сам по собі: acc=78.017 f1_macro=0.521
Test [  0/197] eta: 0:00:34 loss: 0.0436 (0.0436) acc1: 100.0000 (100.0000) time: 0.1772 data: 0.1192 max mem: 325
Test [100/197] eta: 0:00:02 loss: 0.0119 (0.7808) acc1: 100.0000 (83.1683) time: 0.0338 data: 0.0001 max mem: 325
Test [196/197] eta: 0:00:00 loss: 0.0038 (0.7451) acc1: 100.0000 (83.7563) time: 0.0305 data: 0.0001 max mem: 325
Test Total time: 0:00:06 (6.1226 s / it)
* Acc@1 83.756 loss 0.745 auroc 0.886 f1_score 0.622
  per-class F1 (Test): {'negative': np.float32(0.915), 'itc': np.float32(0.211), 'micro': np.float32(0.471), 'macro': np.float32(0.894)}
  [DIAG] Tier1 сам по собі: acc=82.995 f1_macro=0.573

Epoch: [14] [  0/266] eta: 0:01:02 lr: 0.000035 tier1_loss: 3.6056 (3.6056) tier2_loss: 4.7544 (4.7544) time: 0.2364 data: 0.1129 max mem: 325
Epoch: [14] [100/266] eta: 0:00:17 lr: 0.000032 tier1_loss: 0.0553 (0.5505) tier2_loss: 0.0063 (0.5108) time: 0.1059 data: 0.0001 max mem: 325
Epoch: [14] [200/266] eta: 0:00:07 lr: 0.000028 tier1_loss: 0.0640 (0.4953) tier2_loss: 0.0067 (0.3929) time: 0.1101 data: 0.0001 max mem: 325
Epoch: [14] [265/266] eta: 0:00:00 lr: 0.000026 tier1_loss: 0.0404 (0.4626) tier2_loss: 0.0053 (0.3518) time: 0.1104 data: 0.0001 max mem: 325
Epoch: [14] Total time: 0:00:29 (29.0535 s / it)
Val [ 0/29] eta: 0:00:04 loss: 0.0124 (0.0124) acc1: 100.0000 (100.0000) time: 0.1607 data: 0.1263 max mem: 325
Val [28/29] eta: 0:00:00 loss: 0.0054 (1.2722) acc1: 100.0000 (75.8621) time: 0.0251 data: 0.0001 max mem: 325
Val Total time: 0:00:00 (0.9186 s / it)
* Acc@1 75.862 loss 1.272 auroc 0.845 f1_score 0.524
  per-class F1 (Val): {'negative': np.float32(0.857), 'itc': np.float32(0.0), 'micro': np.float32(0.571), 'macro': np.float32(0.667)}
  [DIAG] Tier1 сам по собі: acc=78.448 f1_macro=0.524
Test [  0/197] eta: 0:00:31 loss: 0.0493 (0.0493) acc1: 100.0000 (100.0000) time: 0.1618 data: 0.1186 max mem: 325
Test [100/197] eta: 0:00:02 loss: 0.0185 (0.7921) acc1: 100.0000 (83.1683) time: 0.0256 data: 0.0001 max mem: 325
Test [196/197] eta: 0:00:00 loss: 0.0039 (0.7154) acc1: 100.0000 (83.7563) time: 0.0294 data: 0.0001 max mem: 325
Test Total time: 0:00:05 (5.8348 s / it)
* Acc@1 83.756 loss 0.715 auroc 0.894 f1_score 0.626
  per-class F1 (Test): {'negative': np.float32(0.911), 'itc': np.float32(0.19), 'micro': np.float32(0.5), 'macro': np.float32(0.903)}
  [DIAG] Tier1 сам по собі: acc=83.312 f1_macro=0.569

Epoch: [15] [  0/266] eta: 0:01:07 lr: 0.000026 tier1_loss: 0.5561 (0.5561) tier2_loss: 0.0451 (0.0451) time: 0.2544 data: 0.1207 max mem: 325
Epoch: [15] [100/266] eta: 0:00:17 lr: 0.000022 tier1_loss: 0.0366 (0.5099) tier2_loss: 0.0066 (0.2929) time: 0.1024 data: 0.0001 max mem: 325
Epoch: [15] [200/266] eta: 0:00:06 lr: 0.000019 tier1_loss: 0.0146 (0.4135) tier2_loss: 0.0041 (0.2836) time: 0.0996 data: 0.0001 max mem: 325
Epoch: [15] [265/266] eta: 0:00:00 lr: 0.000017 tier1_loss: 0.0486 (0.4403) tier2_loss: 0.0053 (0.2843) time: 0.1043 data: 0.0001 max mem: 325
Epoch: [15] Total time: 0:00:27 (27.6489 s / it)
Val [ 0/29] eta: 0:00:04 loss: 0.0074 (0.0074) acc1: 100.0000 (100.0000) time: 0.1637 data: 0.1221 max mem: 325
Val [28/29] eta: 0:00:00 loss: 0.0028 (1.3784) acc1: 100.0000 (75.8621) time: 0.0256 data: 0.0001 max mem: 325
Val Total time: 0:00:00 (0.9398 s / it)
* Acc@1 75.862 loss 1.378 auroc 0.840 f1_score 0.524
  per-class F1 (Val): {'negative': np.float32(0.857), 'itc': np.float32(0.0), 'micro': np.float32(0.571), 'macro': np.float32(0.667)}
  [DIAG] Tier1 сам по собі: acc=78.017 f1_macro=0.519
Test [  0/197] eta: 0:00:29 loss: 0.0369 (0.0369) acc1: 100.0000 (100.0000) time: 0.1490 data: 0.1139 max mem: 325
Test [100/197] eta: 0:00:02 loss: 0.0108 (0.7993) acc1: 100.0000 (82.1782) time: 0.0253 data: 0.0001 max mem: 325
Test [196/197] eta: 0:00:00 loss: 0.0024 (0.7486) acc1: 100.0000 (83.2487) time: 0.0238 data: 0.0001 max mem: 325
Test Total time: 0:00:05 (5.1945 s / it)
* Acc@1 83.249 loss 0.749 auroc 0.899 f1_score 0.640
  per-class F1 (Test): {'negative': np.float32(0.906), 'itc': np.float32(0.261), 'micro': np.float32(0.5), 'macro': np.float32(0.894)}
  [DIAG] Tier1 сам по собі: acc=83.503 f1_macro=0.580

Epoch: [16] [  0/266] eta: 0:01:06 lr: 0.000017 tier1_loss: 0.0193 (0.0193) tier2_loss: 0.0037 (0.0037) time: 0.2512 data: 0.1040 max mem: 325
Epoch: [16] [100/266] eta: 0:00:18 lr: 0.000015 tier1_loss: 0.1154 (0.5464) tier2_loss: 0.0074 (0.4121) time: 0.1086 data: 0.0001 max mem: 325
Epoch: [16] [200/266] eta: 0:00:07 lr: 0.000012 tier1_loss: 0.0329 (0.4992) tier2_loss: 0.0056 (0.3533) time: 0.1049 data: 0.0001 max mem: 325
Epoch: [16] [265/266] eta: 0:00:00 lr: 0.000010 tier1_loss: 0.0174 (0.4377) tier2_loss: 0.0028 (0.3166) time: 0.1102 data: 0.0001 max mem: 325
Epoch: [16] Total time: 0:00:28 (28.6319 s / it)
Val [ 0/29] eta: 0:00:04 loss: 0.0119 (0.0119) acc1: 100.0000 (100.0000) time: 0.1696 data: 0.1356 max mem: 325
Val [28/29] eta: 0:00:00 loss: 0.0033 (1.4059) acc1: 100.0000 (72.4138) time: 0.0252 data: 0.0001 max mem: 325
Val Total time: 0:00:00 (0.9289 s / it)
* Acc@1 72.414 loss 1.406 auroc 0.851 f1_score 0.517
  per-class F1 (Val): {'negative': np.float32(0.829), 'itc': np.float32(0.0), 'micro': np.float32(0.571), 'macro': np.float32(0.667)}
  [DIAG] Tier1 сам по собі: acc=78.448 f1_macro=0.524
Test [  0/197] eta: 0:00:31 loss: 0.0421 (0.0421) acc1: 100.0000 (100.0000) time: 0.1605 data: 0.1250 max mem: 325
Test [100/197] eta: 0:00:02 loss: 0.0228 (0.8306) acc1: 100.0000 (81.1881) time: 0.0262 data: 0.0001 max mem: 325
Test [196/197] eta: 0:00:00 loss: 0.0028 (0.7535) acc1: 100.0000 (83.2487) time: 0.0238 data: 0.0001 max mem: 325
Test Total time: 0:00:05 (5.3246 s / it)
* Acc@1 83.249 loss 0.754 auroc 0.894 f1_score 0.659
  per-class F1 (Test): {'negative': np.float32(0.902), 'itc': np.float32(0.308), 'micro': np.float32(0.533), 'macro': np.float32(0.894)}
  [DIAG] Tier1 сам по собі: acc=83.693 f1_macro=0.591

Epoch: [17] [  0/266] eta: 0:01:16 lr: 0.000010 tier1_loss: 0.0092 (0.0092) tier2_loss: 0.0014 (0.0014) time: 0.2887 data: 0.1370 max mem: 325
Epoch: [17] [100/266] eta: 0:00:18 lr: 0.000008 tier1_loss: 0.0300 (0.4267) tier2_loss: 0.0037 (0.2589) time: 0.1071 data: 0.0001 max mem: 325
Epoch: [17] [200/266] eta: 0:00:07 lr: 0.000006 tier1_loss: 0.0478 (0.4410) tier2_loss: 0.0029 (0.3022) time: 0.1085 data: 0.0001 max mem: 325
Epoch: [17] [265/266] eta: 0:00:00 lr: 0.000005 tier1_loss: 0.1270 (0.4242) tier2_loss: 0.0064 (0.2447) time: 0.1034 data: 0.0001 max mem: 325
Epoch: [17] Total time: 0:00:29 (29.0079 s / it)
Val [ 0/29] eta: 0:00:04 loss: 0.0126 (0.0126) acc1: 100.0000 (100.0000) time: 0.1702 data: 0.1343 max mem: 325
Val [28/29] eta: 0:00:00 loss: 0.0030 (1.3395) acc1: 100.0000 (75.8621) time: 0.0253 data: 0.0001 max mem: 325
Val Total time: 0:00:00 (0.9359 s / it)
* Acc@1 75.862 loss 1.339 auroc 0.847 f1_score 0.524
  per-class F1 (Val): {'negative': np.float32(0.857), 'itc': np.float32(0.0), 'micro': np.float32(0.571), 'macro': np.float32(0.667)}
  [DIAG] Tier1 сам по собі: acc=78.017 f1_macro=0.519
Test [  0/197] eta: 0:00:36 loss: 0.0321 (0.0321) acc1: 100.0000 (100.0000) time: 0.1859 data: 0.1338 max mem: 325
Test [100/197] eta: 0:00:02 loss: 0.0280 (0.7899) acc1: 100.0000 (81.1881) time: 0.0268 data: 0.0001 max mem: 325
Test [196/197] eta: 0:00:00 loss: 0.0026 (0.7453) acc1: 100.0000 (83.2487) time: 0.0242 data: 0.0001 max mem: 325
Test Total time: 0:00:05 (5.3971 s / it)
* Acc@1 83.249 loss 0.745 auroc 0.905 f1_score 0.665
  per-class F1 (Test): {'negative': np.float32(0.908), 'itc': np.float32(0.357), 'micro': np.float32(0.5), 'macro': np.float32(0.894)}
  [DIAG] Tier1 сам по собі: acc=83.820 f1_macro=0.596

Epoch: [18] [  0/266] eta: 0:01:07 lr: 0.000005 tier1_loss: 0.0106 (0.0106) tier2_loss: 0.0027 (0.0027) time: 0.2538 data: 0.1193 max mem: 325
Epoch: [18] [100/266] eta: 0:00:17 lr: 0.000004 tier1_loss: 0.0427 (0.4156) tier2_loss: 0.0050 (0.3112) time: 0.0977 data: 0.0001 max mem: 325
Epoch: [18] [200/266] eta: 0:00:06 lr: 0.000003 tier1_loss: 0.0271 (0.4530) tier2_loss: 0.0024 (0.2377) time: 0.0942 data: 0.0001 max mem: 325
Epoch: [18] [265/266] eta: 0:00:00 lr: 0.000002 tier1_loss: 0.0207 (0.4163) tier2_loss: 0.0018 (0.2317) time: 0.0940 data: 0.0001 max mem: 325
Epoch: [18] Total time: 0:00:26 (26.4859 s / it)
Val [ 0/29] eta: 0:00:06 loss: 0.0128 (0.0128) acc1: 100.0000 (100.0000) time: 0.2127 data: 0.1687 max mem: 325
Val [28/29] eta: 0:00:00 loss: 0.0028 (1.5238) acc1: 100.0000 (72.4138) time: 0.0244 data: 0.0001 max mem: 325
Val Total time: 0:00:00 (0.9638 s / it)
* Acc@1 72.414 loss 1.524 auroc 0.841 f1_score 0.517
  per-class F1 (Val): {'negative': np.float32(0.829), 'itc': np.float32(0.0), 'micro': np.float32(0.571), 'macro': np.float32(0.667)}
  [DIAG] Tier1 сам по собі: acc=78.017 f1_macro=0.521
Test [  0/197] eta: 0:00:31 loss: 0.0250 (0.0250) acc1: 100.0000 (100.0000) time: 0.1577 data: 0.1180 max mem: 325
Test [100/197] eta: 0:00:02 loss: 0.0261 (0.8230) acc1: 100.0000 (81.1881) time: 0.0264 data: 0.0001 max mem: 325
Test [196/197] eta: 0:00:00 loss: 0.0025 (0.7780) acc1: 100.0000 (82.7411) time: 0.0247 data: 0.0001 max mem: 325
Test Total time: 0:00:05 (5.3807 s / it)
* Acc@1 82.741 loss 0.778 auroc 0.899 f1_score 0.654
  per-class F1 (Test): {'negative': np.float32(0.897), 'itc': np.float32(0.308), 'micro': np.float32(0.516), 'macro': np.float32(0.894)}
  [DIAG] Tier1 сам по собі: acc=83.439 f1_macro=0.586

Epoch: [19] [  0/266] eta: 0:01:06 lr: 0.000002 tier1_loss: 0.0217 (0.0217) tier2_loss: 0.0007 (0.0007) time: 0.2506 data: 0.1164 max mem: 325
Epoch: [19] [100/266] eta: 0:00:18 lr: 0.000001 tier1_loss: 0.0234 (0.4418) tier2_loss: 0.0020 (0.2110) time: 0.1115 data: 0.0001 max mem: 325
Epoch: [19] [200/266] eta: 0:00:07 lr: 0.000001 tier1_loss: 0.0580 (0.4314) tier2_loss: 0.0033 (0.2298) time: 0.0984 data: 0.0001 max mem: 325
Epoch: [19] [265/266] eta: 0:00:00 lr: 0.000001 tier1_loss: 0.1215 (0.3993) tier2_loss: 0.0064 (0.2191) time: 0.1040 data: 0.0001 max mem: 325
Epoch: [19] Total time: 0:00:28 (28.8691 s / it)
Val [ 0/29] eta: 0:00:04 loss: 0.0127 (0.0127) acc1: 100.0000 (100.0000) time: 0.1593 data: 0.1257 max mem: 325
Val [28/29] eta: 0:00:00 loss: 0.0028 (1.3646) acc1: 100.0000 (75.8621) time: 0.0255 data: 0.0001 max mem: 325
Val Total time: 0:00:00 (0.9271 s / it)
* Acc@1 75.862 loss 1.365 auroc 0.866 f1_score 0.524
  per-class F1 (Val): {'negative': np.float32(0.857), 'itc': np.float32(0.0), 'micro': np.float32(0.571), 'macro': np.float32(0.667)}
  [DIAG] Tier1 сам по собі: acc=77.586 f1_macro=0.512
wandb: 
wandb: Run history:
wandb: diag/test_tier1_acc ▁▁▁▁▁▂▅▆▆▇▇█████████
wandb:  diag/test_tier1_f1 ▁▁▁▁▁▃▅▅▅▆▆▇████████
wandb:       perf/test_auc ▁▂▂▁▂▃▅▅▆▇▇█████████
wandb:        perf/test_f1 ▁▁▁▁▁▃▅▄▄▆▆▇▇▇▇█████
wandb:        perf/val_auc ▁▂▂▁▁▄▄▆▆▇▇▇▇██▇██▇█
wandb:         perf/val_f1 ▁▁▁▁▁▁▅▃▇▅██▇▇██████
wandb:          tier1_loss ▃▄▂▁▁▅▁▁▁▁▁▁▆▇▁█▁▁▆▁▁▁▁▇▁▁▁▁▁▁▁▁▁▁▁▁▂▁▁▁
wandb:          tier2_loss ▁▁▁▅▁▁█▆▇▂▁▇▅▅▇▁▁▁▁▁▁▁▁▁▁▁▁▁▁▁▁▁▁▁▁▁▁▁▁▁
wandb: 
wandb: Run summary:
wandb: diag/test_tier1_acc 83.56599
wandb:  diag/test_tier1_f1 0.58944
wandb:       perf/test_auc 0.90078
wandb:        perf/test_f1 0.65962
wandb:        perf/val_auc 0.86604
wandb:         perf/val_f1 0.52381
wandb:          tier1_loss 0.3868
wandb:          tier2_loss 0.00177
wandb: 
wandb: You can sync this run to the cloud by running:
wandb: wandb sync /data/bohatyrenko1/EXPERIMENTS_2/Hi-MoE_MIL/wandb/offline-run-20260925_104213-r3gqermq
wandb: Find logs at: ./wandb/offline-run-20260925_104213-r3gqermq/logs
Test [  0/197] eta: 0:00:29 loss: 0.0483 (0.0483) acc1: 100.0000 (100.0000) time: 0.1476 data: 0.1115 max mem: 325
Test [100/197] eta: 0:00:02 loss: 0.0311 (0.8460) acc1: 100.0000 (81.1881) time: 0.0269 data: 0.0001 max mem: 325
Test [196/197] eta: 0:00:00 loss: 0.0024 (0.7721) acc1: 100.0000 (82.2335) time: 0.0246 data: 0.0001 max mem: 325
Test Total time: 0:00:05 (5.4104 s / it)
* Acc@1 82.234 loss 0.772 auroc 0.901 f1_score 0.660
  per-class F1 (Test): {'negative': np.float32(0.895), 'itc': np.float32(0.333), 'micro': np.float32(0.516), 'macro': np.float32(0.894)}
  [DIAG] Tier1 сам по собі: acc=83.566 f1_macro=0.589

============================================================
FINAL EPOCH (19) RESULTS (DTFD-ASMIL v2):
  test_auc=0.9008 test_acc=82.23 test_f1(macro)=0.6596
  [DIAG] Tier1 сам по собі: acc=83.566 f1_macro=0.589
  test per-class F1: {'negative': np.float32(0.895), 'itc': np.float32(0.333), 'micro': np.float32(0.516), 'macro': np.float32(0.894)}
  test confusion matrix (rows=true, cols=pred):
          negative         itc       micro       macro
negative        107           8           3           3
     itc          9           5           2           0
   micro          2           1           8           7
   macro          0           0           0          42
============================================================
Best epoch: {'epoch': 19, 'val_f1': 0.523809552192688, 'val_auc': 0.8660398721694946, 'test_f1': 0.6596192121505737, 'test_auc': 0.9007752537727356}
