wandb: Tracking run with wandb version 0.28.0
wandb: W&B syncing is set to `offline` in this directory. Run `wandb online` or set WANDB_MODE=online to enable cloud syncing.
wandb: Run data is saved locally in /data/bohatyrenko1/EXPERIMENTS_2/Hi-MoE_MIL/wandb/offline-run-20260925_103036-mz96x68s
wandb: View this run in the terminal with `wandb leet`
Used config (DTFD-ASMIL v2):
{'B': 1,
 'D_feat': 384,
 'D_inner': 128,
 'M': None,
 'ckpt_dir': 'ckpt/c17_dtfd_v2_20ep_seed2',
 'config': 'config/camelyon17_vitsdino_config_20ep.yml',
 'dataset': 'camelyon17',
 'lr': 0.0001,
 'min_lr': 1e-06,
 'n_class': 4,
 'n_token': 8,
 'n_worker': 4,
 'pin_memory': True,
 'pretrain': 'medical_ssl',
 'seed': 2,
 'splits_dir': '/data/bohatyrenko1/EXPERIMENTS_2/ASMIL/splits_paper',
 'test_dir': '/data/bohatyrenko1/features_vitsdino_camelyon17_train',
 'tier1_weight': 0.1,
 'tier2_D_inner': None,
 'tier2_n_heads': 4,
 'train_dir': '/data/bohatyrenko1/features_vitsdino_camelyon17_train',
 'train_epoch': 20,
 'wandb_mode': 'offline',
 'warmup_epoch': 5,
 'wd': 1e-05}
M (псевдо-bags) = 8, tier1_weight = 0.1
Class weights: [0.3757062256336212, 3.694444417953491, 1.6219512224197388, 2.2166666984558105]
Epoch: [0] [  0/266] eta: 0:02:29 lr: 0.000000 tier1_loss: 1.4269 (1.4269) tier2_loss: 1.2526 (1.2526) time: 0.5629 data: 0.0566 max mem: 41
Epoch: [0] [100/266] eta: 0:00:19 lr: 0.000008 tier1_loss: 1.3625 (1.3948) tier2_loss: 0.7440 (1.2078) time: 0.1105 data: 0.0001 max mem: 326
Epoch: [0] [200/266] eta: 0:00:07 lr: 0.000015 tier1_loss: 0.9763 (1.3406) tier2_loss: 0.2502 (1.1623) time: 0.1110 data: 0.0001 max mem: 326
Epoch: [0] [265/266] eta: 0:00:00 lr: 0.000020 tier1_loss: 0.7058 (1.2871) tier2_loss: 0.1963 (1.1604) time: 0.0959 data: 0.0001 max mem: 326
Epoch: [0] Total time: 0:00:29 (29.7203 s / it)
Val [ 0/29] eta: 0:00:04 loss: 0.1590 (0.1590) acc1: 100.0000 (100.0000) time: 0.1690 data: 0.1062 max mem: 326
Val [28/29] eta: 0:00:00 loss: 0.1641 (1.0373) acc1: 100.0000 (68.9655) time: 0.0365 data: 0.0001 max mem: 326
Val Total time: 0:00:01 (1.2518 s / it)
* Acc@1 68.966 loss 1.037 auroc 0.595 f1_score 0.204
  per-class F1 (Val): {'negative': np.float32(0.816), 'itc': np.float32(0.0), 'micro': np.float32(0.0), 'macro': np.float32(0.0)}
  [DIAG] Tier1 сам по собі: acc=68.966 f1_macro=0.204
Test [  0/197] eta: 0:00:33 loss: 3.0011 (3.0011) acc1: 0.0000 (0.0000) time: 0.1679 data: 0.1277 max mem: 326
Test [100/197] eta: 0:00:03 loss: 0.1667 (1.3128) acc1: 100.0000 (59.4059) time: 0.0349 data: 0.0001 max mem: 326
Test [196/197] eta: 0:00:00 loss: 0.1551 (1.2454) acc1: 100.0000 (61.4213) time: 0.0285 data: 0.0001 max mem: 326
Test Total time: 0:00:06 (6.6091 s / it)
* Acc@1 61.421 loss 1.245 auroc 0.551 f1_score 0.190
  per-class F1 (Test): {'negative': np.float32(0.761), 'itc': np.float32(0.0), 'micro': np.float32(0.0), 'macro': np.float32(0.0)}
  [DIAG] Tier1 сам по собі: acc=61.421 f1_macro=0.190

Epoch: [1] [  0/266] eta: 0:01:06 lr: 0.000020 tier1_loss: 0.6615 (0.6615) tier2_loss: 0.2244 (0.2244) time: 0.2517 data: 0.1151 max mem: 326
Epoch: [1] [100/266] eta: 0:00:17 lr: 0.000028 tier1_loss: 0.3993 (1.0433) tier2_loss: 0.1864 (1.1356) time: 0.1072 data: 0.0001 max mem: 326
Epoch: [1] [200/266] eta: 0:00:06 lr: 0.000035 tier1_loss: 0.2295 (0.9843) tier2_loss: 0.1026 (1.0783) time: 0.0997 data: 0.0001 max mem: 326
Epoch: [1] [265/266] eta: 0:00:00 lr: 0.000040 tier1_loss: 0.1925 (1.0444) tier2_loss: 0.1676 (1.1504) time: 0.1013 data: 0.0001 max mem: 326
Epoch: [1] Total time: 0:00:27 (27.7563 s / it)
Val [ 0/29] eta: 0:00:04 loss: 0.1234 (0.1234) acc1: 100.0000 (100.0000) time: 0.1541 data: 0.1155 max mem: 326
Val [28/29] eta: 0:00:00 loss: 0.1122 (1.1079) acc1: 100.0000 (68.9655) time: 0.0289 data: 0.0001 max mem: 326
Val Total time: 0:00:01 (1.0297 s / it)
* Acc@1 68.966 loss 1.108 auroc 0.582 f1_score 0.204
  per-class F1 (Val): {'negative': np.float32(0.816), 'itc': np.float32(0.0), 'micro': np.float32(0.0), 'macro': np.float32(0.0)}
  [DIAG] Tier1 сам по собі: acc=68.966 f1_macro=0.204
Test [  0/197] eta: 0:00:29 loss: 3.3983 (3.3983) acc1: 0.0000 (0.0000) time: 0.1515 data: 0.1119 max mem: 326
Test [100/197] eta: 0:00:03 loss: 0.1098 (1.4027) acc1: 100.0000 (59.4059) time: 0.0374 data: 0.0001 max mem: 326
Test [196/197] eta: 0:00:00 loss: 0.1002 (1.3309) acc1: 100.0000 (61.4213) time: 0.0298 data: 0.0001 max mem: 326
Test Total time: 0:00:06 (6.4955 s / it)
* Acc@1 61.421 loss 1.331 auroc 0.637 f1_score 0.190
  per-class F1 (Test): {'negative': np.float32(0.761), 'itc': np.float32(0.0), 'micro': np.float32(0.0), 'macro': np.float32(0.0)}
  [DIAG] Tier1 сам по собі: acc=61.421 f1_macro=0.190

Epoch: [2] [  0/266] eta: 0:01:02 lr: 0.000040 tier1_loss: 2.7609 (2.7609) tier2_loss: 3.0360 (3.0360) time: 0.2357 data: 0.1135 max mem: 326
Epoch: [2] [100/266] eta: 0:00:17 lr: 0.000048 tier1_loss: 0.1800 (1.1452) tier2_loss: 0.1380 (1.1720) time: 0.1006 data: 0.0001 max mem: 326
Epoch: [2] [200/266] eta: 0:00:06 lr: 0.000055 tier1_loss: 0.1406 (1.1377) tier2_loss: 0.1968 (1.1599) time: 0.0986 data: 0.0001 max mem: 326
Epoch: [2] [265/266] eta: 0:00:00 lr: 0.000060 tier1_loss: 0.1455 (1.1124) tier2_loss: 0.1395 (1.1383) time: 0.1043 data: 0.0001 max mem: 326
Epoch: [2] Total time: 0:00:27 (27.5221 s / it)
Val [ 0/29] eta: 0:00:04 loss: 0.0924 (0.0924) acc1: 100.0000 (100.0000) time: 0.1664 data: 0.1290 max mem: 326
Val [28/29] eta: 0:00:00 loss: 0.1201 (1.1076) acc1: 100.0000 (68.9655) time: 0.0289 data: 0.0001 max mem: 326
Val Total time: 0:00:01 (1.0149 s / it)
* Acc@1 68.966 loss 1.108 auroc 0.646 f1_score 0.204
  per-class F1 (Val): {'negative': np.float32(0.816), 'itc': np.float32(0.0), 'micro': np.float32(0.0), 'macro': np.float32(0.0)}
  [DIAG] Tier1 сам по собі: acc=68.966 f1_macro=0.204
Test [  0/197] eta: 0:00:30 loss: 3.3685 (3.3685) acc1: 0.0000 (0.0000) time: 0.1528 data: 0.1086 max mem: 326
Test [100/197] eta: 0:00:03 loss: 0.1115 (1.3926) acc1: 100.0000 (59.4059) time: 0.0381 data: 0.0001 max mem: 326
Test [196/197] eta: 0:00:00 loss: 0.1035 (1.3028) acc1: 100.0000 (61.4213) time: 0.0278 data: 0.0001 max mem: 326
Test Total time: 0:00:06 (6.4411 s / it)
* Acc@1 61.421 loss 1.303 auroc 0.602 f1_score 0.190
  per-class F1 (Test): {'negative': np.float32(0.761), 'itc': np.float32(0.0), 'micro': np.float32(0.0), 'macro': np.float32(0.0)}
  [DIAG] Tier1 сам по собі: acc=61.421 f1_macro=0.190

Epoch: [3] [  0/266] eta: 0:01:01 lr: 0.000060 tier1_loss: 0.1224 (0.1224) tier2_loss: 0.1002 (0.1002) time: 0.2329 data: 0.0955 max mem: 326
Epoch: [3] [100/266] eta: 0:00:16 lr: 0.000068 tier1_loss: 0.3609 (1.2957) tier2_loss: 1.2827 (1.2290) time: 0.1116 data: 0.0001 max mem: 326
Epoch: [3] [200/266] eta: 0:00:06 lr: 0.000075 tier1_loss: 0.1263 (1.0818) tier2_loss: 0.0579 (1.0795) time: 0.0986 data: 0.0001 max mem: 326
Epoch: [3] [265/266] eta: 0:00:00 lr: 0.000080 tier1_loss: 0.1240 (1.0863) tier2_loss: 0.0957 (1.1106) time: 0.0953 data: 0.0001 max mem: 326
Epoch: [3] Total time: 0:00:26 (26.8741 s / it)
Val [ 0/29] eta: 0:00:04 loss: 0.0898 (0.0898) acc1: 100.0000 (100.0000) time: 0.1582 data: 0.1194 max mem: 326
Val [28/29] eta: 0:00:00 loss: 0.0823 (1.1732) acc1: 100.0000 (68.9655) time: 0.0286 data: 0.0001 max mem: 326
Val Total time: 0:00:01 (1.0041 s / it)
* Acc@1 68.966 loss 1.173 auroc 0.656 f1_score 0.204
  per-class F1 (Val): {'negative': np.float32(0.816), 'itc': np.float32(0.0), 'micro': np.float32(0.0), 'macro': np.float32(0.0)}
  [DIAG] Tier1 сам по собі: acc=68.966 f1_macro=0.204
Test [  0/197] eta: 0:00:29 loss: 3.4166 (3.4166) acc1: 0.0000 (0.0000) time: 0.1491 data: 0.1150 max mem: 326
Test [100/197] eta: 0:00:03 loss: 0.0783 (1.4185) acc1: 100.0000 (59.4059) time: 0.0375 data: 0.0001 max mem: 326
Test [196/197] eta: 0:00:00 loss: 0.0777 (1.3292) acc1: 100.0000 (61.4213) time: 0.0299 data: 0.0001 max mem: 326
Test Total time: 0:00:06 (6.7641 s / it)
* Acc@1 61.421 loss 1.329 auroc 0.668 f1_score 0.190
  per-class F1 (Test): {'negative': np.float32(0.761), 'itc': np.float32(0.0), 'micro': np.float32(0.0), 'macro': np.float32(0.0)}
  [DIAG] Tier1 сам по собі: acc=61.421 f1_macro=0.190

Epoch: [4] [  0/266] eta: 0:01:13 lr: 0.000080 tier1_loss: 3.4696 (3.4696) tier2_loss: 3.9865 (3.9865) time: 0.2781 data: 0.1140 max mem: 326
Epoch: [4] [100/266] eta: 0:00:19 lr: 0.000088 tier1_loss: 0.1630 (1.1145) tier2_loss: 0.2276 (1.0995) time: 0.1122 data: 0.0001 max mem: 326
Epoch: [4] [200/266] eta: 0:00:07 lr: 0.000095 tier1_loss: 0.1704 (1.1096) tier2_loss: 0.1019 (1.1252) time: 0.1085 data: 0.0001 max mem: 326
Epoch: [4] [265/266] eta: 0:00:00 lr: 0.000100 tier1_loss: 0.1233 (1.0784) tier2_loss: 0.1250 (1.0961) time: 0.1098 data: 0.0001 max mem: 326
Epoch: [4] Total time: 0:00:30 (30.2362 s / it)
Val [ 0/29] eta: 0:00:05 loss: 0.0857 (0.0857) acc1: 100.0000 (100.0000) time: 0.1863 data: 0.1307 max mem: 326
Val [28/29] eta: 0:00:00 loss: 0.0869 (1.1498) acc1: 100.0000 (68.9655) time: 0.0302 data: 0.0001 max mem: 326
Val Total time: 0:00:01 (1.1042 s / it)
* Acc@1 68.966 loss 1.150 auroc 0.645 f1_score 0.204
  per-class F1 (Val): {'negative': np.float32(0.816), 'itc': np.float32(0.0), 'micro': np.float32(0.0), 'macro': np.float32(0.0)}
  [DIAG] Tier1 сам по собі: acc=68.966 f1_macro=0.204
Test [  0/197] eta: 0:00:29 loss: 3.3294 (3.3294) acc1: 0.0000 (0.0000) time: 0.1507 data: 0.1127 max mem: 326
Test [100/197] eta: 0:00:03 loss: 0.0821 (1.3160) acc1: 100.0000 (62.3762) time: 0.0299 data: 0.0001 max mem: 326
Test [196/197] eta: 0:00:00 loss: 0.0810 (1.1797) acc1: 100.0000 (65.9898) time: 0.0378 data: 0.0001 max mem: 326
Test Total time: 0:00:06 (6.3210 s / it)
* Acc@1 65.990 loss 1.180 auroc 0.679 f1_score 0.284
  per-class F1 (Test): {'negative': np.float32(0.783), 'itc': np.float32(0.0), 'micro': np.float32(0.0), 'macro': np.float32(0.353)}
  [DIAG] Tier1 сам по собі: acc=62.183 f1_macro=0.208

Epoch: [5] [  0/266] eta: 0:01:20 lr: 0.000100 tier1_loss: 0.1125 (0.1125) tier2_loss: 0.1087 (0.1087) time: 0.3041 data: 0.1500 max mem: 326
Epoch: [5] [100/266] eta: 0:00:19 lr: 0.000100 tier1_loss: 0.1611 (0.9448) tier2_loss: 0.2222 (0.9500) time: 0.1132 data: 0.0001 max mem: 326
Epoch: [5] [200/266] eta: 0:00:07 lr: 0.000099 tier1_loss: 0.2276 (0.9777) tier2_loss: 0.1690 (0.9999) time: 0.1117 data: 0.0001 max mem: 326
Epoch: [5] [265/266] eta: 0:00:00 lr: 0.000099 tier1_loss: 0.1232 (1.0284) tier2_loss: 0.2220 (1.0533) time: 0.1045 data: 0.0001 max mem: 326
Epoch: [5] Total time: 0:00:30 (30.2328 s / it)
Val [ 0/29] eta: 0:00:04 loss: 0.2571 (0.2571) acc1: 100.0000 (100.0000) time: 0.1502 data: 0.1176 max mem: 326
Val [28/29] eta: 0:00:00 loss: 0.2115 (0.9771) acc1: 100.0000 (68.9655) time: 0.0285 data: 0.0001 max mem: 326
Val Total time: 0:00:00 (0.9971 s / it)
* Acc@1 68.966 loss 0.977 auroc 0.615 f1_score 0.204
  per-class F1 (Val): {'negative': np.float32(0.816), 'itc': np.float32(0.0), 'micro': np.float32(0.0), 'macro': np.float32(0.0)}
  [DIAG] Tier1 сам по собі: acc=68.966 f1_macro=0.204
Test [  0/197] eta: 0:00:30 loss: 2.7755 (2.7755) acc1: 0.0000 (0.0000) time: 0.1566 data: 0.1208 max mem: 326
Test [100/197] eta: 0:00:03 loss: 0.2164 (0.9807) acc1: 100.0000 (67.3267) time: 0.0296 data: 0.0001 max mem: 326
Test [196/197] eta: 0:00:00 loss: 0.1961 (0.8675) acc1: 100.0000 (71.5736) time: 0.0328 data: 0.0001 max mem: 326
Test Total time: 0:00:06 (6.3471 s / it)
* Acc@1 71.574 loss 0.868 auroc 0.738 f1_score 0.364
  per-class F1 (Test): {'negative': np.float32(0.812), 'itc': np.float32(0.0), 'micro': np.float32(0.0), 'macro': np.float32(0.645)}
  [DIAG] Tier1 сам по собі: acc=71.320 f1_macro=0.361

Epoch: [6] [  0/266] eta: 0:01:15 lr: 0.000099 tier1_loss: 2.7766 (2.7766) tier2_loss: 2.3976 (2.3976) time: 0.2827 data: 0.1448 max mem: 326
Epoch: [6] [100/266] eta: 0:00:19 lr: 0.000098 tier1_loss: 0.1760 (0.8905) tier2_loss: 0.1432 (0.9146) time: 0.1162 data: 0.0001 max mem: 326
Epoch: [6] [200/266] eta: 0:00:07 lr: 0.000097 tier1_loss: 0.1779 (0.9458) tier2_loss: 0.1657 (0.9850) time: 0.1082 data: 0.0001 max mem: 326
Epoch: [6] [265/266] eta: 0:00:00 lr: 0.000096 tier1_loss: 0.2827 (0.9732) tier2_loss: 0.3263 (1.0140) time: 0.1100 data: 0.0001 max mem: 326
Epoch: [6] Total time: 0:00:29 (29.2055 s / it)
Val [ 0/29] eta: 0:00:04 loss: 0.2158 (0.2158) acc1: 100.0000 (100.0000) time: 0.1636 data: 0.1252 max mem: 326
Val [28/29] eta: 0:00:00 loss: 0.2218 (1.0089) acc1: 100.0000 (72.4138) time: 0.0284 data: 0.0001 max mem: 326
Val Total time: 0:00:01 (1.0068 s / it)
* Acc@1 72.414 loss 1.009 auroc 0.652 f1_score 0.308
  per-class F1 (Val): {'negative': np.float32(0.833), 'itc': np.float32(0.0), 'micro': np.float32(0.0), 'macro': np.float32(0.4)}
  [DIAG] Tier1 сам по собі: acc=72.414 f1_macro=0.308
Test [  0/197] eta: 0:00:28 loss: 2.3180 (2.3180) acc1: 0.0000 (0.0000) time: 0.1442 data: 0.1086 max mem: 326
Test [100/197] eta: 0:00:02 loss: 0.1962 (0.8726) acc1: 100.0000 (72.2772) time: 0.0295 data: 0.0001 max mem: 326
Test [196/197] eta: 0:00:00 loss: 0.1558 (0.7493) acc1: 100.0000 (77.1574) time: 0.0334 data: 0.0001 max mem: 326
Test Total time: 0:00:06 (6.2558 s / it)
* Acc@1 77.157 loss 0.749 auroc 0.758 f1_score 0.421
  per-class F1 (Test): {'negative': np.float32(0.846), 'itc': np.float32(0.0), 'micro': np.float32(0.0), 'macro': np.float32(0.838)}
  [DIAG] Tier1 сам по собі: acc=76.332 f1_macro=0.414

Epoch: [7] [  0/266] eta: 0:01:11 lr: 0.000096 tier1_loss: 0.1296 (0.1296) tier2_loss: 0.1753 (0.1753) time: 0.2676 data: 0.1402 max mem: 326
Epoch: [7] [100/266] eta: 0:00:17 lr: 0.000094 tier1_loss: 0.2662 (0.8448) tier2_loss: 0.1542 (0.8707) time: 0.0980 data: 0.0001 max mem: 326
Epoch: [7] [200/266] eta: 0:00:06 lr: 0.000092 tier1_loss: 0.1541 (0.8826) tier2_loss: 0.1203 (0.9408) time: 0.1012 data: 0.0001 max mem: 326
Epoch: [7] [265/266] eta: 0:00:00 lr: 0.000091 tier1_loss: 0.0729 (0.8081) tier2_loss: 0.0639 (0.8570) time: 0.1027 data: 0.0001 max mem: 326
Epoch: [7] Total time: 0:00:27 (27.4650 s / it)
Val [ 0/29] eta: 0:00:05 loss: 0.0425 (0.0425) acc1: 100.0000 (100.0000) time: 0.1864 data: 0.1391 max mem: 326
Val [28/29] eta: 0:00:00 loss: 0.0391 (1.1163) acc1: 100.0000 (75.8621) time: 0.0278 data: 0.0001 max mem: 326
Val Total time: 0:00:01 (1.0113 s / it)
* Acc@1 75.862 loss 1.116 auroc 0.749 f1_score 0.379
  per-class F1 (Val): {'negative': np.float32(0.851), 'itc': np.float32(0.0), 'micro': np.float32(0.0), 'macro': np.float32(0.667)}
  [DIAG] Tier1 сам по собі: acc=75.000 f1_macro=0.364
Test [  0/197] eta: 0:00:27 loss: 4.3581 (4.3581) acc1: 0.0000 (0.0000) time: 0.1375 data: 0.0982 max mem: 326
Test [100/197] eta: 0:00:02 loss: 0.0394 (0.9920) acc1: 100.0000 (75.2475) time: 0.0292 data: 0.0001 max mem: 326
Test [196/197] eta: 0:00:00 loss: 0.0358 (0.7626) acc1: 100.0000 (81.2183) time: 0.0280 data: 0.0001 max mem: 326
Test Total time: 0:00:05 (5.8713 s / it)
* Acc@1 81.218 loss 0.763 auroc 0.810 f1_score 0.451
  per-class F1 (Test): {'negative': np.float32(0.877), 'itc': np.float32(0.0), 'micro': np.float32(0.0), 'macro': np.float32(0.929)}
  [DIAG] Tier1 сам по собі: acc=80.520 f1_macro=0.447

Epoch: [8] [  0/266] eta: 0:01:05 lr: 0.000091 tier1_loss: 0.0421 (0.0421) tier2_loss: 0.0424 (0.0424) time: 0.2461 data: 0.0967 max mem: 326
Epoch: [8] [100/266] eta: 0:00:19 lr: 0.000088 tier1_loss: 0.1361 (0.8657) tier2_loss: 0.1211 (0.9226) time: 0.1113 data: 0.0001 max mem: 326
Epoch: [8] [200/266] eta: 0:00:07 lr: 0.000085 tier1_loss: 0.0467 (0.7324) tier2_loss: 0.0429 (0.7585) time: 0.1058 data: 0.0001 max mem: 326
Epoch: [8] [265/266] eta: 0:00:00 lr: 0.000084 tier1_loss: 0.0678 (0.7194) tier2_loss: 0.0408 (0.7495) time: 0.0973 data: 0.0001 max mem: 326
Epoch: [8] Total time: 0:00:29 (29.7325 s / it)
Val [ 0/29] eta: 0:00:04 loss: 0.0240 (0.0240) acc1: 100.0000 (100.0000) time: 0.1493 data: 0.1069 max mem: 326
Val [28/29] eta: 0:00:00 loss: 0.0375 (0.9255) acc1: 100.0000 (79.3103) time: 0.0278 data: 0.0001 max mem: 326
Val Total time: 0:00:00 (0.9841 s / it)
* Acc@1 79.310 loss 0.926 auroc 0.751 f1_score 0.489
  per-class F1 (Val): {'negative': np.float32(0.889), 'itc': np.float32(0.0), 'micro': np.float32(0.4), 'macro': np.float32(0.667)}
  [DIAG] Tier1 сам по собі: acc=81.466 f1_macro=0.525
Test [  0/197] eta: 0:00:31 loss: 1.0741 (1.0741) acc1: 0.0000 (0.0000) time: 0.1579 data: 0.1258 max mem: 326
Test [100/197] eta: 0:00:02 loss: 0.0272 (0.6741) acc1: 100.0000 (80.1980) time: 0.0297 data: 0.0001 max mem: 326
Test [196/197] eta: 0:00:00 loss: 0.0264 (0.5654) acc1: 100.0000 (83.7563) time: 0.0276 data: 0.0001 max mem: 326
Test Total time: 0:00:05 (5.8375 s / it)
* Acc@1 83.756 loss 0.565 auroc 0.853 f1_score 0.584
  per-class F1 (Test): {'negative': np.float32(0.898), 'itc': np.float32(0.0), 'micro': np.float32(0.5), 'macro': np.float32(0.938)}
  [DIAG] Tier1 сам по собі: acc=82.360 f1_macro=0.459

Epoch: [9] [  0/266] eta: 0:01:02 lr: 0.000084 tier1_loss: 3.6797 (3.6797) tier2_loss: 4.1806 (4.1806) time: 0.2351 data: 0.1105 max mem: 326
Epoch: [9] [100/266] eta: 0:00:18 lr: 0.000081 tier1_loss: 0.0557 (0.6418) tier2_loss: 0.0365 (0.6784) time: 0.0968 data: 0.0001 max mem: 326
Epoch: [9] [200/266] eta: 0:00:07 lr: 0.000077 tier1_loss: 0.0335 (0.5977) tier2_loss: 0.0180 (0.6075) time: 0.1108 data: 0.0001 max mem: 326
Epoch: [9] [265/266] eta: 0:00:00 lr: 0.000075 tier1_loss: 0.0657 (0.5836) tier2_loss: 0.0335 (0.5705) time: 0.1087 data: 0.0001 max mem: 326
Epoch: [9] Total time: 0:00:29 (29.8621 s / it)
Val [ 0/29] eta: 0:00:04 loss: 0.0348 (0.0348) acc1: 100.0000 (100.0000) time: 0.1507 data: 0.1176 max mem: 326
Val [28/29] eta: 0:00:00 loss: 0.0320 (0.9582) acc1: 100.0000 (79.3103) time: 0.0281 data: 0.0001 max mem: 326
Val Total time: 0:00:00 (0.9807 s / it)
* Acc@1 79.310 loss 0.958 auroc 0.785 f1_score 0.530
  per-class F1 (Val): {'negative': np.float32(0.884), 'itc': np.float32(0.0), 'micro': np.float32(0.571), 'macro': np.float32(0.667)}
  [DIAG] Tier1 сам по собі: acc=79.310 f1_macro=0.532
Test [  0/197] eta: 0:00:29 loss: 0.0450 (0.0450) acc1: 100.0000 (100.0000) time: 0.1482 data: 0.1116 max mem: 326
Test [100/197] eta: 0:00:03 loss: 0.0340 (0.6183) acc1: 100.0000 (84.1584) time: 0.0308 data: 0.0001 max mem: 326
Test [196/197] eta: 0:00:00 loss: 0.0227 (0.5628) acc1: 100.0000 (85.2792) time: 0.0296 data: 0.0001 max mem: 326
Test Total time: 0:00:06 (6.1041 s / it)
* Acc@1 85.279 loss 0.563 auroc 0.864 f1_score 0.621
  per-class F1 (Test): {'negative': np.float32(0.921), 'itc': np.float32(0.0), 'micro': np.float32(0.636), 'macro': np.float32(0.925)}
  [DIAG] Tier1 сам по собі: acc=84.962 f1_macro=0.610

Epoch: [10] [  0/266] eta: 0:01:04 lr: 0.000075 tier1_loss: 0.1147 (0.1147) tier2_loss: 0.0277 (0.0277) time: 0.2410 data: 0.1072 max mem: 326
Epoch: [10] [100/266] eta: 0:00:19 lr: 0.000072 tier1_loss: 0.0418 (0.4511) tier2_loss: 0.0135 (0.3539) time: 0.1097 data: 0.0001 max mem: 326
Epoch: [10] [200/266] eta: 0:00:07 lr: 0.000068 tier1_loss: 0.0688 (0.5588) tier2_loss: 0.0172 (0.4760) time: 0.0973 data: 0.0001 max mem: 326
Epoch: [10] [265/266] eta: 0:00:00 lr: 0.000066 tier1_loss: 0.0493 (0.5362) tier2_loss: 0.0165 (0.4711) time: 0.0960 data: 0.0001 max mem: 326
Epoch: [10] Total time: 0:00:28 (28.9541 s / it)
Val [ 0/29] eta: 0:00:04 loss: 0.0151 (0.0151) acc1: 100.0000 (100.0000) time: 0.1473 data: 0.1124 max mem: 326
Val [28/29] eta: 0:00:00 loss: 0.0123 (1.1312) acc1: 100.0000 (75.8621) time: 0.0297 data: 0.0001 max mem: 326
Val Total time: 0:00:01 (1.0321 s / it)
* Acc@1 75.862 loss 1.131 auroc 0.769 f1_score 0.506
  per-class F1 (Val): {'negative': np.float32(0.857), 'itc': np.float32(0.0), 'micro': np.float32(0.5), 'macro': np.float32(0.667)}
  [DIAG] Tier1 сам по собі: acc=78.879 f1_macro=0.523
Test [  0/197] eta: 0:00:28 loss: 0.0885 (0.0885) acc1: 100.0000 (100.0000) time: 0.1454 data: 0.0994 max mem: 326
Test [100/197] eta: 0:00:03 loss: 0.0151 (0.6694) acc1: 100.0000 (85.1485) time: 0.0309 data: 0.0001 max mem: 326
Test [196/197] eta: 0:00:00 loss: 0.0097 (0.6464) acc1: 100.0000 (84.7716) time: 0.0287 data: 0.0001 max mem: 326
Test Total time: 0:00:06 (6.1087 s / it)
* Acc@1 84.772 loss 0.646 auroc 0.889 f1_score 0.602
  per-class F1 (Test): {'negative': np.float32(0.913), 'itc': np.float32(0.0), 'micro': np.float32(0.571), 'macro': np.float32(0.923)}
  [DIAG] Tier1 сам по собі: acc=85.343 f1_macro=0.618

Epoch: [11] [  0/266] eta: 0:01:00 lr: 0.000066 tier1_loss: 0.0532 (0.0532) tier2_loss: 0.0149 (0.0149) time: 0.2269 data: 0.0964 max mem: 326
Epoch: [11] [100/266] eta: 0:00:18 lr: 0.000062 tier1_loss: 0.0322 (0.4784) tier2_loss: 0.0111 (0.4026) time: 0.1045 data: 0.0001 max mem: 326
Epoch: [11] [200/266] eta: 0:00:07 lr: 0.000058 tier1_loss: 0.0370 (0.4538) tier2_loss: 0.0080 (0.3755) time: 0.1091 data: 0.0001 max mem: 326
Epoch: [11] [265/266] eta: 0:00:00 lr: 0.000056 tier1_loss: 0.0359 (0.5240) tier2_loss: 0.0105 (0.4594) time: 0.1058 data: 0.0001 max mem: 326
Epoch: [11] Total time: 0:00:28 (28.8173 s / it)
Val [ 0/29] eta: 0:00:04 loss: 0.0228 (0.0228) acc1: 100.0000 (100.0000) time: 0.1592 data: 0.1272 max mem: 326
Val [28/29] eta: 0:00:00 loss: 0.0136 (1.0415) acc1: 100.0000 (79.3103) time: 0.0274 data: 0.0001 max mem: 326
Val Total time: 0:00:00 (0.9890 s / it)
* Acc@1 79.310 loss 1.042 auroc 0.833 f1_score 0.554
  per-class F1 (Val): {'negative': np.float32(0.884), 'itc': np.float32(0.0), 'micro': np.float32(0.667), 'macro': np.float32(0.667)}
  [DIAG] Tier1 сам по собі: acc=80.172 f1_macro=0.537
Test [  0/197] eta: 0:00:30 loss: 0.0435 (0.0435) acc1: 100.0000 (100.0000) time: 0.1562 data: 0.1193 max mem: 326
Test [100/197] eta: 0:00:02 loss: 0.0170 (0.6058) acc1: 100.0000 (87.1287) time: 0.0290 data: 0.0001 max mem: 326
Test [196/197] eta: 0:00:00 loss: 0.0122 (0.5427) acc1: 100.0000 (88.8325) time: 0.0293 data: 0.0001 max mem: 326
Test Total time: 0:00:05 (5.9363 s / it)
* Acc@1 88.832 loss 0.543 auroc 0.857 f1_score 0.718
  per-class F1 (Test): {'negative': np.float32(0.93), 'itc': np.float32(0.222), 'micro': np.float32(0.765), 'macro': np.float32(0.953)}
  [DIAG] Tier1 сам по собі: acc=85.914 f1_macro=0.621

Epoch: [12] [  0/266] eta: 0:01:02 lr: 0.000056 tier1_loss: 1.1277 (1.1277) tier2_loss: 2.8033 (2.8033) time: 0.2336 data: 0.1156 max mem: 326
Epoch: [12] [100/266] eta: 0:00:19 lr: 0.000052 tier1_loss: 0.0843 (0.4526) tier2_loss: 0.0081 (0.2438) time: 0.1154 data: 0.0001 max mem: 326
Epoch: [12] [200/266] eta: 0:00:07 lr: 0.000048 tier1_loss: 0.0465 (0.4553) tier2_loss: 0.0069 (0.2406) time: 0.0972 data: 0.0001 max mem: 326
Epoch: [12] [265/266] eta: 0:00:00 lr: 0.000045 tier1_loss: 0.0575 (0.4984) tier2_loss: 0.0153 (0.3314) time: 0.0981 data: 0.0001 max mem: 326
Epoch: [12] Total time: 0:00:29 (29.3815 s / it)
Val [ 0/29] eta: 0:00:04 loss: 0.0776 (0.0776) acc1: 100.0000 (100.0000) time: 0.1587 data: 0.1279 max mem: 326
Val [28/29] eta: 0:00:00 loss: 0.0182 (1.2305) acc1: 100.0000 (75.8621) time: 0.0278 data: 0.0001 max mem: 326
Val Total time: 0:00:00 (0.9736 s / it)
* Acc@1 75.862 loss 1.230 auroc 0.795 f1_score 0.524
  per-class F1 (Val): {'negative': np.float32(0.857), 'itc': np.float32(0.0), 'micro': np.float32(0.571), 'macro': np.float32(0.667)}
  [DIAG] Tier1 сам по собі: acc=80.603 f1_macro=0.543
Test [  0/197] eta: 0:00:31 loss: 0.0245 (0.0245) acc1: 100.0000 (100.0000) time: 0.1594 data: 0.1155 max mem: 326
Test [100/197] eta: 0:00:02 loss: 0.0402 (0.5510) acc1: 100.0000 (86.1386) time: 0.0291 data: 0.0001 max mem: 326
Test [196/197] eta: 0:00:00 loss: 0.0221 (0.5209) acc1: 100.0000 (87.8173) time: 0.0283 data: 0.0001 max mem: 326
Test Total time: 0:00:05 (5.8515 s / it)
* Acc@1 87.817 loss 0.521 auroc 0.882 f1_score 0.721
  per-class F1 (Test): {'negative': np.float32(0.929), 'itc': np.float32(0.286), 'micro': np.float32(0.718), 'macro': np.float32(0.951)}
  [DIAG] Tier1 сам по собі: acc=86.548 f1_macro=0.633

Epoch: [13] [  0/266] eta: 0:01:11 lr: 0.000045 tier1_loss: 0.0099 (0.0099) tier2_loss: 0.0090 (0.0090) time: 0.2689 data: 0.1473 max mem: 326
Epoch: [13] [100/266] eta: 0:00:19 lr: 0.000041 tier1_loss: 0.0546 (0.5621) tier2_loss: 0.0058 (0.3294) time: 0.1165 data: 0.0001 max mem: 326
Epoch: [13] [200/266] eta: 0:00:07 lr: 0.000038 tier1_loss: 0.0485 (0.4725) tier2_loss: 0.0067 (0.3405) time: 0.1134 data: 0.0001 max mem: 326
Epoch: [13] [265/266] eta: 0:00:00 lr: 0.000035 tier1_loss: 0.0516 (0.4751) tier2_loss: 0.0074 (0.3530) time: 0.1076 data: 0.0001 max mem: 326
Epoch: [13] Total time: 0:00:30 (30.9722 s / it)
Val [ 0/29] eta: 0:00:04 loss: 0.0193 (0.0193) acc1: 100.0000 (100.0000) time: 0.1689 data: 0.1280 max mem: 326
Val [28/29] eta: 0:00:00 loss: 0.0060 (1.2380) acc1: 100.0000 (75.8621) time: 0.0276 data: 0.0001 max mem: 326
Val Total time: 0:00:00 (0.9986 s / it)
* Acc@1 75.862 loss 1.238 auroc 0.829 f1_score 0.524
  per-class F1 (Val): {'negative': np.float32(0.857), 'itc': np.float32(0.0), 'micro': np.float32(0.571), 'macro': np.float32(0.667)}
  [DIAG] Tier1 сам по собі: acc=81.034 f1_macro=0.547
Test [  0/197] eta: 0:00:27 loss: 0.0081 (0.0081) acc1: 100.0000 (100.0000) time: 0.1392 data: 0.1006 max mem: 326
Test [100/197] eta: 0:00:02 loss: 0.0106 (0.6602) acc1: 100.0000 (85.1485) time: 0.0296 data: 0.0001 max mem: 326
Test [196/197] eta: 0:00:00 loss: 0.0066 (0.5698) acc1: 100.0000 (87.8173) time: 0.0278 data: 0.0001 max mem: 326
Test Total time: 0:00:05 (5.9640 s / it)
* Acc@1 87.817 loss 0.570 auroc 0.878 f1_score 0.730
  per-class F1 (Test): {'negative': np.float32(0.933), 'itc': np.float32(0.364), 'micro': np.float32(0.684), 'macro': np.float32(0.938)}
  [DIAG] Tier1 сам по собі: acc=85.977 f1_macro=0.628

Epoch: [14] [  0/266] eta: 0:01:03 lr: 0.000035 tier1_loss: 0.0481 (0.0481) tier2_loss: 0.0112 (0.0112) time: 0.2394 data: 0.1014 max mem: 326
Epoch: [14] [100/266] eta: 0:00:20 lr: 0.000032 tier1_loss: 0.0528 (0.3451) tier2_loss: 0.0069 (0.2279) time: 0.1156 data: 0.0001 max mem: 326
Epoch: [14] [200/266] eta: 0:00:07 lr: 0.000028 tier1_loss: 0.0865 (0.4266) tier2_loss: 0.0057 (0.2703) time: 0.1099 data: 0.0001 max mem: 326
Epoch: [14] [265/266] eta: 0:00:00 lr: 0.000026 tier1_loss: 0.0961 (0.4348) tier2_loss: 0.0148 (0.3089) time: 0.1130 data: 0.0001 max mem: 326
Epoch: [14] Total time: 0:00:31 (31.1403 s / it)
Val [ 0/29] eta: 0:00:04 loss: 0.0224 (0.0224) acc1: 100.0000 (100.0000) time: 0.1601 data: 0.1277 max mem: 326
Val [28/29] eta: 0:00:00 loss: 0.0056 (1.2751) acc1: 100.0000 (75.8621) time: 0.0288 data: 0.0001 max mem: 326
Val Total time: 0:00:01 (1.0288 s / it)
* Acc@1 75.862 loss 1.275 auroc 0.861 f1_score 0.524
  per-class F1 (Val): {'negative': np.float32(0.857), 'itc': np.float32(0.0), 'micro': np.float32(0.571), 'macro': np.float32(0.667)}
  [DIAG] Tier1 сам по собі: acc=79.310 f1_macro=0.530
Test [  0/197] eta: 0:00:34 loss: 0.0100 (0.0100) acc1: 100.0000 (100.0000) time: 0.1757 data: 0.1300 max mem: 326
Test [100/197] eta: 0:00:02 loss: 0.0115 (0.6765) acc1: 100.0000 (87.1287) time: 0.0297 data: 0.0001 max mem: 326
Test [196/197] eta: 0:00:00 loss: 0.0046 (0.6059) acc1: 100.0000 (87.3096) time: 0.0280 data: 0.0001 max mem: 326
Test Total time: 0:00:05 (5.9737 s / it)
* Acc@1 87.310 loss 0.606 auroc 0.881 f1_score 0.714
  per-class F1 (Test): {'negative': np.float32(0.924), 'itc': np.float32(0.273), 'micro': np.float32(0.727), 'macro': np.float32(0.932)}
  [DIAG] Tier1 сам по собі: acc=85.279 f1_macro=0.618

Epoch: [15] [  0/266] eta: 0:01:15 lr: 0.000026 tier1_loss: 0.1191 (0.1191) tier2_loss: 0.0089 (0.0089) time: 0.2821 data: 0.1076 max mem: 326
Epoch: [15] [100/266] eta: 0:00:19 lr: 0.000022 tier1_loss: 0.0542 (0.4126) tier2_loss: 0.0085 (0.3606) time: 0.1122 data: 0.0001 max mem: 326
Epoch: [15] [200/266] eta: 0:00:07 lr: 0.000019 tier1_loss: 0.0526 (0.4490) tier2_loss: 0.0047 (0.3115) time: 0.1088 data: 0.0001 max mem: 326
Epoch: [15] [265/266] eta: 0:00:00 lr: 0.000017 tier1_loss: 0.0645 (0.4461) tier2_loss: 0.0064 (0.2962) time: 0.1054 data: 0.0001 max mem: 326
Epoch: [15] Total time: 0:00:29 (29.6984 s / it)
Val [ 0/29] eta: 0:00:04 loss: 0.0150 (0.0150) acc1: 100.0000 (100.0000) time: 0.1693 data: 0.1295 max mem: 326
Val [28/29] eta: 0:00:00 loss: 0.0041 (1.2970) acc1: 100.0000 (75.8621) time: 0.0274 data: 0.0001 max mem: 326
Val Total time: 0:00:00 (0.9867 s / it)
* Acc@1 75.862 loss 1.297 auroc 0.831 f1_score 0.524
  per-class F1 (Val): {'negative': np.float32(0.857), 'itc': np.float32(0.0), 'micro': np.float32(0.571), 'macro': np.float32(0.667)}
  [DIAG] Tier1 сам по собі: acc=80.603 f1_macro=0.541
Test [  0/197] eta: 0:00:30 loss: 0.0389 (0.0389) acc1: 100.0000 (100.0000) time: 0.1525 data: 0.1139 max mem: 326
Test [100/197] eta: 0:00:03 loss: 0.0082 (0.6845) acc1: 100.0000 (87.1287) time: 0.0315 data: 0.0001 max mem: 326
Test [196/197] eta: 0:00:00 loss: 0.0038 (0.5937) acc1: 100.0000 (88.3249) time: 0.0279 data: 0.0001 max mem: 326
Test Total time: 0:00:06 (6.0550 s / it)
* Acc@1 88.325 loss 0.594 auroc 0.892 f1_score 0.747
  per-class F1 (Test): {'negative': np.float32(0.929), 'itc': np.float32(0.4), 'micro': np.float32(0.714), 'macro': np.float32(0.944)}
  [DIAG] Tier1 сам по собі: acc=85.850 f1_macro=0.624

Epoch: [16] [  0/266] eta: 0:01:01 lr: 0.000017 tier1_loss: 0.0114 (0.0114) tier2_loss: 0.0014 (0.0014) time: 0.2294 data: 0.1055 max mem: 326
Epoch: [16] [100/266] eta: 0:00:18 lr: 0.000015 tier1_loss: 0.0657 (0.4255) tier2_loss: 0.0048 (0.2204) time: 0.1050 data: 0.0001 max mem: 326
Epoch: [16] [200/266] eta: 0:00:06 lr: 0.000012 tier1_loss: 0.0435 (0.3900) tier2_loss: 0.0037 (0.2258) time: 0.1007 data: 0.0001 max mem: 326
Epoch: [16] [265/266] eta: 0:00:00 lr: 0.000010 tier1_loss: 0.0681 (0.4249) tier2_loss: 0.0055 (0.2604) time: 0.1030 data: 0.0001 max mem: 326
Epoch: [16] Total time: 0:00:27 (27.9490 s / it)
Val [ 0/29] eta: 0:00:04 loss: 0.0306 (0.0306) acc1: 100.0000 (100.0000) time: 0.1586 data: 0.1175 max mem: 326
Val [28/29] eta: 0:00:00 loss: 0.0044 (1.4443) acc1: 100.0000 (75.8621) time: 0.0290 data: 0.0001 max mem: 326
Val Total time: 0:00:01 (1.0185 s / it)
* Acc@1 75.862 loss 1.444 auroc 0.861 f1_score 0.524
  per-class F1 (Val): {'negative': np.float32(0.857), 'itc': np.float32(0.0), 'micro': np.float32(0.571), 'macro': np.float32(0.667)}
  [DIAG] Tier1 сам по собі: acc=79.741 f1_macro=0.534
Test [  0/197] eta: 0:00:27 loss: 0.0076 (0.0076) acc1: 100.0000 (100.0000) time: 0.1419 data: 0.1035 max mem: 326
Test [100/197] eta: 0:00:03 loss: 0.0130 (0.6616) acc1: 100.0000 (88.1188) time: 0.0300 data: 0.0001 max mem: 326
Test [196/197] eta: 0:00:00 loss: 0.0041 (0.6025) acc1: 100.0000 (88.3249) time: 0.0278 data: 0.0001 max mem: 326
Test Total time: 0:00:06 (6.0425 s / it)
* Acc@1 88.325 loss 0.603 auroc 0.890 f1_score 0.766
  per-class F1 (Test): {'negative': np.float32(0.92), 'itc': np.float32(0.4), 'micro': np.float32(0.8), 'macro': np.float32(0.944)}
  [DIAG] Tier1 сам по собі: acc=85.533 f1_macro=0.625

Epoch: [17] [  0/266] eta: 0:01:08 lr: 0.000010 tier1_loss: 0.0858 (0.0858) tier2_loss: 0.0033 (0.0033) time: 0.2567 data: 0.1189 max mem: 326
Epoch: [17] [100/266] eta: 0:00:19 lr: 0.000008 tier1_loss: 0.0524 (0.4387) tier2_loss: 0.0051 (0.2740) time: 0.1176 data: 0.0001 max mem: 326
Epoch: [17] [200/266] eta: 0:00:07 lr: 0.000006 tier1_loss: 0.0708 (0.4445) tier2_loss: 0.0068 (0.2491) time: 0.1085 data: 0.0001 max mem: 326
Epoch: [17] [265/266] eta: 0:00:00 lr: 0.000005 tier1_loss: 0.0726 (0.3987) tier2_loss: 0.0056 (0.2486) time: 0.1017 data: 0.0001 max mem: 326
Epoch: [17] Total time: 0:00:29 (29.6698 s / it)
Val [ 0/29] eta: 0:00:04 loss: 0.0266 (0.0266) acc1: 100.0000 (100.0000) time: 0.1658 data: 0.1250 max mem: 326
Val [28/29] eta: 0:00:00 loss: 0.0038 (1.2956) acc1: 100.0000 (79.3103) time: 0.0290 data: 0.0001 max mem: 326
Val Total time: 0:00:00 (0.9987 s / it)
* Acc@1 79.310 loss 1.296 auroc 0.846 f1_score 0.554
  per-class F1 (Val): {'negative': np.float32(0.884), 'itc': np.float32(0.0), 'micro': np.float32(0.667), 'macro': np.float32(0.667)}
  [DIAG] Tier1 сам по собі: acc=79.310 f1_macro=0.530
Test [  0/197] eta: 0:00:29 loss: 0.0156 (0.0156) acc1: 100.0000 (100.0000) time: 0.1496 data: 0.1139 max mem: 326
Test [100/197] eta: 0:00:03 loss: 0.0088 (0.7013) acc1: 100.0000 (87.1287) time: 0.0298 data: 0.0001 max mem: 326
Test [196/197] eta: 0:00:00 loss: 0.0033 (0.6277) acc1: 100.0000 (88.3249) time: 0.0281 data: 0.0001 max mem: 326
Test Total time: 0:00:06 (6.0509 s / it)
* Acc@1 88.325 loss 0.628 auroc 0.899 f1_score 0.748
  per-class F1 (Test): {'negative': np.float32(0.924), 'itc': np.float32(0.348), 'micro': np.float32(0.774), 'macro': np.float32(0.944)}
  [DIAG] Tier1 сам по собі: acc=85.596 f1_macro=0.622

Epoch: [18] [  0/266] eta: 0:01:14 lr: 0.000005 tier1_loss: 0.6026 (0.6026) tier2_loss: 0.0060 (0.0060) time: 0.2800 data: 0.1404 max mem: 326
Epoch: [18] [100/266] eta: 0:00:19 lr: 0.000004 tier1_loss: 0.0581 (0.3923) tier2_loss: 0.0049 (0.2628) time: 0.1079 data: 0.0001 max mem: 326
Epoch: [18] [200/266] eta: 0:00:07 lr: 0.000003 tier1_loss: 0.0556 (0.3495) tier2_loss: 0.0037 (0.2196) time: 0.1076 data: 0.0001 max mem: 326
Epoch: [18] [265/266] eta: 0:00:00 lr: 0.000002 tier1_loss: 0.0505 (0.3898) tier2_loss: 0.0037 (0.2184) time: 0.0968 data: 0.0001 max mem: 326
Epoch: [18] Total time: 0:00:29 (29.0437 s / it)
Val [ 0/29] eta: 0:00:04 loss: 0.0256 (0.0256) acc1: 100.0000 (100.0000) time: 0.1611 data: 0.1251 max mem: 326
Val [28/29] eta: 0:00:00 loss: 0.0028 (1.3444) acc1: 100.0000 (75.8621) time: 0.0294 data: 0.0001 max mem: 326
Val Total time: 0:00:01 (1.1116 s / it)
* Acc@1 75.862 loss 1.344 auroc 0.871 f1_score 0.524
  per-class F1 (Val): {'negative': np.float32(0.857), 'itc': np.float32(0.0), 'micro': np.float32(0.571), 'macro': np.float32(0.667)}
  [DIAG] Tier1 сам по собі: acc=78.879 f1_macro=0.525
Test [  0/197] eta: 0:00:34 loss: 0.0156 (0.0156) acc1: 100.0000 (100.0000) time: 0.1768 data: 0.1325 max mem: 326
Test [100/197] eta: 0:00:03 loss: 0.0095 (0.6826) acc1: 100.0000 (88.1188) time: 0.0307 data: 0.0001 max mem: 326
Test [196/197] eta: 0:00:00 loss: 0.0031 (0.6334) acc1: 100.0000 (86.8020) time: 0.0282 data: 0.0001 max mem: 326
Test Total time: 0:00:06 (6.2573 s / it)
* Acc@1 86.802 loss 0.633 auroc 0.890 f1_score 0.720
  per-class F1 (Test): {'negative': np.float32(0.912), 'itc': np.float32(0.25), 'micro': np.float32(0.774), 'macro': np.float32(0.944)}
  [DIAG] Tier1 сам по собі: acc=85.660 f1_macro=0.624

Epoch: [19] [  0/266] eta: 0:01:05 lr: 0.000002 tier1_loss: 0.0745 (0.0745) tier2_loss: 0.0014 (0.0014) time: 0.2476 data: 0.0984 max mem: 326
Epoch: [19] [100/266] eta: 0:00:19 lr: 0.000001 tier1_loss: 0.0846 (0.5160) tier2_loss: 0.0098 (0.3544) time: 0.1034 data: 0.0001 max mem: 326
Epoch: [19] [200/266] eta: 0:00:07 lr: 0.000001 tier1_loss: 0.0678 (0.4129) tier2_loss: 0.0040 (0.2429) time: 0.1034 data: 0.0001 max mem: 326
Epoch: [19] [265/266] eta: 0:00:00 lr: 0.000001 tier1_loss: 0.0430 (0.3965) tier2_loss: 0.0045 (0.2430) time: 0.1035 data: 0.0001 max mem: 326
Epoch: [19] Total time: 0:00:29 (29.9240 s / it)
Val [ 0/29] eta: 0:00:05 loss: 0.0281 (0.0281) acc1: 100.0000 (100.0000) time: 0.1932 data: 0.1302 max mem: 326
Val [28/29] eta: 0:00:00 loss: 0.0037 (1.4527) acc1: 100.0000 (75.8621) time: 0.0288 data: 0.0001 max mem: 326
Val Total time: 0:00:01 (1.0564 s / it)
* Acc@1 75.862 loss 1.453 auroc 0.862 f1_score 0.524
  per-class F1 (Val): {'negative': np.float32(0.857), 'itc': np.float32(0.0), 'micro': np.float32(0.571), 'macro': np.float32(0.667)}
  [DIAG] Tier1 сам по собі: acc=78.879 f1_macro=0.523
wandb: 
wandb: Run history:
wandb: diag/test_tier1_acc ▁▁▁▁▁▄▅▆▇███████████
wandb:  diag/test_tier1_f1 ▁▁▁▁▁▄▅▅▅███████████
wandb:       perf/test_auc ▁▃▂▃▄▅▅▆▇▇█▇████████
wandb:        perf/test_f1 ▁▁▁▁▂▃▄▄▆▆▆▇▇█▇███▇█
wandb:        perf/val_auc ▁▁▃▃▃▂▃▅▅▆▆▇▆▇█▇█▇██
wandb:         perf/val_f1 ▁▁▁▁▁▁▃▅▇█▇█▇▇▇▇▇█▇▇
wandb:          tier1_loss ▂▂▅▅▁▁▆▁▆▆▁▅▁▆▁▁▅▁▁▁▁▁▁█▂▁▁▁▁▁▁▁▁▁▁▁▃▁▃▁
wandb:          tier2_loss ▂▁▅▁▁▄▅▄▃▃▅▁▁▁▁▅▁▅▁▂▆▁▁▁▁█▁▁▁▁▂▁▁▁▁▁▁▁▁▁
wandb: 
wandb: Run summary:
wandb: diag/test_tier1_acc 85.21574
wandb:  diag/test_tier1_f1 0.61457
wandb:       perf/test_auc 0.88786
wandb:        perf/test_f1 0.7337
wandb:        perf/val_auc 0.86202
wandb:         perf/val_f1 0.52381
wandb:          tier1_loss 0.01409
wandb:          tier2_loss 0.00121
wandb: 
wandb: You can sync this run to the cloud by running:
wandb: wandb sync /data/bohatyrenko1/EXPERIMENTS_2/Hi-MoE_MIL/wandb/offline-run-20260925_103036-mz96x68s
wandb: Find logs at: ./wandb/offline-run-20260925_103036-mz96x68s/logs
Test [  0/197] eta: 0:00:31 loss: 0.0164 (0.0164) acc1: 100.0000 (100.0000) time: 0.1601 data: 0.1153 max mem: 326
Test [100/197] eta: 0:00:03 loss: 0.0090 (0.7144) acc1: 100.0000 (86.1386) time: 0.0302 data: 0.0001 max mem: 326
Test [196/197] eta: 0:00:00 loss: 0.0032 (0.6275) acc1: 100.0000 (87.8173) time: 0.0281 data: 0.0001 max mem: 326
Test Total time: 0:00:06 (6.0670 s / it)
* Acc@1 87.817 loss 0.628 auroc 0.888 f1_score 0.734
  per-class F1 (Test): {'negative': np.float32(0.924), 'itc': np.float32(0.333), 'micro': np.float32(0.733), 'macro': np.float32(0.944)}
  [DIAG] Tier1 сам по собі: acc=85.216 f1_macro=0.615

============================================================
FINAL EPOCH (19) RESULTS (DTFD-ASMIL v2):
  test_auc=0.8879 test_acc=87.82 test_f1(macro)=0.7337
  [DIAG] Tier1 сам по собі: acc=85.216 f1_macro=0.615
  test per-class F1: {'negative': np.float32(0.924), 'itc': np.float32(0.333), 'micro': np.float32(0.733), 'macro': np.float32(0.944)}
  test confusion matrix (rows=true, cols=pred):
          negative         itc       micro       macro
negative        116           3           0           2
     itc         11           4           1           0
   micro          3           1          11           3
   macro          0           0           0          42
============================================================
Best epoch: {'epoch': 17, 'val_f1': 0.5542635917663574, 'val_auc': 0.8461894392967224, 'test_f1': 0.7475357055664062, 'test_auc': 0.8986738324165344}
