wandb: Tracking run with wandb version 0.28.0
wandb: W&B syncing is set to `offline` in this directory. Run `wandb online` or set WANDB_MODE=online to enable cloud syncing.
wandb: Run data is saved locally in /data/bohatyrenko1/EXPERIMENTS_2/Hi-MoE_MIL/wandb/offline-run-20260925_145925-iamj70un
wandb: View this run in the terminal with `wandb leet`
Used config (DTFD-ASMIL v2):
{'B': 1,
 'D_feat': 384,
 'D_inner': 128,
 'M': None,
 'ckpt_dir': 'ckpt/c17_dtfd_v4_seed5',
 'config': 'config/camelyon17_vitsdino_config_20ep.yml',
 'dataset': 'camelyon17',
 'lr': 0.0001,
 'min_lr': 1e-06,
 'n_class': 4,
 'n_token': 8,
 'n_worker': 4,
 'pin_memory': True,
 'pretrain': 'medical_ssl',
 'seed': 5,
 'splits_dir': '/data/bohatyrenko1/EXPERIMENTS_2/ASMIL/splits_paper',
 'test_dir': '/data/bohatyrenko1/features_vitsdino_camelyon17_train',
 'tier1_weight_init': 0.1,
 'tier2_D_inner': None,
 'tier2_n_heads': 4,
 'train_dir': '/data/bohatyrenko1/features_vitsdino_camelyon17_train',
 'train_epoch': 20,
 'wandb_mode': 'offline',
 'warmup_epoch': 5,
 'wd': 1e-05}
M (псевдо-bags) = 8, tier1_weight = 0.1
Class weights: [0.3757062256336212, 3.694444417953491, 1.6219512224197388, 2.2166666984558105]
Epoch: [0] [  0/266] eta: 0:02:37 lr: 0.000000 tier1_loss: 1.3678 (1.3678) tier2_loss: 1.2680 (1.2680) time: 0.5916 data: 0.0774 max mem: 99
Epoch: [0] [100/266] eta: 0:00:18 lr: 0.000008 tier1_loss: 1.3149 (1.3569) tier2_loss: 0.6161 (1.1791) time: 0.1045 data: 0.0001 max mem: 310
Epoch: [0] [200/266] eta: 0:00:07 lr: 0.000015 tier1_loss: 0.9194 (1.2903) tier2_loss: 0.1518 (1.1358) time: 0.1128 data: 0.0001 max mem: 327
Epoch: [0] [265/266] eta: 0:00:00 lr: 0.000020 tier1_loss: 0.6313 (1.2374) tier2_loss: 0.1512 (1.1448) time: 0.1108 data: 0.0001 max mem: 327
Epoch: [0] Total time: 0:00:30 (30.2362 s / it)
  [learned tier1_weight] epoch=0 weight=0.0995
Val [ 0/29] eta: 0:00:05 loss: 0.1025 (0.1025) acc1: 100.0000 (100.0000) time: 0.1973 data: 0.1158 max mem: 327
Val [28/29] eta: 0:00:00 loss: 0.0936 (1.1450) acc1: 100.0000 (68.9655) time: 0.0287 data: 0.0001 max mem: 327
Val Total time: 0:00:01 (1.0375 s / it)
* Acc@1 68.966 loss 1.145 auroc 0.593 f1_score 0.204
  per-class F1 (Val): {'negative': np.float32(0.816), 'itc': np.float32(0.0), 'micro': np.float32(0.0), 'macro': np.float32(0.0)}
  [DIAG] Tier1 сам по собі: acc=68.966 f1_macro=0.204
Test [  0/197] eta: 0:00:30 loss: 3.1863 (3.1863) acc1: 0.0000 (0.0000) time: 0.1544 data: 0.1204 max mem: 327
Test [100/197] eta: 0:00:02 loss: 0.0999 (1.4431) acc1: 100.0000 (59.4059) time: 0.0293 data: 0.0001 max mem: 327
Test [196/197] eta: 0:00:00 loss: 0.0966 (1.3745) acc1: 100.0000 (61.4213) time: 0.0269 data: 0.0001 max mem: 327
Test Total time: 0:00:05 (5.8775 s / it)
* Acc@1 61.421 loss 1.375 auroc 0.629 f1_score 0.190
  per-class F1 (Test): {'negative': np.float32(0.761), 'itc': np.float32(0.0), 'micro': np.float32(0.0), 'macro': np.float32(0.0)}
  [DIAG] Tier1 сам по собі: acc=61.421 f1_macro=0.190

Epoch: [1] [  0/266] eta: 0:01:06 lr: 0.000020 tier1_loss: 0.5830 (0.5830) tier2_loss: 0.1142 (0.1142) time: 0.2505 data: 0.1003 max mem: 327
Epoch: [1] [100/266] eta: 0:00:19 lr: 0.000028 tier1_loss: 0.3642 (1.0299) tier2_loss: 0.1098 (1.2727) time: 0.1183 data: 0.0001 max mem: 327
Epoch: [1] [200/266] eta: 0:00:07 lr: 0.000035 tier1_loss: 0.2330 (1.0211) tier2_loss: 0.1398 (1.2111) time: 0.1021 data: 0.0001 max mem: 327
Epoch: [1] [265/266] eta: 0:00:00 lr: 0.000040 tier1_loss: 0.2048 (1.0278) tier2_loss: 0.1043 (1.1784) time: 0.1034 data: 0.0001 max mem: 327
Epoch: [1] Total time: 0:00:29 (29.8666 s / it)
  [learned tier1_weight] epoch=1 weight=0.0990
Val [ 0/29] eta: 0:00:04 loss: 0.0882 (0.0882) acc1: 100.0000 (100.0000) time: 0.1716 data: 0.1348 max mem: 327
Val [28/29] eta: 0:00:00 loss: 0.0832 (1.1694) acc1: 100.0000 (68.9655) time: 0.0284 data: 0.0001 max mem: 327
Val Total time: 0:00:01 (1.0137 s / it)
* Acc@1 68.966 loss 1.169 auroc 0.645 f1_score 0.204
  per-class F1 (Val): {'negative': np.float32(0.816), 'itc': np.float32(0.0), 'micro': np.float32(0.0), 'macro': np.float32(0.0)}
  [DIAG] Tier1 сам по собі: acc=68.966 f1_macro=0.204
Test [  0/197] eta: 0:00:30 loss: 3.3687 (3.3687) acc1: 0.0000 (0.0000) time: 0.1532 data: 0.1007 max mem: 327
Test [100/197] eta: 0:00:02 loss: 0.0815 (1.4929) acc1: 100.0000 (59.4059) time: 0.0291 data: 0.0001 max mem: 327
Test [196/197] eta: 0:00:00 loss: 0.0793 (1.4194) acc1: 100.0000 (61.4213) time: 0.0273 data: 0.0001 max mem: 327
Test Total time: 0:00:05 (5.8378 s / it)
* Acc@1 61.421 loss 1.419 auroc 0.674 f1_score 0.190
  per-class F1 (Test): {'negative': np.float32(0.761), 'itc': np.float32(0.0), 'micro': np.float32(0.0), 'macro': np.float32(0.0)}
  [DIAG] Tier1 сам по собі: acc=61.421 f1_macro=0.190

Epoch: [2] [  0/266] eta: 0:01:16 lr: 0.000040 tier1_loss: 0.2121 (0.2121) tier2_loss: 0.1034 (0.1034) time: 0.2858 data: 0.1270 max mem: 327
Epoch: [2] [100/266] eta: 0:00:16 lr: 0.000048 tier1_loss: 0.1647 (1.0246) tier2_loss: 0.1306 (1.1002) time: 0.1088 data: 0.0001 max mem: 327
Epoch: [2] [200/266] eta: 0:00:06 lr: 0.000055 tier1_loss: 0.1451 (1.0490) tier2_loss: 0.1693 (1.1266) time: 0.1068 data: 0.0001 max mem: 327
Epoch: [2] [265/266] eta: 0:00:00 lr: 0.000060 tier1_loss: 0.1880 (1.1136) tier2_loss: 0.1930 (1.1729) time: 0.0979 data: 0.0001 max mem: 327
Epoch: [2] Total time: 0:00:27 (27.8758 s / it)
  [learned tier1_weight] epoch=2 weight=0.0982
Val [ 0/29] eta: 0:00:04 loss: 0.2031 (0.2031) acc1: 100.0000 (100.0000) time: 0.1616 data: 0.1300 max mem: 327
Val [28/29] eta: 0:00:00 loss: 0.1917 (1.0546) acc1: 100.0000 (68.9655) time: 0.0280 data: 0.0001 max mem: 327
Val Total time: 0:00:00 (0.9802 s / it)
* Acc@1 68.966 loss 1.055 auroc 0.568 f1_score 0.204
  per-class F1 (Val): {'negative': np.float32(0.816), 'itc': np.float32(0.0), 'micro': np.float32(0.0), 'macro': np.float32(0.0)}
  [DIAG] Tier1 сам по собі: acc=68.966 f1_macro=0.204
Test [  0/197] eta: 0:00:29 loss: 3.0237 (3.0237) acc1: 0.0000 (0.0000) time: 0.1486 data: 0.1091 max mem: 327
Test [100/197] eta: 0:00:02 loss: 0.1611 (1.2811) acc1: 100.0000 (59.4059) time: 0.0292 data: 0.0001 max mem: 327
Test [196/197] eta: 0:00:00 loss: 0.1431 (1.2337) acc1: 100.0000 (61.4213) time: 0.0273 data: 0.0001 max mem: 327
Test Total time: 0:00:05 (5.8862 s / it)
* Acc@1 61.421 loss 1.234 auroc 0.655 f1_score 0.190
  per-class F1 (Test): {'negative': np.float32(0.761), 'itc': np.float32(0.0), 'micro': np.float32(0.0), 'macro': np.float32(0.0)}
  [DIAG] Tier1 сам по собі: acc=61.421 f1_macro=0.190

Epoch: [3] [  0/266] eta: 0:01:04 lr: 0.000060 tier1_loss: 2.6981 (2.6981) tier2_loss: 2.9430 (2.9430) time: 0.2428 data: 0.1012 max mem: 327
Epoch: [3] [100/266] eta: 0:00:18 lr: 0.000068 tier1_loss: 0.1771 (1.1604) tier2_loss: 0.1260 (1.1510) time: 0.1171 data: 0.0001 max mem: 327
Epoch: [3] [200/266] eta: 0:00:07 lr: 0.000075 tier1_loss: 0.1247 (1.0400) tier2_loss: 0.1793 (1.0678) time: 0.1124 data: 0.0001 max mem: 327
Epoch: [3] [265/266] eta: 0:00:00 lr: 0.000080 tier1_loss: 0.1451 (1.0908) tier2_loss: 0.2863 (1.1295) time: 0.1044 data: 0.0001 max mem: 327
Epoch: [3] Total time: 0:00:29 (29.2354 s / it)
  [learned tier1_weight] epoch=3 weight=0.0970
Val [ 0/29] eta: 0:00:04 loss: 0.2270 (0.2270) acc1: 100.0000 (100.0000) time: 0.1554 data: 0.1223 max mem: 327
Val [28/29] eta: 0:00:00 loss: 0.2343 (0.9742) acc1: 100.0000 (68.9655) time: 0.0278 data: 0.0001 max mem: 327
Val Total time: 0:00:00 (0.9759 s / it)
* Acc@1 68.966 loss 0.974 auroc 0.648 f1_score 0.204
  per-class F1 (Val): {'negative': np.float32(0.816), 'itc': np.float32(0.0), 'micro': np.float32(0.0), 'macro': np.float32(0.0)}
  [DIAG] Tier1 сам по собі: acc=68.966 f1_macro=0.204
Test [  0/197] eta: 0:00:30 loss: 2.6539 (2.6539) acc1: 0.0000 (0.0000) time: 0.1572 data: 0.1200 max mem: 327
Test [100/197] eta: 0:00:02 loss: 0.2178 (1.1660) acc1: 100.0000 (59.4059) time: 0.0297 data: 0.0001 max mem: 327
Test [196/197] eta: 0:00:00 loss: 0.2082 (1.0859) acc1: 100.0000 (61.4213) time: 0.0276 data: 0.0001 max mem: 327
Test Total time: 0:00:05 (5.9361 s / it)
* Acc@1 61.421 loss 1.086 auroc 0.704 f1_score 0.190
  per-class F1 (Test): {'negative': np.float32(0.761), 'itc': np.float32(0.0), 'micro': np.float32(0.0), 'macro': np.float32(0.0)}
  [DIAG] Tier1 сам по собі: acc=61.421 f1_macro=0.190

Epoch: [4] [  0/266] eta: 0:01:07 lr: 0.000080 tier1_loss: 0.1842 (0.1842) tier2_loss: 0.3219 (0.3219) time: 0.2530 data: 0.1230 max mem: 327
Epoch: [4] [100/266] eta: 0:00:18 lr: 0.000088 tier1_loss: 0.2051 (1.0849) tier2_loss: 0.2537 (1.1187) time: 0.1131 data: 0.0001 max mem: 327
Epoch: [4] [200/266] eta: 0:00:07 lr: 0.000095 tier1_loss: 0.1103 (0.9907) tier2_loss: 0.0771 (1.0094) time: 0.1029 data: 0.0001 max mem: 327
Epoch: [4] [265/266] eta: 0:00:00 lr: 0.000100 tier1_loss: 0.1885 (1.0710) tier2_loss: 0.3170 (1.0793) time: 0.1007 data: 0.0001 max mem: 327
Epoch: [4] Total time: 0:00:28 (28.8375 s / it)
  [learned tier1_weight] epoch=4 weight=0.0954
Val [ 0/29] eta: 0:00:04 loss: 0.1749 (0.1749) acc1: 100.0000 (100.0000) time: 0.1711 data: 0.1279 max mem: 327
Val [28/29] eta: 0:00:00 loss: 0.1819 (1.0422) acc1: 100.0000 (68.9655) time: 0.0286 data: 0.0001 max mem: 327
Val Total time: 0:00:01 (1.0306 s / it)
* Acc@1 68.966 loss 1.042 auroc 0.623 f1_score 0.204
  per-class F1 (Val): {'negative': np.float32(0.816), 'itc': np.float32(0.0), 'micro': np.float32(0.0), 'macro': np.float32(0.0)}
  [DIAG] Tier1 сам по собі: acc=68.966 f1_macro=0.204
Test [  0/197] eta: 0:00:33 loss: 2.4690 (2.4690) acc1: 0.0000 (0.0000) time: 0.1688 data: 0.1208 max mem: 327
Test [100/197] eta: 0:00:02 loss: 0.1746 (1.1471) acc1: 100.0000 (64.3564) time: 0.0287 data: 0.0001 max mem: 327
Test [196/197] eta: 0:00:00 loss: 0.1688 (1.0785) acc1: 100.0000 (66.4975) time: 0.0276 data: 0.0001 max mem: 327
Test Total time: 0:00:05 (5.8804 s / it)
* Acc@1 66.497 loss 1.079 auroc 0.683 f1_score 0.293
  per-class F1 (Test): {'negative': np.float32(0.786), 'itc': np.float32(0.0), 'micro': np.float32(0.0), 'macro': np.float32(0.385)}
  [DIAG] Tier1 сам по собі: acc=64.340 f1_macro=0.254

Epoch: [5] [  0/266] eta: 0:01:07 lr: 0.000100 tier1_loss: 1.9597 (1.9597) tier2_loss: 2.3245 (2.3245) time: 0.2556 data: 0.1153 max mem: 327
Epoch: [5] [100/266] eta: 0:00:18 lr: 0.000100 tier1_loss: 0.1509 (1.0581) tier2_loss: 0.1457 (1.1625) time: 0.1134 data: 0.0001 max mem: 327
Epoch: [5] [200/266] eta: 0:00:07 lr: 0.000099 tier1_loss: 0.1189 (1.0005) tier2_loss: 0.0932 (1.0947) time: 0.1032 data: 0.0001 max mem: 327
Epoch: [5] [265/266] eta: 0:00:00 lr: 0.000099 tier1_loss: 0.1739 (0.9759) tier2_loss: 0.1409 (1.0526) time: 0.1008 data: 0.0001 max mem: 327
Epoch: [5] Total time: 0:00:29 (29.8259 s / it)
  [learned tier1_weight] epoch=5 weight=0.0938
Val [ 0/29] eta: 0:00:05 loss: 0.1466 (0.1466) acc1: 100.0000 (100.0000) time: 0.1978 data: 0.1509 max mem: 327
Val [28/29] eta: 0:00:00 loss: 0.1640 (1.0753) acc1: 100.0000 (68.9655) time: 0.0304 data: 0.0001 max mem: 327
Val Total time: 0:00:01 (1.0786 s / it)
* Acc@1 68.966 loss 1.075 auroc 0.621 f1_score 0.204
  per-class F1 (Val): {'negative': np.float32(0.816), 'itc': np.float32(0.0), 'micro': np.float32(0.0), 'macro': np.float32(0.0)}
  [DIAG] Tier1 сам по собі: acc=68.966 f1_macro=0.204
Test [  0/197] eta: 0:00:30 loss: 2.4817 (2.4817) acc1: 0.0000 (0.0000) time: 0.1551 data: 0.1115 max mem: 327
Test [100/197] eta: 0:00:03 loss: 0.1437 (1.1150) acc1: 100.0000 (67.3267) time: 0.0298 data: 0.0001 max mem: 327
Test [196/197] eta: 0:00:00 loss: 0.1348 (0.9910) acc1: 100.0000 (71.5736) time: 0.0285 data: 0.0001 max mem: 327
Test Total time: 0:00:06 (6.0663 s / it)
* Acc@1 71.574 loss 0.991 auroc 0.721 f1_score 0.364
  per-class F1 (Test): {'negative': np.float32(0.812), 'itc': np.float32(0.0), 'micro': np.float32(0.0), 'macro': np.float32(0.645)}
  [DIAG] Tier1 сам по собі: acc=70.876 f1_macro=0.356

Epoch: [6] [  0/266] eta: 0:01:04 lr: 0.000099 tier1_loss: 1.1932 (1.1932) tier2_loss: 0.9260 (0.9260) time: 0.2420 data: 0.1132 max mem: 327
Epoch: [6] [100/266] eta: 0:00:18 lr: 0.000098 tier1_loss: 0.3261 (0.9473) tier2_loss: 0.3720 (1.0371) time: 0.1099 data: 0.0001 max mem: 327
Epoch: [6] [200/266] eta: 0:00:07 lr: 0.000097 tier1_loss: 0.2175 (0.9203) tier2_loss: 0.1523 (0.9770) time: 0.1167 data: 0.0001 max mem: 327
Epoch: [6] [265/266] eta: 0:00:00 lr: 0.000096 tier1_loss: 0.1757 (0.9390) tier2_loss: 0.1319 (0.9986) time: 0.1089 data: 0.0001 max mem: 327
Epoch: [6] Total time: 0:00:30 (30.8012 s / it)
  [learned tier1_weight] epoch=6 weight=0.0925
Val [ 0/29] eta: 0:00:04 loss: 0.0908 (0.0908) acc1: 100.0000 (100.0000) time: 0.1576 data: 0.1254 max mem: 327
Val [28/29] eta: 0:00:00 loss: 0.0869 (1.1097) acc1: 100.0000 (72.4138) time: 0.0291 data: 0.0001 max mem: 327
Val Total time: 0:00:01 (1.0330 s / it)
* Acc@1 72.414 loss 1.110 auroc 0.674 f1_score 0.308
  per-class F1 (Val): {'negative': np.float32(0.833), 'itc': np.float32(0.0), 'micro': np.float32(0.0), 'macro': np.float32(0.4)}
  [DIAG] Tier1 сам по собі: acc=72.414 f1_macro=0.308
Test [  0/197] eta: 0:00:32 loss: 3.0458 (3.0458) acc1: 0.0000 (0.0000) time: 0.1659 data: 0.1157 max mem: 327
Test [100/197] eta: 0:00:03 loss: 0.0868 (1.0451) acc1: 100.0000 (70.2970) time: 0.0291 data: 0.0001 max mem: 327
Test [196/197] eta: 0:00:00 loss: 0.0758 (0.8929) acc1: 100.0000 (75.6345) time: 0.0276 data: 0.0001 max mem: 327
Test Total time: 0:00:05 (5.9799 s / it)
* Acc@1 75.635 loss 0.893 auroc 0.734 f1_score 0.407
  per-class F1 (Test): {'negative': np.float32(0.837), 'itc': np.float32(0.0), 'micro': np.float32(0.0), 'macro': np.float32(0.789)}
  [DIAG] Tier1 сам по собі: acc=74.048 f1_macro=0.392

Epoch: [7] [  0/266] eta: 0:01:00 lr: 0.000096 tier1_loss: 0.1092 (0.1092) tier2_loss: 0.0745 (0.0745) time: 0.2291 data: 0.1073 max mem: 327
Epoch: [7] [100/266] eta: 0:00:18 lr: 0.000094 tier1_loss: 0.1145 (0.8976) tier2_loss: 0.1206 (0.9525) time: 0.1088 data: 0.0001 max mem: 327
Epoch: [7] [200/266] eta: 0:00:07 lr: 0.000092 tier1_loss: 0.0865 (0.9202) tier2_loss: 0.0783 (1.0364) time: 0.1007 data: 0.0001 max mem: 327
Epoch: [7] [265/266] eta: 0:00:00 lr: 0.000091 tier1_loss: 0.0908 (0.8492) tier2_loss: 0.0734 (0.9431) time: 0.0998 data: 0.0001 max mem: 327
Epoch: [7] Total time: 0:00:28 (28.8195 s / it)
  [learned tier1_weight] epoch=7 weight=0.0914
Val [ 0/29] eta: 0:00:04 loss: 0.0554 (0.0554) acc1: 100.0000 (100.0000) time: 0.1643 data: 0.1333 max mem: 327
Val [28/29] eta: 0:00:00 loss: 0.0461 (1.0526) acc1: 100.0000 (72.4138) time: 0.0277 data: 0.0001 max mem: 327
Val Total time: 0:00:00 (0.9990 s / it)
* Acc@1 72.414 loss 1.053 auroc 0.739 f1_score 0.349
  per-class F1 (Val): {'negative': np.float32(0.826), 'itc': np.float32(0.0), 'micro': np.float32(0.0), 'macro': np.float32(0.571)}
  [DIAG] Tier1 сам по собі: acc=71.983 f1_macro=0.342
Test [  0/197] eta: 0:00:31 loss: 2.7958 (2.7958) acc1: 0.0000 (0.0000) time: 0.1620 data: 0.1189 max mem: 327
Test [100/197] eta: 0:00:03 loss: 0.0563 (0.9273) acc1: 100.0000 (77.2277) time: 0.0291 data: 0.0001 max mem: 327
Test [196/197] eta: 0:00:00 loss: 0.0395 (0.7314) acc1: 100.0000 (82.2335) time: 0.0279 data: 0.0001 max mem: 327
Test Total time: 0:00:05 (5.9825 s / it)
* Acc@1 82.234 loss 0.731 auroc 0.780 f1_score 0.456
  per-class F1 (Test): {'negative': np.float32(0.889), 'itc': np.float32(0.0), 'micro': np.float32(0.0), 'macro': np.float32(0.933)}
  [DIAG] Tier1 сам по собі: acc=81.599 f1_macro=0.454

Epoch: [8] [  0/266] eta: 0:01:11 lr: 0.000091 tier1_loss: 1.2866 (1.2866) tier2_loss: 1.7588 (1.7588) time: 0.2697 data: 0.1020 max mem: 327
Epoch: [8] [100/266] eta: 0:00:16 lr: 0.000088 tier1_loss: 0.0961 (0.8102) tier2_loss: 0.0629 (0.8648) time: 0.0928 data: 0.0001 max mem: 327
Epoch: [8] [200/266] eta: 0:00:07 lr: 0.000085 tier1_loss: 0.0922 (0.7625) tier2_loss: 0.0553 (0.8118) time: 0.1069 data: 0.0001 max mem: 327
Epoch: [8] [265/266] eta: 0:00:00 lr: 0.000084 tier1_loss: 0.0396 (0.7438) tier2_loss: 0.0317 (0.7788) time: 0.1113 data: 0.0001 max mem: 327
Epoch: [8] Total time: 0:00:28 (28.9017 s / it)
  [learned tier1_weight] epoch=8 weight=0.0906
Val [ 0/29] eta: 0:00:04 loss: 0.0319 (0.0319) acc1: 100.0000 (100.0000) time: 0.1620 data: 0.1276 max mem: 327
Val [28/29] eta: 0:00:00 loss: 0.0440 (0.9302) acc1: 100.0000 (79.3103) time: 0.0282 data: 0.0001 max mem: 327
Val Total time: 0:00:01 (1.0165 s / it)
* Acc@1 79.310 loss 0.930 auroc 0.726 f1_score 0.530
  per-class F1 (Val): {'negative': np.float32(0.884), 'itc': np.float32(0.0), 'micro': np.float32(0.571), 'macro': np.float32(0.667)}
  [DIAG] Tier1 сам по собі: acc=73.276 f1_macro=0.369
Test [  0/197] eta: 0:00:36 loss: 0.7445 (0.7445) acc1: 0.0000 (0.0000) time: 0.1867 data: 0.1260 max mem: 327
Test [100/197] eta: 0:00:03 loss: 0.0451 (0.7154) acc1: 100.0000 (78.2178) time: 0.0299 data: 0.0001 max mem: 327
Test [196/197] eta: 0:00:00 loss: 0.0360 (0.6344) acc1: 100.0000 (82.2335) time: 0.0282 data: 0.0001 max mem: 327
Test Total time: 0:00:06 (6.0558 s / it)
* Acc@1 82.234 loss 0.634 auroc 0.857 f1_score 0.510
  per-class F1 (Test): {'negative': np.float32(0.903), 'itc': np.float32(0.0), 'micro': np.float32(0.261), 'macro': np.float32(0.875)}
  [DIAG] Tier1 сам по собі: acc=82.170 f1_macro=0.450

Epoch: [9] [  0/266] eta: 0:00:57 lr: 0.000084 tier1_loss: 0.0509 (0.0509) tier2_loss: 0.0336 (0.0336) time: 0.2177 data: 0.0970 max mem: 327
Epoch: [9] [100/266] eta: 0:00:18 lr: 0.000081 tier1_loss: 0.0415 (0.6275) tier2_loss: 0.0173 (0.6180) time: 0.1256 data: 0.0001 max mem: 327
Epoch: [9] [200/266] eta: 0:00:07 lr: 0.000077 tier1_loss: 0.0357 (0.6305) tier2_loss: 0.0199 (0.6316) time: 0.1109 data: 0.0001 max mem: 327
Epoch: [9] [265/266] eta: 0:00:00 lr: 0.000075 tier1_loss: 0.0782 (0.6210) tier2_loss: 0.0247 (0.6421) time: 0.1071 data: 0.0001 max mem: 327
Epoch: [9] Total time: 0:00:29 (29.5579 s / it)
  [learned tier1_weight] epoch=9 weight=0.0899
Val [ 0/29] eta: 0:00:04 loss: 0.0134 (0.0134) acc1: 100.0000 (100.0000) time: 0.1609 data: 0.1240 max mem: 327
Val [28/29] eta: 0:00:00 loss: 0.0183 (1.0406) acc1: 100.0000 (79.3103) time: 0.0287 data: 0.0001 max mem: 327
Val Total time: 0:00:01 (1.0132 s / it)
* Acc@1 79.310 loss 1.041 auroc 0.778 f1_score 0.530
  per-class F1 (Val): {'negative': np.float32(0.884), 'itc': np.float32(0.0), 'micro': np.float32(0.571), 'macro': np.float32(0.667)}
  [DIAG] Tier1 сам по собі: acc=78.017 f1_macro=0.503
Test [  0/197] eta: 0:00:28 loss: 0.1650 (0.1650) acc1: 100.0000 (100.0000) time: 0.1462 data: 0.1112 max mem: 327
Test [100/197] eta: 0:00:02 loss: 0.0158 (0.6634) acc1: 100.0000 (85.1485) time: 0.0285 data: 0.0001 max mem: 327
Test [196/197] eta: 0:00:00 loss: 0.0139 (0.6090) acc1: 100.0000 (86.8020) time: 0.0284 data: 0.0001 max mem: 327
Test Total time: 0:00:05 (5.8600 s / it)
* Acc@1 86.802 loss 0.609 auroc 0.862 f1_score 0.646
  per-class F1 (Test): {'negative': np.float32(0.915), 'itc': np.float32(0.0), 'micro': np.float32(0.727), 'macro': np.float32(0.941)}
  [DIAG] Tier1 сам по собі: acc=82.995 f1_macro=0.499

Epoch: [10] [  0/266] eta: 0:01:07 lr: 0.000075 tier1_loss: 0.0434 (0.0434) tier2_loss: 0.0195 (0.0195) time: 0.2521 data: 0.1097 max mem: 327
Epoch: [10] [100/266] eta: 0:00:18 lr: 0.000072 tier1_loss: 0.0701 (0.5915) tier2_loss: 0.0316 (0.5667) time: 0.1066 data: 0.0001 max mem: 327
Epoch: [10] [200/266] eta: 0:00:07 lr: 0.000068 tier1_loss: 0.1719 (0.6477) tier2_loss: 0.0516 (0.6800) time: 0.1152 data: 0.0001 max mem: 327
Epoch: [10] [265/266] eta: 0:00:00 lr: 0.000066 tier1_loss: 0.0293 (0.5460) tier2_loss: 0.0093 (0.5625) time: 0.1017 data: 0.0001 max mem: 327
Epoch: [10] Total time: 0:00:29 (29.1917 s / it)
  [learned tier1_weight] epoch=10 weight=0.0893
Val [ 0/29] eta: 0:00:04 loss: 0.0116 (0.0116) acc1: 100.0000 (100.0000) time: 0.1719 data: 0.1386 max mem: 327
Val [28/29] eta: 0:00:00 loss: 0.0096 (0.9619) acc1: 100.0000 (82.7586) time: 0.0285 data: 0.0001 max mem: 327
Val Total time: 0:00:01 (1.0175 s / it)
* Acc@1 82.759 loss 0.962 auroc 0.813 f1_score 0.561
  per-class F1 (Val): {'negative': np.float32(0.909), 'itc': np.float32(0.0), 'micro': np.float32(0.667), 'macro': np.float32(0.667)}
  [DIAG] Tier1 сам по собі: acc=80.172 f1_macro=0.525
Test [  0/197] eta: 0:00:32 loss: 0.0814 (0.0814) acc1: 100.0000 (100.0000) time: 0.1658 data: 0.1297 max mem: 327
Test [100/197] eta: 0:00:03 loss: 0.0105 (0.8479) acc1: 100.0000 (82.1782) time: 0.0305 data: 0.0001 max mem: 327
Test [196/197] eta: 0:00:00 loss: 0.0087 (0.7238) acc1: 100.0000 (84.7716) time: 0.0281 data: 0.0001 max mem: 327
Test Total time: 0:00:06 (6.1097 s / it)
* Acc@1 84.772 loss 0.724 auroc 0.875 f1_score 0.579
  per-class F1 (Test): {'negative': np.float32(0.912), 'itc': np.float32(0.0), 'micro': np.float32(0.5), 'macro': np.float32(0.903)}
  [DIAG] Tier1 сам по собі: acc=84.201 f1_macro=0.552

Epoch: [11] [  0/266] eta: 0:00:59 lr: 0.000066 tier1_loss: 0.0227 (0.0227) tier2_loss: 0.0099 (0.0099) time: 0.2254 data: 0.0959 max mem: 327
Epoch: [11] [100/266] eta: 0:00:19 lr: 0.000062 tier1_loss: 0.0671 (0.5698) tier2_loss: 0.0287 (0.6293) time: 0.1159 data: 0.0001 max mem: 327
Epoch: [11] [200/266] eta: 0:00:07 lr: 0.000058 tier1_loss: 0.0857 (0.5329) tier2_loss: 0.0245 (0.5613) time: 0.1189 data: 0.0001 max mem: 327
Epoch: [11] [265/266] eta: 0:00:00 lr: 0.000056 tier1_loss: 0.0444 (0.5132) tier2_loss: 0.0138 (0.5308) time: 0.1113 data: 0.0001 max mem: 327
Epoch: [11] Total time: 0:00:31 (31.1122 s / it)
  [learned tier1_weight] epoch=11 weight=0.0888
Val [ 0/29] eta: 0:00:04 loss: 0.0208 (0.0208) acc1: 100.0000 (100.0000) time: 0.1599 data: 0.1242 max mem: 327
Val [28/29] eta: 0:00:00 loss: 0.0156 (1.0514) acc1: 100.0000 (75.8621) time: 0.0284 data: 0.0001 max mem: 327
Val Total time: 0:00:01 (1.0054 s / it)
* Acc@1 75.862 loss 1.051 auroc 0.812 f1_score 0.506
  per-class F1 (Val): {'negative': np.float32(0.857), 'itc': np.float32(0.0), 'micro': np.float32(0.5), 'macro': np.float32(0.667)}
  [DIAG] Tier1 сам по собі: acc=78.448 f1_macro=0.524
Test [  0/197] eta: 0:00:32 loss: 0.0590 (0.0590) acc1: 100.0000 (100.0000) time: 0.1658 data: 0.1297 max mem: 327
Test [100/197] eta: 0:00:03 loss: 0.0182 (0.6470) acc1: 100.0000 (82.1782) time: 0.0292 data: 0.0001 max mem: 327
Test [196/197] eta: 0:00:00 loss: 0.0111 (0.6080) acc1: 100.0000 (84.7716) time: 0.0287 data: 0.0001 max mem: 327
Test Total time: 0:00:06 (6.0877 s / it)
* Acc@1 84.772 loss 0.608 auroc 0.896 f1_score 0.582
  per-class F1 (Test): {'negative': np.float32(0.925), 'itc': np.float32(0.0), 'micro': np.float32(0.5), 'macro': np.float32(0.903)}
  [DIAG] Tier1 сам по собі: acc=85.533 f1_macro=0.621

Epoch: [12] [  0/266] eta: 0:01:06 lr: 0.000056 tier1_loss: 0.0548 (0.0548) tier2_loss: 0.0107 (0.0107) time: 0.2499 data: 0.1020 max mem: 327
Epoch: [12] [100/266] eta: 0:00:19 lr: 0.000052 tier1_loss: 0.0364 (0.5014) tier2_loss: 0.0124 (0.5199) time: 0.1199 data: 0.0001 max mem: 327
Epoch: [12] [200/266] eta: 0:00:07 lr: 0.000048 tier1_loss: 0.0656 (0.4974) tier2_loss: 0.0118 (0.4623) time: 0.1087 data: 0.0001 max mem: 327
Epoch: [12] [265/266] eta: 0:00:00 lr: 0.000045 tier1_loss: 0.0593 (0.4939) tier2_loss: 0.0131 (0.4586) time: 0.1051 data: 0.0001 max mem: 327
Epoch: [12] Total time: 0:00:30 (30.3769 s / it)
  [learned tier1_weight] epoch=12 weight=0.0884
Val [ 0/29] eta: 0:00:05 loss: 0.0215 (0.0215) acc1: 100.0000 (100.0000) time: 0.1736 data: 0.1253 max mem: 327
Val [28/29] eta: 0:00:00 loss: 0.0089 (1.1187) acc1: 100.0000 (75.8621) time: 0.0290 data: 0.0001 max mem: 327
Val Total time: 0:00:01 (1.0349 s / it)
* Acc@1 75.862 loss 1.119 auroc 0.804 f1_score 0.506
  per-class F1 (Val): {'negative': np.float32(0.857), 'itc': np.float32(0.0), 'micro': np.float32(0.5), 'macro': np.float32(0.667)}
  [DIAG] Tier1 сам по собі: acc=78.879 f1_macro=0.527
Test [  0/197] eta: 0:00:32 loss: 0.0330 (0.0330) acc1: 100.0000 (100.0000) time: 0.1660 data: 0.1228 max mem: 327
Test [100/197] eta: 0:00:03 loss: 0.0153 (0.6835) acc1: 100.0000 (82.1782) time: 0.0297 data: 0.0001 max mem: 327
Test [196/197] eta: 0:00:00 loss: 0.0082 (0.6190) acc1: 100.0000 (84.2640) time: 0.0280 data: 0.0001 max mem: 327
Test Total time: 0:00:06 (6.0199 s / it)
* Acc@1 84.264 loss 0.619 auroc 0.884 f1_score 0.584
  per-class F1 (Test): {'negative': np.float32(0.917), 'itc': np.float32(0.0), 'micro': np.float32(0.516), 'macro': np.float32(0.903)}
  [DIAG] Tier1 сам по собі: acc=85.343 f1_macro=0.611

Epoch: [13] [  0/266] eta: 0:01:05 lr: 0.000045 tier1_loss: 0.0113 (0.0113) tier2_loss: 0.0109 (0.0109) time: 0.2477 data: 0.1065 max mem: 327
Epoch: [13] [100/266] eta: 0:00:17 lr: 0.000041 tier1_loss: 0.0353 (0.4749) tier2_loss: 0.0087 (0.4185) time: 0.0966 data: 0.0001 max mem: 327
Epoch: [13] [200/266] eta: 0:00:07 lr: 0.000038 tier1_loss: 0.0489 (0.5019) tier2_loss: 0.0106 (0.3892) time: 0.1087 data: 0.0001 max mem: 327
Epoch: [13] [265/266] eta: 0:00:00 lr: 0.000035 tier1_loss: 0.0247 (0.4789) tier2_loss: 0.0066 (0.3774) time: 0.1024 data: 0.0001 max mem: 327
Epoch: [13] Total time: 0:00:28 (28.4426 s / it)
  [learned tier1_weight] epoch=13 weight=0.0880
Val [ 0/29] eta: 0:00:04 loss: 0.0133 (0.0133) acc1: 100.0000 (100.0000) time: 0.1723 data: 0.1339 max mem: 327
Val [28/29] eta: 0:00:00 loss: 0.0058 (1.2173) acc1: 100.0000 (75.8621) time: 0.0281 data: 0.0001 max mem: 327
Val Total time: 0:00:01 (1.0151 s / it)
* Acc@1 75.862 loss 1.217 auroc 0.833 f1_score 0.506
  per-class F1 (Val): {'negative': np.float32(0.857), 'itc': np.float32(0.0), 'micro': np.float32(0.5), 'macro': np.float32(0.667)}
  [DIAG] Tier1 сам по собі: acc=78.017 f1_macro=0.517
Test [  0/197] eta: 0:00:29 loss: 0.0195 (0.0195) acc1: 100.0000 (100.0000) time: 0.1479 data: 0.1060 max mem: 327
Test [100/197] eta: 0:00:02 loss: 0.0085 (0.7272) acc1: 100.0000 (84.1584) time: 0.0298 data: 0.0001 max mem: 327
Test [196/197] eta: 0:00:00 loss: 0.0042 (0.6207) acc1: 100.0000 (86.2944) time: 0.0285 data: 0.0001 max mem: 327
Test Total time: 0:00:06 (6.0141 s / it)
* Acc@1 86.294 loss 0.621 auroc 0.896 f1_score 0.639
  per-class F1 (Test): {'negative': np.float32(0.925), 'itc': np.float32(0.118), 'micro': np.float32(0.6), 'macro': np.float32(0.913)}
  [DIAG] Tier1 сам по собі: acc=84.835 f1_macro=0.599

Epoch: [14] [  0/266] eta: 0:01:16 lr: 0.000035 tier1_loss: 3.2071 (3.2071) tier2_loss: 1.6545 (1.6545) time: 0.2891 data: 0.1520 max mem: 327
Epoch: [14] [100/266] eta: 0:00:18 lr: 0.000032 tier1_loss: 0.0311 (0.3901) tier2_loss: 0.0058 (0.2444) time: 0.1105 data: 0.0001 max mem: 327
Epoch: [14] [200/266] eta: 0:00:07 lr: 0.000028 tier1_loss: 0.1307 (0.4292) tier2_loss: 0.0116 (0.3079) time: 0.1044 data: 0.0001 max mem: 327
Epoch: [14] [265/266] eta: 0:00:00 lr: 0.000026 tier1_loss: 0.0206 (0.4608) tier2_loss: 0.0056 (0.3326) time: 0.1101 data: 0.0001 max mem: 327
Epoch: [14] Total time: 0:00:29 (29.7932 s / it)
  [learned tier1_weight] epoch=14 weight=0.0878
Val [ 0/29] eta: 0:00:04 loss: 0.0514 (0.0514) acc1: 100.0000 (100.0000) time: 0.1623 data: 0.1287 max mem: 327
Val [28/29] eta: 0:00:00 loss: 0.0067 (1.2385) acc1: 100.0000 (72.4138) time: 0.0295 data: 0.0001 max mem: 327
Val Total time: 0:00:01 (1.0365 s / it)
* Acc@1 72.414 loss 1.238 auroc 0.811 f1_score 0.517
  per-class F1 (Val): {'negative': np.float32(0.829), 'itc': np.float32(0.0), 'micro': np.float32(0.571), 'macro': np.float32(0.667)}
  [DIAG] Tier1 сам по собі: acc=79.310 f1_macro=0.530
Test [  0/197] eta: 0:00:32 loss: 0.0301 (0.0301) acc1: 100.0000 (100.0000) time: 0.1626 data: 0.1271 max mem: 327
Test [100/197] eta: 0:00:03 loss: 0.0203 (0.6570) acc1: 100.0000 (85.1485) time: 0.0308 data: 0.0001 max mem: 327
Test [196/197] eta: 0:00:00 loss: 0.0046 (0.5771) acc1: 100.0000 (86.2944) time: 0.0288 data: 0.0001 max mem: 327
Test Total time: 0:00:06 (6.1502 s / it)
* Acc@1 86.294 loss 0.577 auroc 0.895 f1_score 0.675
  per-class F1 (Test): {'negative': np.float32(0.921), 'itc': np.float32(0.19), 'micro': np.float32(0.667), 'macro': np.float32(0.921)}
  [DIAG] Tier1 сам по собі: acc=85.850 f1_macro=0.622

Epoch: [15] [  0/266] eta: 0:01:11 lr: 0.000026 tier1_loss: 0.0080 (0.0080) tier2_loss: 0.0030 (0.0030) time: 0.2683 data: 0.1313 max mem: 327
Epoch: [15] [100/266] eta: 0:00:15 lr: 0.000022 tier1_loss: 0.0669 (0.4316) tier2_loss: 0.0048 (0.3237) time: 0.0904 data: 0.0001 max mem: 327
Epoch: [15] [200/266] eta: 0:00:06 lr: 0.000019 tier1_loss: 0.0272 (0.4541) tier2_loss: 0.0043 (0.3071) time: 0.1145 data: 0.0001 max mem: 327
Epoch: [15] [265/266] eta: 0:00:00 lr: 0.000017 tier1_loss: 0.0397 (0.4438) tier2_loss: 0.0105 (0.3056) time: 0.0984 data: 0.0001 max mem: 327
Epoch: [15] Total time: 0:00:26 (26.4242 s / it)
  [learned tier1_weight] epoch=15 weight=0.0876
Val [ 0/29] eta: 0:00:04 loss: 0.0234 (0.0234) acc1: 100.0000 (100.0000) time: 0.1678 data: 0.1353 max mem: 327
Val [28/29] eta: 0:00:00 loss: 0.0038 (1.4000) acc1: 100.0000 (75.8621) time: 0.0289 data: 0.0001 max mem: 327
Val Total time: 0:00:01 (1.0171 s / it)
* Acc@1 75.862 loss 1.400 auroc 0.823 f1_score 0.506
  per-class F1 (Val): {'negative': np.float32(0.857), 'itc': np.float32(0.0), 'micro': np.float32(0.5), 'macro': np.float32(0.667)}
  [DIAG] Tier1 сам по собі: acc=78.017 f1_macro=0.521
Test [  0/197] eta: 0:00:35 loss: 0.0105 (0.0105) acc1: 100.0000 (100.0000) time: 0.1805 data: 0.1322 max mem: 327
Test [100/197] eta: 0:00:02 loss: 0.0103 (0.7367) acc1: 100.0000 (84.1584) time: 0.0297 data: 0.0001 max mem: 327
Test [196/197] eta: 0:00:00 loss: 0.0026 (0.6444) acc1: 100.0000 (86.8020) time: 0.0284 data: 0.0001 max mem: 327
Test Total time: 0:00:06 (6.0313 s / it)
* Acc@1 86.802 loss 0.644 auroc 0.894 f1_score 0.680
  per-class F1 (Test): {'negative': np.float32(0.921), 'itc': np.float32(0.211), 'micro': np.float32(0.667), 'macro': np.float32(0.923)}
  [DIAG] Tier1 сам по собі: acc=85.660 f1_macro=0.619

Epoch: [16] [  0/266] eta: 0:01:07 lr: 0.000017 tier1_loss: 0.0112 (0.0112) tier2_loss: 0.0028 (0.0028) time: 0.2554 data: 0.1254 max mem: 327
Epoch: [16] [100/266] eta: 0:00:17 lr: 0.000015 tier1_loss: 0.0548 (0.4566) tier2_loss: 0.0068 (0.2955) time: 0.1022 data: 0.0001 max mem: 327
Epoch: [16] [200/266] eta: 0:00:07 lr: 0.000012 tier1_loss: 0.0600 (0.4470) tier2_loss: 0.0031 (0.2867) time: 0.1064 data: 0.0001 max mem: 327
Epoch: [16] [265/266] eta: 0:00:00 lr: 0.000010 tier1_loss: 0.0360 (0.4301) tier2_loss: 0.0028 (0.2794) time: 0.1063 data: 0.0001 max mem: 327
Epoch: [16] Total time: 0:00:28 (28.4832 s / it)
  [learned tier1_weight] epoch=16 weight=0.0875
Val [ 0/29] eta: 0:00:05 loss: 0.0535 (0.0535) acc1: 100.0000 (100.0000) time: 0.1731 data: 0.1376 max mem: 327
Val [28/29] eta: 0:00:00 loss: 0.0035 (1.4205) acc1: 100.0000 (72.4138) time: 0.0279 data: 0.0001 max mem: 327
Val Total time: 0:00:01 (1.0093 s / it)
* Acc@1 72.414 loss 1.421 auroc 0.848 f1_score 0.499
  per-class F1 (Val): {'negative': np.float32(0.829), 'itc': np.float32(0.0), 'micro': np.float32(0.5), 'macro': np.float32(0.667)}
  [DIAG] Tier1 сам по собі: acc=78.017 f1_macro=0.519
Test [  0/197] eta: 0:00:30 loss: 0.0154 (0.0154) acc1: 100.0000 (100.0000) time: 0.1569 data: 0.1213 max mem: 327
Test [100/197] eta: 0:00:03 loss: 0.0181 (0.7843) acc1: 100.0000 (81.1881) time: 0.0297 data: 0.0001 max mem: 327
Test [196/197] eta: 0:00:00 loss: 0.0024 (0.6903) acc1: 100.0000 (84.7716) time: 0.0285 data: 0.0001 max mem: 327
Test Total time: 0:00:06 (6.0314 s / it)
* Acc@1 84.772 loss 0.690 auroc 0.891 f1_score 0.683
  per-class F1 (Test): {'negative': np.float32(0.903), 'itc': np.float32(0.24), 'micro': np.float32(0.667), 'macro': np.float32(0.923)}
  [DIAG] Tier1 сам по собі: acc=85.089 f1_macro=0.607

Epoch: [17] [  0/266] eta: 0:01:03 lr: 0.000010 tier1_loss: 0.0952 (0.0952) tier2_loss: 0.0041 (0.0041) time: 0.2382 data: 0.1218 max mem: 327
Epoch: [17] [100/266] eta: 0:00:16 lr: 0.000008 tier1_loss: 0.0202 (0.4143) tier2_loss: 0.0028 (0.2644) time: 0.1076 data: 0.0001 max mem: 327
Epoch: [17] [200/266] eta: 0:00:06 lr: 0.000006 tier1_loss: 0.0362 (0.3650) tier2_loss: 0.0031 (0.2063) time: 0.1128 data: 0.0001 max mem: 327
Epoch: [17] [265/266] eta: 0:00:00 lr: 0.000005 tier1_loss: 0.0491 (0.4142) tier2_loss: 0.0050 (0.2664) time: 0.1346 data: 0.0001 max mem: 327
Epoch: [17] Total time: 0:00:28 (28.6100 s / it)
  [learned tier1_weight] epoch=17 weight=0.0874
Val [ 0/29] eta: 0:00:05 loss: 0.0528 (0.0528) acc1: 100.0000 (100.0000) time: 0.1754 data: 0.1269 max mem: 327
Val [28/29] eta: 0:00:00 loss: 0.0035 (1.4311) acc1: 100.0000 (72.4138) time: 0.0295 data: 0.0001 max mem: 327
Val Total time: 0:00:01 (1.0658 s / it)
* Acc@1 72.414 loss 1.431 auroc 0.840 f1_score 0.517
  per-class F1 (Val): {'negative': np.float32(0.829), 'itc': np.float32(0.0), 'micro': np.float32(0.571), 'macro': np.float32(0.667)}
  [DIAG] Tier1 сам по собі: acc=77.586 f1_macro=0.512
Test [  0/197] eta: 0:00:33 loss: 0.0107 (0.0107) acc1: 100.0000 (100.0000) time: 0.1700 data: 0.1287 max mem: 327
Test [100/197] eta: 0:00:03 loss: 0.0189 (0.7927) acc1: 100.0000 (80.1980) time: 0.0310 data: 0.0001 max mem: 327
Test [196/197] eta: 0:00:00 loss: 0.0022 (0.6642) acc1: 100.0000 (83.7563) time: 0.0285 data: 0.0001 max mem: 327
Test Total time: 0:00:06 (6.2354 s / it)
* Acc@1 83.756 loss 0.664 auroc 0.898 f1_score 0.673
  per-class F1 (Test): {'negative': np.float32(0.899), 'itc': np.float32(0.276), 'micro': np.float32(0.593), 'macro': np.float32(0.923)}
  [DIAG] Tier1 сам по собі: acc=84.645 f1_macro=0.596

Epoch: [18] [  0/266] eta: 0:00:57 lr: 0.000005 tier1_loss: 2.4205 (2.4205) tier2_loss: 0.0425 (0.0425) time: 0.2175 data: 0.0970 max mem: 327
Epoch: [18] [100/266] eta: 0:00:17 lr: 0.000004 tier1_loss: 0.0491 (0.3116) tier2_loss: 0.0035 (0.1766) time: 0.1075 data: 0.0001 max mem: 327
Epoch: [18] [200/266] eta: 0:00:07 lr: 0.000003 tier1_loss: 0.0489 (0.3953) tier2_loss: 0.0042 (0.2256) time: 0.1064 data: 0.0001 max mem: 327
Epoch: [18] [265/266] eta: 0:00:00 lr: 0.000002 tier1_loss: 0.0951 (0.3981) tier2_loss: 0.0030 (0.2361) time: 0.1182 data: 0.0001 max mem: 327
Epoch: [18] Total time: 0:00:30 (30.3322 s / it)
  [learned tier1_weight] epoch=18 weight=0.0874
Val [ 0/29] eta: 0:00:04 loss: 0.0472 (0.0472) acc1: 100.0000 (100.0000) time: 0.1556 data: 0.1251 max mem: 327
Val [28/29] eta: 0:00:00 loss: 0.0034 (1.3357) acc1: 100.0000 (75.8621) time: 0.0287 data: 0.0001 max mem: 327
Val Total time: 0:00:01 (1.0213 s / it)
* Acc@1 75.862 loss 1.336 auroc 0.853 f1_score 0.622
  per-class F1 (Val): {'negative': np.float32(0.85), 'itc': np.float32(0.4), 'micro': np.float32(0.571), 'macro': np.float32(0.667)}
  [DIAG] Tier1 сам по собі: acc=77.586 f1_macro=0.515
Test [  0/197] eta: 0:00:31 loss: 0.0114 (0.0114) acc1: 100.0000 (100.0000) time: 0.1575 data: 0.1222 max mem: 327
Test [100/197] eta: 0:00:03 loss: 0.0244 (0.8146) acc1: 100.0000 (81.1881) time: 0.0315 data: 0.0001 max mem: 327
Test [196/197] eta: 0:00:00 loss: 0.0021 (0.6973) acc1: 100.0000 (84.7716) time: 0.0286 data: 0.0001 max mem: 327
Test Total time: 0:00:06 (6.2450 s / it)
* Acc@1 84.772 loss 0.697 auroc 0.894 f1_score 0.668
  per-class F1 (Test): {'negative': np.float32(0.912), 'itc': np.float32(0.308), 'micro': np.float32(0.538), 'macro': np.float32(0.913)}
  [DIAG] Tier1 сам по собі: acc=84.962 f1_macro=0.604

Epoch: [19] [  0/266] eta: 0:01:06 lr: 0.000002 tier1_loss: 0.0116 (0.0116) tier2_loss: 0.0018 (0.0018) time: 0.2499 data: 0.1061 max mem: 327
Epoch: [19] [100/266] eta: 0:00:18 lr: 0.000001 tier1_loss: 0.0349 (0.3533) tier2_loss: 0.0037 (0.1469) time: 0.1130 data: 0.0001 max mem: 327
Epoch: [19] [200/266] eta: 0:00:07 lr: 0.000001 tier1_loss: 0.0473 (0.3917) tier2_loss: 0.0024 (0.2259) time: 0.1264 data: 0.0001 max mem: 327
Epoch: [19] [265/266] eta: 0:00:00 lr: 0.000001 tier1_loss: 0.0499 (0.3941) tier2_loss: 0.0038 (0.2402) time: 0.1053 data: 0.0001 max mem: 327
Epoch: [19] Total time: 0:00:31 (31.0976 s / it)
  [learned tier1_weight] epoch=19 weight=0.0874
Val [ 0/29] eta: 0:00:04 loss: 0.0454 (0.0454) acc1: 100.0000 (100.0000) time: 0.1683 data: 0.1306 max mem: 327
Val [28/29] eta: 0:00:00 loss: 0.0032 (1.5771) acc1: 100.0000 (72.4138) time: 0.0284 data: 0.0001 max mem: 327
Val Total time: 0:00:01 (1.0184 s / it)
* Acc@1 72.414 loss 1.577 auroc 0.807 f1_score 0.517
  per-class F1 (Val): {'negative': np.float32(0.829), 'itc': np.float32(0.0), 'micro': np.float32(0.571), 'macro': np.float32(0.667)}
  [DIAG] Tier1 сам по собі: acc=77.586 f1_macro=0.519
wandb: 
wandb: Run history:
wandb: diag/test_tier1_acc ▁▁▁▁▂▄▅▇▇▇██████████
wandb:  diag/test_tier1_f1 ▁▁▁▁▂▄▄▅▅▆▇█████████
wandb:   diag/tier1_weight ██▇▇▆▅▄▃▃▂▂▂▂▁▁▁▁▁▁▁
wandb:       perf/test_auc ▁▂▂▃▂▃▄▅▇▇▇█████████
wandb:        perf/test_f1 ▁▁▁▁▂▃▄▅▆▇▇▇▇▇██████
wandb:        perf/val_auc ▂▃▁▃▂▂▄▅▅▆▇▇▇█▇▇███▇
wandb:         perf/val_f1 ▁▁▁▁▁▁▃▃▆▆▇▆▆▆▆▆▆▆█▆
wandb:          tier1_loss ▃▃▂▂▄▁▁▄▁▁▁▁▅▁▁▁▁▁█▁▁▁▁▆▅▁▁▁▁▁▂▂▂▁▁▁▁▁▁▂
wandb:          tier2_loss ▂▂▃▁▁▁▇▁▁▁▄▄▁▇▁▁▁▁▁▁▁▁▁▁▁▁██▁█▁▅▁▁▁▁▁▁▁▁
wandb: 
wandb: Run summary:
wandb: diag/test_tier1_acc 84.89848
wandb:  diag/test_tier1_f1 0.60237
wandb:   diag/tier1_weight 0.08735
wandb:       perf/test_auc 0.8936
wandb:        perf/test_f1 0.67178
wandb:        perf/val_auc 0.80665
wandb:         perf/val_f1 0.51684
wandb:          tier1_loss 0.32351
wandb:          tier2_loss 0.00637
wandb: 
wandb: You can sync this run to the cloud by running:
wandb: wandb sync /data/bohatyrenko1/EXPERIMENTS_2/Hi-MoE_MIL/wandb/offline-run-20260925_145925-iamj70un
wandb: Find logs at: ./wandb/offline-run-20260925_145925-iamj70un/logs
Test [  0/197] eta: 0:00:34 loss: 0.0137 (0.0137) acc1: 100.0000 (100.0000) time: 0.1729 data: 0.1232 max mem: 327
Test [100/197] eta: 0:00:03 loss: 0.0173 (0.7937) acc1: 100.0000 (81.1881) time: 0.0296 data: 0.0001 max mem: 327
Test [196/197] eta: 0:00:00 loss: 0.0020 (0.6947) acc1: 100.0000 (84.2640) time: 0.0293 data: 0.0001 max mem: 327
Test Total time: 0:00:06 (6.1786 s / it)
* Acc@1 84.264 loss 0.695 auroc 0.894 f1_score 0.672
  per-class F1 (Test): {'negative': np.float32(0.907), 'itc': np.float32(0.286), 'micro': np.float32(0.571), 'macro': np.float32(0.923)}
  [DIAG] Tier1 сам по собі: acc=84.898 f1_macro=0.602

============================================================
FINAL EPOCH (19) RESULTS (DTFD-ASMIL v4, cumulative LSA + learned weight):
  [learned tier1_weight, final] 0.0874
  test_auc=0.8936 test_acc=84.26 test_f1(macro)=0.6718
  [DIAG] Tier1 сам по собі: acc=84.898 f1_macro=0.602
  test per-class F1: {'negative': np.float32(0.907), 'itc': np.float32(0.286), 'micro': np.float32(0.571), 'macro': np.float32(0.923)}
  test confusion matrix (rows=true, cols=pred):
          negative         itc       micro       macro
negative        112           6           1           2
     itc         11           4           1           0
   micro          3           2           8           5
   macro          0           0           0          42
============================================================
Best epoch: {'epoch': 18, 'val_f1': 0.6220238208770752, 'val_auc': 0.8529059886932373, 'test_f1': 0.6677993535995483, 'test_auc': 0.8936444520950317}
