wandb: Tracking run with wandb version 0.28.0
wandb: W&B syncing is set to `offline` in this directory. Run `wandb online` or set WANDB_MODE=online to enable cloud syncing.
wandb: Run data is saved locally in /data/bohatyrenko1/EXPERIMENTS_2/Hi-MoE_MIL/wandb/offline-run-20260925_072626-kjjq8v13
wandb: View this run in the terminal with `wandb leet`
Used config (DTFD-ASMIL):
{'B': 1,
 'D_feat': 384,
 'D_inner': 128,
 'M': None,
 'ckpt_dir': 'ckpt/c17_dtfd_diag_w0_seed1',
 'config': 'config/camelyon17_vitsdino_config_30ep.yml',
 'dataset': 'camelyon17',
 'lr': 0.0001,
 'min_lr': 1e-06,
 'n_class': 4,
 'n_token': 8,
 'n_worker': 4,
 'pin_memory': True,
 'pretrain': 'medical_ssl',
 'seed': 1,
 'splits_dir': '/data/bohatyrenko1/EXPERIMENTS_2/ASMIL/splits_paper',
 'test_dir': '/data/bohatyrenko1/features_vitsdino_camelyon17_train',
 'tier1_weight': 0.0,
 'tier2_D_inner': None,
 'tier2_n_token': None,
 'train_dir': '/data/bohatyrenko1/features_vitsdino_camelyon17_train',
 'train_epoch': 30,
 'wandb_mode': 'offline',
 'warmup_epoch': 5,
 'wd': 1e-05}
M (псевдо-bags) = 8
Class weights: [0.3757062256336212, 3.694444417953491, 1.6219512224197388, 2.2166666984558105]
Epoch: [0] [  0/266] eta: 0:02:19 lr: 0.000000 tier1_loss: 1.4772 (1.4772) tier2_loss: 1.3348 (1.3348) time: 0.5229 data: 0.0690 max mem: 99
Epoch: [0] [100/266] eta: 0:00:19 lr: 0.000008 tier1_loss: 1.4328 (1.4361) tier2_loss: 0.8209 (1.1738) time: 0.1159 data: 0.0001 max mem: 327
Epoch: [0] [200/266] eta: 0:00:07 lr: 0.000015 tier1_loss: 1.4874 (1.4329) tier2_loss: 0.2687 (1.0991) time: 0.1129 data: 0.0001 max mem: 327
Epoch: [0] [265/266] eta: 0:00:00 lr: 0.000020 tier1_loss: 1.5008 (1.4343) tier2_loss: 0.2072 (1.0975) time: 0.1152 data: 0.0001 max mem: 327
Epoch: [0] Total time: 0:00:30 (30.6956 s / it)
Val [ 0/29] eta: 0:00:04 loss: 0.1605 (0.1605) acc1: 100.0000 (100.0000) time: 0.1567 data: 0.0988 max mem: 327
Val [28/29] eta: 0:00:00 loss: 0.1584 (1.0460) acc1: 100.0000 (68.9655) time: 0.0283 data: 0.0001 max mem: 327
Val Total time: 0:00:00 (0.9871 s / it)
* Acc@1 68.966 loss 1.046 auroc 0.512 f1_score 0.204
  per-class F1 (Val): {'negative': np.float32(0.816), 'itc': np.float32(0.0), 'micro': np.float32(0.0), 'macro': np.float32(0.0)}
  [DIAG] Tier1 сам по собі (кожен псевдо-bag окремо): acc=13.793 f1_macro=0.071
Test [  0/197] eta: 0:00:24 loss: 2.8202 (2.8202) acc1: 0.0000 (0.0000) time: 0.1219 data: 0.0868 max mem: 327
Test [100/197] eta: 0:00:02 loss: 0.1601 (1.3117) acc1: 100.0000 (59.4059) time: 0.0302 data: 0.0001 max mem: 327
Test [196/197] eta: 0:00:00 loss: 0.1594 (1.2611) acc1: 100.0000 (61.4213) time: 0.0275 data: 0.0001 max mem: 327
Test Total time: 0:00:05 (5.9488 s / it)
* Acc@1 61.421 loss 1.261 auroc 0.554 f1_score 0.190
  per-class F1 (Test): {'negative': np.float32(0.761), 'itc': np.float32(0.0), 'micro': np.float32(0.0), 'macro': np.float32(0.0)}
  [DIAG] Tier1 сам по собі (кожен псевдо-bag окремо): acc=17.005 f1_macro=0.085

Epoch: [1] [  0/266] eta: 0:00:54 lr: 0.000020 tier1_loss: 1.5029 (1.5029) tier2_loss: 2.9021 (2.9021) time: 0.2033 data: 0.0883 max mem: 327
Epoch: [1] [100/266] eta: 0:00:18 lr: 0.000028 tier1_loss: 1.4589 (1.4674) tier2_loss: 0.1834 (0.9739) time: 0.1122 data: 0.0001 max mem: 327
Epoch: [1] [200/266] eta: 0:00:07 lr: 0.000035 tier1_loss: 1.4777 (1.4545) tier2_loss: 0.2380 (1.0061) time: 0.1128 data: 0.0001 max mem: 327
Epoch: [1] [265/266] eta: 0:00:00 lr: 0.000040 tier1_loss: 1.3967 (1.4477) tier2_loss: 0.4273 (1.0744) time: 0.1129 data: 0.0001 max mem: 327
Epoch: [1] Total time: 0:00:30 (30.1572 s / it)
Val [ 0/29] eta: 0:00:04 loss: 0.2952 (0.2952) acc1: 100.0000 (100.0000) time: 0.1430 data: 0.1039 max mem: 327
Val [28/29] eta: 0:00:00 loss: 0.2629 (0.9624) acc1: 100.0000 (68.9655) time: 0.0288 data: 0.0001 max mem: 327
Val Total time: 0:00:00 (0.9784 s / it)
* Acc@1 68.966 loss 0.962 auroc 0.626 f1_score 0.204
  per-class F1 (Val): {'negative': np.float32(0.816), 'itc': np.float32(0.0), 'micro': np.float32(0.0), 'macro': np.float32(0.0)}
  [DIAG] Tier1 сам по собі (кожен псевдо-bag окремо): acc=13.793 f1_macro=0.065
Test [  0/197] eta: 0:00:24 loss: 2.5291 (2.5291) acc1: 0.0000 (0.0000) time: 0.1248 data: 0.0755 max mem: 327
Test [100/197] eta: 0:00:02 loss: 0.2580 (1.1634) acc1: 100.0000 (59.4059) time: 0.0297 data: 0.0001 max mem: 327
Test [196/197] eta: 0:00:00 loss: 0.2533 (1.0939) acc1: 100.0000 (61.4213) time: 0.0275 data: 0.0001 max mem: 327
Test Total time: 0:00:05 (5.9453 s / it)
* Acc@1 61.421 loss 1.094 auroc 0.650 f1_score 0.190
  per-class F1 (Test): {'negative': np.float32(0.761), 'itc': np.float32(0.0), 'micro': np.float32(0.0), 'macro': np.float32(0.0)}
  [DIAG] Tier1 сам по собі (кожен псевдо-bag окремо): acc=17.766 f1_macro=0.076

Epoch: [2] [  0/266] eta: 0:01:00 lr: 0.000040 tier1_loss: 1.3237 (1.3237) tier2_loss: 2.1268 (2.1268) time: 0.2274 data: 0.0756 max mem: 327
Epoch: [2] [100/266] eta: 0:00:19 lr: 0.000048 tier1_loss: 1.4773 (1.4637) tier2_loss: 0.1305 (0.9764) time: 0.1206 data: 0.0001 max mem: 327
Epoch: [2] [200/266] eta: 0:00:07 lr: 0.000055 tier1_loss: 1.4263 (1.4469) tier2_loss: 0.1995 (1.0229) time: 0.1250 data: 0.0001 max mem: 327
Epoch: [2] [265/266] eta: 0:00:00 lr: 0.000060 tier1_loss: 1.4044 (1.4453) tier2_loss: 0.2287 (1.0677) time: 0.1150 data: 0.0001 max mem: 327
Epoch: [2] Total time: 0:00:32 (32.0661 s / it)
Val [ 0/29] eta: 0:00:04 loss: 0.2116 (0.2116) acc1: 100.0000 (100.0000) time: 0.1556 data: 0.1086 max mem: 327
Val [28/29] eta: 0:00:00 loss: 0.1750 (1.0215) acc1: 100.0000 (68.9655) time: 0.0282 data: 0.0001 max mem: 327
Val Total time: 0:00:00 (0.9867 s / it)
* Acc@1 68.966 loss 1.022 auroc 0.599 f1_score 0.204
  per-class F1 (Val): {'negative': np.float32(0.816), 'itc': np.float32(0.0), 'micro': np.float32(0.0), 'macro': np.float32(0.0)}
  [DIAG] Tier1 сам по собі (кожен псевдо-bag окремо): acc=14.655 f1_macro=0.105
Test [  0/197] eta: 0:00:28 loss: 2.8224 (2.8224) acc1: 0.0000 (0.0000) time: 0.1461 data: 0.1029 max mem: 327
Test [100/197] eta: 0:00:02 loss: 0.1824 (1.2297) acc1: 100.0000 (59.4059) time: 0.0291 data: 0.0001 max mem: 327
Test [196/197] eta: 0:00:00 loss: 0.1666 (1.1626) acc1: 100.0000 (61.4213) time: 0.0283 data: 0.0001 max mem: 327
Test Total time: 0:00:05 (5.9640 s / it)
* Acc@1 61.421 loss 1.163 auroc 0.658 f1_score 0.190
  per-class F1 (Test): {'negative': np.float32(0.761), 'itc': np.float32(0.0), 'micro': np.float32(0.0), 'macro': np.float32(0.0)}
  [DIAG] Tier1 сам по собі (кожен псевдо-bag окремо): acc=18.084 f1_macro=0.127

Epoch: [3] [  0/266] eta: 0:01:00 lr: 0.000060 tier1_loss: 1.3094 (1.3094) tier2_loss: 0.1645 (0.1645) time: 0.2263 data: 0.0842 max mem: 327
Epoch: [3] [100/266] eta: 0:00:19 lr: 0.000068 tier1_loss: 1.4244 (1.4204) tier2_loss: 0.2670 (1.0073) time: 0.1185 data: 0.0001 max mem: 327
Epoch: [3] [200/266] eta: 0:00:07 lr: 0.000075 tier1_loss: 1.3967 (1.4155) tier2_loss: 0.2151 (1.0453) time: 0.1129 data: 0.0001 max mem: 327
Epoch: [3] [265/266] eta: 0:00:00 lr: 0.000080 tier1_loss: 1.4628 (1.4257) tier2_loss: 0.1465 (1.0532) time: 0.1184 data: 0.0001 max mem: 327
Epoch: [3] Total time: 0:00:30 (30.4924 s / it)
Val [ 0/29] eta: 0:00:04 loss: 0.1562 (0.1562) acc1: 100.0000 (100.0000) time: 0.1602 data: 0.1082 max mem: 327
Val [28/29] eta: 0:00:00 loss: 0.2528 (1.0920) acc1: 100.0000 (68.9655) time: 0.0295 data: 0.0001 max mem: 327
Val Total time: 0:00:01 (1.0232 s / it)
* Acc@1 68.966 loss 1.092 auroc 0.595 f1_score 0.204
  per-class F1 (Val): {'negative': np.float32(0.816), 'itc': np.float32(0.0), 'micro': np.float32(0.0), 'macro': np.float32(0.0)}
  [DIAG] Tier1 сам по собі (кожен псевдо-bag окремо): acc=10.345 f1_macro=0.094
Test [  0/197] eta: 0:00:26 loss: 2.3695 (2.3695) acc1: 0.0000 (0.0000) time: 0.1332 data: 0.0855 max mem: 327
Test [100/197] eta: 0:00:02 loss: 0.1781 (1.2333) acc1: 100.0000 (59.4059) time: 0.0295 data: 0.0000 max mem: 327
Test [196/197] eta: 0:00:00 loss: 0.1792 (1.1966) acc1: 100.0000 (61.4213) time: 0.0283 data: 0.0001 max mem: 327
Test Total time: 0:00:05 (5.9253 s / it)
* Acc@1 61.421 loss 1.197 auroc 0.639 f1_score 0.190
  per-class F1 (Test): {'negative': np.float32(0.761), 'itc': np.float32(0.0), 'micro': np.float32(0.0), 'macro': np.float32(0.0)}
  [DIAG] Tier1 сам по собі (кожен псевдо-bag окремо): acc=17.005 f1_macro=0.180

Epoch: [4] [  0/266] eta: 0:01:09 lr: 0.000080 tier1_loss: 1.5459 (1.5459) tier2_loss: 0.1164 (0.1164) time: 0.2631 data: 0.0948 max mem: 327
Epoch: [4] [100/266] eta: 0:00:19 lr: 0.000088 tier1_loss: 1.4503 (1.4412) tier2_loss: 0.1032 (0.9045) time: 0.1120 data: 0.0001 max mem: 327
Epoch: [4] [200/266] eta: 0:00:07 lr: 0.000095 tier1_loss: 1.4385 (1.4337) tier2_loss: 0.1157 (0.9882) time: 0.1223 data: 0.0001 max mem: 327
Epoch: [4] [265/266] eta: 0:00:00 lr: 0.000100 tier1_loss: 1.3114 (1.4131) tier2_loss: 0.2285 (1.0077) time: 0.1164 data: 0.0001 max mem: 327
Epoch: [4] Total time: 0:00:31 (31.3347 s / it)
Val [ 0/29] eta: 0:00:05 loss: 0.1604 (0.1604) acc1: 100.0000 (100.0000) time: 0.2002 data: 0.1440 max mem: 327
Val [28/29] eta: 0:00:00 loss: 0.1346 (0.9856) acc1: 100.0000 (68.9655) time: 0.0288 data: 0.0001 max mem: 327
Val Total time: 0:00:01 (1.0583 s / it)
* Acc@1 68.966 loss 0.986 auroc 0.647 f1_score 0.204
  per-class F1 (Val): {'negative': np.float32(0.816), 'itc': np.float32(0.0), 'micro': np.float32(0.0), 'macro': np.float32(0.0)}
  [DIAG] Tier1 сам по собі (кожен псевдо-bag окремо): acc=36.638 f1_macro=0.175
Test [  0/197] eta: 0:00:26 loss: 2.6604 (2.6604) acc1: 0.0000 (0.0000) time: 0.1343 data: 0.0798 max mem: 327
Test [100/197] eta: 0:00:03 loss: 0.1740 (0.9232) acc1: 100.0000 (70.2970) time: 0.0314 data: 0.0001 max mem: 327
Test [196/197] eta: 0:00:00 loss: 0.1226 (0.7902) acc1: 100.0000 (76.1421) time: 0.0283 data: 0.0001 max mem: 327
Test Total time: 0:00:06 (6.2205 s / it)
* Acc@1 76.142 loss 0.790 auroc 0.741 f1_score 0.411
  per-class F1 (Test): {'negative': np.float32(0.84), 'itc': np.float32(0.0), 'micro': np.float32(0.0), 'macro': np.float32(0.806)}
  [DIAG] Tier1 сам по собі (кожен псевдо-bag окремо): acc=46.383 f1_macro=0.226

Epoch: [5] [  0/266] eta: 0:00:58 lr: 0.000100 tier1_loss: 1.3406 (1.3406) tier2_loss: 0.1437 (0.1437) time: 0.2204 data: 0.0939 max mem: 327
Epoch: [5] [100/266] eta: 0:00:18 lr: 0.000100 tier1_loss: 1.4283 (1.3809) tier2_loss: 0.2561 (0.9811) time: 0.1027 data: 0.0001 max mem: 327
Epoch: [5] [200/266] eta: 0:00:07 lr: 0.000100 tier1_loss: 1.3782 (1.3855) tier2_loss: 0.0883 (0.9112) time: 0.1124 data: 0.0001 max mem: 327
Epoch: [5] [265/266] eta: 0:00:00 lr: 0.000100 tier1_loss: 1.3857 (1.3792) tier2_loss: 0.2901 (0.9203) time: 0.1015 data: 0.0001 max mem: 327
Epoch: [5] Total time: 0:00:28 (28.7209 s / it)
Val [ 0/29] eta: 0:00:04 loss: 0.1218 (0.1218) acc1: 100.0000 (100.0000) time: 0.1567 data: 0.1002 max mem: 327
Val [28/29] eta: 0:00:00 loss: 0.1037 (1.0699) acc1: 100.0000 (68.9655) time: 0.0289 data: 0.0001 max mem: 327
Val Total time: 0:00:01 (1.0306 s / it)
* Acc@1 68.966 loss 1.070 auroc 0.657 f1_score 0.302
  per-class F1 (Val): {'negative': np.float32(0.809), 'itc': np.float32(0.0), 'micro': np.float32(0.0), 'macro': np.float32(0.4)}
  [DIAG] Tier1 сам по собі (кожен псевдо-bag окремо): acc=31.034 f1_macro=0.172
Test [  0/197] eta: 0:00:29 loss: 2.4904 (2.4904) acc1: 0.0000 (0.0000) time: 0.1522 data: 0.0859 max mem: 327
Test [100/197] eta: 0:00:03 loss: 0.1226 (0.8740) acc1: 100.0000 (71.2871) time: 0.0315 data: 0.0001 max mem: 327
Test [196/197] eta: 0:00:00 loss: 0.0699 (0.7290) acc1: 100.0000 (77.1574) time: 0.0290 data: 0.0001 max mem: 327
Test Total time: 0:00:06 (6.3103 s / it)
* Acc@1 77.157 loss 0.729 auroc 0.770 f1_score 0.423
  per-class F1 (Test): {'negative': np.float32(0.847), 'itc': np.float32(0.0), 'micro': np.float32(0.0), 'macro': np.float32(0.847)}
  [DIAG] Tier1 сам по собі (кожен псевдо-bag окремо): acc=37.754 f1_macro=0.262

Epoch: [6] [  0/266] eta: 0:01:06 lr: 0.000100 tier1_loss: 1.4237 (1.4237) tier2_loss: 0.1714 (0.1714) time: 0.2489 data: 0.0953 max mem: 327
Epoch: [6] [100/266] eta: 0:00:19 lr: 0.000099 tier1_loss: 1.3143 (1.3688) tier2_loss: 0.0569 (0.7757) time: 0.1128 data: 0.0001 max mem: 327
Epoch: [6] [200/266] eta: 0:00:07 lr: 0.000099 tier1_loss: 1.4121 (1.3712) tier2_loss: 0.1311 (0.9077) time: 0.1170 data: 0.0001 max mem: 327
Epoch: [6] [265/266] eta: 0:00:00 lr: 0.000098 tier1_loss: 1.4070 (1.3770) tier2_loss: 0.0950 (0.9059) time: 0.1090 data: 0.0001 max mem: 327
Epoch: [6] Total time: 0:00:30 (30.6172 s / it)
Val [ 0/29] eta: 0:00:04 loss: 0.1020 (0.1020) acc1: 100.0000 (100.0000) time: 0.1402 data: 0.0998 max mem: 327
Val [28/29] eta: 0:00:00 loss: 0.0952 (1.0758) acc1: 100.0000 (68.9655) time: 0.0274 data: 0.0001 max mem: 327
Val Total time: 0:00:00 (0.9575 s / it)
* Acc@1 68.966 loss 1.076 auroc 0.689 f1_score 0.278
  per-class F1 (Val): {'negative': np.float32(0.826), 'itc': np.float32(0.0), 'micro': np.float32(0.0), 'macro': np.float32(0.286)}
  [DIAG] Tier1 сам по собі (кожен псевдо-bag окремо): acc=21.552 f1_macro=0.144
Test [  0/197] eta: 0:00:26 loss: 2.1393 (2.1393) acc1: 0.0000 (0.0000) time: 0.1338 data: 0.0799 max mem: 327
Test [100/197] eta: 0:00:02 loss: 0.1036 (0.8827) acc1: 100.0000 (73.2673) time: 0.0296 data: 0.0001 max mem: 327
Test [196/197] eta: 0:00:00 loss: 0.0590 (0.7300) acc1: 100.0000 (78.1726) time: 0.0273 data: 0.0000 max mem: 327
Test Total time: 0:00:05 (5.8045 s / it)
* Acc@1 78.173 loss 0.730 auroc 0.788 f1_score 0.427
  per-class F1 (Test): {'negative': np.float32(0.857), 'itc': np.float32(0.0), 'micro': np.float32(0.0), 'macro': np.float32(0.851)}
  [DIAG] Tier1 сам по собі (кожен псевдо-bag окремо): acc=20.939 f1_macro=0.174

Epoch: [7] [  0/266] eta: 0:00:59 lr: 0.000098 tier1_loss: 1.3632 (1.3632) tier2_loss: 3.1290 (3.1290) time: 0.2253 data: 0.0830 max mem: 327
Epoch: [7] [100/266] eta: 0:00:17 lr: 0.000098 tier1_loss: 1.3496 (1.3710) tier2_loss: 0.0699 (0.6482) time: 0.1036 data: 0.0001 max mem: 327
Epoch: [7] [200/266] eta: 0:00:06 lr: 0.000097 tier1_loss: 1.3856 (1.3742) tier2_loss: 0.0969 (0.8295) time: 0.1044 data: 0.0001 max mem: 327
Epoch: [7] [265/266] eta: 0:00:00 lr: 0.000097 tier1_loss: 1.4430 (1.3858) tier2_loss: 0.0859 (0.7894) time: 0.1018 data: 0.0001 max mem: 327
Epoch: [7] Total time: 0:00:28 (28.0938 s / it)
Val [ 0/29] eta: 0:00:04 loss: 0.0849 (0.0849) acc1: 100.0000 (100.0000) time: 0.1383 data: 0.1000 max mem: 327
Val [28/29] eta: 0:00:00 loss: 0.0681 (1.1098) acc1: 100.0000 (72.4138) time: 0.0286 data: 0.0001 max mem: 327
Val Total time: 0:00:00 (0.9760 s / it)
* Acc@1 72.414 loss 1.110 auroc 0.707 f1_score 0.308
  per-class F1 (Val): {'negative': np.float32(0.833), 'itc': np.float32(0.0), 'micro': np.float32(0.0), 'macro': np.float32(0.4)}
  [DIAG] Tier1 сам по собі (кожен псевдо-bag окремо): acc=11.638 f1_macro=0.097
Test [  0/197] eta: 0:00:30 loss: 3.4645 (3.4645) acc1: 0.0000 (0.0000) time: 0.1560 data: 0.0935 max mem: 327
Test [100/197] eta: 0:00:02 loss: 0.0653 (0.8244) acc1: 100.0000 (77.2277) time: 0.0281 data: 0.0001 max mem: 327
Test [196/197] eta: 0:00:00 loss: 0.0534 (0.6435) acc1: 100.0000 (82.2335) time: 0.0274 data: 0.0001 max mem: 327
Test Total time: 0:00:05 (5.7668 s / it)
* Acc@1 82.234 loss 0.643 auroc 0.818 f1_score 0.457
  per-class F1 (Test): {'negative': np.float32(0.886), 'itc': np.float32(0.0), 'micro': np.float32(0.0), 'macro': np.float32(0.943)}
  [DIAG] Tier1 сам по собі (кожен псевдо-bag окремо): acc=7.424 f1_macro=0.085

Epoch: [8] [  0/266] eta: 0:00:54 lr: 0.000097 tier1_loss: 1.2470 (1.2470) tier2_loss: 3.6464 (3.6464) time: 0.2060 data: 0.0703 max mem: 327
Epoch: [8] [100/266] eta: 0:00:18 lr: 0.000096 tier1_loss: 1.4290 (1.4199) tier2_loss: 0.0439 (0.5559) time: 0.1086 data: 0.0001 max mem: 327
Epoch: [8] [200/266] eta: 0:00:07 lr: 0.000095 tier1_loss: 1.4776 (1.4313) tier2_loss: 0.0443 (0.5832) time: 0.1128 data: 0.0001 max mem: 327
Epoch: [8] [265/266] eta: 0:00:00 lr: 0.000094 tier1_loss: 1.3632 (1.4250) tier2_loss: 0.0425 (0.6147) time: 0.1067 data: 0.0001 max mem: 327
Epoch: [8] Total time: 0:00:29 (29.4415 s / it)
Val [ 0/29] eta: 0:00:04 loss: 0.1156 (0.1156) acc1: 100.0000 (100.0000) time: 0.1475 data: 0.1058 max mem: 327
Val [28/29] eta: 0:00:00 loss: 0.0838 (0.7720) acc1: 100.0000 (79.3103) time: 0.0276 data: 0.0001 max mem: 327
Val Total time: 0:00:00 (0.9651 s / it)
* Acc@1 79.310 loss 0.772 auroc 0.767 f1_score 0.554
  per-class F1 (Val): {'negative': np.float32(0.884), 'itc': np.float32(0.0), 'micro': np.float32(0.667), 'macro': np.float32(0.667)}
  [DIAG] Tier1 сам по собі (кожен псевдо-bag окремо): acc=12.069 f1_macro=0.111
Test [  0/197] eta: 0:00:26 loss: 0.6137 (0.6137) acc1: 100.0000 (100.0000) time: 0.1322 data: 0.0833 max mem: 327
Test [100/197] eta: 0:00:03 loss: 0.1018 (0.6349) acc1: 100.0000 (79.2079) time: 0.0311 data: 0.0001 max mem: 327
Test [196/197] eta: 0:00:00 loss: 0.0558 (0.5661) acc1: 100.0000 (82.2335) time: 0.0293 data: 0.0001 max mem: 327
Test Total time: 0:00:06 (6.1687 s / it)
* Acc@1 82.234 loss 0.566 auroc 0.857 f1_score 0.514
  per-class F1 (Test): {'negative': np.float32(0.9), 'itc': np.float32(0.0), 'micro': np.float32(0.273), 'macro': np.float32(0.884)}
  [DIAG] Tier1 сам по собі (кожен псевдо-bag окремо): acc=10.787 f1_macro=0.102

Epoch: [9] [  0/266] eta: 0:00:59 lr: 0.000094 tier1_loss: 1.4994 (1.4994) tier2_loss: 0.1739 (0.1739) time: 0.2219 data: 0.1047 max mem: 327
Epoch: [9] [100/266] eta: 0:00:19 lr: 0.000093 tier1_loss: 1.4648 (1.4284) tier2_loss: 0.0259 (0.3239) time: 0.1104 data: 0.0001 max mem: 327
Epoch: [9] [200/266] eta: 0:00:07 lr: 0.000091 tier1_loss: 1.3980 (1.4244) tier2_loss: 0.0890 (0.5045) time: 0.1106 data: 0.0001 max mem: 327
Epoch: [9] [265/266] eta: 0:00:00 lr: 0.000091 tier1_loss: 1.3704 (1.4155) tier2_loss: 0.0278 (0.5358) time: 0.1057 data: 0.0001 max mem: 327
Epoch: [9] Total time: 0:00:30 (30.3794 s / it)
Val [ 0/29] eta: 0:00:04 loss: 0.0308 (0.0308) acc1: 100.0000 (100.0000) time: 0.1444 data: 0.1099 max mem: 327
Val [28/29] eta: 0:00:00 loss: 0.0245 (0.8486) acc1: 100.0000 (79.3103) time: 0.0283 data: 0.0001 max mem: 327
Val Total time: 0:00:00 (0.9952 s / it)
* Acc@1 79.310 loss 0.849 auroc 0.801 f1_score 0.530
  per-class F1 (Val): {'negative': np.float32(0.884), 'itc': np.float32(0.0), 'micro': np.float32(0.571), 'macro': np.float32(0.667)}
  [DIAG] Tier1 сам по собі (кожен псевдо-bag окремо): acc=23.707 f1_macro=0.254
Test [  0/197] eta: 0:00:29 loss: 0.1132 (0.1132) acc1: 100.0000 (100.0000) time: 0.1490 data: 0.0844 max mem: 327
Test [100/197] eta: 0:00:02 loss: 0.0272 (0.6668) acc1: 100.0000 (83.1683) time: 0.0291 data: 0.0001 max mem: 327
Test [196/197] eta: 0:00:00 loss: 0.0167 (0.6190) acc1: 100.0000 (85.2792) time: 0.0280 data: 0.0001 max mem: 327
Test Total time: 0:00:05 (5.9876 s / it)
* Acc@1 85.279 loss 0.619 auroc 0.874 f1_score 0.603
  per-class F1 (Test): {'negative': np.float32(0.918), 'itc': np.float32(0.0), 'micro': np.float32(0.581), 'macro': np.float32(0.913)}
  [DIAG] Tier1 сам по собі (кожен псевдо-bag окремо): acc=6.155 f1_macro=0.060

Epoch: [10] [  0/266] eta: 0:00:52 lr: 0.000091 tier1_loss: 1.5250 (1.5250) tier2_loss: 0.1178 (0.1178) time: 0.1958 data: 0.0739 max mem: 327
Epoch: [10] [100/266] eta: 0:00:18 lr: 0.000089 tier1_loss: 1.4127 (1.3994) tier2_loss: 0.0504 (0.5029) time: 0.1100 data: 0.0001 max mem: 327
Epoch: [10] [200/266] eta: 0:00:07 lr: 0.000088 tier1_loss: 1.3554 (1.3989) tier2_loss: 0.0212 (0.4794) time: 0.1190 data: 0.0001 max mem: 327
Epoch: [10] [265/266] eta: 0:00:00 lr: 0.000087 tier1_loss: 1.3948 (1.4023) tier2_loss: 0.0207 (0.4255) time: 0.1091 data: 0.0001 max mem: 327
Epoch: [10] Total time: 0:00:29 (29.7599 s / it)
Val [ 0/29] eta: 0:00:05 loss: 0.0374 (0.0374) acc1: 100.0000 (100.0000) time: 0.1739 data: 0.1149 max mem: 327
Val [28/29] eta: 0:00:00 loss: 0.0180 (0.9627) acc1: 100.0000 (79.3103) time: 0.0283 data: 0.0001 max mem: 327
Val Total time: 0:00:01 (1.0203 s / it)
* Acc@1 79.310 loss 0.963 auroc 0.736 f1_score 0.530
  per-class F1 (Val): {'negative': np.float32(0.884), 'itc': np.float32(0.0), 'micro': np.float32(0.571), 'macro': np.float32(0.667)}
  [DIAG] Tier1 сам по собі (кожен псевдо-bag окремо): acc=16.379 f1_macro=0.165
Test [  0/197] eta: 0:00:27 loss: 0.1268 (0.1268) acc1: 100.0000 (100.0000) time: 0.1409 data: 0.1005 max mem: 327
Test [100/197] eta: 0:00:03 loss: 0.0452 (0.6707) acc1: 100.0000 (81.1881) time: 0.0309 data: 0.0001 max mem: 327
Test [196/197] eta: 0:00:00 loss: 0.0127 (0.5864) acc1: 100.0000 (83.7563) time: 0.0288 data: 0.0001 max mem: 327
Test Total time: 0:00:06 (6.2061 s / it)
* Acc@1 83.756 loss 0.586 auroc 0.880 f1_score 0.569
  per-class F1 (Test): {'negative': np.float32(0.917), 'itc': np.float32(0.0), 'micro': np.float32(0.467), 'macro': np.float32(0.894)}
  [DIAG] Tier1 сам по собі (кожен псевдо-bag окремо): acc=12.563 f1_macro=0.142

Epoch: [11] [  0/266] eta: 0:00:51 lr: 0.000087 tier1_loss: 1.2615 (1.2615) tier2_loss: 0.0179 (0.0179) time: 0.1928 data: 0.0769 max mem: 327
Epoch: [11] [100/266] eta: 0:00:19 lr: 0.000085 tier1_loss: 1.4131 (1.4047) tier2_loss: 0.0118 (0.2409) time: 0.1183 data: 0.0001 max mem: 327
Epoch: [11] [200/266] eta: 0:00:07 lr: 0.000083 tier1_loss: 1.3683 (1.3964) tier2_loss: 0.0398 (0.3549) time: 0.1129 data: 0.0001 max mem: 327
Epoch: [11] [265/266] eta: 0:00:00 lr: 0.000082 tier1_loss: 1.3484 (1.3887) tier2_loss: 0.0118 (0.3602) time: 0.1060 data: 0.0001 max mem: 327
Epoch: [11] Total time: 0:00:29 (29.7674 s / it)
Val [ 0/29] eta: 0:00:04 loss: 0.0159 (0.0159) acc1: 100.0000 (100.0000) time: 0.1722 data: 0.1129 max mem: 327
Val [28/29] eta: 0:00:00 loss: 0.0100 (1.1522) acc1: 100.0000 (79.3103) time: 0.0291 data: 0.0001 max mem: 327
Val Total time: 0:00:01 (1.0482 s / it)
* Acc@1 79.310 loss 1.152 auroc 0.763 f1_score 0.530
  per-class F1 (Val): {'negative': np.float32(0.884), 'itc': np.float32(0.0), 'micro': np.float32(0.571), 'macro': np.float32(0.667)}
  [DIAG] Tier1 сам по собі (кожен псевдо-bag окремо): acc=25.862 f1_macro=0.249
Test [  0/197] eta: 0:00:26 loss: 0.0489 (0.0489) acc1: 100.0000 (100.0000) time: 0.1369 data: 0.0830 max mem: 327
Test [100/197] eta: 0:00:03 loss: 0.0321 (0.7260) acc1: 100.0000 (82.1782) time: 0.0318 data: 0.0001 max mem: 327
Test [196/197] eta: 0:00:00 loss: 0.0077 (0.6743) acc1: 100.0000 (83.7563) time: 0.0285 data: 0.0001 max mem: 327
Test Total time: 0:00:06 (6.1775 s / it)
* Acc@1 83.756 loss 0.674 auroc 0.880 f1_score 0.593
  per-class F1 (Test): {'negative': np.float32(0.915), 'itc': np.float32(0.0), 'micro': np.float32(0.537), 'macro': np.float32(0.921)}
  [DIAG] Tier1 сам по собі (кожен псевдо-bag окремо): acc=17.005 f1_macro=0.169

Epoch: [12] [  0/266] eta: 0:01:08 lr: 0.000082 tier1_loss: 1.2471 (1.2471) tier2_loss: 4.0025 (4.0025) time: 0.2561 data: 0.0946 max mem: 327
Epoch: [12] [100/266] eta: 0:00:19 lr: 0.000080 tier1_loss: 1.3613 (1.3700) tier2_loss: 0.0131 (0.4107) time: 0.1087 data: 0.0001 max mem: 327
Epoch: [12] [200/266] eta: 0:00:07 lr: 0.000078 tier1_loss: 1.3827 (1.3788) tier2_loss: 0.0064 (0.3317) time: 0.1070 data: 0.0001 max mem: 327
Epoch: [12] [265/266] eta: 0:00:00 lr: 0.000077 tier1_loss: 1.3439 (1.3781) tier2_loss: 0.0130 (0.3117) time: 0.1029 data: 0.0001 max mem: 327
Epoch: [12] Total time: 0:00:29 (29.5173 s / it)
Val [ 0/29] eta: 0:00:04 loss: 0.0145 (0.0145) acc1: 100.0000 (100.0000) time: 0.1642 data: 0.1053 max mem: 327
Val [28/29] eta: 0:00:00 loss: 0.0091 (1.1744) acc1: 100.0000 (75.8621) time: 0.0291 data: 0.0001 max mem: 327
Val Total time: 0:00:01 (1.0392 s / it)
* Acc@1 75.862 loss 1.174 auroc 0.756 f1_score 0.524
  per-class F1 (Val): {'negative': np.float32(0.857), 'itc': np.float32(0.0), 'micro': np.float32(0.571), 'macro': np.float32(0.667)}
  [DIAG] Tier1 сам по собі (кожен псевдо-bag окремо): acc=16.379 f1_macro=0.183
Test [  0/197] eta: 0:00:29 loss: 0.0476 (0.0476) acc1: 100.0000 (100.0000) time: 0.1480 data: 0.0970 max mem: 327
Test [100/197] eta: 0:00:03 loss: 0.0224 (0.7350) acc1: 100.0000 (84.1584) time: 0.0319 data: 0.0001 max mem: 327
Test [196/197] eta: 0:00:00 loss: 0.0063 (0.6062) acc1: 100.0000 (85.7868) time: 0.0295 data: 0.0001 max mem: 327
Test Total time: 0:00:06 (6.3290 s / it)
* Acc@1 85.787 loss 0.606 auroc 0.886 f1_score 0.674
  per-class F1 (Test): {'negative': np.float32(0.924), 'itc': np.float32(0.261), 'micro': np.float32(0.6), 'macro': np.float32(0.913)}
  [DIAG] Tier1 сам по собі (кожен псевдо-bag окремо): acc=14.023 f1_macro=0.161

Epoch: [13] [  0/266] eta: 0:00:55 lr: 0.000077 tier1_loss: 1.3439 (1.3439) tier2_loss: 0.0170 (0.0170) time: 0.2073 data: 0.0754 max mem: 327
Epoch: [13] [100/266] eta: 0:00:18 lr: 0.000075 tier1_loss: 1.3440 (1.3887) tier2_loss: 0.0161 (0.2688) time: 0.1107 data: 0.0001 max mem: 327
Epoch: [13] [200/266] eta: 0:00:07 lr: 0.000073 tier1_loss: 1.3800 (1.3848) tier2_loss: 0.0148 (0.3521) time: 0.1154 data: 0.0001 max mem: 327
Epoch: [13] [265/266] eta: 0:00:00 lr: 0.000072 tier1_loss: 1.3446 (1.3778) tier2_loss: 0.0052 (0.3138) time: 0.1131 data: 0.0001 max mem: 327
Epoch: [13] Total time: 0:00:30 (30.1187 s / it)
Val [ 0/29] eta: 0:00:04 loss: 0.0059 (0.0059) acc1: 100.0000 (100.0000) time: 0.1575 data: 0.1023 max mem: 327
Val [28/29] eta: 0:00:00 loss: 0.0030 (1.3149) acc1: 100.0000 (75.8621) time: 0.0286 data: 0.0001 max mem: 327
Val Total time: 0:00:01 (1.0004 s / it)
* Acc@1 75.862 loss 1.315 auroc 0.800 f1_score 0.524
  per-class F1 (Val): {'negative': np.float32(0.857), 'itc': np.float32(0.0), 'micro': np.float32(0.571), 'macro': np.float32(0.667)}
  [DIAG] Tier1 сам по собі (кожен псевдо-bag окремо): acc=22.414 f1_macro=0.234
Test [  0/197] eta: 0:00:25 loss: 0.0311 (0.0311) acc1: 100.0000 (100.0000) time: 0.1274 data: 0.0873 max mem: 327
Test [100/197] eta: 0:00:03 loss: 0.0090 (0.8324) acc1: 100.0000 (84.1584) time: 0.0306 data: 0.0001 max mem: 327
Test [196/197] eta: 0:00:00 loss: 0.0037 (0.7037) acc1: 100.0000 (84.7716) time: 0.0285 data: 0.0001 max mem: 327
Test Total time: 0:00:06 (6.0956 s / it)
* Acc@1 84.772 loss 0.704 auroc 0.884 f1_score 0.652
  per-class F1 (Test): {'negative': np.float32(0.915), 'itc': np.float32(0.222), 'micro': np.float32(0.55), 'macro': np.float32(0.921)}
  [DIAG] Tier1 сам по собі (кожен псевдо-bag окремо): acc=12.119 f1_macro=0.133

Epoch: [14] [  0/266] eta: 0:01:03 lr: 0.000072 tier1_loss: 1.4368 (1.4368) tier2_loss: 0.3253 (0.3253) time: 0.2387 data: 0.1105 max mem: 327
Epoch: [14] [100/266] eta: 0:00:19 lr: 0.000069 tier1_loss: 1.3415 (1.3752) tier2_loss: 0.0078 (0.2198) time: 0.1129 data: 0.0001 max mem: 328
Epoch: [14] [200/266] eta: 0:00:07 lr: 0.000067 tier1_loss: 1.3786 (1.3711) tier2_loss: 0.0059 (0.2080) time: 0.1242 data: 0.0001 max mem: 328
Epoch: [14] [265/266] eta: 0:00:00 lr: 0.000066 tier1_loss: 1.3875 (1.3729) tier2_loss: 0.0328 (0.2500) time: 0.1131 data: 0.0001 max mem: 328
Epoch: [14] Total time: 0:00:30 (30.6961 s / it)
Val [ 0/29] eta: 0:00:04 loss: 0.0751 (0.0751) acc1: 100.0000 (100.0000) time: 0.1551 data: 0.1102 max mem: 328
Val [28/29] eta: 0:00:00 loss: 0.0167 (1.2047) acc1: 100.0000 (75.8621) time: 0.0280 data: 0.0001 max mem: 328
Val Total time: 0:00:00 (0.9934 s / it)
* Acc@1 75.862 loss 1.205 auroc 0.791 f1_score 0.524
  per-class F1 (Val): {'negative': np.float32(0.857), 'itc': np.float32(0.0), 'micro': np.float32(0.571), 'macro': np.float32(0.667)}
  [DIAG] Tier1 сам по собі (кожен псевдо-bag окремо): acc=13.793 f1_macro=0.159
Test [  0/197] eta: 0:00:25 loss: 0.0532 (0.0532) acc1: 100.0000 (100.0000) time: 0.1292 data: 0.0857 max mem: 328
Test [100/197] eta: 0:00:03 loss: 0.0927 (0.7125) acc1: 100.0000 (78.2178) time: 0.0298 data: 0.0001 max mem: 328
Test [196/197] eta: 0:00:00 loss: 0.0092 (0.5810) acc1: 100.0000 (82.7411) time: 0.0276 data: 0.0001 max mem: 328
Test Total time: 0:00:06 (6.0441 s / it)
* Acc@1 82.741 loss 0.581 auroc 0.885 f1_score 0.671
  per-class F1 (Test): {'negative': np.float32(0.897), 'itc': np.float32(0.294), 'micro': np.float32(0.571), 'macro': np.float32(0.921)}
  [DIAG] Tier1 сам по собі (кожен псевдо-bag окремо): acc=9.835 f1_macro=0.120

Epoch: [15] [  0/266] eta: 0:01:14 lr: 0.000066 tier1_loss: 1.3851 (1.3851) tier2_loss: 0.0064 (0.0064) time: 0.2795 data: 0.0846 max mem: 328
Epoch: [15] [100/266] eta: 0:00:20 lr: 0.000064 tier1_loss: 1.3422 (1.3694) tier2_loss: 0.0056 (0.2591) time: 0.1156 data: 0.0001 max mem: 328
Epoch: [15] [200/266] eta: 0:00:07 lr: 0.000061 tier1_loss: 1.3652 (1.3704) tier2_loss: 0.0037 (0.2625) time: 0.1140 data: 0.0001 max mem: 328
Epoch: [15] [265/266] eta: 0:00:00 lr: 0.000060 tier1_loss: 1.3828 (1.3696) tier2_loss: 0.0059 (0.2284) time: 0.1097 data: 0.0001 max mem: 328
Epoch: [15] Total time: 0:00:31 (31.1263 s / it)
Val [ 0/29] eta: 0:00:04 loss: 0.0119 (0.0119) acc1: 100.0000 (100.0000) time: 0.1415 data: 0.0963 max mem: 328
Val [28/29] eta: 0:00:00 loss: 0.0028 (1.3392) acc1: 100.0000 (72.4138) time: 0.0292 data: 0.0001 max mem: 328
Val Total time: 0:00:01 (1.0103 s / it)
* Acc@1 72.414 loss 1.339 auroc 0.839 f1_score 0.517
  per-class F1 (Val): {'negative': np.float32(0.829), 'itc': np.float32(0.0), 'micro': np.float32(0.571), 'macro': np.float32(0.667)}
  [DIAG] Tier1 сам по собі (кожен псевдо-bag окремо): acc=14.224 f1_macro=0.150
Test [  0/197] eta: 0:00:25 loss: 0.0503 (0.0503) acc1: 100.0000 (100.0000) time: 0.1298 data: 0.0858 max mem: 328
Test [100/197] eta: 0:00:03 loss: 0.0269 (0.9603) acc1: 100.0000 (79.2079) time: 0.0294 data: 0.0001 max mem: 328
Test [196/197] eta: 0:00:00 loss: 0.0027 (0.7318) acc1: 100.0000 (82.7411) time: 0.0288 data: 0.0001 max mem: 328
Test Total time: 0:00:06 (6.0899 s / it)
* Acc@1 82.741 loss 0.732 auroc 0.886 f1_score 0.629
  per-class F1 (Test): {'negative': np.float32(0.906), 'itc': np.float32(0.222), 'micro': np.float32(0.483), 'macro': np.float32(0.903)}
  [DIAG] Tier1 сам по собі (кожен псевдо-bag окремо): acc=11.421 f1_macro=0.130

Epoch: [16] [  0/266] eta: 0:01:05 lr: 0.000060 tier1_loss: 1.4986 (1.4986) tier2_loss: 0.0090 (0.0090) time: 0.2461 data: 0.0795 max mem: 328
Epoch: [16] [100/266] eta: 0:00:19 lr: 0.000057 tier1_loss: 1.3721 (1.3764) tier2_loss: 0.0031 (0.2072) time: 0.1168 data: 0.0001 max mem: 328
Epoch: [16] [200/266] eta: 0:00:07 lr: 0.000055 tier1_loss: 1.3644 (1.3842) tier2_loss: 0.0054 (0.1781) time: 0.1148 data: 0.0001 max mem: 328
Epoch: [16] [265/266] eta: 0:00:00 lr: 0.000054 tier1_loss: 1.3739 (1.3813) tier2_loss: 0.0030 (0.2011) time: 0.1118 data: 0.0001 max mem: 328
Epoch: [16] Total time: 0:00:30 (30.9045 s / it)
Val [ 0/29] eta: 0:00:03 loss: 0.0079 (0.0079) acc1: 100.0000 (100.0000) time: 0.1357 data: 0.1070 max mem: 328
Val [28/29] eta: 0:00:00 loss: 0.0022 (1.4442) acc1: 100.0000 (75.8621) time: 0.0283 data: 0.0001 max mem: 328
Val Total time: 0:00:01 (1.0030 s / it)
* Acc@1 75.862 loss 1.444 auroc 0.804 f1_score 0.524
  per-class F1 (Val): {'negative': np.float32(0.857), 'itc': np.float32(0.0), 'micro': np.float32(0.571), 'macro': np.float32(0.667)}
  [DIAG] Tier1 сам по собі (кожен псевдо-bag окремо): acc=14.655 f1_macro=0.170
Test [  0/197] eta: 0:00:22 loss: 0.0142 (0.0142) acc1: 100.0000 (100.0000) time: 0.1143 data: 0.0802 max mem: 328
Test [100/197] eta: 0:00:02 loss: 0.0158 (0.8363) acc1: 100.0000 (80.1980) time: 0.0299 data: 0.0001 max mem: 328
Test [196/197] eta: 0:00:00 loss: 0.0025 (0.6258) acc1: 100.0000 (85.2792) time: 0.0296 data: 0.0001 max mem: 328
Test Total time: 0:00:06 (6.0355 s / it)
* Acc@1 85.279 loss 0.626 auroc 0.892 f1_score 0.679
  per-class F1 (Test): {'negative': np.float32(0.919), 'itc': np.float32(0.25), 'micro': np.float32(0.629), 'macro': np.float32(0.92)}
  [DIAG] Tier1 сам по собі (кожен псевдо-bag окремо): acc=10.279 f1_macro=0.129

Epoch: [17] [  0/266] eta: 0:01:17 lr: 0.000054 tier1_loss: 1.3100 (1.3100) tier2_loss: 0.0038 (0.0038) time: 0.2909 data: 0.1207 max mem: 328
Epoch: [17] [100/266] eta: 0:00:19 lr: 0.000051 tier1_loss: 1.3777 (1.3913) tier2_loss: 0.0048 (0.2298) time: 0.1183 data: 0.0001 max mem: 328
Epoch: [17] [200/266] eta: 0:00:07 lr: 0.000049 tier1_loss: 1.3623 (1.3913) tier2_loss: 0.0026 (0.1864) time: 0.1207 data: 0.0001 max mem: 328
Epoch: [17] [265/266] eta: 0:00:00 lr: 0.000047 tier1_loss: 1.3774 (1.3958) tier2_loss: 0.0058 (0.1926) time: 0.1113 data: 0.0001 max mem: 328
Epoch: [17] Total time: 0:00:31 (31.3762 s / it)
Val [ 0/29] eta: 0:00:04 loss: 0.0283 (0.0283) acc1: 100.0000 (100.0000) time: 0.1497 data: 0.1120 max mem: 328
Val [28/29] eta: 0:00:00 loss: 0.0024 (1.4202) acc1: 100.0000 (75.8621) time: 0.0271 data: 0.0001 max mem: 328
Val Total time: 0:00:00 (0.9592 s / it)
* Acc@1 75.862 loss 1.420 auroc 0.813 f1_score 0.524
  per-class F1 (Val): {'negative': np.float32(0.857), 'itc': np.float32(0.0), 'micro': np.float32(0.571), 'macro': np.float32(0.667)}
  [DIAG] Tier1 сам по собі (кожен псевдо-bag окремо): acc=11.207 f1_macro=0.164
Test [  0/197] eta: 0:00:28 loss: 0.0110 (0.0110) acc1: 100.0000 (100.0000) time: 0.1424 data: 0.0837 max mem: 328
Test [100/197] eta: 0:00:02 loss: 0.0325 (0.9400) acc1: 100.0000 (77.2277) time: 0.0296 data: 0.0001 max mem: 328
Test [196/197] eta: 0:00:00 loss: 0.0022 (0.6779) acc1: 100.0000 (83.2487) time: 0.0274 data: 0.0001 max mem: 328
Test Total time: 0:00:05 (5.8836 s / it)
* Acc@1 83.249 loss 0.678 auroc 0.882 f1_score 0.651
  per-class F1 (Test): {'negative': np.float32(0.902), 'itc': np.float32(0.154), 'micro': np.float32(0.629), 'macro': np.float32(0.92)}
  [DIAG] Tier1 сам по собі (кожен псевдо-bag окремо): acc=8.566 f1_macro=0.102

Epoch: [18] [  0/266] eta: 0:00:58 lr: 0.000047 tier1_loss: 1.5590 (1.5590) tier2_loss: 0.0065 (0.0065) time: 0.2191 data: 0.0763 max mem: 328
Epoch: [18] [100/266] eta: 0:00:19 lr: 0.000045 tier1_loss: 1.4161 (1.4197) tier2_loss: 0.0026 (0.1439) time: 0.1095 data: 0.0001 max mem: 328
Epoch: [18] [200/266] eta: 0:00:07 lr: 0.000043 tier1_loss: 1.3843 (1.3966) tier2_loss: 0.0019 (0.1257) time: 0.1172 data: 0.0001 max mem: 328
Epoch: [18] [265/266] eta: 0:00:00 lr: 0.000041 tier1_loss: 1.3969 (1.3969) tier2_loss: 0.0092 (0.1404) time: 0.1184 data: 0.0001 max mem: 328
Epoch: [18] Total time: 0:00:30 (30.9102 s / it)
Val [ 0/29] eta: 0:00:04 loss: 0.0172 (0.0172) acc1: 100.0000 (100.0000) time: 0.1413 data: 0.1042 max mem: 328
Val [28/29] eta: 0:00:00 loss: 0.0019 (1.3929) acc1: 100.0000 (75.8621) time: 0.0285 data: 0.0001 max mem: 328
Val Total time: 0:00:01 (1.0299 s / it)
* Acc@1 75.862 loss 1.393 auroc 0.861 f1_score 0.622
  per-class F1 (Val): {'negative': np.float32(0.85), 'itc': np.float32(0.4), 'micro': np.float32(0.571), 'macro': np.float32(0.667)}
  [DIAG] Tier1 сам по собі (кожен псевдо-bag окремо): acc=9.483 f1_macro=0.132
Test [  0/197] eta: 0:00:32 loss: 0.0200 (0.0200) acc1: 100.0000 (100.0000) time: 0.1630 data: 0.1011 max mem: 328
Test [100/197] eta: 0:00:02 loss: 0.0413 (1.0852) acc1: 100.0000 (76.2376) time: 0.0292 data: 0.0001 max mem: 328
Test [196/197] eta: 0:00:00 loss: 0.0019 (0.7994) acc1: 100.0000 (81.2183) time: 0.0289 data: 0.0001 max mem: 328
Test Total time: 0:00:06 (6.0333 s / it)
* Acc@1 81.218 loss 0.799 auroc 0.892 f1_score 0.645
  per-class F1 (Test): {'negative': np.float32(0.883), 'itc': np.float32(0.194), 'micro': np.float32(0.6), 'macro': np.float32(0.903)}
  [DIAG] Tier1 сам по собі (кожен псевдо-bag окремо): acc=10.216 f1_macro=0.131

Epoch: [19] [  0/266] eta: 0:01:08 lr: 0.000041 tier1_loss: 1.3497 (1.3497) tier2_loss: 0.0016 (0.0016) time: 0.2583 data: 0.0856 max mem: 328
Epoch: [19] [100/266] eta: 0:00:20 lr: 0.000039 tier1_loss: 1.4294 (1.3895) tier2_loss: 0.0020 (0.1159) time: 0.1143 data: 0.0001 max mem: 328
Epoch: [19] [200/266] eta: 0:00:07 lr: 0.000037 tier1_loss: 1.4120 (1.4030) tier2_loss: 0.0021 (0.1169) time: 0.1224 data: 0.0001 max mem: 328
Epoch: [19] [265/266] eta: 0:00:00 lr: 0.000035 tier1_loss: 1.4635 (1.4045) tier2_loss: 0.0027 (0.1426) time: 0.1103 data: 0.0001 max mem: 328
Epoch: [19] Total time: 0:00:31 (31.4350 s / it)
Val [ 0/29] eta: 0:00:04 loss: 0.0046 (0.0046) acc1: 100.0000 (100.0000) time: 0.1430 data: 0.1006 max mem: 328
Val [28/29] eta: 0:00:00 loss: 0.0013 (1.3516) acc1: 100.0000 (79.3103) time: 0.0279 data: 0.0001 max mem: 328
Val Total time: 0:00:00 (0.9759 s / it)
* Acc@1 79.310 loss 1.352 auroc 0.847 f1_score 0.654
  per-class F1 (Val): {'negative': np.float32(0.878), 'itc': np.float32(0.5), 'micro': np.float32(0.571), 'macro': np.float32(0.667)}
  [DIAG] Tier1 сам по собі (кожен псевдо-bag окремо): acc=10.776 f1_macro=0.163
Test [  0/197] eta: 0:00:24 loss: 0.0134 (0.0134) acc1: 100.0000 (100.0000) time: 0.1251 data: 0.0828 max mem: 328
Test [100/197] eta: 0:00:02 loss: 0.0147 (0.9970) acc1: 100.0000 (77.2277) time: 0.0286 data: 0.0001 max mem: 328
Test [196/197] eta: 0:00:00 loss: 0.0017 (0.7039) acc1: 100.0000 (82.7411) time: 0.0277 data: 0.0001 max mem: 328
Test Total time: 0:00:05 (5.8966 s / it)
* Acc@1 82.741 loss 0.704 auroc 0.883 f1_score 0.654
  per-class F1 (Test): {'negative': np.float32(0.902), 'itc': np.float32(0.207), 'micro': np.float32(0.588), 'macro': np.float32(0.92)}
  [DIAG] Tier1 сам по собі (кожен псевдо-bag окремо): acc=9.391 f1_macro=0.118

Epoch: [20] [  0/266] eta: 0:00:57 lr: 0.000035 tier1_loss: 1.4212 (1.4212) tier2_loss: 0.0102 (0.0102) time: 0.2156 data: 0.0785 max mem: 328
Epoch: [20] [100/266] eta: 0:00:18 lr: 0.000033 tier1_loss: 1.4106 (1.3968) tier2_loss: 0.0022 (0.1006) time: 0.1123 data: 0.0001 max mem: 328
Epoch: [20] [200/266] eta: 0:00:07 lr: 0.000031 tier1_loss: 1.4384 (1.3984) tier2_loss: 0.0049 (0.1131) time: 0.1124 data: 0.0001 max mem: 328
Epoch: [20] [265/266] eta: 0:00:00 lr: 0.000029 tier1_loss: 1.4196 (1.4039) tier2_loss: 0.0020 (0.0929) time: 0.1101 data: 0.0001 max mem: 328
Epoch: [20] Total time: 0:00:30 (30.1336 s / it)
Val [ 0/29] eta: 0:00:04 loss: 0.0069 (0.0069) acc1: 100.0000 (100.0000) time: 0.1590 data: 0.1111 max mem: 328
Val [28/29] eta: 0:00:00 loss: 0.0010 (1.4610) acc1: 100.0000 (75.8621) time: 0.0291 data: 0.0001 max mem: 328
Val Total time: 0:00:01 (1.0253 s / it)
* Acc@1 75.862 loss 1.461 auroc 0.841 f1_score 0.506
  per-class F1 (Val): {'negative': np.float32(0.857), 'itc': np.float32(0.0), 'micro': np.float32(0.5), 'macro': np.float32(0.667)}
  [DIAG] Tier1 сам по собі (кожен псевдо-bag окремо): acc=6.897 f1_macro=0.108
Test [  0/197] eta: 0:00:30 loss: 0.0172 (0.0172) acc1: 100.0000 (100.0000) time: 0.1539 data: 0.1043 max mem: 328
Test [100/197] eta: 0:00:02 loss: 0.0278 (1.1775) acc1: 100.0000 (75.2475) time: 0.0280 data: 0.0001 max mem: 328
Test [196/197] eta: 0:00:00 loss: 0.0016 (0.8626) acc1: 100.0000 (81.2183) time: 0.0270 data: 0.0000 max mem: 328
Test Total time: 0:00:05 (5.7346 s / it)
* Acc@1 81.218 loss 0.863 auroc 0.876 f1_score 0.650
  per-class F1 (Test): {'negative': np.float32(0.891), 'itc': np.float32(0.303), 'micro': np.float32(0.516), 'macro': np.float32(0.891)}
  [DIAG] Tier1 сам по собі (кожен псевдо-bag окремо): acc=10.723 f1_macro=0.134

Epoch: [21] [  0/266] eta: 0:00:59 lr: 0.000029 tier1_loss: 1.5188 (1.5188) tier2_loss: 0.0013 (0.0013) time: 0.2254 data: 0.0756 max mem: 328
Epoch: [21] [100/266] eta: 0:00:18 lr: 0.000027 tier1_loss: 1.4212 (1.4128) tier2_loss: 0.0024 (0.0974) time: 0.0994 data: 0.0001 max mem: 328
Epoch: [21] [200/266] eta: 0:00:07 lr: 0.000025 tier1_loss: 1.4192 (1.4107) tier2_loss: 0.0018 (0.0781) time: 0.1010 data: 0.0001 max mem: 328
Epoch: [21] [265/266] eta: 0:00:00 lr: 0.000024 tier1_loss: 1.4399 (1.4160) tier2_loss: 0.0022 (0.0775) time: 0.0995 data: 0.0001 max mem: 328
Epoch: [21] Total time: 0:00:28 (28.0631 s / it)
Val [ 0/29] eta: 0:00:04 loss: 0.0074 (0.0074) acc1: 100.0000 (100.0000) time: 0.1610 data: 0.1082 max mem: 328
Val [28/29] eta: 0:00:00 loss: 0.0012 (1.3886) acc1: 100.0000 (79.3103) time: 0.0279 data: 0.0001 max mem: 328
Val Total time: 0:00:00 (0.9931 s / it)
* Acc@1 79.310 loss 1.389 auroc 0.853 f1_score 0.654
  per-class F1 (Val): {'negative': np.float32(0.878), 'itc': np.float32(0.5), 'micro': np.float32(0.571), 'macro': np.float32(0.667)}
  [DIAG] Tier1 сам по собі (кожен псевдо-bag окремо): acc=10.776 f1_macro=0.154
Test [  0/197] eta: 0:00:24 loss: 0.0314 (0.0314) acc1: 100.0000 (100.0000) time: 0.1251 data: 0.0835 max mem: 328
Test [100/197] eta: 0:00:03 loss: 0.0545 (1.0911) acc1: 100.0000 (73.2673) time: 0.0300 data: 0.0001 max mem: 328
Test [196/197] eta: 0:00:00 loss: 0.0015 (0.7888) acc1: 100.0000 (80.2030) time: 0.0277 data: 0.0001 max mem: 328
Test Total time: 0:00:06 (6.0304 s / it)
* Acc@1 80.203 loss 0.789 auroc 0.876 f1_score 0.642
  per-class F1 (Test): {'negative': np.float32(0.886), 'itc': np.float32(0.263), 'micro': np.float32(0.5), 'macro': np.float32(0.92)}
  [DIAG] Tier1 сам по собі (кожен псевдо-bag окремо): acc=10.533 f1_macro=0.137

Epoch: [22] [  0/266] eta: 0:01:09 lr: 0.000024 tier1_loss: 1.5170 (1.5170) tier2_loss: 0.0023 (0.0023) time: 0.2628 data: 0.0952 max mem: 328
Epoch: [22] [100/266] eta: 0:00:18 lr: 0.000022 tier1_loss: 1.4004 (1.4281) tier2_loss: 0.0022 (0.0155) time: 0.1140 data: 0.0001 max mem: 328
Epoch: [22] [200/266] eta: 0:00:07 lr: 0.000020 tier1_loss: 1.4137 (1.4249) tier2_loss: 0.0029 (0.0480) time: 0.1137 data: 0.0001 max mem: 328
Epoch: [22] [265/266] eta: 0:00:00 lr: 0.000019 tier1_loss: 1.4303 (1.4249) tier2_loss: 0.0024 (0.0537) time: 0.1131 data: 0.0001 max mem: 328
Epoch: [22] Total time: 0:00:29 (29.6713 s / it)
Val [ 0/29] eta: 0:00:04 loss: 0.0071 (0.0071) acc1: 100.0000 (100.0000) time: 0.1522 data: 0.1080 max mem: 328
Val [28/29] eta: 0:00:00 loss: 0.0010 (1.5794) acc1: 100.0000 (72.4138) time: 0.0295 data: 0.0001 max mem: 328
Val Total time: 0:00:01 (1.0254 s / it)
* Acc@1 72.414 loss 1.579 auroc 0.821 f1_score 0.499
  per-class F1 (Val): {'negative': np.float32(0.829), 'itc': np.float32(0.0), 'micro': np.float32(0.5), 'macro': np.float32(0.667)}
  [DIAG] Tier1 сам по собі (кожен псевдо-bag окремо): acc=10.776 f1_macro=0.163
Test [  0/197] eta: 0:00:26 loss: 0.0224 (0.0224) acc1: 100.0000 (100.0000) time: 0.1336 data: 0.0880 max mem: 328
Test [100/197] eta: 0:00:03 loss: 0.0703 (1.1553) acc1: 100.0000 (73.2673) time: 0.0309 data: 0.0001 max mem: 328
Test [196/197] eta: 0:00:00 loss: 0.0014 (0.8740) acc1: 100.0000 (79.1878) time: 0.0285 data: 0.0001 max mem: 328
Test Total time: 0:00:06 (6.1639 s / it)
* Acc@1 79.188 loss 0.874 auroc 0.866 f1_score 0.631
  per-class F1 (Test): {'negative': np.float32(0.866), 'itc': np.float32(0.118), 'micro': np.float32(0.611), 'macro': np.float32(0.93)}
  [DIAG] Tier1 сам по собі (кожен псевдо-bag окремо): acc=10.025 f1_macro=0.127

Epoch: [23] [  0/266] eta: 0:01:06 lr: 0.000019 tier1_loss: 1.5247 (1.5247) tier2_loss: 0.0011 (0.0011) time: 0.2485 data: 0.1087 max mem: 328
Epoch: [23] [100/266] eta: 0:00:19 lr: 0.000017 tier1_loss: 1.4443 (1.4226) tier2_loss: 0.0022 (0.0436) time: 0.1151 data: 0.0001 max mem: 328
Epoch: [23] [200/266] eta: 0:00:07 lr: 0.000015 tier1_loss: 1.4274 (1.4232) tier2_loss: 0.0015 (0.0351) time: 0.1135 data: 0.0001 max mem: 328
Epoch: [23] [265/266] eta: 0:00:00 lr: 0.000014 tier1_loss: 1.4671 (1.4254) tier2_loss: 0.0019 (0.0427) time: 0.1090 data: 0.0001 max mem: 328
Epoch: [23] Total time: 0:00:30 (30.9875 s / it)
Val [ 0/29] eta: 0:00:05 loss: 0.0049 (0.0049) acc1: 100.0000 (100.0000) time: 0.1785 data: 0.1106 max mem: 328
Val [28/29] eta: 0:00:00 loss: 0.0009 (1.4285) acc1: 100.0000 (75.8621) time: 0.0276 data: 0.0001 max mem: 328
Val Total time: 0:00:01 (1.0013 s / it)
* Acc@1 75.862 loss 1.429 auroc 0.834 f1_score 0.629
  per-class F1 (Val): {'negative': np.float32(0.85), 'itc': np.float32(0.5), 'micro': np.float32(0.5), 'macro': np.float32(0.667)}
  [DIAG] Tier1 сам по собі (кожен псевдо-bag окремо): acc=9.914 f1_macro=0.143
Test [  0/197] eta: 0:00:26 loss: 0.0218 (0.0218) acc1: 100.0000 (100.0000) time: 0.1354 data: 0.0884 max mem: 328
Test [100/197] eta: 0:00:02 loss: 0.0984 (1.2589) acc1: 100.0000 (73.2673) time: 0.0292 data: 0.0001 max mem: 328
Test [196/197] eta: 0:00:00 loss: 0.0015 (0.9085) acc1: 100.0000 (80.7107) time: 0.0272 data: 0.0001 max mem: 328
Test Total time: 0:00:05 (5.8704 s / it)
* Acc@1 80.711 loss 0.908 auroc 0.868 f1_score 0.656
  per-class F1 (Test): {'negative': np.float32(0.882), 'itc': np.float32(0.235), 'micro': np.float32(0.606), 'macro': np.float32(0.899)}
  [DIAG] Tier1 сам по собі (кожен псевдо-bag окремо): acc=10.406 f1_macro=0.135

Epoch: [24] [  0/266] eta: 0:01:13 lr: 0.000014 tier1_loss: 1.3135 (1.3135) tier2_loss: 0.0035 (0.0035) time: 0.2756 data: 0.0873 max mem: 328
Epoch: [24] [100/266] eta: 0:00:19 lr: 0.000013 tier1_loss: 1.4092 (1.4134) tier2_loss: 0.0031 (0.0420) time: 0.1159 data: 0.0001 max mem: 328
Epoch: [24] [200/266] eta: 0:00:07 lr: 0.000011 tier1_loss: 1.4308 (1.4210) tier2_loss: 0.0014 (0.0320) time: 0.1195 data: 0.0001 max mem: 328
Epoch: [24] [265/266] eta: 0:00:00 lr: 0.000010 tier1_loss: 1.4656 (1.4281) tier2_loss: 0.0015 (0.0319) time: 0.1131 data: 0.0001 max mem: 328
Epoch: [24] Total time: 0:00:30 (30.9797 s / it)
Val [ 0/29] eta: 0:00:04 loss: 0.0037 (0.0037) acc1: 100.0000 (100.0000) time: 0.1637 data: 0.1093 max mem: 328
Val [28/29] eta: 0:00:00 loss: 0.0008 (1.4594) acc1: 100.0000 (75.8621) time: 0.0280 data: 0.0001 max mem: 328
Val Total time: 0:00:00 (0.9919 s / it)
* Acc@1 75.862 loss 1.459 auroc 0.790 f1_score 0.506
  per-class F1 (Val): {'negative': np.float32(0.857), 'itc': np.float32(0.0), 'micro': np.float32(0.5), 'macro': np.float32(0.667)}
  [DIAG] Tier1 сам по собі (кожен псевдо-bag окремо): acc=9.914 f1_macro=0.147
Test [  0/197] eta: 0:00:29 loss: 0.0213 (0.0213) acc1: 100.0000 (100.0000) time: 0.1480 data: 0.1059 max mem: 328
Test [100/197] eta: 0:00:02 loss: 0.0754 (1.2457) acc1: 100.0000 (72.2772) time: 0.0292 data: 0.0001 max mem: 328
Test [196/197] eta: 0:00:00 loss: 0.0014 (0.8807) acc1: 100.0000 (80.2030) time: 0.0278 data: 0.0001 max mem: 328
Test Total time: 0:00:05 (5.9169 s / it)
* Acc@1 80.203 loss 0.881 auroc 0.869 f1_score 0.641
  per-class F1 (Test): {'negative': np.float32(0.879), 'itc': np.float32(0.176), 'micro': np.float32(0.588), 'macro': np.float32(0.92)}
  [DIAG] Tier1 сам по собі (кожен псевдо-bag окремо): acc=10.596 f1_macro=0.136

Epoch: [25] [  0/266] eta: 0:01:02 lr: 0.000010 tier1_loss: 1.4030 (1.4030) tier2_loss: 0.0027 (0.0027) time: 0.2364 data: 0.0805 max mem: 328
Epoch: [25] [100/266] eta: 0:00:19 lr: 0.000009 tier1_loss: 1.4432 (1.4256) tier2_loss: 0.0012 (0.0061) time: 0.1085 data: 0.0001 max mem: 328
Epoch: [25] [200/266] eta: 0:00:07 lr: 0.000008 tier1_loss: 1.4535 (1.4276) tier2_loss: 0.0013 (0.0076) time: 0.1123 data: 0.0001 max mem: 328
Epoch: [25] [265/266] eta: 0:00:00 lr: 0.000007 tier1_loss: 1.4458 (1.4282) tier2_loss: 0.0019 (0.0292) time: 0.1094 data: 0.0001 max mem: 328
Epoch: [25] Total time: 0:00:31 (31.0518 s / it)
Val [ 0/29] eta: 0:00:04 loss: 0.0053 (0.0053) acc1: 100.0000 (100.0000) time: 0.1450 data: 0.1080 max mem: 328
Val [28/29] eta: 0:00:00 loss: 0.0008 (1.4607) acc1: 100.0000 (79.3103) time: 0.0276 data: 0.0001 max mem: 328
Val Total time: 0:00:00 (0.9776 s / it)
* Acc@1 79.310 loss 1.461 auroc 0.807 f1_score 0.678
  per-class F1 (Val): {'negative': np.float32(0.878), 'itc': np.float32(0.667), 'micro': np.float32(0.5), 'macro': np.float32(0.667)}
  [DIAG] Tier1 сам по собі (кожен псевдо-bag окремо): acc=9.914 f1_macro=0.143
Test [  0/197] eta: 0:00:27 loss: 0.0314 (0.0314) acc1: 100.0000 (100.0000) time: 0.1385 data: 0.0927 max mem: 328
Test [100/197] eta: 0:00:03 loss: 0.2908 (1.3422) acc1: 100.0000 (67.3267) time: 0.0304 data: 0.0001 max mem: 328
Test [196/197] eta: 0:00:00 loss: 0.0014 (0.9273) acc1: 100.0000 (76.6497) time: 0.0284 data: 0.0001 max mem: 328
Test Total time: 0:00:06 (6.0726 s / it)
* Acc@1 76.650 loss 0.927 auroc 0.869 f1_score 0.622
  per-class F1 (Test): {'negative': np.float32(0.848), 'itc': np.float32(0.195), 'micro': np.float32(0.545), 'macro': np.float32(0.899)}
  [DIAG] Tier1 сам по собі (кожен псевдо-bag окремо): acc=10.470 f1_macro=0.134

Epoch: [26] [  0/266] eta: 0:01:10 lr: 0.000007 tier1_loss: 1.5419 (1.5419) tier2_loss: 0.0008 (0.0008) time: 0.2643 data: 0.0922 max mem: 328
Epoch: [26] [100/266] eta: 0:00:19 lr: 0.000006 tier1_loss: 1.4747 (1.4289) tier2_loss: 0.0013 (0.0301) time: 0.1191 data: 0.0001 max mem: 328
Epoch: [26] [200/266] eta: 0:00:07 lr: 0.000005 tier1_loss: 1.4380 (1.4338) tier2_loss: 0.0013 (0.0183) time: 0.1100 data: 0.0001 max mem: 328
Epoch: [26] [265/266] eta: 0:00:00 lr: 0.000004 tier1_loss: 1.4411 (1.4278) tier2_loss: 0.0021 (0.0156) time: 0.1108 data: 0.0001 max mem: 328
Epoch: [26] Total time: 0:00:30 (30.9291 s / it)
Val [ 0/29] eta: 0:00:04 loss: 0.0036 (0.0036) acc1: 100.0000 (100.0000) time: 0.1701 data: 0.1080 max mem: 328
Val [28/29] eta: 0:00:00 loss: 0.0008 (1.4624) acc1: 100.0000 (79.3103) time: 0.0280 data: 0.0001 max mem: 328
Val Total time: 0:00:01 (1.0153 s / it)
* Acc@1 79.310 loss 1.462 auroc 0.805 f1_score 0.678
  per-class F1 (Val): {'negative': np.float32(0.878), 'itc': np.float32(0.667), 'micro': np.float32(0.5), 'macro': np.float32(0.667)}
  [DIAG] Tier1 сам по собі (кожен псевдо-bag окремо): acc=10.776 f1_macro=0.150
Test [  0/197] eta: 0:00:29 loss: 0.0139 (0.0139) acc1: 100.0000 (100.0000) time: 0.1511 data: 0.0814 max mem: 328
Test [100/197] eta: 0:00:02 loss: 0.0635 (1.2991) acc1: 100.0000 (74.2574) time: 0.0289 data: 0.0001 max mem: 328
Test [196/197] eta: 0:00:00 loss: 0.0013 (0.8933) acc1: 100.0000 (81.7259) time: 0.0279 data: 0.0001 max mem: 328
Test Total time: 0:00:05 (5.9559 s / it)
* Acc@1 81.726 loss 0.893 auroc 0.871 f1_score 0.662
  per-class F1 (Test): {'negative': np.float32(0.888), 'itc': np.float32(0.182), 'micro': np.float32(0.647), 'macro': np.float32(0.93)}
  [DIAG] Tier1 сам по собі (кожен псевдо-bag окремо): acc=11.041 f1_macro=0.142

Epoch: [27] [  0/266] eta: 0:01:06 lr: 0.000004 tier1_loss: 1.4008 (1.4008) tier2_loss: 0.0222 (0.0222) time: 0.2516 data: 0.0838 max mem: 328
Epoch: [27] [100/266] eta: 0:00:19 lr: 0.000004 tier1_loss: 1.4516 (1.4286) tier2_loss: 0.0013 (0.0049) time: 0.1170 data: 0.0001 max mem: 328
Epoch: [27] [200/266] eta: 0:00:07 lr: 0.000003 tier1_loss: 1.4733 (1.4267) tier2_loss: 0.0021 (0.0221) time: 0.1165 data: 0.0001 max mem: 328
Epoch: [27] [265/266] eta: 0:00:00 lr: 0.000003 tier1_loss: 1.4636 (1.4284) tier2_loss: 0.0012 (0.0218) time: 0.1114 data: 0.0001 max mem: 328
Epoch: [27] Total time: 0:00:30 (30.6878 s / it)
Val [ 0/29] eta: 0:00:04 loss: 0.0023 (0.0023) acc1: 100.0000 (100.0000) time: 0.1673 data: 0.1051 max mem: 328
Val [28/29] eta: 0:00:00 loss: 0.0007 (1.4776) acc1: 100.0000 (79.3103) time: 0.0312 data: 0.0001 max mem: 328
Val Total time: 0:00:01 (1.0738 s / it)
* Acc@1 79.310 loss 1.478 auroc 0.802 f1_score 0.678
  per-class F1 (Val): {'negative': np.float32(0.878), 'itc': np.float32(0.667), 'micro': np.float32(0.5), 'macro': np.float32(0.667)}
  [DIAG] Tier1 сам по собі (кожен псевдо-bag окремо): acc=9.914 f1_macro=0.142
Test [  0/197] eta: 0:00:25 loss: 0.0203 (0.0203) acc1: 100.0000 (100.0000) time: 0.1297 data: 0.0857 max mem: 328
Test [100/197] eta: 0:00:03 loss: 0.0635 (1.3377) acc1: 100.0000 (75.2475) time: 0.0312 data: 0.0001 max mem: 328
Test [196/197] eta: 0:00:00 loss: 0.0013 (0.9445) acc1: 100.0000 (81.7259) time: 0.0276 data: 0.0000 max mem: 328
Test Total time: 0:00:06 (6.1998 s / it)
* Acc@1 81.726 loss 0.944 auroc 0.865 f1_score 0.649
  per-class F1 (Test): {'negative': np.float32(0.889), 'itc': np.float32(0.129), 'micro': np.float32(0.647), 'macro': np.float32(0.93)}
  [DIAG] Tier1 сам по собі (кожен псевдо-bag окремо): acc=10.977 f1_macro=0.139

Epoch: [28] [  0/266] eta: 0:00:55 lr: 0.000003 tier1_loss: 1.4673 (1.4673) tier2_loss: 0.0010 (0.0010) time: 0.2070 data: 0.0926 max mem: 328
Epoch: [28] [100/266] eta: 0:00:19 lr: 0.000002 tier1_loss: 1.4335 (1.4228) tier2_loss: 0.0020 (0.0201) time: 0.1087 data: 0.0001 max mem: 328
Epoch: [28] [200/266] eta: 0:00:07 lr: 0.000002 tier1_loss: 1.4700 (1.4300) tier2_loss: 0.0013 (0.0115) time: 0.1057 data: 0.0001 max mem: 328
Epoch: [28] [265/266] eta: 0:00:00 lr: 0.000001 tier1_loss: 1.4033 (1.4327) tier2_loss: 0.0025 (0.0212) time: 0.1043 data: 0.0001 max mem: 328
Epoch: [28] Total time: 0:00:29 (29.8300 s / it)
Val [ 0/29] eta: 0:00:04 loss: 0.0027 (0.0027) acc1: 100.0000 (100.0000) time: 0.1473 data: 0.1004 max mem: 328
Val [28/29] eta: 0:00:00 loss: 0.0007 (1.4857) acc1: 100.0000 (75.8621) time: 0.0298 data: 0.0001 max mem: 328
Val Total time: 0:00:01 (1.0266 s / it)
* Acc@1 75.862 loss 1.486 auroc 0.803 f1_score 0.506
  per-class F1 (Val): {'negative': np.float32(0.857), 'itc': np.float32(0.0), 'micro': np.float32(0.5), 'macro': np.float32(0.667)}
  [DIAG] Tier1 сам по собі (кожен псевдо-bag окремо): acc=9.914 f1_macro=0.147
Test [  0/197] eta: 0:00:26 loss: 0.0296 (0.0296) acc1: 100.0000 (100.0000) time: 0.1362 data: 0.0909 max mem: 328
Test [100/197] eta: 0:00:03 loss: 0.0692 (1.3292) acc1: 100.0000 (74.2574) time: 0.0308 data: 0.0001 max mem: 328
Test [196/197] eta: 0:00:00 loss: 0.0014 (0.9051) acc1: 100.0000 (80.7107) time: 0.0287 data: 0.0001 max mem: 328
Test Total time: 0:00:06 (6.1061 s / it)
* Acc@1 80.711 loss 0.905 auroc 0.871 f1_score 0.655
  per-class F1 (Test): {'negative': np.float32(0.879), 'itc': np.float32(0.176), 'micro': np.float32(0.647), 'macro': np.float32(0.92)}
  [DIAG] Tier1 сам по собі (кожен псевдо-bag окремо): acc=10.850 f1_macro=0.139

Epoch: [29] [  0/266] eta: 0:01:00 lr: 0.000001 tier1_loss: 1.5699 (1.5699) tier2_loss: 0.0012 (0.0012) time: 0.2274 data: 0.0760 max mem: 328
Epoch: [29] [100/266] eta: 0:00:18 lr: 0.000001 tier1_loss: 1.4677 (1.4422) tier2_loss: 0.0011 (0.0044) time: 0.1105 data: 0.0001 max mem: 328
Epoch: [29] [200/266] eta: 0:00:07 lr: 0.000001 tier1_loss: 1.4492 (1.4341) tier2_loss: 0.0011 (0.0055) time: 0.1130 data: 0.0001 max mem: 328
Epoch: [29] [265/266] eta: 0:00:00 lr: 0.000001 tier1_loss: 1.4865 (1.4331) tier2_loss: 0.0015 (0.0111) time: 0.1141 data: 0.0001 max mem: 328
Epoch: [29] Total time: 0:00:29 (29.5163 s / it)
Val [ 0/29] eta: 0:00:04 loss: 0.0032 (0.0032) acc1: 100.0000 (100.0000) time: 0.1574 data: 0.1100 max mem: 328
Val [28/29] eta: 0:00:00 loss: 0.0007 (1.5995) acc1: 100.0000 (75.8621) time: 0.0300 data: 0.0001 max mem: 328
Val Total time: 0:00:01 (1.0576 s / it)
* Acc@1 75.862 loss 1.600 auroc 0.795 f1_score 0.629
  per-class F1 (Val): {'negative': np.float32(0.85), 'itc': np.float32(0.5), 'micro': np.float32(0.5), 'macro': np.float32(0.667)}
  [DIAG] Tier1 сам по собі (кожен псевдо-bag окремо): acc=9.052 f1_macro=0.128
wandb: 
wandb: Run history:
wandb: diag/test_tier1_acc ▃▃▃▃█▆▄▁▂▁▂▃▂▂▂▂▂▁▂▂▂▂▂▂▂▂▂▂▂▂
wandb:  diag/test_tier1_f1 ▂▂▃▅▇█▅▂▂▁▄▅▄▃▃▃▃▂▃▃▄▄▃▄▄▄▄▄▄▄
wandb:       perf/test_auc ▁▃▃▃▅▅▆▆▇█████████████▇▇███▇█▇
wandb:        perf/test_f1 ▁▁▁▁▄▄▄▅▆▇▆▇███▇█████▇▇█▇▇████
wandb:        perf/val_auc ▁▃▃▃▄▄▅▅▆▇▅▆▆▇▇█▇▇████▇▇▇▇▇▇▇▇
wandb:         perf/val_f1 ▁▁▁▁▁▂▂▃▆▆▆▆▆▆▆▆▆▆▇█▅█▅▇▅███▅▇
wandb:          tier1_loss ▆▅▃██▇▇▄▁▇▁▆▄▆▅▆▇██▇▆▄▆▅▆▃▆▆▆▅▅▇▇▄▄▂▂▇▅▄
wandb:          tier2_loss ▄▂▁▂▁▁▁▁█▁▁▁▂▁▁▁▁▁▁▁▁▁▁▁▁▁▁▁▁▁▁▁▁▁▁▁▁▁▁▁
wandb: 
wandb: Run summary:
wandb: diag/test_tier1_acc 11.04061
wandb:  diag/test_tier1_f1 0.14084
wandb:       perf/test_auc 0.8674
wandb:        perf/test_f1 0.64581
wandb:        perf/val_auc 0.79499
wandb:         perf/val_f1 0.62917
wandb:          tier1_loss 1.54848
wandb:          tier2_loss 0.00199
wandb: 
wandb: You can sync this run to the cloud by running:
wandb: wandb sync /data/bohatyrenko1/EXPERIMENTS_2/Hi-MoE_MIL/wandb/offline-run-20260925_072626-kjjq8v13
wandb: Find logs at: ./wandb/offline-run-20260925_072626-kjjq8v13/logs
Test [  0/197] eta: 0:00:27 loss: 0.0177 (0.0177) acc1: 100.0000 (100.0000) time: 0.1385 data: 0.1042 max mem: 328
Test [100/197] eta: 0:00:03 loss: 0.1121 (1.3733) acc1: 100.0000 (73.2673) time: 0.0308 data: 0.0001 max mem: 328
Test [196/197] eta: 0:00:00 loss: 0.0014 (0.9334) acc1: 100.0000 (81.2183) time: 0.0272 data: 0.0000 max mem: 328
Test Total time: 0:00:06 (6.1156 s / it)
* Acc@1 81.218 loss 0.933 auroc 0.867 f1_score 0.646
  per-class F1 (Test): {'negative': np.float32(0.888), 'itc': np.float32(0.188), 'micro': np.float32(0.588), 'macro': np.float32(0.92)}
  [DIAG] Tier1 сам по собі (кожен псевдо-bag окремо): acc=11.041 f1_macro=0.141

============================================================
FINAL EPOCH (29) RESULTS (DTFD-ASMIL):
  test_auc=0.8674 test_acc=81.22 test_f1(macro)=0.6458
  [DIAG] Tier1 сам по собі: acc=11.041 f1_macro=0.141
  test per-class F1: {'negative': np.float32(0.888), 'itc': np.float32(0.188), 'micro': np.float32(0.588), 'macro': np.float32(0.92)}
  test confusion matrix (rows=true, cols=pred):
          negative         itc       micro       macro
negative        107          12           1           1
     itc         10           3           3           0
   micro          3           1          10           4
   macro          0           0           2          40
============================================================
Best epoch: {'epoch': 21, 'val_f1': 0.6540360450744629, 'val_auc': 0.8534330129623413, 'test_f1': 0.6421935558319092, 'test_auc': 0.8762999773025513}
