wandb: Tracking run with wandb version 0.28.0
wandb: W&B syncing is set to `offline` in this directory. Run `wandb online` or set WANDB_MODE=online to enable cloud syncing.
wandb: Run data is saved locally in /data/bohatyrenko1/EXPERIMENTS_2/Hi-MoE_MIL/wandb/offline-run-20260925_110701-rbyn6hdq
wandb: View this run in the terminal with `wandb leet`
Used config (DTFD-ASMIL v2):
{'B': 1,
 'D_feat': 384,
 'D_inner': 128,
 'M': None,
 'ckpt_dir': 'ckpt/c17_dtfd_v2_20ep_seed5',
 'config': 'config/camelyon17_vitsdino_config_20ep.yml',
 'dataset': 'camelyon17',
 'lr': 0.0001,
 'min_lr': 1e-06,
 'n_class': 4,
 'n_token': 8,
 'n_worker': 4,
 'pin_memory': True,
 'pretrain': 'medical_ssl',
 'seed': 5,
 'splits_dir': '/data/bohatyrenko1/EXPERIMENTS_2/ASMIL/splits_paper',
 'test_dir': '/data/bohatyrenko1/features_vitsdino_camelyon17_train',
 'tier1_weight': 0.1,
 'tier2_D_inner': None,
 'tier2_n_heads': 4,
 'train_dir': '/data/bohatyrenko1/features_vitsdino_camelyon17_train',
 'train_epoch': 20,
 'wandb_mode': 'offline',
 'warmup_epoch': 5,
 'wd': 1e-05}
M (псевдо-bags) = 8, tier1_weight = 0.1
Class weights: [0.3757062256336212, 3.694444417953491, 1.6219512224197388, 2.2166666984558105]
Epoch: [0] [  0/266] eta: 0:02:45 lr: 0.000000 tier1_loss: 1.4552 (1.4552) tier2_loss: 1.3546 (1.3546) time: 0.6218 data: 0.0778 max mem: 86
Epoch: [0] [100/266] eta: 0:00:20 lr: 0.000008 tier1_loss: 1.2847 (1.3672) tier2_loss: 0.8887 (1.2904) time: 0.1127 data: 0.0001 max mem: 276
Epoch: [0] [200/266] eta: 0:00:07 lr: 0.000015 tier1_loss: 1.0233 (1.3115) tier2_loss: 0.2657 (1.1725) time: 0.1111 data: 0.0001 max mem: 325
Epoch: [0] [265/266] eta: 0:00:00 lr: 0.000020 tier1_loss: 0.7269 (1.2614) tier2_loss: 0.2152 (1.1449) time: 0.1209 data: 0.0001 max mem: 325
Epoch: [0] Total time: 0:00:31 (31.3883 s / it)
Val [ 0/29] eta: 0:00:06 loss: 0.1652 (0.1652) acc1: 100.0000 (100.0000) time: 0.2176 data: 0.1329 max mem: 325
Val [28/29] eta: 0:00:00 loss: 0.1605 (1.0358) acc1: 100.0000 (68.9655) time: 0.0376 data: 0.0001 max mem: 325
Val Total time: 0:00:01 (1.3961 s / it)
* Acc@1 68.966 loss 1.036 auroc 0.533 f1_score 0.204
  per-class F1 (Val): {'negative': np.float32(0.816), 'itc': np.float32(0.0), 'micro': np.float32(0.0), 'macro': np.float32(0.0)}
  [DIAG] Tier1 сам по собі: acc=68.966 f1_macro=0.204
Test [  0/197] eta: 0:00:35 loss: 3.1305 (3.1305) acc1: 0.0000 (0.0000) time: 0.1790 data: 0.1370 max mem: 325
Test [100/197] eta: 0:00:03 loss: 0.1616 (1.2846) acc1: 100.0000 (59.4059) time: 0.0297 data: 0.0001 max mem: 325
Test [196/197] eta: 0:00:00 loss: 0.1626 (1.1936) acc1: 100.0000 (61.4213) time: 0.0288 data: 0.0001 max mem: 325
Test Total time: 0:00:06 (6.1834 s / it)
* Acc@1 61.421 loss 1.194 auroc 0.612 f1_score 0.190
  per-class F1 (Test): {'negative': np.float32(0.761), 'itc': np.float32(0.0), 'micro': np.float32(0.0), 'macro': np.float32(0.0)}
  [DIAG] Tier1 сам по собі: acc=61.421 f1_macro=0.190

Epoch: [1] [  0/266] eta: 0:01:13 lr: 0.000020 tier1_loss: 0.5982 (0.5982) tier2_loss: 0.1694 (0.1694) time: 0.2749 data: 0.1076 max mem: 325
Epoch: [1] [100/266] eta: 0:00:17 lr: 0.000028 tier1_loss: 0.3780 (0.9796) tier2_loss: 0.1538 (1.0634) time: 0.1082 data: 0.0001 max mem: 325
Epoch: [1] [200/266] eta: 0:00:06 lr: 0.000035 tier1_loss: 0.2529 (1.0122) tier2_loss: 0.1314 (1.1081) time: 0.1033 data: 0.0001 max mem: 325
Epoch: [1] [265/266] eta: 0:00:00 lr: 0.000040 tier1_loss: 0.2010 (1.0178) tier2_loss: 0.1045 (1.1085) time: 0.0996 data: 0.0001 max mem: 325
Epoch: [1] Total time: 0:00:27 (27.8127 s / it)
Val [ 0/29] eta: 0:00:04 loss: 0.0881 (0.0881) acc1: 100.0000 (100.0000) time: 0.1603 data: 0.1223 max mem: 325
Val [28/29] eta: 0:00:00 loss: 0.0931 (1.1551) acc1: 100.0000 (68.9655) time: 0.0349 data: 0.0001 max mem: 325
Val Total time: 0:00:01 (1.4322 s / it)
* Acc@1 68.966 loss 1.155 auroc 0.574 f1_score 0.204
  per-class F1 (Val): {'negative': np.float32(0.816), 'itc': np.float32(0.0), 'micro': np.float32(0.0), 'macro': np.float32(0.0)}
  [DIAG] Tier1 сам по собі: acc=68.966 f1_macro=0.204
Test [  0/197] eta: 0:00:37 loss: 3.7792 (3.7792) acc1: 0.0000 (0.0000) time: 0.1879 data: 0.1372 max mem: 325
Test [100/197] eta: 0:00:03 loss: 0.0848 (1.4653) acc1: 100.0000 (59.4059) time: 0.0309 data: 0.0001 max mem: 325
Test [196/197] eta: 0:00:00 loss: 0.0852 (1.3419) acc1: 100.0000 (61.4213) time: 0.0285 data: 0.0001 max mem: 325
Test Total time: 0:00:06 (6.7844 s / it)
* Acc@1 61.421 loss 1.342 auroc 0.663 f1_score 0.190
  per-class F1 (Test): {'negative': np.float32(0.761), 'itc': np.float32(0.0), 'micro': np.float32(0.0), 'macro': np.float32(0.0)}
  [DIAG] Tier1 сам по собі: acc=61.421 f1_macro=0.190

Epoch: [2] [  0/266] eta: 0:01:06 lr: 0.000040 tier1_loss: 0.2075 (0.2075) tier2_loss: 0.0803 (0.0803) time: 0.2501 data: 0.1117 max mem: 325
Epoch: [2] [100/266] eta: 0:00:17 lr: 0.000048 tier1_loss: 0.1481 (1.0343) tier2_loss: 0.1221 (1.1077) time: 0.1008 data: 0.0001 max mem: 325
Epoch: [2] [200/266] eta: 0:00:06 lr: 0.000055 tier1_loss: 0.1344 (1.0376) tier2_loss: 0.0908 (1.0804) time: 0.1007 data: 0.0001 max mem: 325
Epoch: [2] [265/266] eta: 0:00:00 lr: 0.000060 tier1_loss: 0.1666 (1.1210) tier2_loss: 0.2057 (1.1692) time: 0.1029 data: 0.0001 max mem: 325
Epoch: [2] Total time: 0:00:27 (27.6672 s / it)
Val [ 0/29] eta: 0:00:05 loss: 0.2016 (0.2016) acc1: 100.0000 (100.0000) time: 0.1771 data: 0.1200 max mem: 325
Val [28/29] eta: 0:00:00 loss: 0.2738 (1.0187) acc1: 100.0000 (68.9655) time: 0.0352 data: 0.0001 max mem: 325
Val Total time: 0:00:01 (1.1887 s / it)
* Acc@1 68.966 loss 1.019 auroc 0.584 f1_score 0.204
  per-class F1 (Val): {'negative': np.float32(0.816), 'itc': np.float32(0.0), 'micro': np.float32(0.0), 'macro': np.float32(0.0)}
  [DIAG] Tier1 сам по собі: acc=68.966 f1_macro=0.204
Test [  0/197] eta: 0:00:36 loss: 2.5571 (2.5571) acc1: 0.0000 (0.0000) time: 0.1874 data: 0.1353 max mem: 325
Test [100/197] eta: 0:00:03 loss: 0.2406 (1.2275) acc1: 100.0000 (59.4059) time: 0.0305 data: 0.0001 max mem: 325
Test [196/197] eta: 0:00:00 loss: 0.2224 (1.1815) acc1: 100.0000 (61.4213) time: 0.0282 data: 0.0001 max mem: 325
Test Total time: 0:00:06 (6.8779 s / it)
* Acc@1 61.421 loss 1.182 auroc 0.611 f1_score 0.190
  per-class F1 (Test): {'negative': np.float32(0.761), 'itc': np.float32(0.0), 'micro': np.float32(0.0), 'macro': np.float32(0.0)}
  [DIAG] Tier1 сам по собі: acc=61.421 f1_macro=0.190

Epoch: [3] [  0/266] eta: 0:01:01 lr: 0.000060 tier1_loss: 0.1517 (0.1517) tier2_loss: 0.2556 (0.2556) time: 0.2319 data: 0.1118 max mem: 325
Epoch: [3] [100/266] eta: 0:00:18 lr: 0.000068 tier1_loss: 0.1799 (1.1608) tier2_loss: 0.1706 (1.1614) time: 0.1152 data: 0.0001 max mem: 325
Epoch: [3] [200/266] eta: 0:00:07 lr: 0.000075 tier1_loss: 0.1499 (1.0964) tier2_loss: 0.0936 (1.0833) time: 0.1113 data: 0.0001 max mem: 325
Epoch: [3] [265/266] eta: 0:00:00 lr: 0.000080 tier1_loss: 0.1138 (1.0835) tier2_loss: 0.1014 (1.0889) time: 0.1133 data: 0.0001 max mem: 325
Epoch: [3] Total time: 0:00:29 (29.7859 s / it)
Val [ 0/29] eta: 0:00:05 loss: 0.1015 (0.1015) acc1: 100.0000 (100.0000) time: 0.2020 data: 0.1625 max mem: 325
Val [28/29] eta: 0:00:00 loss: 0.0939 (1.1614) acc1: 100.0000 (68.9655) time: 0.0372 data: 0.0001 max mem: 325
Val Total time: 0:00:01 (1.3842 s / it)
* Acc@1 68.966 loss 1.161 auroc 0.588 f1_score 0.204
  per-class F1 (Val): {'negative': np.float32(0.816), 'itc': np.float32(0.0), 'micro': np.float32(0.0), 'macro': np.float32(0.0)}
  [DIAG] Tier1 сам по собі: acc=68.966 f1_macro=0.204
Test [  0/197] eta: 0:00:43 loss: 3.3902 (3.3902) acc1: 0.0000 (0.0000) time: 0.2211 data: 0.1575 max mem: 325
Test [100/197] eta: 0:00:03 loss: 0.0817 (1.3570) acc1: 100.0000 (59.4059) time: 0.0302 data: 0.0001 max mem: 325
Test [196/197] eta: 0:00:00 loss: 0.0744 (1.2440) acc1: 100.0000 (61.4213) time: 0.0285 data: 0.0001 max mem: 325
Test Total time: 0:00:06 (6.5989 s / it)
* Acc@1 61.421 loss 1.244 auroc 0.708 f1_score 0.190
  per-class F1 (Test): {'negative': np.float32(0.761), 'itc': np.float32(0.0), 'micro': np.float32(0.0), 'macro': np.float32(0.0)}
  [DIAG] Tier1 сам по собі: acc=61.421 f1_macro=0.190

Epoch: [4] [  0/266] eta: 0:01:06 lr: 0.000080 tier1_loss: 0.1054 (0.1054) tier2_loss: 0.0933 (0.0933) time: 0.2487 data: 0.1228 max mem: 325
Epoch: [4] [100/266] eta: 0:00:18 lr: 0.000088 tier1_loss: 0.1143 (0.9170) tier2_loss: 0.1716 (0.8946) time: 0.1153 data: 0.0001 max mem: 325
Epoch: [4] [200/266] eta: 0:00:07 lr: 0.000095 tier1_loss: 0.1542 (1.0509) tier2_loss: 0.0951 (1.0138) time: 0.1211 data: 0.0001 max mem: 325
Epoch: [4] [265/266] eta: 0:00:00 lr: 0.000100 tier1_loss: 0.2155 (1.0837) tier2_loss: 0.2617 (1.0422) time: 0.1290 data: 0.0001 max mem: 325
Epoch: [4] Total time: 0:00:31 (31.0119 s / it)
Val [ 0/29] eta: 0:00:06 loss: 0.1846 (0.1846) acc1: 100.0000 (100.0000) time: 0.2121 data: 0.1695 max mem: 325
Val [28/29] eta: 0:00:00 loss: 0.2332 (1.0901) acc1: 100.0000 (68.9655) time: 0.0301 data: 0.0001 max mem: 325
Val Total time: 0:00:01 (1.3967 s / it)
* Acc@1 68.966 loss 1.090 auroc 0.586 f1_score 0.302
  per-class F1 (Val): {'negative': np.float32(0.809), 'itc': np.float32(0.0), 'micro': np.float32(0.0), 'macro': np.float32(0.4)}
  [DIAG] Tier1 сам по собі: acc=68.966 f1_macro=0.204
Test [  0/197] eta: 0:00:33 loss: 2.3780 (2.3780) acc1: 0.0000 (0.0000) time: 0.1694 data: 0.1323 max mem: 325
Test [100/197] eta: 0:00:03 loss: 0.1340 (1.0153) acc1: 100.0000 (68.3168) time: 0.0299 data: 0.0001 max mem: 325
Test [196/197] eta: 0:00:00 loss: 0.0989 (0.8946) acc1: 100.0000 (73.6041) time: 0.0286 data: 0.0001 max mem: 325
Test Total time: 0:00:06 (6.0828 s / it)
* Acc@1 73.604 loss 0.895 auroc 0.732 f1_score 0.386
  per-class F1 (Test): {'negative': np.float32(0.826), 'itc': np.float32(0.0), 'micro': np.float32(0.0), 'macro': np.float32(0.716)}
  [DIAG] Tier1 сам по собі: acc=67.830 f1_macro=0.314

Epoch: [5] [  0/266] eta: 0:01:07 lr: 0.000100 tier1_loss: 0.2166 (0.2166) tier2_loss: 0.1672 (0.1672) time: 0.2532 data: 0.1307 max mem: 325
Epoch: [5] [100/266] eta: 0:00:19 lr: 0.000100 tier1_loss: 0.0921 (0.8181) tier2_loss: 0.0578 (0.8433) time: 0.1141 data: 0.0001 max mem: 325
Epoch: [5] [200/266] eta: 0:00:07 lr: 0.000099 tier1_loss: 0.2997 (0.9867) tier2_loss: 0.1705 (1.0297) time: 0.1176 data: 0.0001 max mem: 325
Epoch: [5] [265/266] eta: 0:00:00 lr: 0.000099 tier1_loss: 0.1508 (0.9963) tier2_loss: 0.1012 (1.0442) time: 0.1238 data: 0.0001 max mem: 325
Epoch: [5] Total time: 0:00:31 (31.1501 s / it)
Val [ 0/29] eta: 0:00:05 loss: 0.0928 (0.0928) acc1: 100.0000 (100.0000) time: 0.1744 data: 0.1260 max mem: 325
Val [28/29] eta: 0:00:00 loss: 0.0829 (1.0930) acc1: 100.0000 (68.9655) time: 0.0289 data: 0.0001 max mem: 325
Val Total time: 0:00:01 (1.0434 s / it)
* Acc@1 68.966 loss 1.093 auroc 0.713 f1_score 0.285
  per-class F1 (Val): {'negative': np.float32(0.809), 'itc': np.float32(0.0), 'micro': np.float32(0.0), 'macro': np.float32(0.333)}
  [DIAG] Tier1 сам по собі: acc=72.414 f1_macro=0.308
Test [  0/197] eta: 0:00:30 loss: 3.2055 (3.2055) acc1: 0.0000 (0.0000) time: 0.1554 data: 0.1194 max mem: 325
Test [100/197] eta: 0:00:03 loss: 0.0843 (0.9858) acc1: 100.0000 (71.2871) time: 0.0307 data: 0.0001 max mem: 325
Test [196/197] eta: 0:00:00 loss: 0.0732 (0.7886) acc1: 100.0000 (77.1574) time: 0.0284 data: 0.0001 max mem: 325
Test Total time: 0:00:06 (6.1133 s / it)
* Acc@1 77.157 loss 0.789 auroc 0.772 f1_score 0.421
  per-class F1 (Test): {'negative': np.float32(0.846), 'itc': np.float32(0.0), 'micro': np.float32(0.0), 'macro': np.float32(0.838)}
  [DIAG] Tier1 сам по собі: acc=74.429 f1_macro=0.396

Epoch: [6] [  0/266] eta: 0:01:04 lr: 0.000099 tier1_loss: 2.7459 (2.7459) tier2_loss: 2.9893 (2.9893) time: 0.2411 data: 0.1006 max mem: 325
Epoch: [6] [100/266] eta: 0:00:18 lr: 0.000098 tier1_loss: 0.1042 (0.9351) tier2_loss: 0.1159 (1.0035) time: 0.1160 data: 0.0001 max mem: 325
Epoch: [6] [200/266] eta: 0:00:07 lr: 0.000097 tier1_loss: 0.0971 (0.9117) tier2_loss: 0.1403 (0.9577) time: 0.1043 data: 0.0001 max mem: 325
Epoch: [6] [265/266] eta: 0:00:00 lr: 0.000096 tier1_loss: 0.1375 (0.8958) tier2_loss: 0.0968 (0.9411) time: 0.1063 data: 0.0001 max mem: 325
Epoch: [6] Total time: 0:00:30 (30.2038 s / it)
Val [ 0/29] eta: 0:00:04 loss: 0.1729 (0.1729) acc1: 100.0000 (100.0000) time: 0.1656 data: 0.1253 max mem: 325
Val [28/29] eta: 0:00:00 loss: 0.0794 (1.0887) acc1: 100.0000 (72.4138) time: 0.0287 data: 0.0001 max mem: 325
Val Total time: 0:00:01 (1.0009 s / it)
* Acc@1 72.414 loss 1.089 auroc 0.692 f1_score 0.349
  per-class F1 (Val): {'negative': np.float32(0.826), 'itc': np.float32(0.0), 'micro': np.float32(0.0), 'macro': np.float32(0.571)}
  [DIAG] Tier1 сам по собі: acc=74.138 f1_macro=0.360
Test [  0/197] eta: 0:00:30 loss: 3.3267 (3.3267) acc1: 0.0000 (0.0000) time: 0.1540 data: 0.1116 max mem: 325
Test [100/197] eta: 0:00:03 loss: 0.0969 (0.8276) acc1: 100.0000 (77.2277) time: 0.0304 data: 0.0001 max mem: 325
Test [196/197] eta: 0:00:00 loss: 0.0686 (0.6822) acc1: 100.0000 (81.7259) time: 0.0281 data: 0.0001 max mem: 325
Test Total time: 0:00:06 (6.0461 s / it)
* Acc@1 81.726 loss 0.682 auroc 0.764 f1_score 0.454
  per-class F1 (Test): {'negative': np.float32(0.881), 'itc': np.float32(0.0), 'micro': np.float32(0.0), 'macro': np.float32(0.933)}
  [DIAG] Tier1 сам по собі: acc=81.599 f1_macro=0.455

Epoch: [7] [  0/266] eta: 0:01:09 lr: 0.000096 tier1_loss: 1.8873 (1.8873) tier2_loss: 0.2461 (0.2461) time: 0.2608 data: 0.1070 max mem: 325
Epoch: [7] [100/266] eta: 0:00:18 lr: 0.000094 tier1_loss: 0.0759 (0.7455) tier2_loss: 0.0416 (0.7951) time: 0.0995 data: 0.0001 max mem: 325
Epoch: [7] [200/266] eta: 0:00:07 lr: 0.000092 tier1_loss: 0.0956 (0.7782) tier2_loss: 0.0669 (0.7575) time: 0.1178 data: 0.0001 max mem: 325
Epoch: [7] [265/266] eta: 0:00:00 lr: 0.000091 tier1_loss: 0.0526 (0.7294) tier2_loss: 0.0314 (0.7070) time: 0.1080 data: 0.0001 max mem: 325
Epoch: [7] Total time: 0:00:29 (29.9865 s / it)
Val [ 0/29] eta: 0:00:04 loss: 0.0426 (0.0426) acc1: 100.0000 (100.0000) time: 0.1615 data: 0.1250 max mem: 325
Val [28/29] eta: 0:00:00 loss: 0.0384 (0.8420) acc1: 100.0000 (75.8621) time: 0.0290 data: 0.0001 max mem: 325
Val Total time: 0:00:01 (1.0141 s / it)
* Acc@1 75.862 loss 0.842 auroc 0.746 f1_score 0.388
  per-class F1 (Val): {'negative': np.float32(0.884), 'itc': np.float32(0.0), 'micro': np.float32(0.0), 'macro': np.float32(0.667)}
  [DIAG] Tier1 сам по собі: acc=77.155 f1_macro=0.377
Test [  0/197] eta: 0:00:33 loss: 2.0065 (2.0065) acc1: 0.0000 (0.0000) time: 0.1685 data: 0.1175 max mem: 325
Test [100/197] eta: 0:00:03 loss: 0.0349 (0.7030) acc1: 100.0000 (79.2079) time: 0.0304 data: 0.0001 max mem: 325
Test [196/197] eta: 0:00:00 loss: 0.0327 (0.7030) acc1: 100.0000 (81.7259) time: 0.0282 data: 0.0001 max mem: 325
Test Total time: 0:00:06 (6.2220 s / it)
* Acc@1 81.726 loss 0.703 auroc 0.860 f1_score 0.486
  per-class F1 (Test): {'negative': np.float32(0.911), 'itc': np.float32(0.0), 'micro': np.float32(0.2), 'macro': np.float32(0.832)}
  [DIAG] Tier1 сам по собі: acc=81.409 f1_macro=0.441

Epoch: [8] [  0/266] eta: 0:01:20 lr: 0.000091 tier1_loss: 0.0418 (0.0418) tier2_loss: 0.0176 (0.0176) time: 0.3010 data: 0.1435 max mem: 325
Epoch: [8] [100/266] eta: 0:00:18 lr: 0.000088 tier1_loss: 0.0786 (0.6332) tier2_loss: 0.0387 (0.6470) time: 0.1019 data: 0.0001 max mem: 325
Epoch: [8] [200/266] eta: 0:00:07 lr: 0.000085 tier1_loss: 0.1496 (0.6347) tier2_loss: 0.0504 (0.5909) time: 0.1095 data: 0.0001 max mem: 325
Epoch: [8] [265/266] eta: 0:00:00 lr: 0.000084 tier1_loss: 0.0767 (0.6081) tier2_loss: 0.0297 (0.5834) time: 0.1147 data: 0.0001 max mem: 325
Epoch: [8] Total time: 0:00:30 (30.4549 s / it)
Val [ 0/29] eta: 0:00:04 loss: 0.0281 (0.0281) acc1: 100.0000 (100.0000) time: 0.1627 data: 0.1246 max mem: 325
Val [28/29] eta: 0:00:00 loss: 0.0190 (0.8607) acc1: 100.0000 (82.7586) time: 0.0363 data: 0.0001 max mem: 325
Val Total time: 0:00:01 (1.4752 s / it)
* Acc@1 82.759 loss 0.861 auroc 0.818 f1_score 0.561
  per-class F1 (Val): {'negative': np.float32(0.909), 'itc': np.float32(0.0), 'micro': np.float32(0.667), 'macro': np.float32(0.667)}
  [DIAG] Tier1 сам по собі: acc=79.741 f1_macro=0.512
Test [  0/197] eta: 0:00:28 loss: 0.2261 (0.2261) acc1: 100.0000 (100.0000) time: 0.1468 data: 0.1067 max mem: 325
Test [100/197] eta: 0:00:02 loss: 0.0211 (0.7466) acc1: 100.0000 (82.1782) time: 0.0293 data: 0.0001 max mem: 325
Test [196/197] eta: 0:00:00 loss: 0.0159 (0.6910) acc1: 100.0000 (84.2640) time: 0.0275 data: 0.0001 max mem: 325
Test Total time: 0:00:05 (5.8941 s / it)
* Acc@1 84.264 loss 0.691 auroc 0.867 f1_score 0.571
  per-class F1 (Test): {'negative': np.float32(0.911), 'itc': np.float32(0.0), 'micro': np.float32(0.48), 'macro': np.float32(0.894)}
  [DIAG] Tier1 сам по собі: acc=85.660 f1_macro=0.612

Epoch: [9] [  0/266] eta: 0:01:08 lr: 0.000084 tier1_loss: 0.0244 (0.0244) tier2_loss: 0.0156 (0.0156) time: 0.2567 data: 0.1184 max mem: 325
Epoch: [9] [100/266] eta: 0:00:18 lr: 0.000081 tier1_loss: 0.0732 (0.5227) tier2_loss: 0.0179 (0.5135) time: 0.1157 data: 0.0001 max mem: 325
Epoch: [9] [200/266] eta: 0:00:07 lr: 0.000077 tier1_loss: 0.0554 (0.5959) tier2_loss: 0.0198 (0.5821) time: 0.1198 data: 0.0001 max mem: 325
Epoch: [9] [265/266] eta: 0:00:00 lr: 0.000075 tier1_loss: 0.0378 (0.5537) tier2_loss: 0.0224 (0.5440) time: 0.1182 data: 0.0001 max mem: 325
Epoch: [9] Total time: 0:00:30 (30.3189 s / it)
Val [ 0/29] eta: 0:00:04 loss: 0.0296 (0.0296) acc1: 100.0000 (100.0000) time: 0.1585 data: 0.1236 max mem: 325
Val [28/29] eta: 0:00:00 loss: 0.0212 (0.9986) acc1: 100.0000 (79.3103) time: 0.0281 data: 0.0001 max mem: 325
Val Total time: 0:00:00 (0.9949 s / it)
* Acc@1 79.310 loss 0.999 auroc 0.787 f1_score 0.530
  per-class F1 (Val): {'negative': np.float32(0.884), 'itc': np.float32(0.0), 'micro': np.float32(0.571), 'macro': np.float32(0.667)}
  [DIAG] Tier1 сам по собі: acc=81.466 f1_macro=0.550
Test [  0/197] eta: 0:00:36 loss: 0.0250 (0.0250) acc1: 100.0000 (100.0000) time: 0.1837 data: 0.1230 max mem: 325
Test [100/197] eta: 0:00:03 loss: 0.0239 (0.5500) acc1: 100.0000 (86.1386) time: 0.0296 data: 0.0001 max mem: 325
Test [196/197] eta: 0:00:00 loss: 0.0141 (0.5555) acc1: 100.0000 (86.8020) time: 0.0275 data: 0.0001 max mem: 325
Test Total time: 0:00:06 (6.0024 s / it)
* Acc@1 86.802 loss 0.555 auroc 0.895 f1_score 0.638
  per-class F1 (Test): {'negative': np.float32(0.921), 'itc': np.float32(0.0), 'micro': np.float32(0.686), 'macro': np.float32(0.944)}
  [DIAG] Tier1 сам по собі: acc=84.708 f1_macro=0.581

Epoch: [10] [  0/266] eta: 0:01:09 lr: 0.000075 tier1_loss: 0.0141 (0.0141) tier2_loss: 0.0097 (0.0097) time: 0.2609 data: 0.1176 max mem: 325
Epoch: [10] [100/266] eta: 0:00:18 lr: 0.000072 tier1_loss: 0.0413 (0.4303) tier2_loss: 0.0097 (0.3836) time: 0.1206 data: 0.0001 max mem: 325
Epoch: [10] [200/266] eta: 0:00:07 lr: 0.000068 tier1_loss: 0.0574 (0.4587) tier2_loss: 0.0191 (0.3782) time: 0.1049 data: 0.0001 max mem: 325
Epoch: [10] [265/266] eta: 0:00:00 lr: 0.000066 tier1_loss: 0.0503 (0.5257) tier2_loss: 0.0074 (0.4324) time: 0.1164 data: 0.0001 max mem: 325
Epoch: [10] Total time: 0:00:29 (29.0689 s / it)
Val [ 0/29] eta: 0:00:04 loss: 0.0207 (0.0207) acc1: 100.0000 (100.0000) time: 0.1673 data: 0.1232 max mem: 325
Val [28/29] eta: 0:00:00 loss: 0.0086 (1.1911) acc1: 100.0000 (72.4138) time: 0.0343 data: 0.0001 max mem: 325
Val Total time: 0:00:01 (1.3217 s / it)
* Acc@1 72.414 loss 1.191 auroc 0.794 f1_score 0.429
  per-class F1 (Val): {'negative': np.float32(0.857), 'itc': np.float32(0.0), 'micro': np.float32(0.286), 'macro': np.float32(0.571)}
  [DIAG] Tier1 сам по собі: acc=78.448 f1_macro=0.524
Test [  0/197] eta: 0:00:35 loss: 0.0249 (0.0249) acc1: 100.0000 (100.0000) time: 0.1799 data: 0.1245 max mem: 325
Test [100/197] eta: 0:00:03 loss: 0.0126 (0.7544) acc1: 100.0000 (82.1782) time: 0.0290 data: 0.0001 max mem: 325
Test [196/197] eta: 0:00:00 loss: 0.0077 (0.7015) acc1: 100.0000 (83.7563) time: 0.0270 data: 0.0001 max mem: 325
Test Total time: 0:00:06 (6.0034 s / it)
* Acc@1 83.756 loss 0.702 auroc 0.890 f1_score 0.555
  per-class F1 (Test): {'negative': np.float32(0.921), 'itc': np.float32(0.0), 'micro': np.float32(0.414), 'macro': np.float32(0.884)}
  [DIAG] Tier1 сам по собі: acc=84.518 f1_macro=0.582

Epoch: [11] [  0/266] eta: 0:01:07 lr: 0.000066 tier1_loss: 0.0215 (0.0215) tier2_loss: 0.0046 (0.0046) time: 0.2533 data: 0.1085 max mem: 325
Epoch: [11] [100/266] eta: 0:00:18 lr: 0.000062 tier1_loss: 0.0499 (0.4840) tier2_loss: 0.0103 (0.4265) time: 0.1159 data: 0.0001 max mem: 325
Epoch: [11] [200/266] eta: 0:00:07 lr: 0.000058 tier1_loss: 0.0524 (0.5127) tier2_loss: 0.0066 (0.4478) time: 0.1043 data: 0.0001 max mem: 325
Epoch: [11] [265/266] eta: 0:00:00 lr: 0.000056 tier1_loss: 0.0556 (0.4860) tier2_loss: 0.0067 (0.3826) time: 0.1297 data: 0.0001 max mem: 325
Epoch: [11] Total time: 0:00:30 (30.1296 s / it)
Val [ 0/29] eta: 0:00:05 loss: 0.0145 (0.0145) acc1: 100.0000 (100.0000) time: 0.2056 data: 0.1630 max mem: 325
Val [28/29] eta: 0:00:00 loss: 0.0044 (1.2819) acc1: 100.0000 (72.4138) time: 0.0294 data: 0.0001 max mem: 325
Val Total time: 0:00:01 (1.1982 s / it)
* Acc@1 72.414 loss 1.282 auroc 0.798 f1_score 0.440
  per-class F1 (Val): {'negative': np.float32(0.857), 'itc': np.float32(0.0), 'micro': np.float32(0.333), 'macro': np.float32(0.571)}
  [DIAG] Tier1 сам по собі: acc=78.879 f1_macro=0.523
Test [  0/197] eta: 0:00:34 loss: 0.0551 (0.0551) acc1: 100.0000 (100.0000) time: 0.1766 data: 0.1309 max mem: 325
Test [100/197] eta: 0:00:03 loss: 0.0075 (0.7899) acc1: 100.0000 (84.1584) time: 0.0299 data: 0.0001 max mem: 325
Test [196/197] eta: 0:00:00 loss: 0.0045 (0.6986) acc1: 100.0000 (86.2944) time: 0.0280 data: 0.0001 max mem: 325
Test Total time: 0:00:06 (6.0882 s / it)
* Acc@1 86.294 loss 0.699 auroc 0.883 f1_score 0.658
  per-class F1 (Test): {'negative': np.float32(0.925), 'itc': np.float32(0.211), 'micro': np.float32(0.593), 'macro': np.float32(0.903)}
  [DIAG] Tier1 сам по собі: acc=85.216 f1_macro=0.596

Epoch: [12] [  0/266] eta: 0:01:11 lr: 0.000056 tier1_loss: 0.0276 (0.0276) tier2_loss: 0.0014 (0.0014) time: 0.2690 data: 0.1281 max mem: 325
Epoch: [12] [100/266] eta: 0:00:18 lr: 0.000052 tier1_loss: 0.0455 (0.3971) tier2_loss: 0.0131 (0.3725) time: 0.1111 data: 0.0001 max mem: 325
Epoch: [12] [200/266] eta: 0:00:07 lr: 0.000048 tier1_loss: 0.0605 (0.4626) tier2_loss: 0.0086 (0.3765) time: 0.1058 data: 0.0001 max mem: 325
Epoch: [12] [265/266] eta: 0:00:00 lr: 0.000045 tier1_loss: 0.0628 (0.4883) tier2_loss: 0.0059 (0.4207) time: 0.1098 data: 0.0001 max mem: 325
Epoch: [12] Total time: 0:00:30 (30.2681 s / it)
Val [ 0/29] eta: 0:00:04 loss: 0.0101 (0.0101) acc1: 100.0000 (100.0000) time: 0.1711 data: 0.1343 max mem: 325
Val [28/29] eta: 0:00:00 loss: 0.0033 (1.3497) acc1: 100.0000 (75.8621) time: 0.0282 data: 0.0001 max mem: 325
Val Total time: 0:00:01 (1.0021 s / it)
* Acc@1 75.862 loss 1.350 auroc 0.813 f1_score 0.524
  per-class F1 (Val): {'negative': np.float32(0.857), 'itc': np.float32(0.0), 'micro': np.float32(0.571), 'macro': np.float32(0.667)}
  [DIAG] Tier1 сам по собі: acc=79.741 f1_macro=0.532
Test [  0/197] eta: 0:00:31 loss: 0.0113 (0.0113) acc1: 100.0000 (100.0000) time: 0.1614 data: 0.1240 max mem: 325
Test [100/197] eta: 0:00:03 loss: 0.0050 (0.7112) acc1: 100.0000 (86.1386) time: 0.0295 data: 0.0001 max mem: 325
Test [196/197] eta: 0:00:00 loss: 0.0029 (0.6479) acc1: 100.0000 (88.3249) time: 0.0282 data: 0.0001 max mem: 325
Test Total time: 0:00:06 (6.0225 s / it)
* Acc@1 88.325 loss 0.648 auroc 0.879 f1_score 0.705
  per-class F1 (Test): {'negative': np.float32(0.93), 'itc': np.float32(0.222), 'micro': np.float32(0.733), 'macro': np.float32(0.933)}
  [DIAG] Tier1 сам по собі: acc=86.041 f1_macro=0.618

Epoch: [13] [  0/266] eta: 0:01:18 lr: 0.000045 tier1_loss: 0.0879 (0.0879) tier2_loss: 0.0233 (0.0233) time: 0.2948 data: 0.1447 max mem: 325
Epoch: [13] [100/266] eta: 0:00:18 lr: 0.000041 tier1_loss: 0.0411 (0.3904) tier2_loss: 0.0046 (0.1976) time: 0.1177 data: 0.0001 max mem: 325
Epoch: [13] [200/266] eta: 0:00:07 lr: 0.000038 tier1_loss: 0.0339 (0.4192) tier2_loss: 0.0038 (0.2631) time: 0.1192 data: 0.0001 max mem: 325
Epoch: [13] [265/266] eta: 0:00:00 lr: 0.000035 tier1_loss: 0.1000 (0.4574) tier2_loss: 0.0127 (0.3244) time: 0.1055 data: 0.0001 max mem: 325
Epoch: [13] Total time: 0:00:30 (30.3434 s / it)
Val [ 0/29] eta: 0:00:04 loss: 0.8773 (0.8773) acc1: 0.0000 (0.0000) time: 0.1546 data: 0.1210 max mem: 325
Val [28/29] eta: 0:00:00 loss: 0.0162 (1.2600) acc1: 100.0000 (68.9655) time: 0.0285 data: 0.0001 max mem: 325
Val Total time: 0:00:01 (1.0045 s / it)
* Acc@1 68.966 loss 1.260 auroc 0.854 f1_score 0.515
  per-class F1 (Val): {'negative': np.float32(0.821), 'itc': np.float32(0.0), 'micro': np.float32(0.571), 'macro': np.float32(0.667)}
  [DIAG] Tier1 сам по собі: acc=75.862 f1_macro=0.502
Test [  0/197] eta: 0:00:31 loss: 0.0343 (0.0343) acc1: 100.0000 (100.0000) time: 0.1575 data: 0.1210 max mem: 325
Test [100/197] eta: 0:00:03 loss: 0.1222 (0.7103) acc1: 100.0000 (77.2277) time: 0.0297 data: 0.0001 max mem: 325
Test [196/197] eta: 0:00:00 loss: 0.0111 (0.6789) acc1: 100.0000 (81.2183) time: 0.0287 data: 0.0001 max mem: 325
Test Total time: 0:00:06 (6.0533 s / it)
* Acc@1 81.218 loss 0.679 auroc 0.894 f1_score 0.684
  per-class F1 (Test): {'negative': np.float32(0.873), 'itc': np.float32(0.263), 'micro': np.float32(0.667), 'macro': np.float32(0.933)}
  [DIAG] Tier1 сам по собі: acc=85.279 f1_macro=0.612

Epoch: [14] [  0/266] eta: 0:01:19 lr: 0.000035 tier1_loss: 1.2303 (1.2303) tier2_loss: 1.2146 (1.2146) time: 0.2999 data: 0.1364 max mem: 325
Epoch: [14] [100/266] eta: 0:00:18 lr: 0.000032 tier1_loss: 0.0348 (0.5013) tier2_loss: 0.0037 (0.3403) time: 0.1075 data: 0.0001 max mem: 325
Epoch: [14] [200/266] eta: 0:00:07 lr: 0.000028 tier1_loss: 0.0865 (0.4741) tier2_loss: 0.0071 (0.3673) time: 0.1023 data: 0.0001 max mem: 325
Epoch: [14] [265/266] eta: 0:00:00 lr: 0.000026 tier1_loss: 0.0374 (0.4226) tier2_loss: 0.0034 (0.3087) time: 0.1120 data: 0.0001 max mem: 325
Epoch: [14] Total time: 0:00:29 (29.6024 s / it)
Val [ 0/29] eta: 0:00:05 loss: 0.0411 (0.0411) acc1: 100.0000 (100.0000) time: 0.2066 data: 0.1333 max mem: 325
Val [28/29] eta: 0:00:00 loss: 0.0036 (1.3876) acc1: 100.0000 (75.8621) time: 0.0286 data: 0.0001 max mem: 325
Val Total time: 0:00:01 (1.0698 s / it)
* Acc@1 75.862 loss 1.388 auroc 0.825 f1_score 0.524
  per-class F1 (Val): {'negative': np.float32(0.857), 'itc': np.float32(0.0), 'micro': np.float32(0.571), 'macro': np.float32(0.667)}
  [DIAG] Tier1 сам по собі: acc=78.448 f1_macro=0.524
Test [  0/197] eta: 0:00:29 loss: 0.0093 (0.0093) acc1: 100.0000 (100.0000) time: 0.1513 data: 0.1151 max mem: 325
Test [100/197] eta: 0:00:02 loss: 0.0074 (0.7271) acc1: 100.0000 (85.1485) time: 0.0291 data: 0.0001 max mem: 325
Test [196/197] eta: 0:00:00 loss: 0.0026 (0.6148) acc1: 100.0000 (86.8020) time: 0.0275 data: 0.0001 max mem: 325
Test Total time: 0:00:05 (5.8717 s / it)
* Acc@1 86.802 loss 0.615 auroc 0.901 f1_score 0.676
  per-class F1 (Test): {'negative': np.float32(0.925), 'itc': np.float32(0.2), 'micro': np.float32(0.645), 'macro': np.float32(0.933)}
  [DIAG] Tier1 сам по собі: acc=86.421 f1_macro=0.630

Epoch: [15] [  0/266] eta: 0:01:06 lr: 0.000026 tier1_loss: 0.0604 (0.0604) tier2_loss: 0.0035 (0.0035) time: 0.2500 data: 0.1097 max mem: 325
Epoch: [15] [100/266] eta: 0:00:18 lr: 0.000022 tier1_loss: 0.0297 (0.3861) tier2_loss: 0.0032 (0.2953) time: 0.1140 data: 0.0001 max mem: 325
Epoch: [15] [200/266] eta: 0:00:07 lr: 0.000019 tier1_loss: 0.0775 (0.4308) tier2_loss: 0.0036 (0.2876) time: 0.1061 data: 0.0001 max mem: 325
Epoch: [15] [265/266] eta: 0:00:00 lr: 0.000017 tier1_loss: 0.0356 (0.4117) tier2_loss: 0.0027 (0.2694) time: 0.1005 data: 0.0001 max mem: 325
Epoch: [15] Total time: 0:00:28 (28.8575 s / it)
Val [ 0/29] eta: 0:00:05 loss: 0.0794 (0.0794) acc1: 100.0000 (100.0000) time: 0.1735 data: 0.1322 max mem: 325
Val [28/29] eta: 0:00:00 loss: 0.0033 (1.3498) acc1: 100.0000 (75.8621) time: 0.0284 data: 0.0001 max mem: 325
Val Total time: 0:00:01 (1.0148 s / it)
* Acc@1 75.862 loss 1.350 auroc 0.838 f1_score 0.622
  per-class F1 (Val): {'negative': np.float32(0.85), 'itc': np.float32(0.4), 'micro': np.float32(0.571), 'macro': np.float32(0.667)}
  [DIAG] Tier1 сам по собі: acc=78.017 f1_macro=0.515
Test [  0/197] eta: 0:00:30 loss: 0.0064 (0.0064) acc1: 100.0000 (100.0000) time: 0.1549 data: 0.1201 max mem: 325
Test [100/197] eta: 0:00:02 loss: 0.0143 (0.7603) acc1: 100.0000 (82.1782) time: 0.0291 data: 0.0001 max mem: 325
Test [196/197] eta: 0:00:00 loss: 0.0028 (0.6650) acc1: 100.0000 (85.2792) time: 0.0274 data: 0.0001 max mem: 325
Test Total time: 0:00:05 (5.8544 s / it)
* Acc@1 85.279 loss 0.665 auroc 0.889 f1_score 0.668
  per-class F1 (Test): {'negative': np.float32(0.916), 'itc': np.float32(0.261), 'micro': np.float32(0.593), 'macro': np.float32(0.903)}
  [DIAG] Tier1 сам по собі: acc=85.914 f1_macro=0.617

Epoch: [16] [  0/266] eta: 0:01:05 lr: 0.000017 tier1_loss: 0.1077 (0.1077) tier2_loss: 0.0026 (0.0026) time: 0.2476 data: 0.0975 max mem: 325
Epoch: [16] [100/266] eta: 0:00:19 lr: 0.000015 tier1_loss: 0.0731 (0.3652) tier2_loss: 0.0053 (0.2552) time: 0.1193 data: 0.0001 max mem: 325
Epoch: [16] [200/266] eta: 0:00:07 lr: 0.000012 tier1_loss: 0.0499 (0.3894) tier2_loss: 0.0030 (0.2688) time: 0.0973 data: 0.0001 max mem: 325
Epoch: [16] [265/266] eta: 0:00:00 lr: 0.000010 tier1_loss: 0.0415 (0.3930) tier2_loss: 0.0034 (0.2738) time: 0.1066 data: 0.0001 max mem: 325
Epoch: [16] Total time: 0:00:28 (28.4936 s / it)
Val [ 0/29] eta: 0:00:04 loss: 0.2149 (0.2149) acc1: 100.0000 (100.0000) time: 0.1691 data: 0.1210 max mem: 325
Val [28/29] eta: 0:00:00 loss: 0.0039 (1.4728) acc1: 100.0000 (75.8621) time: 0.0325 data: 0.0001 max mem: 325
Val Total time: 0:00:01 (1.1056 s / it)
* Acc@1 75.862 loss 1.473 auroc 0.837 f1_score 0.524
  per-class F1 (Val): {'negative': np.float32(0.857), 'itc': np.float32(0.0), 'micro': np.float32(0.571), 'macro': np.float32(0.667)}
  [DIAG] Tier1 сам по собі: acc=78.448 f1_macro=0.518
Test [  0/197] eta: 0:00:32 loss: 0.0191 (0.0191) acc1: 100.0000 (100.0000) time: 0.1638 data: 0.1236 max mem: 325
Test [100/197] eta: 0:00:03 loss: 0.0319 (0.8046) acc1: 100.0000 (81.1881) time: 0.0289 data: 0.0001 max mem: 325
Test [196/197] eta: 0:00:00 loss: 0.0030 (0.6556) acc1: 100.0000 (85.7868) time: 0.0272 data: 0.0001 max mem: 325
Test Total time: 0:00:06 (6.6024 s / it)
* Acc@1 85.787 loss 0.656 auroc 0.893 f1_score 0.686
  per-class F1 (Test): {'negative': np.float32(0.92), 'itc': np.float32(0.32), 'micro': np.float32(0.593), 'macro': np.float32(0.913)}
  [DIAG] Tier1 сам по собі: acc=85.723 f1_macro=0.615

Epoch: [17] [  0/266] eta: 0:01:16 lr: 0.000010 tier1_loss: 0.0120 (0.0120) tier2_loss: 0.0015 (0.0015) time: 0.2880 data: 0.1482 max mem: 325
Epoch: [17] [100/266] eta: 0:00:18 lr: 0.000008 tier1_loss: 0.1667 (0.4276) tier2_loss: 0.0041 (0.2557) time: 0.1073 data: 0.0001 max mem: 325
Epoch: [17] [200/266] eta: 0:00:07 lr: 0.000006 tier1_loss: 0.0471 (0.3652) tier2_loss: 0.0024 (0.2523) time: 0.0984 data: 0.0001 max mem: 325
Epoch: [17] [265/266] eta: 0:00:00 lr: 0.000005 tier1_loss: 0.0536 (0.3843) tier2_loss: 0.0027 (0.2429) time: 0.0954 data: 0.0001 max mem: 325
Epoch: [17] Total time: 0:00:28 (28.1965 s / it)
Val [ 0/29] eta: 0:00:04 loss: 0.1659 (0.1659) acc1: 100.0000 (100.0000) time: 0.1699 data: 0.1294 max mem: 325
Val [28/29] eta: 0:00:00 loss: 0.0031 (1.4445) acc1: 100.0000 (72.4138) time: 0.0294 data: 0.0001 max mem: 325
Val Total time: 0:00:01 (1.0384 s / it)
* Acc@1 72.414 loss 1.445 auroc 0.819 f1_score 0.517
  per-class F1 (Val): {'negative': np.float32(0.829), 'itc': np.float32(0.0), 'micro': np.float32(0.571), 'macro': np.float32(0.667)}
  [DIAG] Tier1 сам по собі: acc=77.586 f1_macro=0.516
Test [  0/197] eta: 0:00:46 loss: 0.0087 (0.0087) acc1: 100.0000 (100.0000) time: 0.2361 data: 0.1670 max mem: 325
Test [100/197] eta: 0:00:04 loss: 0.0160 (0.7785) acc1: 100.0000 (83.1683) time: 0.0303 data: 0.0001 max mem: 325
Test [196/197] eta: 0:00:00 loss: 0.0022 (0.6520) acc1: 100.0000 (85.2792) time: 0.0282 data: 0.0001 max mem: 325
Test Total time: 0:00:07 (7.3702 s / it)
* Acc@1 85.279 loss 0.652 auroc 0.900 f1_score 0.696
  per-class F1 (Test): {'negative': np.float32(0.908), 'itc': np.float32(0.32), 'micro': np.float32(0.643), 'macro': np.float32(0.913)}
  [DIAG] Tier1 сам по собі: acc=86.231 f1_macro=0.630

Epoch: [18] [  0/266] eta: 0:01:09 lr: 0.000005 tier1_loss: 0.0494 (0.0494) tier2_loss: 0.0053 (0.0053) time: 0.2604 data: 0.1086 max mem: 325
Epoch: [18] [100/266] eta: 0:00:18 lr: 0.000004 tier1_loss: 0.0989 (0.4313) tier2_loss: 0.0044 (0.2699) time: 0.1098 data: 0.0001 max mem: 325
Epoch: [18] [200/266] eta: 0:00:07 lr: 0.000003 tier1_loss: 0.0656 (0.4165) tier2_loss: 0.0025 (0.2544) time: 0.1062 data: 0.0001 max mem: 325
Epoch: [18] [265/266] eta: 0:00:00 lr: 0.000002 tier1_loss: 0.0622 (0.3757) tier2_loss: 0.0022 (0.2352) time: 0.1066 data: 0.0001 max mem: 325
Epoch: [18] Total time: 0:00:29 (29.2950 s / it)
Val [ 0/29] eta: 0:00:05 loss: 0.1592 (0.1592) acc1: 100.0000 (100.0000) time: 0.1806 data: 0.1309 max mem: 325
Val [28/29] eta: 0:00:00 loss: 0.0026 (1.5120) acc1: 100.0000 (75.8621) time: 0.0509 data: 0.0001 max mem: 325
Val Total time: 0:00:01 (1.6572 s / it)
* Acc@1 75.862 loss 1.512 auroc 0.814 f1_score 0.524
  per-class F1 (Val): {'negative': np.float32(0.857), 'itc': np.float32(0.0), 'micro': np.float32(0.571), 'macro': np.float32(0.667)}
  [DIAG] Tier1 сам по собі: acc=78.017 f1_macro=0.521
Test [  0/197] eta: 0:00:55 loss: 0.0100 (0.0100) acc1: 100.0000 (100.0000) time: 0.2816 data: 0.1733 max mem: 325
Test [100/197] eta: 0:00:03 loss: 0.0187 (0.7904) acc1: 100.0000 (83.1683) time: 0.0302 data: 0.0001 max mem: 325
Test [196/197] eta: 0:00:00 loss: 0.0021 (0.6564) acc1: 100.0000 (85.7868) time: 0.0282 data: 0.0001 max mem: 325
Test Total time: 0:00:06 (6.5163 s / it)
* Acc@1 85.787 loss 0.656 auroc 0.899 f1_score 0.696
  per-class F1 (Test): {'negative': np.float32(0.916), 'itc': np.float32(0.333), 'micro': np.float32(0.621), 'macro': np.float32(0.913)}
  [DIAG] Tier1 сам по собі: acc=85.723 f1_macro=0.620

Epoch: [19] [  0/266] eta: 0:01:06 lr: 0.000002 tier1_loss: 0.1165 (0.1165) tier2_loss: 0.0057 (0.0057) time: 0.2502 data: 0.0992 max mem: 325
Epoch: [19] [100/266] eta: 0:00:15 lr: 0.000001 tier1_loss: 0.0545 (0.2493) tier2_loss: 0.0031 (0.1007) time: 0.0893 data: 0.0001 max mem: 325
Epoch: [19] [200/266] eta: 0:00:05 lr: 0.000001 tier1_loss: 0.0715 (0.3649) tier2_loss: 0.0066 (0.1817) time: 0.0829 data: 0.0001 max mem: 325
Epoch: [19] [265/266] eta: 0:00:00 lr: 0.000001 tier1_loss: 0.0512 (0.3776) tier2_loss: 0.0060 (0.2056) time: 0.0882 data: 0.0000 max mem: 325
Epoch: [19] Total time: 0:00:22 (22.9920 s / it)
Val [ 0/29] eta: 0:00:04 loss: 0.1574 (0.1574) acc1: 100.0000 (100.0000) time: 0.1493 data: 0.1059 max mem: 325
Val [28/29] eta: 0:00:00 loss: 0.0027 (1.3939) acc1: 100.0000 (79.3103) time: 0.0283 data: 0.0001 max mem: 325
Val Total time: 0:00:01 (1.0231 s / it)
* Acc@1 79.310 loss 1.394 auroc 0.868 f1_score 0.654
  per-class F1 (Val): {'negative': np.float32(0.878), 'itc': np.float32(0.5), 'micro': np.float32(0.571), 'macro': np.float32(0.667)}
  [DIAG] Tier1 сам по собі: acc=77.586 f1_macro=0.518
wandb: 
wandb: Run history:
wandb: diag/test_tier1_acc ▁▁▁▁▃▅▇▇██▇█████████
wandb:  diag/test_tier1_f1 ▁▁▁▁▃▄▅▅█▇▇▇████████
wandb:       perf/test_auc ▁▂▁▃▄▅▅▇▇███▇███████
wandb:        perf/test_f1 ▁▁▁▁▄▄▅▅▆▇▆▇████████
wandb:        perf/val_auc ▁▂▂▂▂▅▄▅▇▆▆▇▇█▇▇▇▇▇█
wandb:         perf/val_f1 ▁▁▁▁▃▂▃▄▇▆▄▅▆▆▆█▆▆▆█
wandb:          tier1_loss ▂▂▄▁▆▁▅▁▁▆▁▁▁▁▁▁▁█▁▁▄▁▁▁▁▁▁▆▁▁▁▂▁▁▁▁▁▁▁▁
wandb:          tier2_loss ▃▂▂▁▅▆▁▁▇▁▁▁▇▇▁▅▁▁▁▁▁▁▁▁▁▁▁▁▁▁▁▁▁▁█▁▁▂▁▁
wandb: 
wandb: Run summary:
wandb: diag/test_tier1_acc 86.16751
wandb:  diag/test_tier1_f1 0.6263
wandb:       perf/test_auc 0.90203
wandb:        perf/test_f1 0.69568
wandb:        perf/val_auc 0.86846
wandb:         perf/val_f1 0.65404
wandb:          tier1_loss 0.10705
wandb:          tier2_loss 0.04615
wandb: 
wandb: You can sync this run to the cloud by running:
wandb: wandb sync /data/bohatyrenko1/EXPERIMENTS_2/Hi-MoE_MIL/wandb/offline-run-20260925_110701-rbyn6hdq
wandb: Find logs at: ./wandb/offline-run-20260925_110701-rbyn6hdq/logs
Test [  0/197] eta: 0:00:31 loss: 0.0081 (0.0081) acc1: 100.0000 (100.0000) time: 0.1610 data: 0.1298 max mem: 325
Test [100/197] eta: 0:00:03 loss: 0.0192 (0.7971) acc1: 100.0000 (82.1782) time: 0.0358 data: 0.0001 max mem: 325
Test [196/197] eta: 0:00:00 loss: 0.0020 (0.6546) acc1: 100.0000 (85.7868) time: 0.0271 data: 0.0001 max mem: 325
Test Total time: 0:00:06 (6.8442 s / it)
* Acc@1 85.787 loss 0.655 auroc 0.902 f1_score 0.696
  per-class F1 (Test): {'negative': np.float32(0.916), 'itc': np.float32(0.333), 'micro': np.float32(0.621), 'macro': np.float32(0.913)}
  [DIAG] Tier1 сам по собі: acc=86.168 f1_macro=0.626

============================================================
FINAL EPOCH (19) RESULTS (DTFD-ASMIL v2):
  test_auc=0.9020 test_acc=85.79 test_f1(macro)=0.6957
  [DIAG] Tier1 сам по собі: acc=86.168 f1_macro=0.626
  test per-class F1: {'negative': np.float32(0.916), 'itc': np.float32(0.333), 'micro': np.float32(0.621), 'macro': np.float32(0.913)}
  test confusion matrix (rows=true, cols=pred):
          negative         itc       micro       macro
negative        114           4           1           2
     itc         11           4           1           0
   micro          3           0           9           6
   macro          0           0           0          42
============================================================
Best epoch: {'epoch': 19, 'val_f1': 0.6540360450744629, 'val_auc': 0.868461549282074, 'test_f1': 0.6956822872161865, 'test_auc': 0.9020261764526367}
