wandb: Tracking run with wandb version 0.28.0
wandb: W&B syncing is set to `offline` in this directory. Run `wandb online` or set WANDB_MODE=online to enable cloud syncing.
wandb: Run data is saved locally in /data/bohatyrenko1/EXPERIMENTS_2/Hi-MoE_MIL/wandb/offline-run-20260925_140919-8vh394td
wandb: View this run in the terminal with `wandb leet`
Used config (DTFD-ASMIL v2):
{'B': 1,
 'D_feat': 384,
 'D_inner': 128,
 'M': None,
 'ckpt_dir': 'ckpt/c17_dtfd_v4_seed1',
 'config': 'config/camelyon17_vitsdino_config_20ep.yml',
 'dataset': 'camelyon17',
 'lr': 0.0001,
 'min_lr': 1e-06,
 'n_class': 4,
 'n_token': 8,
 'n_worker': 4,
 'pin_memory': True,
 'pretrain': 'medical_ssl',
 'seed': 1,
 'splits_dir': '/data/bohatyrenko1/EXPERIMENTS_2/ASMIL/splits_paper',
 'test_dir': '/data/bohatyrenko1/features_vitsdino_camelyon17_train',
 'tier1_weight_init': 0.1,
 'tier2_D_inner': None,
 'tier2_n_heads': 4,
 'train_dir': '/data/bohatyrenko1/features_vitsdino_camelyon17_train',
 'train_epoch': 20,
 'wandb_mode': 'offline',
 'warmup_epoch': 5,
 'wd': 1e-05}
M (псевдо-bags) = 8, tier1_weight = 0.1
Class weights: [0.3757062256336212, 3.694444417953491, 1.6219512224197388, 2.2166666984558105]
Epoch: [0] [  0/266] eta: 0:02:44 lr: 0.000000 tier1_loss: 1.4475 (1.4475) tier2_loss: 1.4663 (1.4663) time: 0.6198 data: 0.0564 max mem: 52
Epoch: [0] [100/266] eta: 0:00:18 lr: 0.000008 tier1_loss: 1.4343 (1.4275) tier2_loss: 0.6516 (1.2488) time: 0.1045 data: 0.0001 max mem: 311
Epoch: [0] [200/266] eta: 0:00:07 lr: 0.000015 tier1_loss: 1.0326 (1.3534) tier2_loss: 0.1631 (1.1442) time: 0.1099 data: 0.0001 max mem: 311
Epoch: [0] [265/266] eta: 0:00:00 lr: 0.000020 tier1_loss: 0.7647 (1.3101) tier2_loss: 0.2001 (1.1969) time: 0.0996 data: 0.0001 max mem: 330
Epoch: [0] Total time: 0:00:29 (29.6005 s / it)
  [learned tier1_weight] epoch=0 weight=0.0995
Val [ 0/29] eta: 0:00:04 loss: 0.1482 (0.1482) acc1: 100.0000 (100.0000) time: 0.1682 data: 0.0926 max mem: 330
Val [28/29] eta: 0:00:00 loss: 0.1669 (1.0445) acc1: 100.0000 (68.9655) time: 0.0292 data: 0.0001 max mem: 330
Val Total time: 0:00:01 (1.0198 s / it)
* Acc@1 68.966 loss 1.045 auroc 0.512 f1_score 0.204
  per-class F1 (Val): {'negative': np.float32(0.816), 'itc': np.float32(0.0), 'micro': np.float32(0.0), 'macro': np.float32(0.0)}
  [DIAG] Tier1 сам по собі: acc=68.966 f1_macro=0.204
Test [  0/197] eta: 0:00:26 loss: 3.1649 (3.1649) acc1: 0.0000 (0.0000) time: 0.1346 data: 0.0990 max mem: 330
Test [100/197] eta: 0:00:03 loss: 0.1494 (1.3105) acc1: 100.0000 (59.4059) time: 0.0306 data: 0.0001 max mem: 330
Test [196/197] eta: 0:00:00 loss: 0.1521 (1.2289) acc1: 100.0000 (61.4213) time: 0.0295 data: 0.0001 max mem: 330
Test Total time: 0:00:06 (6.1932 s / it)
* Acc@1 61.421 loss 1.229 auroc 0.580 f1_score 0.190
  per-class F1 (Test): {'negative': np.float32(0.761), 'itc': np.float32(0.0), 'micro': np.float32(0.0), 'macro': np.float32(0.0)}
  [DIAG] Tier1 сам по собі: acc=61.421 f1_macro=0.190

Epoch: [1] [  0/266] eta: 0:01:02 lr: 0.000020 tier1_loss: 1.7732 (1.7732) tier2_loss: 2.9899 (2.9899) time: 0.2353 data: 0.0962 max mem: 330
Epoch: [1] [100/266] eta: 0:00:17 lr: 0.000028 tier1_loss: 0.3917 (1.0253) tier2_loss: 0.1759 (1.1680) time: 0.1019 data: 0.0001 max mem: 330
Epoch: [1] [200/266] eta: 0:00:07 lr: 0.000035 tier1_loss: 0.2630 (1.0530) tier2_loss: 0.2191 (1.1936) time: 0.1049 data: 0.0001 max mem: 330
Epoch: [1] [265/266] eta: 0:00:00 lr: 0.000040 tier1_loss: 0.1901 (1.0275) tier2_loss: 0.1354 (1.1660) time: 0.1026 data: 0.0001 max mem: 330
Epoch: [1] Total time: 0:00:28 (28.5431 s / it)
  [learned tier1_weight] epoch=1 weight=0.0990
Val [ 0/29] eta: 0:00:04 loss: 0.1127 (0.1127) acc1: 100.0000 (100.0000) time: 0.1515 data: 0.1147 max mem: 330
Val [28/29] eta: 0:00:00 loss: 0.1111 (1.1261) acc1: 100.0000 (68.9655) time: 0.0376 data: 0.0001 max mem: 330
Val Total time: 0:00:01 (1.3583 s / it)
* Acc@1 68.966 loss 1.126 auroc 0.631 f1_score 0.204
  per-class F1 (Val): {'negative': np.float32(0.816), 'itc': np.float32(0.0), 'micro': np.float32(0.0), 'macro': np.float32(0.0)}
  [DIAG] Tier1 сам по собі: acc=68.966 f1_macro=0.204
Test [  0/197] eta: 0:00:34 loss: 3.2566 (3.2566) acc1: 0.0000 (0.0000) time: 0.1745 data: 0.1182 max mem: 330
Test [100/197] eta: 0:00:03 loss: 0.1013 (1.4258) acc1: 100.0000 (59.4059) time: 0.0305 data: 0.0001 max mem: 330
Test [196/197] eta: 0:00:00 loss: 0.1016 (1.3599) acc1: 100.0000 (61.4213) time: 0.0294 data: 0.0001 max mem: 330
Test Total time: 0:00:06 (6.8998 s / it)
* Acc@1 61.421 loss 1.360 auroc 0.640 f1_score 0.190
  per-class F1 (Test): {'negative': np.float32(0.761), 'itc': np.float32(0.0), 'micro': np.float32(0.0), 'macro': np.float32(0.0)}
  [DIAG] Tier1 сам по собі: acc=61.421 f1_macro=0.190

Epoch: [2] [  0/266] eta: 0:01:00 lr: 0.000040 tier1_loss: 0.1664 (0.1664) tier2_loss: 0.0870 (0.0870) time: 0.2271 data: 0.0806 max mem: 330
Epoch: [2] [100/266] eta: 0:00:18 lr: 0.000048 tier1_loss: 2.6373 (1.2495) tier2_loss: 2.0343 (1.2849) time: 0.1084 data: 0.0001 max mem: 330
Epoch: [2] [200/266] eta: 0:00:07 lr: 0.000055 tier1_loss: 0.1830 (1.1940) tier2_loss: 0.2546 (1.2254) time: 0.1129 data: 0.0001 max mem: 330
Epoch: [2] [265/266] eta: 0:00:00 lr: 0.000060 tier1_loss: 0.1209 (1.0929) tier2_loss: 0.0657 (1.1335) time: 0.1223 data: 0.0001 max mem: 330
Epoch: [2] Total time: 0:00:29 (29.9565 s / it)
  [learned tier1_weight] epoch=2 weight=0.0983
Val [ 0/29] eta: 0:00:04 loss: 0.1083 (0.1083) acc1: 100.0000 (100.0000) time: 0.1549 data: 0.1140 max mem: 330
Val [28/29] eta: 0:00:00 loss: 0.0800 (1.1959) acc1: 100.0000 (68.9655) time: 0.0375 data: 0.0001 max mem: 330
Val Total time: 0:00:01 (1.4241 s / it)
* Acc@1 68.966 loss 1.196 auroc 0.633 f1_score 0.204
  per-class F1 (Val): {'negative': np.float32(0.816), 'itc': np.float32(0.0), 'micro': np.float32(0.0), 'macro': np.float32(0.0)}
  [DIAG] Tier1 сам по собі: acc=68.966 f1_macro=0.204
Test [  0/197] eta: 0:00:35 loss: 3.1079 (3.1079) acc1: 0.0000 (0.0000) time: 0.1818 data: 0.1291 max mem: 330
Test [100/197] eta: 0:00:03 loss: 0.0828 (1.4872) acc1: 100.0000 (59.4059) time: 0.0304 data: 0.0003 max mem: 330
Test [196/197] eta: 0:00:00 loss: 0.0791 (1.4330) acc1: 100.0000 (61.4213) time: 0.0289 data: 0.0001 max mem: 330
Test Total time: 0:00:06 (6.4005 s / it)
* Acc@1 61.421 loss 1.433 auroc 0.665 f1_score 0.190
  per-class F1 (Test): {'negative': np.float32(0.761), 'itc': np.float32(0.0), 'micro': np.float32(0.0), 'macro': np.float32(0.0)}
  [DIAG] Tier1 сам по собі: acc=61.421 f1_macro=0.190

Epoch: [3] [  0/266] eta: 0:01:01 lr: 0.000060 tier1_loss: 0.1086 (0.1086) tier2_loss: 0.0762 (0.0762) time: 0.2296 data: 0.0968 max mem: 330
Epoch: [3] [100/266] eta: 0:00:18 lr: 0.000068 tier1_loss: 0.1600 (1.1150) tier2_loss: 0.2588 (1.0986) time: 0.1124 data: 0.0001 max mem: 330
Epoch: [3] [200/266] eta: 0:00:07 lr: 0.000075 tier1_loss: 0.1700 (1.1478) tier2_loss: 0.2730 (1.1462) time: 0.1197 data: 0.0001 max mem: 330
Epoch: [3] [265/266] eta: 0:00:00 lr: 0.000080 tier1_loss: 0.1138 (1.1158) tier2_loss: 0.0690 (1.1038) time: 0.1133 data: 0.0001 max mem: 330
Epoch: [3] Total time: 0:00:30 (30.7371 s / it)
  [learned tier1_weight] epoch=3 weight=0.0972
Val [ 0/29] eta: 0:00:04 loss: 4.2724 (4.2724) acc1: 0.0000 (0.0000) time: 0.1525 data: 0.1096 max mem: 330
Val [28/29] eta: 0:00:00 loss: 1.8898 (2.0576) acc1: 0.0000 (24.1379) time: 0.0361 data: 0.0001 max mem: 330
Val Total time: 0:00:01 (1.4025 s / it)
* Acc@1 24.138 loss 2.058 auroc 0.623 f1_score 0.131
  per-class F1 (Val): {'negative': np.float32(0.25), 'itc': np.float32(0.0), 'micro': np.float32(0.0), 'macro': np.float32(0.276)}
  [DIAG] Tier1 сам по собі: acc=68.966 f1_macro=0.204
Test [  0/197] eta: 0:00:32 loss: 2.1064 (2.1064) acc1: 0.0000 (0.0000) time: 0.1641 data: 0.1137 max mem: 330
Test [100/197] eta: 0:00:03 loss: 1.5889 (1.5233) acc1: 0.0000 (43.5644) time: 0.0309 data: 0.0001 max mem: 330
Test [196/197] eta: 0:00:00 loss: 0.6017 (1.6034) acc1: 100.0000 (43.6548) time: 0.0290 data: 0.0001 max mem: 330
Test Total time: 0:00:06 (6.4540 s / it)
* Acc@1 43.655 loss 1.603 auroc 0.617 f1_score 0.240
  per-class F1 (Test): {'negative': np.float32(0.512), 'itc': np.float32(0.0), 'micro': np.float32(0.0), 'macro': np.float32(0.447)}
  [DIAG] Tier1 сам по собі: acc=61.421 f1_macro=0.190

Epoch: [4] [  0/266] eta: 0:01:05 lr: 0.000080 tier1_loss: 0.1181 (0.1181) tier2_loss: 0.4194 (0.4194) time: 0.2453 data: 0.0991 max mem: 330
Epoch: [4] [100/266] eta: 0:00:17 lr: 0.000088 tier1_loss: 0.1341 (1.0961) tier2_loss: 0.2805 (1.1821) time: 0.1054 data: 0.0001 max mem: 330
Epoch: [4] [200/266] eta: 0:00:07 lr: 0.000095 tier1_loss: 0.2067 (1.0651) tier2_loss: 0.1768 (1.1270) time: 0.1142 data: 0.0001 max mem: 330
Epoch: [4] [265/266] eta: 0:00:00 lr: 0.000100 tier1_loss: 0.1720 (1.0368) tier2_loss: 0.1211 (1.1056) time: 0.1139 data: 0.0001 max mem: 330
Epoch: [4] Total time: 0:00:29 (29.4219 s / it)
  [learned tier1_weight] epoch=4 weight=0.0958
Val [ 0/29] eta: 0:00:04 loss: 0.1276 (0.1276) acc1: 100.0000 (100.0000) time: 0.1601 data: 0.1163 max mem: 330
Val [28/29] eta: 0:00:00 loss: 0.1509 (1.1138) acc1: 100.0000 (68.9655) time: 0.0362 data: 0.0001 max mem: 330
Val Total time: 0:00:01 (1.3368 s / it)
* Acc@1 68.966 loss 1.114 auroc 0.680 f1_score 0.204
  per-class F1 (Val): {'negative': np.float32(0.816), 'itc': np.float32(0.0), 'micro': np.float32(0.0), 'macro': np.float32(0.0)}
  [DIAG] Tier1 сам по собі: acc=68.966 f1_macro=0.204
Test [  0/197] eta: 0:00:37 loss: 2.3769 (2.3769) acc1: 0.0000 (0.0000) time: 0.1899 data: 0.1237 max mem: 330
Test [100/197] eta: 0:00:03 loss: 0.1406 (1.1427) acc1: 100.0000 (65.3465) time: 0.0304 data: 0.0001 max mem: 330
Test [196/197] eta: 0:00:00 loss: 0.1247 (1.0267) acc1: 100.0000 (70.0508) time: 0.0288 data: 0.0001 max mem: 330
Test Total time: 0:00:06 (6.4383 s / it)
* Acc@1 70.051 loss 1.027 auroc 0.705 f1_score 0.345
  per-class F1 (Test): {'negative': np.float32(0.804), 'itc': np.float32(0.0), 'micro': np.float32(0.0), 'macro': np.float32(0.576)}
  [DIAG] Tier1 сам по собі: acc=65.926 f1_macro=0.283

Epoch: [5] [  0/266] eta: 0:00:58 lr: 0.000100 tier1_loss: 2.7077 (2.7077) tier2_loss: 2.3468 (2.3468) time: 0.2184 data: 0.1008 max mem: 330
Epoch: [5] [100/266] eta: 0:00:18 lr: 0.000100 tier1_loss: 0.1768 (1.0203) tier2_loss: 0.1128 (1.0442) time: 0.1039 data: 0.0001 max mem: 330
Epoch: [5] [200/266] eta: 0:00:07 lr: 0.000099 tier1_loss: 0.0811 (0.9198) tier2_loss: 0.0723 (0.9856) time: 0.1125 data: 0.0001 max mem: 330
Epoch: [5] [265/266] eta: 0:00:00 lr: 0.000099 tier1_loss: 0.1194 (0.9767) tier2_loss: 0.1174 (1.0326) time: 0.1173 data: 0.0001 max mem: 330
Epoch: [5] Total time: 0:00:30 (30.1206 s / it)
  [learned tier1_weight] epoch=5 weight=0.0945
Val [ 0/29] eta: 0:00:04 loss: 0.0998 (0.0998) acc1: 100.0000 (100.0000) time: 0.1542 data: 0.1116 max mem: 330
Val [28/29] eta: 0:00:00 loss: 0.1301 (1.1008) acc1: 100.0000 (68.9655) time: 0.0313 data: 0.0001 max mem: 330
Val Total time: 0:00:01 (1.2590 s / it)
* Acc@1 68.966 loss 1.101 auroc 0.725 f1_score 0.204
  per-class F1 (Val): {'negative': np.float32(0.816), 'itc': np.float32(0.0), 'micro': np.float32(0.0), 'macro': np.float32(0.0)}
  [DIAG] Tier1 сам по собі: acc=68.966 f1_macro=0.204
Test [  0/197] eta: 0:00:30 loss: 2.6841 (2.6841) acc1: 0.0000 (0.0000) time: 0.1571 data: 0.1145 max mem: 330
Test [100/197] eta: 0:00:03 loss: 0.1295 (1.0329) acc1: 100.0000 (68.3168) time: 0.0375 data: 0.0001 max mem: 330
Test [196/197] eta: 0:00:00 loss: 0.1044 (0.8886) acc1: 100.0000 (74.6193) time: 0.0301 data: 0.0001 max mem: 330
Test Total time: 0:00:07 (7.1242 s / it)
* Acc@1 74.619 loss 0.889 auroc 0.737 f1_score 0.398
  per-class F1 (Test): {'negative': np.float32(0.829), 'itc': np.float32(0.0), 'micro': np.float32(0.0), 'macro': np.float32(0.765)}
  [DIAG] Tier1 сам по собі: acc=71.637 f1_macro=0.365

Epoch: [6] [  0/266] eta: 0:01:12 lr: 0.000099 tier1_loss: 0.1181 (0.1181) tier2_loss: 0.1199 (0.1199) time: 0.2717 data: 0.1295 max mem: 330
Epoch: [6] [100/266] eta: 0:00:19 lr: 0.000098 tier1_loss: 0.1237 (0.9402) tier2_loss: 0.1253 (1.0619) time: 0.1175 data: 0.0001 max mem: 330
Epoch: [6] [200/266] eta: 0:00:07 lr: 0.000097 tier1_loss: 0.1103 (0.9519) tier2_loss: 0.0772 (1.0526) time: 0.1106 data: 0.0001 max mem: 330
Epoch: [6] [265/266] eta: 0:00:00 lr: 0.000096 tier1_loss: 0.2276 (0.9474) tier2_loss: 0.1057 (1.0519) time: 0.1158 data: 0.0001 max mem: 330
Epoch: [6] Total time: 0:00:30 (30.9412 s / it)
  [learned tier1_weight] epoch=6 weight=0.0934
Val [ 0/29] eta: 0:00:04 loss: 0.0628 (0.0628) acc1: 100.0000 (100.0000) time: 0.1572 data: 0.1162 max mem: 330
Val [28/29] eta: 0:00:00 loss: 0.0749 (1.1055) acc1: 100.0000 (72.4138) time: 0.0363 data: 0.0001 max mem: 330
Val Total time: 0:00:01 (1.2150 s / it)
* Acc@1 72.414 loss 1.106 auroc 0.722 f1_score 0.308
  per-class F1 (Val): {'negative': np.float32(0.833), 'itc': np.float32(0.0), 'micro': np.float32(0.0), 'macro': np.float32(0.4)}
  [DIAG] Tier1 сам по собі: acc=71.552 f1_macro=0.286
Test [  0/197] eta: 0:00:33 loss: 3.3892 (3.3892) acc1: 0.0000 (0.0000) time: 0.1718 data: 0.1183 max mem: 330
Test [100/197] eta: 0:00:03 loss: 0.0742 (1.0778) acc1: 100.0000 (71.2871) time: 0.0313 data: 0.0001 max mem: 330
Test [196/197] eta: 0:00:00 loss: 0.0577 (0.9068) acc1: 100.0000 (76.1421) time: 0.0285 data: 0.0001 max mem: 330
Test Total time: 0:00:06 (6.6229 s / it)
* Acc@1 76.142 loss 0.907 auroc 0.731 f1_score 0.411
  per-class F1 (Test): {'negative': np.float32(0.84), 'itc': np.float32(0.0), 'micro': np.float32(0.0), 'macro': np.float32(0.806)}
  [DIAG] Tier1 сам по собі: acc=75.190 f1_macro=0.404

Epoch: [7] [  0/266] eta: 0:01:16 lr: 0.000096 tier1_loss: 0.0781 (0.0781) tier2_loss: 0.0652 (0.0652) time: 0.2860 data: 0.1656 max mem: 330
Epoch: [7] [100/266] eta: 0:00:19 lr: 0.000094 tier1_loss: 0.4259 (0.9767) tier2_loss: 0.3433 (1.0213) time: 0.1158 data: 0.0001 max mem: 330
Epoch: [7] [200/266] eta: 0:00:07 lr: 0.000092 tier1_loss: 0.0976 (0.8781) tier2_loss: 0.0377 (0.9387) time: 0.1142 data: 0.0001 max mem: 330
Epoch: [7] [265/266] eta: 0:00:00 lr: 0.000091 tier1_loss: 0.0747 (0.8609) tier2_loss: 0.0955 (0.9201) time: 0.1143 data: 0.0001 max mem: 330
Epoch: [7] Total time: 0:00:30 (30.8320 s / it)
  [learned tier1_weight] epoch=7 weight=0.0924
Val [ 0/29] eta: 0:00:04 loss: 0.0337 (0.0337) acc1: 100.0000 (100.0000) time: 0.1618 data: 0.1198 max mem: 330
Val [28/29] eta: 0:00:00 loss: 0.0757 (1.1557) acc1: 100.0000 (68.9655) time: 0.0362 data: 0.0001 max mem: 330
Val Total time: 0:00:01 (1.3523 s / it)
* Acc@1 68.966 loss 1.156 auroc 0.646 f1_score 0.285
  per-class F1 (Val): {'negative': np.float32(0.809), 'itc': np.float32(0.0), 'micro': np.float32(0.0), 'macro': np.float32(0.333)}
  [DIAG] Tier1 сам по собі: acc=68.966 f1_macro=0.285
Test [  0/197] eta: 0:00:32 loss: 1.8326 (1.8326) acc1: 0.0000 (0.0000) time: 0.1670 data: 0.1157 max mem: 330
Test [100/197] eta: 0:00:03 loss: 0.0610 (0.9668) acc1: 100.0000 (75.2475) time: 0.0314 data: 0.0001 max mem: 330
Test [196/197] eta: 0:00:00 loss: 0.0392 (0.9182) acc1: 100.0000 (78.6802) time: 0.0292 data: 0.0001 max mem: 330
Test Total time: 0:00:06 (6.6679 s / it)
* Acc@1 78.680 loss 0.918 auroc 0.744 f1_score 0.432
  per-class F1 (Test): {'negative': np.float32(0.863), 'itc': np.float32(0.0), 'micro': np.float32(0.0), 'macro': np.float32(0.866)}
  [DIAG] Tier1 сам по собі: acc=78.490 f1_macro=0.430

Epoch: [8] [  0/266] eta: 0:00:57 lr: 0.000091 tier1_loss: 0.0609 (0.0609) tier2_loss: 0.0695 (0.0695) time: 0.2144 data: 0.0924 max mem: 330
Epoch: [8] [100/266] eta: 0:00:18 lr: 0.000088 tier1_loss: 0.4177 (0.7901) tier2_loss: 0.1560 (0.8415) time: 0.1120 data: 0.0001 max mem: 330
Epoch: [8] [200/266] eta: 0:00:07 lr: 0.000085 tier1_loss: 0.0527 (0.7347) tier2_loss: 0.0628 (0.7842) time: 0.1183 data: 0.0001 max mem: 330
Epoch: [8] [265/266] eta: 0:00:00 lr: 0.000084 tier1_loss: 0.0929 (0.7482) tier2_loss: 0.0897 (0.7816) time: 0.1006 data: 0.0001 max mem: 330
Epoch: [8] Total time: 0:00:28 (28.9020 s / it)
  [learned tier1_weight] epoch=8 weight=0.0916
Val [ 0/29] eta: 0:00:04 loss: 0.1911 (0.1911) acc1: 100.0000 (100.0000) time: 0.1507 data: 0.1167 max mem: 330
Val [28/29] eta: 0:00:00 loss: 0.1321 (0.9172) acc1: 100.0000 (79.3103) time: 0.0309 data: 0.0001 max mem: 330
Val Total time: 0:00:01 (1.0612 s / it)
* Acc@1 79.310 loss 0.917 auroc 0.800 f1_score 0.530
  per-class F1 (Val): {'negative': np.float32(0.884), 'itc': np.float32(0.0), 'micro': np.float32(0.571), 'macro': np.float32(0.667)}
  [DIAG] Tier1 сам по собі: acc=73.707 f1_macro=0.410
Test [  0/197] eta: 0:00:28 loss: 0.9239 (0.9239) acc1: 0.0000 (0.0000) time: 0.1437 data: 0.1022 max mem: 330
Test [100/197] eta: 0:00:03 loss: 0.1638 (0.6357) acc1: 100.0000 (77.2277) time: 0.0306 data: 0.0001 max mem: 330
Test [196/197] eta: 0:00:00 loss: 0.0782 (0.5569) acc1: 100.0000 (82.7411) time: 0.0292 data: 0.0001 max mem: 330
Test Total time: 0:00:06 (6.1114 s / it)
* Acc@1 82.741 loss 0.557 auroc 0.838 f1_score 0.553
  per-class F1 (Test): {'negative': np.float32(0.896), 'itc': np.float32(0.0), 'micro': np.float32(0.385), 'macro': np.float32(0.933)}
  [DIAG] Tier1 сам по собі: acc=82.233 f1_macro=0.452

Epoch: [9] [  0/266] eta: 0:01:11 lr: 0.000084 tier1_loss: 2.2222 (2.2222) tier2_loss: 2.7279 (2.7279) time: 0.2683 data: 0.1161 max mem: 330
Epoch: [9] [100/266] eta: 0:00:19 lr: 0.000081 tier1_loss: 0.0610 (0.6655) tier2_loss: 0.0214 (0.7002) time: 0.1161 data: 0.0001 max mem: 330
Epoch: [9] [200/266] eta: 0:00:07 lr: 0.000077 tier1_loss: 0.0494 (0.6854) tier2_loss: 0.0326 (0.6914) time: 0.1407 data: 0.0001 max mem: 330
Epoch: [9] [265/266] eta: 0:00:00 lr: 0.000075 tier1_loss: 0.0360 (0.6039) tier2_loss: 0.0116 (0.6015) time: 0.1089 data: 0.0001 max mem: 330
Epoch: [9] Total time: 0:00:31 (31.2773 s / it)
  [learned tier1_weight] epoch=9 weight=0.0909
Val [ 0/29] eta: 0:00:04 loss: 0.0126 (0.0126) acc1: 100.0000 (100.0000) time: 0.1659 data: 0.1127 max mem: 330
Val [28/29] eta: 0:00:00 loss: 0.0148 (1.0253) acc1: 100.0000 (79.3103) time: 0.0284 data: 0.0001 max mem: 330
Val Total time: 0:00:01 (1.0136 s / it)
* Acc@1 79.310 loss 1.025 auroc 0.761 f1_score 0.530
  per-class F1 (Val): {'negative': np.float32(0.884), 'itc': np.float32(0.0), 'micro': np.float32(0.571), 'macro': np.float32(0.667)}
  [DIAG] Tier1 сам по собі: acc=78.448 f1_macro=0.511
Test [  0/197] eta: 0:00:27 loss: 0.1654 (0.1654) acc1: 100.0000 (100.0000) time: 0.1392 data: 0.1027 max mem: 330
Test [100/197] eta: 0:00:03 loss: 0.0189 (0.7572) acc1: 100.0000 (81.1881) time: 0.0311 data: 0.0001 max mem: 330
Test [196/197] eta: 0:00:00 loss: 0.0115 (0.7012) acc1: 100.0000 (83.2487) time: 0.0285 data: 0.0001 max mem: 330
Test Total time: 0:00:06 (6.1326 s / it)
* Acc@1 83.249 loss 0.701 auroc 0.874 f1_score 0.559
  per-class F1 (Test): {'negative': np.float32(0.916), 'itc': np.float32(0.0), 'micro': np.float32(0.424), 'macro': np.float32(0.894)}
  [DIAG] Tier1 сам по собі: acc=82.360 f1_macro=0.483

Epoch: [10] [  0/266] eta: 0:01:07 lr: 0.000075 tier1_loss: 0.0494 (0.0494) tier2_loss: 0.0151 (0.0151) time: 0.2555 data: 0.1019 max mem: 330
Epoch: [10] [100/266] eta: 0:00:17 lr: 0.000072 tier1_loss: 0.0512 (0.5524) tier2_loss: 0.0130 (0.5006) time: 0.0981 data: 0.0001 max mem: 330
Epoch: [10] [200/266] eta: 0:00:07 lr: 0.000068 tier1_loss: 0.0444 (0.5623) tier2_loss: 0.0327 (0.5450) time: 0.1313 data: 0.0001 max mem: 330
Epoch: [10] [265/266] eta: 0:00:00 lr: 0.000066 tier1_loss: 0.0909 (0.5555) tier2_loss: 0.0148 (0.5503) time: 0.1060 data: 0.0001 max mem: 330
Epoch: [10] Total time: 0:00:29 (29.3445 s / it)
  [learned tier1_weight] epoch=10 weight=0.0902
Val [ 0/29] eta: 0:00:04 loss: 0.0122 (0.0122) acc1: 100.0000 (100.0000) time: 0.1518 data: 0.1085 max mem: 330
Val [28/29] eta: 0:00:00 loss: 0.0351 (1.1308) acc1: 100.0000 (75.8621) time: 0.0301 data: 0.0001 max mem: 330
Val Total time: 0:00:01 (1.0462 s / it)
* Acc@1 75.862 loss 1.131 auroc 0.774 f1_score 0.506
  per-class F1 (Val): {'negative': np.float32(0.857), 'itc': np.float32(0.0), 'micro': np.float32(0.5), 'macro': np.float32(0.667)}
  [DIAG] Tier1 сам по собі: acc=76.293 f1_macro=0.501
Test [  0/197] eta: 0:00:27 loss: 0.0421 (0.0421) acc1: 100.0000 (100.0000) time: 0.1395 data: 0.1024 max mem: 330
Test [100/197] eta: 0:00:03 loss: 0.0184 (0.6269) acc1: 100.0000 (83.1683) time: 0.0295 data: 0.0001 max mem: 330
Test [196/197] eta: 0:00:00 loss: 0.0169 (0.6147) acc1: 100.0000 (84.2640) time: 0.0295 data: 0.0001 max mem: 330
Test Total time: 0:00:06 (6.1477 s / it)
* Acc@1 84.264 loss 0.615 auroc 0.878 f1_score 0.597
  per-class F1 (Test): {'negative': np.float32(0.924), 'itc': np.float32(0.0), 'micro': np.float32(0.558), 'macro': np.float32(0.907)}
  [DIAG] Tier1 сам по собі: acc=84.454 f1_macro=0.590

Epoch: [11] [  0/266] eta: 0:01:12 lr: 0.000066 tier1_loss: 0.0326 (0.0326) tier2_loss: 0.0165 (0.0165) time: 0.2719 data: 0.1187 max mem: 330
Epoch: [11] [100/266] eta: 0:00:18 lr: 0.000062 tier1_loss: 0.0769 (0.5666) tier2_loss: 0.0116 (0.5200) time: 0.1079 data: 0.0001 max mem: 330
Epoch: [11] [200/266] eta: 0:00:07 lr: 0.000058 tier1_loss: 0.0324 (0.5099) tier2_loss: 0.0182 (0.4443) time: 0.1414 data: 0.0001 max mem: 330
Epoch: [11] [265/266] eta: 0:00:00 lr: 0.000056 tier1_loss: 0.0571 (0.4942) tier2_loss: 0.0071 (0.4356) time: 0.1123 data: 0.0001 max mem: 330
Epoch: [11] Total time: 0:00:30 (30.6203 s / it)
  [learned tier1_weight] epoch=11 weight=0.0896
Val [ 0/29] eta: 0:00:04 loss: 0.0107 (0.0107) acc1: 100.0000 (100.0000) time: 0.1523 data: 0.1224 max mem: 330
Val [28/29] eta: 0:00:00 loss: 0.0087 (1.0463) acc1: 100.0000 (79.3103) time: 0.0287 data: 0.0001 max mem: 330
Val Total time: 0:00:01 (1.0170 s / it)
* Acc@1 79.310 loss 1.046 auroc 0.832 f1_score 0.530
  per-class F1 (Val): {'negative': np.float32(0.884), 'itc': np.float32(0.0), 'micro': np.float32(0.571), 'macro': np.float32(0.667)}
  [DIAG] Tier1 сам по собі: acc=80.172 f1_macro=0.537
Test [  0/197] eta: 0:00:30 loss: 0.0501 (0.0501) acc1: 100.0000 (100.0000) time: 0.1529 data: 0.1171 max mem: 330
Test [100/197] eta: 0:00:02 loss: 0.0103 (0.7260) acc1: 100.0000 (84.1584) time: 0.0294 data: 0.0001 max mem: 330
Test [196/197] eta: 0:00:00 loss: 0.0072 (0.6052) acc1: 100.0000 (87.3096) time: 0.0280 data: 0.0001 max mem: 330
Test Total time: 0:00:05 (5.9584 s / it)
* Acc@1 87.310 loss 0.605 auroc 0.881 f1_score 0.642
  per-class F1 (Test): {'negative': np.float32(0.926), 'itc': np.float32(0.0), 'micro': np.float32(0.71), 'macro': np.float32(0.933)}
  [DIAG] Tier1 сам по собі: acc=85.152 f1_macro=0.612

Epoch: [12] [  0/266] eta: 0:01:18 lr: 0.000056 tier1_loss: 1.7862 (1.7862) tier2_loss: 0.2302 (0.2302) time: 0.2947 data: 0.1266 max mem: 330
Epoch: [12] [100/266] eta: 0:00:19 lr: 0.000052 tier1_loss: 0.0394 (0.3868) tier2_loss: 0.0083 (0.2952) time: 0.1073 data: 0.0001 max mem: 330
Epoch: [12] [200/266] eta: 0:00:07 lr: 0.000048 tier1_loss: 0.0439 (0.4147) tier2_loss: 0.0094 (0.3341) time: 0.1136 data: 0.0001 max mem: 330
Epoch: [12] [265/266] eta: 0:00:00 lr: 0.000045 tier1_loss: 0.0368 (0.4879) tier2_loss: 0.0088 (0.4439) time: 0.1013 data: 0.0001 max mem: 330
Epoch: [12] Total time: 0:00:30 (30.3253 s / it)
  [learned tier1_weight] epoch=12 weight=0.0891
Val [ 0/29] eta: 0:00:04 loss: 0.0251 (0.0251) acc1: 100.0000 (100.0000) time: 0.1719 data: 0.1190 max mem: 330
Val [28/29] eta: 0:00:00 loss: 0.0124 (1.1817) acc1: 100.0000 (79.3103) time: 0.0285 data: 0.0001 max mem: 330
Val Total time: 0:00:01 (1.0136 s / it)
* Acc@1 79.310 loss 1.182 auroc 0.829 f1_score 0.530
  per-class F1 (Val): {'negative': np.float32(0.884), 'itc': np.float32(0.0), 'micro': np.float32(0.571), 'macro': np.float32(0.667)}
  [DIAG] Tier1 сам по собі: acc=78.017 f1_macro=0.521
Test [  0/197] eta: 0:00:32 loss: 0.0397 (0.0397) acc1: 100.0000 (100.0000) time: 0.1650 data: 0.1144 max mem: 330
Test [100/197] eta: 0:00:02 loss: 0.0232 (0.7049) acc1: 100.0000 (83.1683) time: 0.0298 data: 0.0001 max mem: 330
Test [196/197] eta: 0:00:00 loss: 0.0080 (0.6000) acc1: 100.0000 (85.7868) time: 0.0279 data: 0.0001 max mem: 330
Test Total time: 0:00:05 (5.9708 s / it)
* Acc@1 85.787 loss 0.600 auroc 0.880 f1_score 0.643
  per-class F1 (Test): {'negative': np.float32(0.921), 'itc': np.float32(0.118), 'micro': np.float32(0.611), 'macro': np.float32(0.921)}
  [DIAG] Tier1 сам по собі: acc=84.327 f1_macro=0.603

Epoch: [13] [  0/266] eta: 0:01:13 lr: 0.000045 tier1_loss: 0.1024 (0.1024) tier2_loss: 0.0149 (0.0149) time: 0.2771 data: 0.1359 max mem: 330
Epoch: [13] [100/266] eta: 0:00:18 lr: 0.000041 tier1_loss: 0.0428 (0.4877) tier2_loss: 0.0142 (0.2952) time: 0.1119 data: 0.0001 max mem: 330
Epoch: [13] [200/266] eta: 0:00:07 lr: 0.000038 tier1_loss: 0.0207 (0.5045) tier2_loss: 0.0065 (0.4010) time: 0.1194 data: 0.0001 max mem: 330
Epoch: [13] [265/266] eta: 0:00:00 lr: 0.000035 tier1_loss: 0.0382 (0.4689) tier2_loss: 0.0068 (0.3910) time: 0.1002 data: 0.0001 max mem: 330
Epoch: [13] Total time: 0:00:29 (29.3899 s / it)
  [learned tier1_weight] epoch=13 weight=0.0887
Val [ 0/29] eta: 0:00:04 loss: 0.0141 (0.0141) acc1: 100.0000 (100.0000) time: 0.1541 data: 0.1128 max mem: 330
Val [28/29] eta: 0:00:00 loss: 0.0062 (1.3471) acc1: 100.0000 (75.8621) time: 0.0298 data: 0.0001 max mem: 330
Val Total time: 0:00:01 (1.0365 s / it)
* Acc@1 75.862 loss 1.347 auroc 0.826 f1_score 0.524
  per-class F1 (Val): {'negative': np.float32(0.857), 'itc': np.float32(0.0), 'micro': np.float32(0.571), 'macro': np.float32(0.667)}
  [DIAG] Tier1 сам по собі: acc=78.017 f1_macro=0.521
Test [  0/197] eta: 0:00:28 loss: 0.0108 (0.0108) acc1: 100.0000 (100.0000) time: 0.1423 data: 0.1042 max mem: 330
Test [100/197] eta: 0:00:03 loss: 0.0109 (0.7873) acc1: 100.0000 (82.1782) time: 0.0311 data: 0.0001 max mem: 330
Test [196/197] eta: 0:00:00 loss: 0.0058 (0.6646) acc1: 100.0000 (84.2640) time: 0.0290 data: 0.0001 max mem: 330
Test Total time: 0:00:06 (6.2248 s / it)
* Acc@1 84.264 loss 0.665 auroc 0.883 f1_score 0.634
  per-class F1 (Test): {'negative': np.float32(0.907), 'itc': np.float32(0.1), 'micro': np.float32(0.595), 'macro': np.float32(0.933)}
  [DIAG] Tier1 сам по собі: acc=83.883 f1_macro=0.595

Epoch: [14] [  0/266] eta: 0:00:55 lr: 0.000035 tier1_loss: 0.0339 (0.0339) tier2_loss: 0.0159 (0.0159) time: 0.2087 data: 0.0870 max mem: 330
Epoch: [14] [100/266] eta: 0:00:19 lr: 0.000032 tier1_loss: 0.0303 (0.5002) tier2_loss: 0.0069 (0.3215) time: 0.1154 data: 0.0001 max mem: 330
Epoch: [14] [200/266] eta: 0:00:07 lr: 0.000028 tier1_loss: 0.0230 (0.4460) tier2_loss: 0.0053 (0.3698) time: 0.1126 data: 0.0001 max mem: 330
Epoch: [14] [265/266] eta: 0:00:00 lr: 0.000026 tier1_loss: 0.0471 (0.4394) tier2_loss: 0.0080 (0.3303) time: 0.1008 data: 0.0001 max mem: 330
Epoch: [14] Total time: 0:00:30 (30.3340 s / it)
  [learned tier1_weight] epoch=14 weight=0.0884
Val [ 0/29] eta: 0:00:05 loss: 0.0103 (0.0103) acc1: 100.0000 (100.0000) time: 0.1778 data: 0.1239 max mem: 330
Val [28/29] eta: 0:00:00 loss: 0.0045 (1.3659) acc1: 100.0000 (79.3103) time: 0.0292 data: 0.0001 max mem: 330
Val Total time: 0:00:01 (1.0394 s / it)
* Acc@1 79.310 loss 1.366 auroc 0.825 f1_score 0.530
  per-class F1 (Val): {'negative': np.float32(0.884), 'itc': np.float32(0.0), 'micro': np.float32(0.571), 'macro': np.float32(0.667)}
  [DIAG] Tier1 сам по собі: acc=76.293 f1_macro=0.506
Test [  0/197] eta: 0:00:31 loss: 0.0117 (0.0117) acc1: 100.0000 (100.0000) time: 0.1611 data: 0.1207 max mem: 330
Test [100/197] eta: 0:00:03 loss: 0.0100 (0.7836) acc1: 100.0000 (84.1584) time: 0.0304 data: 0.0001 max mem: 330
Test [196/197] eta: 0:00:00 loss: 0.0051 (0.6797) acc1: 100.0000 (84.7716) time: 0.0287 data: 0.0001 max mem: 330
Test Total time: 0:00:06 (6.0977 s / it)
* Acc@1 84.772 loss 0.680 auroc 0.889 f1_score 0.666
  per-class F1 (Test): {'negative': np.float32(0.911), 'itc': np.float32(0.19), 'micro': np.float32(0.634), 'macro': np.float32(0.929)}
  [DIAG] Tier1 сам по собі: acc=83.503 f1_macro=0.594

Epoch: [15] [  0/266] eta: 0:00:52 lr: 0.000026 tier1_loss: 0.0410 (0.0410) tier2_loss: 0.0030 (0.0030) time: 0.1975 data: 0.0862 max mem: 330
Epoch: [15] [100/266] eta: 0:00:17 lr: 0.000022 tier1_loss: 0.0830 (0.4806) tier2_loss: 0.0067 (0.3844) time: 0.1083 data: 0.0001 max mem: 330
Epoch: [15] [200/266] eta: 0:00:07 lr: 0.000019 tier1_loss: 0.0444 (0.4222) tier2_loss: 0.0065 (0.3287) time: 0.1241 data: 0.0001 max mem: 330
Epoch: [15] [265/266] eta: 0:00:00 lr: 0.000017 tier1_loss: 0.0982 (0.4165) tier2_loss: 0.0054 (0.3132) time: 0.1062 data: 0.0001 max mem: 330
Epoch: [15] Total time: 0:00:29 (29.4186 s / it)
  [learned tier1_weight] epoch=15 weight=0.0882
Val [ 0/29] eta: 0:00:04 loss: 0.0194 (0.0194) acc1: 100.0000 (100.0000) time: 0.1555 data: 0.1136 max mem: 330
Val [28/29] eta: 0:00:00 loss: 0.0056 (1.3867) acc1: 100.0000 (75.8621) time: 0.0294 data: 0.0001 max mem: 330
Val Total time: 0:00:01 (1.0138 s / it)
* Acc@1 75.862 loss 1.387 auroc 0.816 f1_score 0.524
  per-class F1 (Val): {'negative': np.float32(0.857), 'itc': np.float32(0.0), 'micro': np.float32(0.571), 'macro': np.float32(0.667)}
  [DIAG] Tier1 сам по собі: acc=78.448 f1_macro=0.524
Test [  0/197] eta: 0:00:30 loss: 0.0185 (0.0185) acc1: 100.0000 (100.0000) time: 0.1524 data: 0.1091 max mem: 330
Test [100/197] eta: 0:00:03 loss: 0.0159 (0.7829) acc1: 100.0000 (82.1782) time: 0.0307 data: 0.0001 max mem: 330
Test [196/197] eta: 0:00:00 loss: 0.0044 (0.6276) acc1: 100.0000 (87.3096) time: 0.0295 data: 0.0001 max mem: 330
Test Total time: 0:00:06 (6.2668 s / it)
* Acc@1 87.310 loss 0.628 auroc 0.887 f1_score 0.728
  per-class F1 (Test): {'negative': np.float32(0.928), 'itc': np.float32(0.417), 'micro': np.float32(0.645), 'macro': np.float32(0.921)}
  [DIAG] Tier1 сам по собі: acc=84.835 f1_macro=0.608

Epoch: [16] [  0/266] eta: 0:01:13 lr: 0.000017 tier1_loss: 0.0563 (0.0563) tier2_loss: 0.0039 (0.0039) time: 0.2773 data: 0.1247 max mem: 330
Epoch: [16] [100/266] eta: 0:00:18 lr: 0.000015 tier1_loss: 0.0801 (0.2960) tier2_loss: 0.0060 (0.2209) time: 0.1128 data: 0.0001 max mem: 330
Epoch: [16] [200/266] eta: 0:00:07 lr: 0.000012 tier1_loss: 0.0456 (0.3768) tier2_loss: 0.0078 (0.3079) time: 0.1168 data: 0.0001 max mem: 330
Epoch: [16] [265/266] eta: 0:00:00 lr: 0.000010 tier1_loss: 0.1182 (0.4008) tier2_loss: 0.0071 (0.3049) time: 0.1061 data: 0.0001 max mem: 330
Epoch: [16] Total time: 0:00:28 (28.9860 s / it)
  [learned tier1_weight] epoch=16 weight=0.0881
Val [ 0/29] eta: 0:00:04 loss: 0.0374 (0.0374) acc1: 100.0000 (100.0000) time: 0.1600 data: 0.1228 max mem: 330
Val [28/29] eta: 0:00:00 loss: 0.0056 (1.4562) acc1: 100.0000 (75.8621) time: 0.0291 data: 0.0001 max mem: 330
Val Total time: 0:00:00 (0.9981 s / it)
* Acc@1 75.862 loss 1.456 auroc 0.833 f1_score 0.524
  per-class F1 (Val): {'negative': np.float32(0.857), 'itc': np.float32(0.0), 'micro': np.float32(0.571), 'macro': np.float32(0.667)}
  [DIAG] Tier1 сам по собі: acc=77.155 f1_macro=0.515
Test [  0/197] eta: 0:00:26 loss: 0.0152 (0.0152) acc1: 100.0000 (100.0000) time: 0.1346 data: 0.0926 max mem: 330
Test [100/197] eta: 0:00:03 loss: 0.0235 (0.8597) acc1: 100.0000 (80.1980) time: 0.0307 data: 0.0001 max mem: 330
Test [196/197] eta: 0:00:00 loss: 0.0040 (0.6961) acc1: 100.0000 (84.2640) time: 0.0302 data: 0.0001 max mem: 330
Test Total time: 0:00:06 (6.1600 s / it)
* Acc@1 84.264 loss 0.696 auroc 0.888 f1_score 0.671
  per-class F1 (Test): {'negative': np.float32(0.906), 'itc': np.float32(0.231), 'micro': np.float32(0.625), 'macro': np.float32(0.923)}
  [DIAG] Tier1 сам по собі: acc=83.503 f1_macro=0.590

Epoch: [17] [  0/266] eta: 0:01:04 lr: 0.000010 tier1_loss: 0.0213 (0.0213) tier2_loss: 0.0012 (0.0012) time: 0.2422 data: 0.1057 max mem: 330
Epoch: [17] [100/266] eta: 0:00:19 lr: 0.000008 tier1_loss: 0.0332 (0.3147) tier2_loss: 0.0046 (0.1122) time: 0.1156 data: 0.0001 max mem: 330
Epoch: [17] [200/266] eta: 0:00:07 lr: 0.000006 tier1_loss: 0.0592 (0.3645) tier2_loss: 0.0048 (0.2310) time: 0.1125 data: 0.0001 max mem: 330
Epoch: [17] [265/266] eta: 0:00:00 lr: 0.000005 tier1_loss: 0.0365 (0.3826) tier2_loss: 0.0039 (0.2496) time: 0.1017 data: 0.0001 max mem: 330
Epoch: [17] Total time: 0:00:30 (30.1788 s / it)
  [learned tier1_weight] epoch=17 weight=0.0880
Val [ 0/29] eta: 0:00:04 loss: 0.0328 (0.0328) acc1: 100.0000 (100.0000) time: 0.1684 data: 0.1254 max mem: 330
Val [28/29] eta: 0:00:00 loss: 0.0048 (1.5060) acc1: 100.0000 (75.8621) time: 0.0305 data: 0.0001 max mem: 330
Val Total time: 0:00:01 (1.0502 s / it)
* Acc@1 75.862 loss 1.506 auroc 0.818 f1_score 0.524
  per-class F1 (Val): {'negative': np.float32(0.857), 'itc': np.float32(0.0), 'micro': np.float32(0.571), 'macro': np.float32(0.667)}
  [DIAG] Tier1 сам по собі: acc=78.017 f1_macro=0.521
Test [  0/197] eta: 0:00:31 loss: 0.0193 (0.0193) acc1: 100.0000 (100.0000) time: 0.1576 data: 0.1065 max mem: 330
Test [100/197] eta: 0:00:03 loss: 0.0232 (0.8740) acc1: 100.0000 (79.2079) time: 0.0309 data: 0.0001 max mem: 330
Test [196/197] eta: 0:00:00 loss: 0.0033 (0.7121) acc1: 100.0000 (82.7411) time: 0.0289 data: 0.0001 max mem: 330
Test Total time: 0:00:06 (6.1776 s / it)
* Acc@1 82.741 loss 0.712 auroc 0.890 f1_score 0.653
  per-class F1 (Test): {'negative': np.float32(0.902), 'itc': np.float32(0.222), 'micro': np.float32(0.588), 'macro': np.float32(0.899)}
  [DIAG] Tier1 сам по собі: acc=84.074 f1_macro=0.598

Epoch: [18] [  0/266] eta: 0:01:04 lr: 0.000005 tier1_loss: 2.9880 (2.9880) tier2_loss: 4.6332 (4.6332) time: 0.2409 data: 0.0944 max mem: 330
Epoch: [18] [100/266] eta: 0:00:18 lr: 0.000004 tier1_loss: 0.0450 (0.3984) tier2_loss: 0.0033 (0.2814) time: 0.1115 data: 0.0001 max mem: 330
Epoch: [18] [200/266] eta: 0:00:07 lr: 0.000003 tier1_loss: 0.0836 (0.3553) tier2_loss: 0.0046 (0.2539) time: 0.1183 data: 0.0001 max mem: 330
Epoch: [18] [265/266] eta: 0:00:00 lr: 0.000002 tier1_loss: 0.0404 (0.3745) tier2_loss: 0.0054 (0.2457) time: 0.1081 data: 0.0001 max mem: 330
Epoch: [18] Total time: 0:00:30 (30.1433 s / it)
  [learned tier1_weight] epoch=18 weight=0.0880
Val [ 0/29] eta: 0:00:04 loss: 0.0372 (0.0372) acc1: 100.0000 (100.0000) time: 0.1691 data: 0.1265 max mem: 330
Val [28/29] eta: 0:00:00 loss: 0.0048 (1.5408) acc1: 100.0000 (72.4138) time: 0.0284 data: 0.0001 max mem: 330
Val Total time: 0:00:01 (1.0027 s / it)
* Acc@1 72.414 loss 1.541 auroc 0.824 f1_score 0.499
  per-class F1 (Val): {'negative': np.float32(0.829), 'itc': np.float32(0.0), 'micro': np.float32(0.5), 'macro': np.float32(0.667)}
  [DIAG] Tier1 сам по собі: acc=77.155 f1_macro=0.515
Test [  0/197] eta: 0:00:31 loss: 0.0215 (0.0215) acc1: 100.0000 (100.0000) time: 0.1593 data: 0.1219 max mem: 330
Test [100/197] eta: 0:00:02 loss: 0.0270 (0.9046) acc1: 100.0000 (80.1980) time: 0.0293 data: 0.0001 max mem: 330
Test [196/197] eta: 0:00:00 loss: 0.0032 (0.7315) acc1: 100.0000 (83.2487) time: 0.0283 data: 0.0001 max mem: 330
Test Total time: 0:00:06 (6.0220 s / it)
* Acc@1 83.249 loss 0.731 auroc 0.885 f1_score 0.645
  per-class F1 (Test): {'negative': np.float32(0.902), 'itc': np.float32(0.16), 'micro': np.float32(0.606), 'macro': np.float32(0.911)}
  [DIAG] Tier1 сам по собі: acc=83.883 f1_macro=0.594

Epoch: [19] [  0/266] eta: 0:01:05 lr: 0.000002 tier1_loss: 0.1138 (0.1138) tier2_loss: 0.0020 (0.0020) time: 0.2454 data: 0.1187 max mem: 330
Epoch: [19] [100/266] eta: 0:00:20 lr: 0.000001 tier1_loss: 0.1110 (0.3933) tier2_loss: 0.0054 (0.2182) time: 0.1170 data: 0.0001 max mem: 330
Epoch: [19] [200/266] eta: 0:00:07 lr: 0.000001 tier1_loss: 0.0645 (0.3660) tier2_loss: 0.0070 (0.1872) time: 0.0822 data: 0.0001 max mem: 330
Epoch: [19] [265/266] eta: 0:00:00 lr: 0.000001 tier1_loss: 0.0332 (0.3749) tier2_loss: 0.0051 (0.2383) time: 0.0807 data: 0.0001 max mem: 330
Epoch: [19] Total time: 0:00:28 (28.0974 s / it)
  [learned tier1_weight] epoch=19 weight=0.0880
Val [ 0/29] eta: 0:00:03 loss: 0.0375 (0.0375) acc1: 100.0000 (100.0000) time: 0.1358 data: 0.0993 max mem: 330
Val [28/29] eta: 0:00:00 loss: 0.0047 (1.5187) acc1: 100.0000 (75.8621) time: 0.0284 data: 0.0001 max mem: 330
Val Total time: 0:00:00 (0.9703 s / it)
* Acc@1 75.862 loss 1.519 auroc 0.829 f1_score 0.524
  per-class F1 (Val): {'negative': np.float32(0.857), 'itc': np.float32(0.0), 'micro': np.float32(0.571), 'macro': np.float32(0.667)}
  [DIAG] Tier1 сам по собі: acc=77.586 f1_macro=0.518
wandb: 
wandb: Run history:
wandb: diag/test_tier1_acc ▁▁▁▁▂▄▅▆▇▇██████████
wandb:  diag/test_tier1_f1 ▁▁▁▁▃▄▅▅▅▆██████████
wandb:   diag/tier1_weight ██▇▇▆▅▄▄▃▃▂▂▂▁▁▁▁▁▁▁
wandb:       perf/test_auc ▁▂▃▂▄▅▄▅▇███████████
wandb:        perf/test_f1 ▁▁▁▂▃▄▄▄▆▆▆▇▇▇▇█▇▇▇▇
wandb:        perf/val_auc ▁▄▄▃▅▆▆▄▇▆▇█████████
wandb:         perf/val_f1 ▂▂▂▁▂▂▄▄██████████▇█
wandb:          tier1_loss ▄▅▂▁▁▁██▂█▁▅▁▁▁▁▁▁▁▆▁▆▁▁▁▁▁▁▁█▁▃▁▁▁▁▁▁▁▃
wandb:          tier2_loss ▃▁▄▁▁▁▁▁▁▁▁▁▁▁▁▆▁▆▁▁▁▁█▁▁▁▁▁▁▁▁█▁▁▃▁▁▁▃▁
wandb: 
wandb: Run summary:
wandb: diag/test_tier1_acc 84.20051
wandb:  diag/test_tier1_f1 0.59952
wandb:   diag/tier1_weight 0.08797
wandb:       perf/test_auc 0.88201
wandb:        perf/test_f1 0.66731
wandb:        perf/val_auc 0.8285
wandb:         perf/val_f1 0.52381
wandb:          tier1_loss 1.31362
wandb:          tier2_loss 0.19989
wandb: 
wandb: You can sync this run to the cloud by running:
wandb: wandb sync /data/bohatyrenko1/EXPERIMENTS_2/Hi-MoE_MIL/wandb/offline-run-20260925_140919-8vh394td
wandb: Find logs at: ./wandb/offline-run-20260925_140919-8vh394td/logs
Test [  0/197] eta: 0:00:29 loss: 0.0238 (0.0238) acc1: 100.0000 (100.0000) time: 0.1485 data: 0.1115 max mem: 330
Test [100/197] eta: 0:00:03 loss: 0.0262 (0.9113) acc1: 100.0000 (79.2079) time: 0.0300 data: 0.0001 max mem: 330
Test [196/197] eta: 0:00:00 loss: 0.0032 (0.7457) acc1: 100.0000 (83.2487) time: 0.0287 data: 0.0001 max mem: 330
Test Total time: 0:00:06 (6.1232 s / it)
* Acc@1 83.249 loss 0.746 auroc 0.882 f1_score 0.667
  per-class F1 (Test): {'negative': np.float32(0.902), 'itc': np.float32(0.276), 'micro': np.float32(0.581), 'macro': np.float32(0.911)}
  [DIAG] Tier1 сам по собі: acc=84.201 f1_macro=0.600

============================================================
FINAL EPOCH (19) RESULTS (DTFD-ASMIL v4, cumulative LSA + learned weight):
  [learned tier1_weight, final] 0.0880
  test_auc=0.8820 test_acc=83.25 test_f1(macro)=0.6673
  [DIAG] Tier1 сам по собі: acc=84.201 f1_macro=0.600
  test per-class F1: {'negative': np.float32(0.902), 'itc': np.float32(0.276), 'micro': np.float32(0.581), 'macro': np.float32(0.911)}
  test confusion matrix (rows=true, cols=pred):
          negative         itc       micro       macro
negative        110           8           1           2
     itc         10           4           2           0
   micro          3           1           9           5
   macro          0           0           1          41
============================================================
Best epoch: {'epoch': 11, 'val_f1': 0.5304540395736694, 'val_auc': 0.831723690032959, 'test_f1': 0.6422702074050903, 'test_auc': 0.8811464309692383}
