wandb: Tracking run with wandb version 0.28.0
wandb: W&B syncing is set to `offline` in this directory. Run `wandb online` or set WANDB_MODE=online to enable cloud syncing.
wandb: Run data is saved locally in /data/bohatyrenko1/EXPERIMENTS_2/Hi-MoE_MIL/wandb/offline-run-20260921_174911-y2shaqj2
wandb: View this run in the terminal with `wandb leet`
Used config (DTFD-ASMIL):
{'B': 1,
 'D_feat': 384,
 'D_inner': 128,
 'M': None,
 'ckpt_dir': 'ckpt/c17_dtfd_asmil_w0.1_seed1',
 'config': 'config/camelyon17_vitsdino_config_30ep.yml',
 'dataset': 'camelyon17',
 'lr': 0.0001,
 'min_lr': 1e-06,
 'n_class': 4,
 'n_token': 8,
 'n_worker': 4,
 'pin_memory': True,
 'pretrain': 'medical_ssl',
 'seed': 1,
 'splits_dir': '/data/bohatyrenko1/EXPERIMENTS_2/ASMIL/splits_paper',
 'test_dir': '/data/bohatyrenko1/features_vitsdino_camelyon17_train',
 'tier1_weight': 0.1,
 'tier2_D_inner': None,
 'tier2_n_token': None,
 'train_dir': '/data/bohatyrenko1/features_vitsdino_camelyon17_train',
 'train_epoch': 30,
 'wandb_mode': 'offline',
 'warmup_epoch': 5,
 'wd': 1e-05}
M (псевдо-bags) = 8
Class weights: [0.3757062256336212, 3.694444417953491, 1.6219512224197388, 2.2166666984558105]
Epoch: [0] [  0/266] eta: 0:02:30 lr: 0.000000 tier1_loss: 1.4772 (1.4772) tier2_loss: 1.3348 (1.3348) time: 0.5650 data: 0.0794 max mem: 99
Epoch: [0] [100/266] eta: 0:00:20 lr: 0.000008 tier1_loss: 1.4112 (1.4202) tier2_loss: 0.8215 (1.1741) time: 0.1120 data: 0.0001 max mem: 326
Epoch: [0] [200/266] eta: 0:00:07 lr: 0.000015 tier1_loss: 1.1029 (1.3580) tier2_loss: 0.2722 (1.0993) time: 0.1069 data: 0.0001 max mem: 326
Epoch: [0] [265/266] eta: 0:00:00 lr: 0.000020 tier1_loss: 0.8185 (1.3024) tier2_loss: 0.2074 (1.0974) time: 0.1087 data: 0.0001 max mem: 326
Epoch: [0] Total time: 0:00:31 (31.1750 s / it)
Val [ 0/29] eta: 0:00:04 loss: 0.1628 (0.1628) acc1: 100.0000 (100.0000) time: 0.1526 data: 0.0947 max mem: 326
Val [28/29] eta: 0:00:00 loss: 0.1580 (1.0468) acc1: 100.0000 (68.9655) time: 0.0286 data: 0.0001 max mem: 326
Val Total time: 0:00:00 (0.9927 s / it)
* Acc@1 68.966 loss 1.047 auroc 0.477 f1_score 0.204
  per-class F1 (Val): {'negative': np.float32(0.816), 'itc': np.float32(0.0), 'micro': np.float32(0.0), 'macro': np.float32(0.0)}
Test [  0/197] eta: 0:00:28 loss: 2.8431 (2.8431) acc1: 0.0000 (0.0000) time: 0.1466 data: 0.0868 max mem: 326
Test [100/197] eta: 0:00:03 loss: 0.1605 (1.3109) acc1: 100.0000 (59.4059) time: 0.0317 data: 0.0001 max mem: 326
Test [196/197] eta: 0:00:00 loss: 0.1603 (1.2582) acc1: 100.0000 (61.4213) time: 0.0291 data: 0.0001 max mem: 326
Test Total time: 0:00:06 (6.3200 s / it)
* Acc@1 61.421 loss 1.258 auroc 0.561 f1_score 0.190
  per-class F1 (Test): {'negative': np.float32(0.761), 'itc': np.float32(0.0), 'micro': np.float32(0.0), 'macro': np.float32(0.0)}

Epoch: [1] [  0/266] eta: 0:01:01 lr: 0.000020 tier1_loss: 1.8673 (1.8673) tier2_loss: 2.8906 (2.8906) time: 0.2322 data: 0.0862 max mem: 326
Epoch: [1] [100/266] eta: 0:00:19 lr: 0.000028 tier1_loss: 0.4293 (0.9616) tier2_loss: 0.1816 (0.9760) time: 0.1021 data: 0.0001 max mem: 326
Epoch: [1] [200/266] eta: 0:00:07 lr: 0.000035 tier1_loss: 0.2974 (0.9769) tier2_loss: 0.2310 (1.0094) time: 0.1156 data: 0.0001 max mem: 326
Epoch: [1] [265/266] eta: 0:00:00 lr: 0.000040 tier1_loss: 0.3251 (1.0333) tier2_loss: 0.4444 (1.0772) time: 0.1129 data: 0.0001 max mem: 327
Epoch: [1] Total time: 0:00:30 (30.4533 s / it)
Val [ 0/29] eta: 0:00:04 loss: 0.3140 (0.3140) acc1: 100.0000 (100.0000) time: 0.1488 data: 0.1063 max mem: 327
Val [28/29] eta: 0:00:00 loss: 0.2721 (0.9597) acc1: 100.0000 (68.9655) time: 0.0283 data: 0.0001 max mem: 327
Val Total time: 0:00:00 (0.9916 s / it)
* Acc@1 68.966 loss 0.960 auroc 0.629 f1_score 0.204
  per-class F1 (Val): {'negative': np.float32(0.816), 'itc': np.float32(0.0), 'micro': np.float32(0.0), 'macro': np.float32(0.0)}
Test [  0/197] eta: 0:00:26 loss: 2.5216 (2.5216) acc1: 0.0000 (0.0000) time: 0.1331 data: 0.0846 max mem: 327
Test [100/197] eta: 0:00:02 loss: 0.2557 (1.1600) acc1: 100.0000 (59.4059) time: 0.0297 data: 0.0001 max mem: 327
Test [196/197] eta: 0:00:00 loss: 0.2588 (1.0882) acc1: 100.0000 (61.4213) time: 0.0286 data: 0.0001 max mem: 327
Test Total time: 0:00:06 (6.0709 s / it)
* Acc@1 61.421 loss 1.088 auroc 0.651 f1_score 0.190
  per-class F1 (Test): {'negative': np.float32(0.761), 'itc': np.float32(0.0), 'micro': np.float32(0.0), 'macro': np.float32(0.0)}

Epoch: [2] [  0/266] eta: 0:00:59 lr: 0.000040 tier1_loss: 2.6174 (2.6174) tier2_loss: 2.1985 (2.1985) time: 0.2253 data: 0.0895 max mem: 327
Epoch: [2] [100/266] eta: 0:00:17 lr: 0.000048 tier1_loss: 0.2203 (0.9706) tier2_loss: 0.1284 (0.9817) time: 0.1026 data: 0.0001 max mem: 327
Epoch: [2] [200/266] eta: 0:00:06 lr: 0.000055 tier1_loss: 0.1964 (1.0064) tier2_loss: 0.1968 (1.0262) time: 0.1045 data: 0.0001 max mem: 327
Epoch: [2] [265/266] eta: 0:00:00 lr: 0.000060 tier1_loss: 0.1947 (1.0451) tier2_loss: 0.2391 (1.0692) time: 0.0992 data: 0.0001 max mem: 327
Epoch: [2] Total time: 0:00:27 (27.8705 s / it)
Val [ 0/29] eta: 0:00:04 loss: 0.2381 (0.2381) acc1: 100.0000 (100.0000) time: 0.1400 data: 0.0999 max mem: 327
Val [28/29] eta: 0:00:00 loss: 0.1968 (1.0011) acc1: 100.0000 (68.9655) time: 0.0288 data: 0.0001 max mem: 327
Val Total time: 0:00:01 (1.0089 s / it)
* Acc@1 68.966 loss 1.001 auroc 0.609 f1_score 0.204
  per-class F1 (Val): {'negative': np.float32(0.816), 'itc': np.float32(0.0), 'micro': np.float32(0.0), 'macro': np.float32(0.0)}
Test [  0/197] eta: 0:00:24 loss: 2.7692 (2.7692) acc1: 0.0000 (0.0000) time: 0.1262 data: 0.0869 max mem: 327
Test [100/197] eta: 0:00:03 loss: 0.1993 (1.2065) acc1: 100.0000 (59.4059) time: 0.0306 data: 0.0001 max mem: 327
Test [196/197] eta: 0:00:00 loss: 0.1908 (1.1326) acc1: 100.0000 (61.4213) time: 0.0285 data: 0.0001 max mem: 327
Test Total time: 0:00:06 (6.7495 s / it)
* Acc@1 61.421 loss 1.133 auroc 0.649 f1_score 0.190
  per-class F1 (Test): {'negative': np.float32(0.761), 'itc': np.float32(0.0), 'micro': np.float32(0.0), 'macro': np.float32(0.0)}

Epoch: [3] [  0/266] eta: 0:01:10 lr: 0.000060 tier1_loss: 0.1808 (0.1808) tier2_loss: 0.1829 (0.1829) time: 0.2642 data: 0.0885 max mem: 327
Epoch: [3] [100/266] eta: 0:00:18 lr: 0.000068 tier1_loss: 0.2100 (1.0067) tier2_loss: 0.2877 (1.0097) time: 0.1143 data: 0.0001 max mem: 327
Epoch: [3] [200/266] eta: 0:00:07 lr: 0.000075 tier1_loss: 0.2063 (1.0230) tier2_loss: 0.2330 (1.0479) time: 0.1139 data: 0.0001 max mem: 327
Epoch: [3] [265/266] eta: 0:00:00 lr: 0.000080 tier1_loss: 0.1887 (1.0258) tier2_loss: 0.1537 (1.0533) time: 0.1161 data: 0.0001 max mem: 327
Epoch: [3] Total time: 0:00:30 (30.2447 s / it)
Val [ 0/29] eta: 0:00:05 loss: 0.1648 (0.1648) acc1: 100.0000 (100.0000) time: 0.1751 data: 0.1144 max mem: 327
Val [28/29] eta: 0:00:00 loss: 0.2507 (1.0883) acc1: 100.0000 (68.9655) time: 0.0290 data: 0.0001 max mem: 327
Val Total time: 0:00:01 (1.0377 s / it)
* Acc@1 68.966 loss 1.088 auroc 0.580 f1_score 0.204
  per-class F1 (Val): {'negative': np.float32(0.816), 'itc': np.float32(0.0), 'micro': np.float32(0.0), 'macro': np.float32(0.0)}
Test [  0/197] eta: 0:00:27 loss: 2.3832 (2.3832) acc1: 0.0000 (0.0000) time: 0.1380 data: 0.0948 max mem: 327
Test [100/197] eta: 0:00:03 loss: 0.1784 (1.2417) acc1: 100.0000 (59.4059) time: 0.0445 data: 0.0001 max mem: 327
Test [196/197] eta: 0:00:00 loss: 0.1743 (1.2054) acc1: 100.0000 (61.4213) time: 0.0286 data: 0.0001 max mem: 327
Test Total time: 0:00:07 (7.3498 s / it)
* Acc@1 61.421 loss 1.205 auroc 0.640 f1_score 0.190
  per-class F1 (Test): {'negative': np.float32(0.761), 'itc': np.float32(0.0), 'micro': np.float32(0.0), 'macro': np.float32(0.0)}

Epoch: [4] [  0/266] eta: 0:01:02 lr: 0.000080 tier1_loss: 0.2046 (0.2046) tier2_loss: 0.1203 (0.1203) time: 0.2366 data: 0.0903 max mem: 327
Epoch: [4] [100/266] eta: 0:00:18 lr: 0.000088 tier1_loss: 0.1471 (0.9036) tier2_loss: 0.1024 (0.9080) time: 0.1056 data: 0.0001 max mem: 327
Epoch: [4] [200/266] eta: 0:00:07 lr: 0.000095 tier1_loss: 0.1748 (0.9790) tier2_loss: 0.1107 (0.9944) time: 0.1064 data: 0.0001 max mem: 327
Epoch: [4] [265/266] eta: 0:00:00 lr: 0.000100 tier1_loss: 0.2382 (1.0082) tier2_loss: 0.2115 (1.0132) time: 0.1034 data: 0.0001 max mem: 327
Epoch: [4] Total time: 0:00:29 (29.1880 s / it)
Val [ 0/29] eta: 0:00:04 loss: 0.1724 (0.1724) acc1: 100.0000 (100.0000) time: 0.1431 data: 0.1013 max mem: 327
Val [28/29] eta: 0:00:00 loss: 0.1312 (0.9645) acc1: 100.0000 (68.9655) time: 0.0287 data: 0.0001 max mem: 327
Val Total time: 0:00:00 (0.9978 s / it)
* Acc@1 68.966 loss 0.965 auroc 0.636 f1_score 0.204
  per-class F1 (Val): {'negative': np.float32(0.816), 'itc': np.float32(0.0), 'micro': np.float32(0.0), 'macro': np.float32(0.0)}
Test [  0/197] eta: 0:00:28 loss: 2.6652 (2.6652) acc1: 0.0000 (0.0000) time: 0.1435 data: 0.0867 max mem: 327
Test [100/197] eta: 0:00:04 loss: 0.1742 (0.9331) acc1: 100.0000 (70.2970) time: 0.0447 data: 0.0001 max mem: 327
Test [196/197] eta: 0:00:00 loss: 0.1276 (0.7937) acc1: 100.0000 (76.1421) time: 0.0288 data: 0.0001 max mem: 327
Test Total time: 0:00:07 (7.3302 s / it)
* Acc@1 76.142 loss 0.794 auroc 0.736 f1_score 0.411
  per-class F1 (Test): {'negative': np.float32(0.84), 'itc': np.float32(0.0), 'micro': np.float32(0.0), 'macro': np.float32(0.806)}

Epoch: [5] [  0/266] eta: 0:01:03 lr: 0.000100 tier1_loss: 0.1777 (0.1777) tier2_loss: 0.1428 (0.1428) time: 0.2393 data: 0.0880 max mem: 327
Epoch: [5] [100/266] eta: 0:00:19 lr: 0.000100 tier1_loss: 0.2681 (0.9404) tier2_loss: 0.2669 (0.9849) time: 0.1164 data: 0.0001 max mem: 327
Epoch: [5] [200/266] eta: 0:00:07 lr: 0.000100 tier1_loss: 0.1434 (0.8974) tier2_loss: 0.0820 (0.9163) time: 0.1585 data: 0.0001 max mem: 327
Epoch: [5] [265/266] eta: 0:00:00 lr: 0.000100 tier1_loss: 0.4907 (0.9232) tier2_loss: 0.2185 (0.9491) time: 0.1080 data: 0.0001 max mem: 327
Epoch: [5] Total time: 0:00:31 (31.3888 s / it)
Val [ 0/29] eta: 0:00:04 loss: 0.0868 (0.0868) acc1: 100.0000 (100.0000) time: 0.1571 data: 0.1139 max mem: 327
Val [28/29] eta: 0:00:00 loss: 0.0883 (1.1107) acc1: 100.0000 (68.9655) time: 0.0289 data: 0.0001 max mem: 327
Val Total time: 0:00:01 (1.0028 s / it)
* Acc@1 68.966 loss 1.111 auroc 0.640 f1_score 0.302
  per-class F1 (Val): {'negative': np.float32(0.809), 'itc': np.float32(0.0), 'micro': np.float32(0.0), 'macro': np.float32(0.4)}
Test [  0/197] eta: 0:00:31 loss: 3.0887 (3.0887) acc1: 0.0000 (0.0000) time: 0.1575 data: 0.1040 max mem: 327
Test [100/197] eta: 0:00:02 loss: 0.0794 (0.9385) acc1: 100.0000 (72.2772) time: 0.0290 data: 0.0001 max mem: 327
Test [196/197] eta: 0:00:00 loss: 0.0577 (0.7751) acc1: 100.0000 (78.1726) time: 0.0282 data: 0.0001 max mem: 327
Test Total time: 0:00:05 (5.9409 s / it)
* Acc@1 78.173 loss 0.775 auroc 0.771 f1_score 0.429
  per-class F1 (Test): {'negative': np.float32(0.854), 'itc': np.float32(0.0), 'micro': np.float32(0.0), 'macro': np.float32(0.861)}

Epoch: [6] [  0/266] eta: 0:01:12 lr: 0.000100 tier1_loss: 0.1579 (0.1579) tier2_loss: 0.1414 (0.1414) time: 0.2726 data: 0.1010 max mem: 327
Epoch: [6] [100/266] eta: 0:00:18 lr: 0.000099 tier1_loss: 0.0826 (0.7714) tier2_loss: 0.0501 (0.7712) time: 0.1120 data: 0.0001 max mem: 327
Epoch: [6] [200/266] eta: 0:00:07 lr: 0.000099 tier1_loss: 0.1207 (0.8624) tier2_loss: 0.1216 (0.9086) time: 0.1103 data: 0.0001 max mem: 327
Epoch: [6] [265/266] eta: 0:00:00 lr: 0.000098 tier1_loss: 0.1167 (0.8688) tier2_loss: 0.0921 (0.9086) time: 0.1098 data: 0.0001 max mem: 327
Epoch: [6] Total time: 0:00:30 (30.5541 s / it)
Val [ 0/29] eta: 0:00:04 loss: 0.0797 (0.0797) acc1: 100.0000 (100.0000) time: 0.1606 data: 0.1167 max mem: 327
Val [28/29] eta: 0:00:00 loss: 0.0950 (1.0642) acc1: 100.0000 (68.9655) time: 0.0303 data: 0.0001 max mem: 327
Val Total time: 0:00:01 (1.0454 s / it)
* Acc@1 68.966 loss 1.064 auroc 0.721 f1_score 0.302
  per-class F1 (Val): {'negative': np.float32(0.809), 'itc': np.float32(0.0), 'micro': np.float32(0.0), 'macro': np.float32(0.4)}
Test [  0/197] eta: 0:00:32 loss: 2.4388 (2.4388) acc1: 0.0000 (0.0000) time: 0.1649 data: 0.1082 max mem: 327
Test [100/197] eta: 0:00:03 loss: 0.0801 (0.8992) acc1: 100.0000 (74.2574) time: 0.0302 data: 0.0001 max mem: 327
Test [196/197] eta: 0:00:00 loss: 0.0528 (0.7310) acc1: 100.0000 (79.1878) time: 0.0284 data: 0.0001 max mem: 327
Test Total time: 0:00:06 (6.1061 s / it)
* Acc@1 79.188 loss 0.731 auroc 0.793 f1_score 0.436
  per-class F1 (Test): {'negative': np.float32(0.862), 'itc': np.float32(0.0), 'micro': np.float32(0.0), 'macro': np.float32(0.881)}

Epoch: [7] [  0/266] eta: 0:01:03 lr: 0.000098 tier1_loss: 2.6876 (2.6876) tier2_loss: 3.2898 (3.2898) time: 0.2368 data: 0.0932 max mem: 327
Epoch: [7] [100/266] eta: 0:00:18 lr: 0.000098 tier1_loss: 0.0939 (0.6337) tier2_loss: 0.0541 (0.6369) time: 0.1187 data: 0.0001 max mem: 327
Epoch: [7] [200/266] eta: 0:00:07 lr: 0.000097 tier1_loss: 0.0801 (0.7773) tier2_loss: 0.0854 (0.7984) time: 0.1147 data: 0.0001 max mem: 327
Epoch: [7] [265/266] eta: 0:00:00 lr: 0.000097 tier1_loss: 0.1162 (0.7602) tier2_loss: 0.1134 (0.7680) time: 0.1121 data: 0.0001 max mem: 327
Epoch: [7] Total time: 0:00:30 (30.8213 s / it)
Val [ 0/29] eta: 0:00:04 loss: 0.0679 (0.0679) acc1: 100.0000 (100.0000) time: 0.1588 data: 0.1161 max mem: 327
Val [28/29] eta: 0:00:00 loss: 0.0584 (1.1131) acc1: 100.0000 (72.4138) time: 0.0294 data: 0.0001 max mem: 327
Val Total time: 0:00:00 (0.9998 s / it)
* Acc@1 72.414 loss 1.113 auroc 0.730 f1_score 0.308
  per-class F1 (Val): {'negative': np.float32(0.833), 'itc': np.float32(0.0), 'micro': np.float32(0.0), 'macro': np.float32(0.4)}
Test [  0/197] eta: 0:00:27 loss: 3.2225 (3.2225) acc1: 0.0000 (0.0000) time: 0.1396 data: 0.0847 max mem: 327
Test [100/197] eta: 0:00:03 loss: 0.0543 (0.7836) acc1: 100.0000 (77.2277) time: 0.0318 data: 0.0001 max mem: 327
Test [196/197] eta: 0:00:00 loss: 0.0424 (0.6288) acc1: 100.0000 (81.7259) time: 0.0289 data: 0.0001 max mem: 327
Test Total time: 0:00:06 (6.2178 s / it)
* Acc@1 81.726 loss 0.629 auroc 0.832 f1_score 0.457
  per-class F1 (Test): {'negative': np.float32(0.886), 'itc': np.float32(0.0), 'micro': np.float32(0.0), 'macro': np.float32(0.941)}

Epoch: [8] [  0/266] eta: 0:01:03 lr: 0.000097 tier1_loss: 3.7226 (3.7226) tier2_loss: 3.8418 (3.8418) time: 0.2376 data: 0.0848 max mem: 327
Epoch: [8] [100/266] eta: 0:00:21 lr: 0.000096 tier1_loss: 0.0706 (0.5466) tier2_loss: 0.0388 (0.4763) time: 0.1402 data: 0.0001 max mem: 327
Epoch: [8] [200/266] eta: 0:00:08 lr: 0.000095 tier1_loss: 0.0863 (0.5977) tier2_loss: 0.0546 (0.5485) time: 0.1209 data: 0.0001 max mem: 327
Epoch: [8] [265/266] eta: 0:00:00 lr: 0.000094 tier1_loss: 0.0680 (0.6166) tier2_loss: 0.0308 (0.5767) time: 0.1051 data: 0.0001 max mem: 327
Epoch: [8] Total time: 0:00:32 (32.7253 s / it)
Val [ 0/29] eta: 0:00:04 loss: 0.1215 (0.1215) acc1: 100.0000 (100.0000) time: 0.1509 data: 0.1131 max mem: 327
Val [28/29] eta: 0:00:00 loss: 0.1015 (0.7621) acc1: 100.0000 (82.7586) time: 0.0277 data: 0.0001 max mem: 327
Val Total time: 0:00:00 (0.9836 s / it)
* Acc@1 82.759 loss 0.762 auroc 0.755 f1_score 0.561
  per-class F1 (Val): {'negative': np.float32(0.909), 'itc': np.float32(0.0), 'micro': np.float32(0.667), 'macro': np.float32(0.667)}
Test [  0/197] eta: 0:00:29 loss: 0.3181 (0.3181) acc1: 100.0000 (100.0000) time: 0.1501 data: 0.0940 max mem: 327
Test [100/197] eta: 0:00:02 loss: 0.1095 (0.5813) acc1: 100.0000 (82.1782) time: 0.0298 data: 0.0001 max mem: 327
Test [196/197] eta: 0:00:00 loss: 0.0643 (0.5188) acc1: 100.0000 (84.7716) time: 0.0269 data: 0.0001 max mem: 327
Test Total time: 0:00:05 (5.8300 s / it)
* Acc@1 84.772 loss 0.519 auroc 0.868 f1_score 0.579
  per-class F1 (Test): {'negative': np.float32(0.912), 'itc': np.float32(0.0), 'micro': np.float32(0.5), 'macro': np.float32(0.903)}

Epoch: [9] [  0/266] eta: 0:01:15 lr: 0.000094 tier1_loss: 0.1267 (0.1267) tier2_loss: 0.1968 (0.1968) time: 0.2854 data: 0.1012 max mem: 327
Epoch: [9] [100/266] eta: 0:00:20 lr: 0.000093 tier1_loss: 0.0718 (0.3620) tier2_loss: 0.0219 (0.2973) time: 0.1163 data: 0.0001 max mem: 327
Epoch: [9] [200/266] eta: 0:00:07 lr: 0.000091 tier1_loss: 0.1865 (0.4878) tier2_loss: 0.1278 (0.5130) time: 0.0882 data: 0.0001 max mem: 327
Epoch: [9] [265/266] eta: 0:00:00 lr: 0.000091 tier1_loss: 0.0601 (0.5308) tier2_loss: 0.0306 (0.5337) time: 0.0978 data: 0.0001 max mem: 327
Epoch: [9] Total time: 0:00:28 (28.3386 s / it)
Val [ 0/29] eta: 0:00:03 loss: 0.0285 (0.0285) acc1: 100.0000 (100.0000) time: 0.1346 data: 0.0892 max mem: 327
Val [28/29] eta: 0:00:00 loss: 0.0217 (0.8636) acc1: 100.0000 (79.3103) time: 0.0297 data: 0.0001 max mem: 327
Val Total time: 0:00:01 (1.0142 s / it)
* Acc@1 79.310 loss 0.864 auroc 0.804 f1_score 0.530
  per-class F1 (Val): {'negative': np.float32(0.884), 'itc': np.float32(0.0), 'micro': np.float32(0.571), 'macro': np.float32(0.667)}
Test [  0/197] eta: 0:00:28 loss: 0.0730 (0.0730) acc1: 100.0000 (100.0000) time: 0.1435 data: 0.1026 max mem: 327
Test [100/197] eta: 0:00:03 loss: 0.0253 (0.6544) acc1: 100.0000 (84.1584) time: 0.0290 data: 0.0001 max mem: 327
Test [196/197] eta: 0:00:00 loss: 0.0152 (0.5932) acc1: 100.0000 (85.2792) time: 0.0269 data: 0.0001 max mem: 327
Test Total time: 0:00:05 (5.9013 s / it)
* Acc@1 85.279 loss 0.593 auroc 0.883 f1_score 0.611
  per-class F1 (Test): {'negative': np.float32(0.913), 'itc': np.float32(0.0), 'micro': np.float32(0.606), 'macro': np.float32(0.923)}

Epoch: [10] [  0/266] eta: 0:01:01 lr: 0.000091 tier1_loss: 1.7301 (1.7301) tier2_loss: 0.0781 (0.0781) time: 0.2294 data: 0.0822 max mem: 327
Epoch: [10] [100/266] eta: 0:00:19 lr: 0.000089 tier1_loss: 0.0844 (0.5592) tier2_loss: 0.0451 (0.4638) time: 0.1172 data: 0.0001 max mem: 327
Epoch: [10] [200/266] eta: 0:00:07 lr: 0.000088 tier1_loss: 0.0321 (0.5159) tier2_loss: 0.0193 (0.4562) time: 0.1119 data: 0.0001 max mem: 327
Epoch: [10] [265/266] eta: 0:00:00 lr: 0.000087 tier1_loss: 0.0397 (0.4765) tier2_loss: 0.0172 (0.4077) time: 0.1102 data: 0.0001 max mem: 327
Epoch: [10] Total time: 0:00:30 (30.8857 s / it)
Val [ 0/29] eta: 0:00:04 loss: 0.0355 (0.0355) acc1: 100.0000 (100.0000) time: 0.1657 data: 0.1103 max mem: 327
Val [28/29] eta: 0:00:00 loss: 0.0172 (0.9969) acc1: 100.0000 (79.3103) time: 0.0280 data: 0.0001 max mem: 327
Val Total time: 0:00:01 (1.0040 s / it)
* Acc@1 79.310 loss 0.997 auroc 0.774 f1_score 0.530
  per-class F1 (Val): {'negative': np.float32(0.884), 'itc': np.float32(0.0), 'micro': np.float32(0.571), 'macro': np.float32(0.667)}
Test [  0/197] eta: 0:00:24 loss: 0.1256 (0.1256) acc1: 100.0000 (100.0000) time: 0.1242 data: 0.0898 max mem: 327
Test [100/197] eta: 0:00:02 loss: 0.0271 (0.7041) acc1: 100.0000 (82.1782) time: 0.0288 data: 0.0001 max mem: 327
Test [196/197] eta: 0:00:00 loss: 0.0119 (0.6312) acc1: 100.0000 (83.7563) time: 0.0273 data: 0.0001 max mem: 327
Test Total time: 0:00:05 (5.8788 s / it)
* Acc@1 83.756 loss 0.631 auroc 0.890 f1_score 0.577
  per-class F1 (Test): {'negative': np.float32(0.916), 'itc': np.float32(0.0), 'micro': np.float32(0.5), 'macro': np.float32(0.894)}

Epoch: [11] [  0/266] eta: 0:01:11 lr: 0.000087 tier1_loss: 0.0236 (0.0236) tier2_loss: 0.0168 (0.0168) time: 0.2678 data: 0.0794 max mem: 327
Epoch: [11] [100/266] eta: 0:00:20 lr: 0.000085 tier1_loss: 0.0435 (0.3577) tier2_loss: 0.0113 (0.2584) time: 0.1073 data: 0.0001 max mem: 327
Epoch: [11] [200/266] eta: 0:00:07 lr: 0.000083 tier1_loss: 0.1001 (0.4629) tier2_loss: 0.0226 (0.3593) time: 0.1197 data: 0.0001 max mem: 327
Epoch: [11] [265/266] eta: 0:00:00 lr: 0.000082 tier1_loss: 0.0793 (0.4656) tier2_loss: 0.0137 (0.3678) time: 0.1076 data: 0.0001 max mem: 327
Epoch: [11] Total time: 0:00:31 (31.0950 s / it)
Val [ 0/29] eta: 0:00:04 loss: 0.0242 (0.0242) acc1: 100.0000 (100.0000) time: 0.1501 data: 0.1108 max mem: 327
Val [28/29] eta: 0:00:00 loss: 0.0128 (1.3954) acc1: 100.0000 (68.9655) time: 0.0274 data: 0.0001 max mem: 327
Val Total time: 0:00:00 (0.9702 s / it)
* Acc@1 68.966 loss 1.395 auroc 0.837 f1_score 0.467
  per-class F1 (Val): {'negative': np.float32(0.8), 'itc': np.float32(0.0), 'micro': np.float32(0.4), 'macro': np.float32(0.667)}
Test [  0/197] eta: 0:00:26 loss: 0.0343 (0.0343) acc1: 100.0000 (100.0000) time: 0.1338 data: 0.0990 max mem: 327
Test [100/197] eta: 0:00:03 loss: 0.0265 (0.7363) acc1: 100.0000 (80.1980) time: 0.0296 data: 0.0001 max mem: 327
Test [196/197] eta: 0:00:00 loss: 0.0079 (0.7347) acc1: 100.0000 (80.7107) time: 0.0273 data: 0.0001 max mem: 327
Test Total time: 0:00:05 (5.9448 s / it)
* Acc@1 80.711 loss 0.735 auroc 0.886 f1_score 0.576
  per-class F1 (Test): {'negative': np.float32(0.891), 'itc': np.float32(0.0), 'micro': np.float32(0.48), 'macro': np.float32(0.932)}

Epoch: [12] [  0/266] eta: 0:01:03 lr: 0.000082 tier1_loss: 3.9920 (3.9920) tier2_loss: 4.0823 (4.0823) time: 0.2405 data: 0.1064 max mem: 327
Epoch: [12] [100/266] eta: 0:00:20 lr: 0.000080 tier1_loss: 0.0455 (0.5562) tier2_loss: 0.0119 (0.3725) time: 0.1175 data: 0.0001 max mem: 327
Epoch: [12] [200/266] eta: 0:00:07 lr: 0.000078 tier1_loss: 0.0358 (0.4797) tier2_loss: 0.0058 (0.3181) time: 0.1178 data: 0.0001 max mem: 327
Epoch: [12] [265/266] eta: 0:00:00 lr: 0.000077 tier1_loss: 0.0327 (0.4636) tier2_loss: 0.0141 (0.2974) time: 0.1169 data: 0.0001 max mem: 327
Epoch: [12] Total time: 0:00:31 (31.7137 s / it)
Val [ 0/29] eta: 0:00:04 loss: 0.0161 (0.0161) acc1: 100.0000 (100.0000) time: 0.1538 data: 0.1069 max mem: 327
Val [28/29] eta: 0:00:00 loss: 0.0087 (1.0969) acc1: 100.0000 (75.8621) time: 0.0295 data: 0.0001 max mem: 327
Val Total time: 0:00:01 (1.0380 s / it)
* Acc@1 75.862 loss 1.097 auroc 0.785 f1_score 0.548
  per-class F1 (Val): {'negative': np.float32(0.857), 'itc': np.float32(0.0), 'micro': np.float32(0.667), 'macro': np.float32(0.667)}
Test [  0/197] eta: 0:00:31 loss: 0.0468 (0.0468) acc1: 100.0000 (100.0000) time: 0.1617 data: 0.1100 max mem: 327
Test [100/197] eta: 0:00:03 loss: 0.0155 (0.7598) acc1: 100.0000 (82.1782) time: 0.0509 data: 0.0001 max mem: 327
Test [196/197] eta: 0:00:00 loss: 0.0062 (0.5913) acc1: 100.0000 (86.2944) time: 0.0290 data: 0.0001 max mem: 327
Test Total time: 0:00:07 (7.0476 s / it)
* Acc@1 86.294 loss 0.591 auroc 0.891 f1_score 0.674
  per-class F1 (Test): {'negative': np.float32(0.933), 'itc': np.float32(0.333), 'micro': np.float32(0.519), 'macro': np.float32(0.911)}

Epoch: [13] [  0/266] eta: 0:01:03 lr: 0.000077 tier1_loss: 0.0333 (0.0333) tier2_loss: 0.0152 (0.0152) time: 0.2376 data: 0.0810 max mem: 327
Epoch: [13] [100/266] eta: 0:00:19 lr: 0.000075 tier1_loss: 0.1271 (0.4449) tier2_loss: 0.0197 (0.2393) time: 0.1117 data: 0.0001 max mem: 327
Epoch: [13] [200/266] eta: 0:00:07 lr: 0.000073 tier1_loss: 0.0331 (0.4587) tier2_loss: 0.0153 (0.3379) time: 0.1135 data: 0.0001 max mem: 327
Epoch: [13] [265/266] eta: 0:00:00 lr: 0.000072 tier1_loss: 0.0304 (0.4323) tier2_loss: 0.0056 (0.3046) time: 0.1050 data: 0.0001 max mem: 327
Epoch: [13] Total time: 0:00:29 (29.7870 s / it)
Val [ 0/29] eta: 0:00:05 loss: 0.0064 (0.0064) acc1: 100.0000 (100.0000) time: 0.1727 data: 0.1132 max mem: 327
Val [28/29] eta: 0:00:00 loss: 0.0032 (1.3566) acc1: 100.0000 (75.8621) time: 0.0500 data: 0.0001 max mem: 327
Val Total time: 0:00:01 (1.4615 s / it)
* Acc@1 75.862 loss 1.357 auroc 0.824 f1_score 0.524
  per-class F1 (Val): {'negative': np.float32(0.857), 'itc': np.float32(0.0), 'micro': np.float32(0.571), 'macro': np.float32(0.667)}
Test [  0/197] eta: 0:00:41 loss: 0.0192 (0.0192) acc1: 100.0000 (100.0000) time: 0.2106 data: 0.1362 max mem: 327
Test [100/197] eta: 0:00:03 loss: 0.0057 (0.8634) acc1: 100.0000 (83.1683) time: 0.0304 data: 0.0001 max mem: 327
Test [196/197] eta: 0:00:00 loss: 0.0035 (0.7238) acc1: 100.0000 (83.7563) time: 0.0284 data: 0.0001 max mem: 327
Test Total time: 0:00:06 (6.4740 s / it)
* Acc@1 83.756 loss 0.724 auroc 0.896 f1_score 0.620
  per-class F1 (Test): {'negative': np.float32(0.911), 'itc': np.float32(0.111), 'micro': np.float32(0.537), 'macro': np.float32(0.921)}

Epoch: [14] [  0/266] eta: 0:01:06 lr: 0.000072 tier1_loss: 3.0346 (3.0346) tier2_loss: 0.4552 (0.4552) time: 0.2517 data: 0.1197 max mem: 327
Epoch: [14] [100/266] eta: 0:00:17 lr: 0.000069 tier1_loss: 0.1066 (0.3643) tier2_loss: 0.0090 (0.2723) time: 0.0944 data: 0.0001 max mem: 328
Epoch: [14] [200/266] eta: 0:00:06 lr: 0.000067 tier1_loss: 0.0418 (0.3625) tier2_loss: 0.0092 (0.2284) time: 0.1166 data: 0.0001 max mem: 328
Epoch: [14] [265/266] eta: 0:00:00 lr: 0.000066 tier1_loss: 0.0867 (0.4124) tier2_loss: 0.0294 (0.2703) time: 0.1397 data: 0.0001 max mem: 328
Epoch: [14] Total time: 0:00:29 (29.1342 s / it)
Val [ 0/29] eta: 0:00:04 loss: 0.0910 (0.0910) acc1: 100.0000 (100.0000) time: 0.1547 data: 0.1104 max mem: 328
Val [28/29] eta: 0:00:00 loss: 0.0177 (1.1892) acc1: 100.0000 (75.8621) time: 0.0287 data: 0.0001 max mem: 328
Val Total time: 0:00:00 (0.9938 s / it)
* Acc@1 75.862 loss 1.189 auroc 0.815 f1_score 0.524
  per-class F1 (Val): {'negative': np.float32(0.857), 'itc': np.float32(0.0), 'micro': np.float32(0.571), 'macro': np.float32(0.667)}
Test [  0/197] eta: 0:00:31 loss: 0.0919 (0.0919) acc1: 100.0000 (100.0000) time: 0.1615 data: 0.1019 max mem: 328
Test [100/197] eta: 0:00:03 loss: 0.0663 (0.7968) acc1: 100.0000 (78.2178) time: 0.0306 data: 0.0001 max mem: 328
Test [196/197] eta: 0:00:00 loss: 0.0072 (0.6881) acc1: 100.0000 (81.2183) time: 0.0285 data: 0.0001 max mem: 328
Test Total time: 0:00:06 (6.1693 s / it)
* Acc@1 81.218 loss 0.688 auroc 0.884 f1_score 0.647
  per-class F1 (Test): {'negative': np.float32(0.888), 'itc': np.float32(0.229), 'micro': np.float32(0.552), 'macro': np.float32(0.921)}

Epoch: [15] [  0/266] eta: 0:01:01 lr: 0.000066 tier1_loss: 0.0727 (0.0727) tier2_loss: 0.0074 (0.0074) time: 0.2329 data: 0.0926 max mem: 328
Epoch: [15] [100/266] eta: 0:00:18 lr: 0.000064 tier1_loss: 0.0810 (0.3903) tier2_loss: 0.0053 (0.2053) time: 0.1041 data: 0.0001 max mem: 328
Epoch: [15] [200/266] eta: 0:00:07 lr: 0.000061 tier1_loss: 0.0293 (0.3617) tier2_loss: 0.0036 (0.2522) time: 0.1127 data: 0.0001 max mem: 328
Epoch: [15] [265/266] eta: 0:00:00 lr: 0.000060 tier1_loss: 0.1088 (0.3718) tier2_loss: 0.0061 (0.2193) time: 0.1107 data: 0.0001 max mem: 328
Epoch: [15] Total time: 0:00:30 (30.6611 s / it)
Val [ 0/29] eta: 0:00:05 loss: 0.0066 (0.0066) acc1: 100.0000 (100.0000) time: 0.1731 data: 0.1163 max mem: 328
Val [28/29] eta: 0:00:00 loss: 0.0028 (1.2689) acc1: 100.0000 (79.3103) time: 0.0292 data: 0.0001 max mem: 328
Val Total time: 0:00:01 (1.0715 s / it)
* Acc@1 79.310 loss 1.269 auroc 0.838 f1_score 0.654
  per-class F1 (Val): {'negative': np.float32(0.878), 'itc': np.float32(0.5), 'micro': np.float32(0.571), 'macro': np.float32(0.667)}
Test [  0/197] eta: 0:00:29 loss: 0.0376 (0.0376) acc1: 100.0000 (100.0000) time: 0.1475 data: 0.1040 max mem: 328
Test [100/197] eta: 0:00:03 loss: 0.0065 (0.9813) acc1: 100.0000 (79.2079) time: 0.0305 data: 0.0001 max mem: 328
Test [196/197] eta: 0:00:00 loss: 0.0027 (0.7423) acc1: 100.0000 (82.7411) time: 0.0286 data: 0.0001 max mem: 328
Test Total time: 0:00:06 (6.1852 s / it)
* Acc@1 82.741 loss 0.742 auroc 0.895 f1_score 0.600
  per-class F1 (Test): {'negative': np.float32(0.919), 'itc': np.float32(0.231), 'micro': np.float32(0.357), 'macro': np.float32(0.891)}

Epoch: [16] [  0/266] eta: 0:01:01 lr: 0.000060 tier1_loss: 0.1050 (0.1050) tier2_loss: 0.0065 (0.0065) time: 0.2307 data: 0.0835 max mem: 328
Epoch: [16] [100/266] eta: 0:00:19 lr: 0.000057 tier1_loss: 0.0281 (0.3261) tier2_loss: 0.0030 (0.2473) time: 0.1108 data: 0.0001 max mem: 328
Epoch: [16] [200/266] eta: 0:00:07 lr: 0.000055 tier1_loss: 0.0537 (0.3208) tier2_loss: 0.0062 (0.2072) time: 0.1288 data: 0.0001 max mem: 328
Epoch: [16] [265/266] eta: 0:00:00 lr: 0.000054 tier1_loss: 0.0383 (0.3581) tier2_loss: 0.0031 (0.2270) time: 0.1119 data: 0.0001 max mem: 328
Epoch: [16] Total time: 0:00:31 (31.8167 s / it)
Val [ 0/29] eta: 0:00:04 loss: 0.0092 (0.0092) acc1: 100.0000 (100.0000) time: 0.1444 data: 0.1043 max mem: 328
Val [28/29] eta: 0:00:00 loss: 0.0024 (1.4312) acc1: 100.0000 (75.8621) time: 0.0289 data: 0.0001 max mem: 328
Val Total time: 0:00:01 (1.0090 s / it)
* Acc@1 75.862 loss 1.431 auroc 0.820 f1_score 0.524
  per-class F1 (Val): {'negative': np.float32(0.857), 'itc': np.float32(0.0), 'micro': np.float32(0.571), 'macro': np.float32(0.667)}
Test [  0/197] eta: 0:00:31 loss: 0.0189 (0.0189) acc1: 100.0000 (100.0000) time: 0.1594 data: 0.1072 max mem: 328
Test [100/197] eta: 0:00:02 loss: 0.0083 (0.8363) acc1: 100.0000 (82.1782) time: 0.0294 data: 0.0001 max mem: 328
Test [196/197] eta: 0:00:00 loss: 0.0025 (0.6526) acc1: 100.0000 (85.7868) time: 0.0281 data: 0.0001 max mem: 328
Test Total time: 0:00:05 (5.9286 s / it)
* Acc@1 85.787 loss 0.653 auroc 0.898 f1_score 0.684
  per-class F1 (Test): {'negative': np.float32(0.919), 'itc': np.float32(0.273), 'micro': np.float32(0.611), 'macro': np.float32(0.932)}

Epoch: [17] [  0/266] eta: 0:01:18 lr: 0.000054 tier1_loss: 0.1072 (0.1072) tier2_loss: 0.0043 (0.0043) time: 0.2940 data: 0.1195 max mem: 328
Epoch: [17] [100/266] eta: 0:00:19 lr: 0.000051 tier1_loss: 0.0566 (0.3801) tier2_loss: 0.0075 (0.1894) time: 0.1185 data: 0.0001 max mem: 328
Epoch: [17] [200/266] eta: 0:00:07 lr: 0.000049 tier1_loss: 0.1719 (0.3629) tier2_loss: 0.0031 (0.1836) time: 0.1329 data: 0.0001 max mem: 328
Epoch: [17] [265/266] eta: 0:00:00 lr: 0.000047 tier1_loss: 0.0542 (0.3388) tier2_loss: 0.0052 (0.1919) time: 0.0992 data: 0.0000 max mem: 328
Epoch: [17] Total time: 0:00:30 (30.0936 s / it)
Val [ 0/29] eta: 0:00:04 loss: 0.0403 (0.0403) acc1: 100.0000 (100.0000) time: 0.1391 data: 0.0927 max mem: 328
Val [28/29] eta: 0:00:00 loss: 0.0023 (1.3636) acc1: 100.0000 (79.3103) time: 0.0301 data: 0.0001 max mem: 328
Val Total time: 0:00:01 (1.0473 s / it)
* Acc@1 79.310 loss 1.364 auroc 0.823 f1_score 0.654
  per-class F1 (Val): {'negative': np.float32(0.878), 'itc': np.float32(0.5), 'micro': np.float32(0.571), 'macro': np.float32(0.667)}
Test [  0/197] eta: 0:00:32 loss: 0.0176 (0.0176) acc1: 100.0000 (100.0000) time: 0.1647 data: 0.0930 max mem: 328
Test [100/197] eta: 0:00:03 loss: 0.0122 (1.1186) acc1: 100.0000 (73.2673) time: 0.0307 data: 0.0001 max mem: 328
Test [196/197] eta: 0:00:00 loss: 0.0021 (0.8227) acc1: 100.0000 (80.7107) time: 0.0285 data: 0.0001 max mem: 328
Test Total time: 0:00:06 (6.2008 s / it)
* Acc@1 80.711 loss 0.823 auroc 0.884 f1_score 0.644
  per-class F1 (Test): {'negative': np.float32(0.879), 'itc': np.float32(0.2), 'micro': np.float32(0.579), 'macro': np.float32(0.92)}

Epoch: [18] [  0/266] eta: 0:00:56 lr: 0.000047 tier1_loss: 0.0826 (0.0826) tier2_loss: 0.0063 (0.0063) time: 0.2126 data: 0.0918 max mem: 328
Epoch: [18] [100/266] eta: 0:00:19 lr: 0.000045 tier1_loss: 0.0309 (0.2581) tier2_loss: 0.0028 (0.1705) time: 0.1156 data: 0.0001 max mem: 328
Epoch: [18] [200/266] eta: 0:00:07 lr: 0.000043 tier1_loss: 0.0770 (0.3081) tier2_loss: 0.0019 (0.1362) time: 0.1196 data: 0.0001 max mem: 328
Epoch: [18] [265/266] eta: 0:00:00 lr: 0.000041 tier1_loss: 0.1029 (0.3135) tier2_loss: 0.0069 (0.1541) time: 0.1092 data: 0.0001 max mem: 328
Epoch: [18] Total time: 0:00:31 (31.3272 s / it)
Val [ 0/29] eta: 0:00:04 loss: 0.0181 (0.0181) acc1: 100.0000 (100.0000) time: 0.1491 data: 0.1089 max mem: 328
Val [28/29] eta: 0:00:00 loss: 0.0019 (1.4205) acc1: 100.0000 (75.8621) time: 0.0285 data: 0.0001 max mem: 328
Val Total time: 0:00:01 (1.0065 s / it)
* Acc@1 75.862 loss 1.421 auroc 0.858 f1_score 0.622
  per-class F1 (Val): {'negative': np.float32(0.85), 'itc': np.float32(0.4), 'micro': np.float32(0.571), 'macro': np.float32(0.667)}
Test [  0/197] eta: 0:00:26 loss: 0.0405 (0.0405) acc1: 100.0000 (100.0000) time: 0.1344 data: 0.0889 max mem: 328
Test [100/197] eta: 0:00:02 loss: 0.0136 (1.0726) acc1: 100.0000 (76.2376) time: 0.0294 data: 0.0001 max mem: 328
Test [196/197] eta: 0:00:00 loss: 0.0019 (0.7803) acc1: 100.0000 (82.2335) time: 0.0271 data: 0.0001 max mem: 328
Test Total time: 0:00:05 (5.9015 s / it)
* Acc@1 82.234 loss 0.780 auroc 0.889 f1_score 0.637
  per-class F1 (Test): {'negative': np.float32(0.905), 'itc': np.float32(0.267), 'micro': np.float32(0.483), 'macro': np.float32(0.891)}

Epoch: [19] [  0/266] eta: 0:01:01 lr: 0.000041 tier1_loss: 0.1254 (0.1254) tier2_loss: 0.0016 (0.0016) time: 0.2322 data: 0.0864 max mem: 328
Epoch: [19] [100/266] eta: 0:00:19 lr: 0.000039 tier1_loss: 0.0992 (0.3474) tier2_loss: 0.0034 (0.0672) time: 0.1102 data: 0.0001 max mem: 328
Epoch: [19] [200/266] eta: 0:00:07 lr: 0.000037 tier1_loss: 0.0267 (0.3135) tier2_loss: 0.0021 (0.1021) time: 0.1119 data: 0.0001 max mem: 328
Epoch: [19] [265/266] eta: 0:00:00 lr: 0.000035 tier1_loss: 0.0235 (0.3130) tier2_loss: 0.0019 (0.1368) time: 0.1037 data: 0.0001 max mem: 328
Epoch: [19] Total time: 0:00:29 (29.8378 s / it)
Val [ 0/29] eta: 0:00:04 loss: 0.0033 (0.0033) acc1: 100.0000 (100.0000) time: 0.1671 data: 0.1158 max mem: 328
Val [28/29] eta: 0:00:00 loss: 0.0011 (1.3374) acc1: 100.0000 (79.3103) time: 0.0291 data: 0.0001 max mem: 328
Val Total time: 0:00:01 (1.0324 s / it)
* Acc@1 79.310 loss 1.337 auroc 0.852 f1_score 0.654
  per-class F1 (Val): {'negative': np.float32(0.878), 'itc': np.float32(0.5), 'micro': np.float32(0.571), 'macro': np.float32(0.667)}
Test [  0/197] eta: 0:00:31 loss: 0.0145 (0.0145) acc1: 100.0000 (100.0000) time: 0.1602 data: 0.0925 max mem: 328
Test [100/197] eta: 0:00:03 loss: 0.0039 (1.0950) acc1: 100.0000 (80.1980) time: 0.0304 data: 0.0001 max mem: 328
Test [196/197] eta: 0:00:00 loss: 0.0016 (0.8040) acc1: 100.0000 (84.2640) time: 0.0286 data: 0.0001 max mem: 328
Test Total time: 0:00:06 (6.1255 s / it)
* Acc@1 84.264 loss 0.804 auroc 0.886 f1_score 0.654
  per-class F1 (Test): {'negative': np.float32(0.915), 'itc': np.float32(0.25), 'micro': np.float32(0.529), 'macro': np.float32(0.921)}

Epoch: [20] [  0/266] eta: 0:00:58 lr: 0.000035 tier1_loss: 0.0504 (0.0504) tier2_loss: 0.0034 (0.0034) time: 0.2202 data: 0.0896 max mem: 328
Epoch: [20] [100/266] eta: 0:00:16 lr: 0.000033 tier1_loss: 0.0186 (0.3025) tier2_loss: 0.0023 (0.0927) time: 0.0927 data: 0.0001 max mem: 328
Epoch: [20] [200/266] eta: 0:00:06 lr: 0.000031 tier1_loss: 0.0937 (0.3134) tier2_loss: 0.0041 (0.1170) time: 0.0885 data: 0.0001 max mem: 328
Epoch: [20] [265/266] eta: 0:00:00 lr: 0.000029 tier1_loss: 0.0236 (0.2797) tier2_loss: 0.0020 (0.0995) time: 0.1018 data: 0.0001 max mem: 328
Epoch: [20] Total time: 0:00:25 (25.9440 s / it)
Val [ 0/29] eta: 0:00:04 loss: 0.0078 (0.0078) acc1: 100.0000 (100.0000) time: 0.1556 data: 0.1140 max mem: 328
Val [28/29] eta: 0:00:00 loss: 0.0011 (1.4387) acc1: 100.0000 (75.8621) time: 0.0289 data: 0.0001 max mem: 328
Val Total time: 0:00:01 (1.0240 s / it)
* Acc@1 75.862 loss 1.439 auroc 0.827 f1_score 0.622
  per-class F1 (Val): {'negative': np.float32(0.85), 'itc': np.float32(0.4), 'micro': np.float32(0.571), 'macro': np.float32(0.667)}
Test [  0/197] eta: 0:00:29 loss: 0.0495 (0.0495) acc1: 100.0000 (100.0000) time: 0.1490 data: 0.0992 max mem: 328
Test [100/197] eta: 0:00:02 loss: 0.0074 (1.2275) acc1: 100.0000 (77.2277) time: 0.0277 data: 0.0001 max mem: 328
Test [196/197] eta: 0:00:00 loss: 0.0016 (0.8558) acc1: 100.0000 (83.2487) time: 0.0271 data: 0.0000 max mem: 328
Test Total time: 0:00:05 (5.8969 s / it)
* Acc@1 83.249 loss 0.856 auroc 0.872 f1_score 0.653
  per-class F1 (Test): {'negative': np.float32(0.91), 'itc': np.float32(0.286), 'micro': np.float32(0.516), 'macro': np.float32(0.901)}

Epoch: [21] [  0/266] eta: 0:01:15 lr: 0.000029 tier1_loss: 0.0042 (0.0042) tier2_loss: 0.0013 (0.0013) time: 0.2821 data: 0.1092 max mem: 328
Epoch: [21] [100/266] eta: 0:00:18 lr: 0.000027 tier1_loss: 0.0282 (0.2833) tier2_loss: 0.0024 (0.1284) time: 0.1043 data: 0.0001 max mem: 328
Epoch: [21] [200/266] eta: 0:00:07 lr: 0.000025 tier1_loss: 0.0143 (0.2452) tier2_loss: 0.0016 (0.0905) time: 0.1075 data: 0.0001 max mem: 328
Epoch: [21] [265/266] eta: 0:00:00 lr: 0.000024 tier1_loss: 0.0209 (0.2798) tier2_loss: 0.0022 (0.0953) time: 0.1043 data: 0.0001 max mem: 328
Epoch: [21] Total time: 0:00:29 (29.3545 s / it)
Val [ 0/29] eta: 0:00:04 loss: 0.0066 (0.0066) acc1: 100.0000 (100.0000) time: 0.1563 data: 0.1113 max mem: 328
Val [28/29] eta: 0:00:00 loss: 0.0009 (1.4647) acc1: 100.0000 (75.8621) time: 0.0283 data: 0.0001 max mem: 328
Val Total time: 0:00:00 (0.9699 s / it)
* Acc@1 75.862 loss 1.465 auroc 0.841 f1_score 0.622
  per-class F1 (Val): {'negative': np.float32(0.85), 'itc': np.float32(0.4), 'micro': np.float32(0.571), 'macro': np.float32(0.667)}
Test [  0/197] eta: 0:00:28 loss: 0.0323 (0.0323) acc1: 100.0000 (100.0000) time: 0.1441 data: 0.0923 max mem: 328
Test [100/197] eta: 0:00:03 loss: 0.0070 (1.1849) acc1: 100.0000 (75.2475) time: 0.0305 data: 0.0001 max mem: 328
Test [196/197] eta: 0:00:00 loss: 0.0015 (0.8650) acc1: 100.0000 (81.7259) time: 0.0285 data: 0.0001 max mem: 328
Test Total time: 0:00:06 (6.1684 s / it)
* Acc@1 81.726 loss 0.865 auroc 0.884 f1_score 0.630
  per-class F1 (Test): {'negative': np.float32(0.897), 'itc': np.float32(0.2), 'micro': np.float32(0.5), 'macro': np.float32(0.921)}

Epoch: [22] [  0/266] eta: 0:01:00 lr: 0.000024 tier1_loss: 0.2009 (0.2009) tier2_loss: 0.0021 (0.0021) time: 0.2277 data: 0.1011 max mem: 328
Epoch: [22] [100/266] eta: 0:00:18 lr: 0.000022 tier1_loss: 0.0128 (0.1911) tier2_loss: 0.0020 (0.0138) time: 0.1201 data: 0.0001 max mem: 328
Epoch: [22] [200/266] eta: 0:00:07 lr: 0.000020 tier1_loss: 0.0890 (0.2162) tier2_loss: 0.0029 (0.0532) time: 0.1094 data: 0.0001 max mem: 328
Epoch: [22] [265/266] eta: 0:00:00 lr: 0.000019 tier1_loss: 0.0414 (0.2539) tier2_loss: 0.0022 (0.0659) time: 0.1142 data: 0.0001 max mem: 328
Epoch: [22] Total time: 0:00:30 (30.4467 s / it)
Val [ 0/29] eta: 0:00:04 loss: 0.0074 (0.0074) acc1: 100.0000 (100.0000) time: 0.1595 data: 0.1058 max mem: 328
Val [28/29] eta: 0:00:00 loss: 0.0009 (1.7128) acc1: 100.0000 (72.4138) time: 0.0299 data: 0.0001 max mem: 328
Val Total time: 0:00:01 (1.0612 s / it)
* Acc@1 72.414 loss 1.713 auroc 0.746 f1_score 0.517
  per-class F1 (Val): {'negative': np.float32(0.829), 'itc': np.float32(0.0), 'micro': np.float32(0.571), 'macro': np.float32(0.667)}
Test [  0/197] eta: 0:00:27 loss: 0.0600 (0.0600) acc1: 100.0000 (100.0000) time: 0.1383 data: 0.0946 max mem: 328
Test [100/197] eta: 0:00:03 loss: 0.0087 (1.2082) acc1: 100.0000 (73.2673) time: 0.0303 data: 0.0001 max mem: 328
Test [196/197] eta: 0:00:00 loss: 0.0014 (0.9115) acc1: 100.0000 (80.7107) time: 0.0286 data: 0.0001 max mem: 328
Test Total time: 0:00:06 (6.1420 s / it)
* Acc@1 80.711 loss 0.911 auroc 0.855 f1_score 0.609
  per-class F1 (Test): {'negative': np.float32(0.893), 'itc': np.float32(0.133), 'micro': np.float32(0.5), 'macro': np.float32(0.909)}

Epoch: [23] [  0/266] eta: 0:01:06 lr: 0.000019 tier1_loss: 0.0055 (0.0055) tier2_loss: 0.0011 (0.0011) time: 0.2496 data: 0.1007 max mem: 328
Epoch: [23] [100/266] eta: 0:00:20 lr: 0.000017 tier1_loss: 0.0448 (0.2762) tier2_loss: 0.0019 (0.0634) time: 0.1368 data: 0.0001 max mem: 328
Epoch: [23] [200/266] eta: 0:00:07 lr: 0.000015 tier1_loss: 0.0662 (0.2606) tier2_loss: 0.0018 (0.0381) time: 0.1005 data: 0.0001 max mem: 328
Epoch: [23] [265/266] eta: 0:00:00 lr: 0.000014 tier1_loss: 0.0342 (0.2413) tier2_loss: 0.0022 (0.0555) time: 0.1083 data: 0.0001 max mem: 328
Epoch: [23] Total time: 0:00:29 (29.1588 s / it)
Val [ 0/29] eta: 0:00:04 loss: 0.0029 (0.0029) acc1: 100.0000 (100.0000) time: 0.1614 data: 0.1134 max mem: 328
Val [28/29] eta: 0:00:00 loss: 0.0009 (1.3429) acc1: 100.0000 (79.3103) time: 0.0295 data: 0.0001 max mem: 328
Val Total time: 0:00:01 (1.0459 s / it)
* Acc@1 79.310 loss 1.343 auroc 0.818 f1_score 0.678
  per-class F1 (Val): {'negative': np.float32(0.878), 'itc': np.float32(0.667), 'micro': np.float32(0.5), 'macro': np.float32(0.667)}
Test [  0/197] eta: 0:00:31 loss: 0.1115 (0.1115) acc1: 100.0000 (100.0000) time: 0.1621 data: 0.0947 max mem: 328
Test [100/197] eta: 0:00:03 loss: 0.0057 (1.2636) acc1: 100.0000 (76.2376) time: 0.0300 data: 0.0001 max mem: 328
Test [196/197] eta: 0:00:00 loss: 0.0014 (0.9090) acc1: 100.0000 (83.2487) time: 0.0279 data: 0.0001 max mem: 328
Test Total time: 0:00:06 (6.0216 s / it)
* Acc@1 83.249 loss 0.909 auroc 0.869 f1_score 0.636
  per-class F1 (Test): {'negative': np.float32(0.907), 'itc': np.float32(0.154), 'micro': np.float32(0.562), 'macro': np.float32(0.921)}

Epoch: [24] [  0/266] eta: 0:01:07 lr: 0.000014 tier1_loss: 0.1070 (0.1070) tier2_loss: 0.0029 (0.0029) time: 0.2543 data: 0.0945 max mem: 328
Epoch: [24] [100/266] eta: 0:00:20 lr: 0.000013 tier1_loss: 0.0769 (0.2963) tier2_loss: 0.0032 (0.0655) time: 0.1064 data: 0.0001 max mem: 328
Epoch: [24] [200/266] eta: 0:00:07 lr: 0.000011 tier1_loss: 0.0082 (0.2477) tier2_loss: 0.0016 (0.0555) time: 0.1164 data: 0.0001 max mem: 328
Epoch: [24] [265/266] eta: 0:00:00 lr: 0.000010 tier1_loss: 0.0106 (0.2384) tier2_loss: 0.0012 (0.0585) time: 0.1104 data: 0.0001 max mem: 328
Epoch: [24] Total time: 0:00:30 (30.5972 s / it)
Val [ 0/29] eta: 0:00:04 loss: 0.0029 (0.0029) acc1: 100.0000 (100.0000) time: 0.1580 data: 0.1123 max mem: 328
Val [28/29] eta: 0:00:00 loss: 0.0008 (1.6608) acc1: 100.0000 (75.8621) time: 0.0287 data: 0.0001 max mem: 328
Val Total time: 0:00:01 (1.0213 s / it)
* Acc@1 75.862 loss 1.661 auroc 0.759 f1_score 0.506
  per-class F1 (Val): {'negative': np.float32(0.857), 'itc': np.float32(0.0), 'micro': np.float32(0.5), 'macro': np.float32(0.667)}
Test [  0/197] eta: 0:00:26 loss: 0.0302 (0.0302) acc1: 100.0000 (100.0000) time: 0.1339 data: 0.0876 max mem: 328
Test [100/197] eta: 0:00:03 loss: 0.0069 (1.3141) acc1: 100.0000 (75.2475) time: 0.0305 data: 0.0001 max mem: 328
Test [196/197] eta: 0:00:00 loss: 0.0013 (0.9677) acc1: 100.0000 (81.2183) time: 0.0286 data: 0.0001 max mem: 328
Test Total time: 0:00:06 (6.1060 s / it)
* Acc@1 81.218 loss 0.968 auroc 0.857 f1_score 0.623
  per-class F1 (Test): {'negative': np.float32(0.889), 'itc': np.float32(0.138), 'micro': np.float32(0.545), 'macro': np.float32(0.921)}

Epoch: [25] [  0/266] eta: 0:01:10 lr: 0.000010 tier1_loss: 0.0342 (0.0342) tier2_loss: 0.0022 (0.0022) time: 0.2638 data: 0.0877 max mem: 328
Epoch: [25] [100/266] eta: 0:00:20 lr: 0.000009 tier1_loss: 0.0136 (0.1840) tier2_loss: 0.0012 (0.0093) time: 0.1139 data: 0.0001 max mem: 328
Epoch: [25] [200/266] eta: 0:00:07 lr: 0.000008 tier1_loss: 0.0270 (0.1962) tier2_loss: 0.0013 (0.0168) time: 0.1199 data: 0.0001 max mem: 328
Epoch: [25] [265/266] eta: 0:00:00 lr: 0.000007 tier1_loss: 0.0185 (0.2293) tier2_loss: 0.0016 (0.0406) time: 0.1108 data: 0.0001 max mem: 328
Epoch: [25] Total time: 0:00:32 (32.0505 s / it)
Val [ 0/29] eta: 0:00:04 loss: 0.0040 (0.0040) acc1: 100.0000 (100.0000) time: 0.1516 data: 0.1090 max mem: 328
Val [28/29] eta: 0:00:00 loss: 0.0008 (1.4109) acc1: 100.0000 (79.3103) time: 0.0274 data: 0.0001 max mem: 328
Val Total time: 0:00:00 (0.9629 s / it)
* Acc@1 79.310 loss 1.411 auroc 0.818 f1_score 0.678
  per-class F1 (Val): {'negative': np.float32(0.878), 'itc': np.float32(0.667), 'micro': np.float32(0.5), 'macro': np.float32(0.667)}
Test [  0/197] eta: 0:00:24 loss: 0.0977 (0.0977) acc1: 100.0000 (100.0000) time: 0.1261 data: 0.0857 max mem: 328
Test [100/197] eta: 0:00:03 loss: 0.0224 (1.3980) acc1: 100.0000 (73.2673) time: 0.0300 data: 0.0001 max mem: 328
Test [196/197] eta: 0:00:00 loss: 0.0013 (0.9765) acc1: 100.0000 (80.7107) time: 0.0273 data: 0.0001 max mem: 328
Test Total time: 0:00:05 (5.9747 s / it)
* Acc@1 80.711 loss 0.977 auroc 0.863 f1_score 0.634
  per-class F1 (Test): {'negative': np.float32(0.883), 'itc': np.float32(0.188), 'micro': np.float32(0.545), 'macro': np.float32(0.921)}

Epoch: [26] [  0/266] eta: 0:01:11 lr: 0.000007 tier1_loss: 0.0045 (0.0045) tier2_loss: 0.0009 (0.0009) time: 0.2674 data: 0.0993 max mem: 328
Epoch: [26] [100/266] eta: 0:00:20 lr: 0.000006 tier1_loss: 0.0219 (0.2746) tier2_loss: 0.0013 (0.0540) time: 0.1068 data: 0.0001 max mem: 328
Epoch: [26] [200/266] eta: 0:00:07 lr: 0.000005 tier1_loss: 0.0226 (0.2228) tier2_loss: 0.0013 (0.0304) time: 0.1096 data: 0.0001 max mem: 328
Epoch: [26] [265/266] eta: 0:00:00 lr: 0.000004 tier1_loss: 0.0344 (0.2213) tier2_loss: 0.0020 (0.0270) time: 0.0999 data: 0.0001 max mem: 328
Epoch: [26] Total time: 0:00:30 (30.5347 s / it)
Val [ 0/29] eta: 0:00:04 loss: 0.0029 (0.0029) acc1: 100.0000 (100.0000) time: 0.1712 data: 0.1122 max mem: 328
Val [28/29] eta: 0:00:00 loss: 0.0008 (1.5010) acc1: 100.0000 (72.4138) time: 0.0288 data: 0.0001 max mem: 328
Val Total time: 0:00:01 (1.0413 s / it)
* Acc@1 72.414 loss 1.501 auroc 0.808 f1_score 0.499
  per-class F1 (Val): {'negative': np.float32(0.829), 'itc': np.float32(0.0), 'micro': np.float32(0.5), 'macro': np.float32(0.667)}
Test [  0/197] eta: 0:00:27 loss: 0.0273 (0.0273) acc1: 100.0000 (100.0000) time: 0.1398 data: 0.0965 max mem: 328
Test [100/197] eta: 0:00:03 loss: 0.0034 (1.3434) acc1: 100.0000 (73.2673) time: 0.0312 data: 0.0001 max mem: 328
Test [196/197] eta: 0:00:00 loss: 0.0013 (0.9527) acc1: 100.0000 (81.2183) time: 0.0293 data: 0.0001 max mem: 328
Test Total time: 0:00:06 (6.9671 s / it)
* Acc@1 81.218 loss 0.953 auroc 0.864 f1_score 0.627
  per-class F1 (Test): {'negative': np.float32(0.889), 'itc': np.float32(0.133), 'micro': np.float32(0.562), 'macro': np.float32(0.921)}

Epoch: [27] [  0/266] eta: 0:01:26 lr: 0.000004 tier1_loss: 0.4382 (0.4382) tier2_loss: 0.0212 (0.0212) time: 0.3255 data: 0.1194 max mem: 328
Epoch: [27] [100/266] eta: 0:00:19 lr: 0.000004 tier1_loss: 0.0300 (0.1912) tier2_loss: 0.0014 (0.0130) time: 0.1162 data: 0.0001 max mem: 328
Epoch: [27] [200/266] eta: 0:00:07 lr: 0.000003 tier1_loss: 0.0322 (0.2090) tier2_loss: 0.0014 (0.0344) time: 0.1162 data: 0.0001 max mem: 328
Epoch: [27] [265/266] eta: 0:00:00 lr: 0.000003 tier1_loss: 0.0310 (0.2219) tier2_loss: 0.0011 (0.0320) time: 0.1060 data: 0.0001 max mem: 328
Epoch: [27] Total time: 0:00:30 (30.8226 s / it)
Val [ 0/29] eta: 0:00:04 loss: 0.0026 (0.0026) acc1: 100.0000 (100.0000) time: 0.1513 data: 0.1060 max mem: 328
Val [28/29] eta: 0:00:00 loss: 0.0008 (1.4525) acc1: 100.0000 (79.3103) time: 0.0291 data: 0.0001 max mem: 328
Val Total time: 0:00:01 (1.0233 s / it)
* Acc@1 79.310 loss 1.453 auroc 0.786 f1_score 0.678
  per-class F1 (Val): {'negative': np.float32(0.878), 'itc': np.float32(0.667), 'micro': np.float32(0.5), 'macro': np.float32(0.667)}
Test [  0/197] eta: 0:00:32 loss: 0.0653 (0.0653) acc1: 100.0000 (100.0000) time: 0.1636 data: 0.0915 max mem: 328
Test [100/197] eta: 0:00:03 loss: 0.0109 (1.4185) acc1: 100.0000 (73.2673) time: 0.0505 data: 0.0001 max mem: 328
Test [196/197] eta: 0:00:00 loss: 0.0012 (1.0331) acc1: 100.0000 (80.2030) time: 0.0285 data: 0.0001 max mem: 328
Test Total time: 0:00:06 (6.9569 s / it)
* Acc@1 80.203 loss 1.033 auroc 0.854 f1_score 0.613
  per-class F1 (Test): {'negative': np.float32(0.88), 'itc': np.float32(0.138), 'micro': np.float32(0.514), 'macro': np.float32(0.921)}

Epoch: [28] [  0/266] eta: 0:00:59 lr: 0.000003 tier1_loss: 0.0191 (0.0191) tier2_loss: 0.0009 (0.0009) time: 0.2241 data: 0.0822 max mem: 328
Epoch: [28] [100/266] eta: 0:00:19 lr: 0.000002 tier1_loss: 0.0342 (0.3029) tier2_loss: 0.0022 (0.0262) time: 0.1124 data: 0.0001 max mem: 328
Epoch: [28] [200/266] eta: 0:00:07 lr: 0.000002 tier1_loss: 0.0341 (0.2219) tier2_loss: 0.0013 (0.0148) time: 0.1151 data: 0.0001 max mem: 328
Epoch: [28] [265/266] eta: 0:00:00 lr: 0.000001 tier1_loss: 0.0929 (0.2194) tier2_loss: 0.0023 (0.0320) time: 0.1119 data: 0.0001 max mem: 328
Epoch: [28] Total time: 0:00:30 (30.5348 s / it)
Val [ 0/29] eta: 0:00:06 loss: 0.0028 (0.0028) acc1: 100.0000 (100.0000) time: 0.2120 data: 0.1504 max mem: 328
Val [28/29] eta: 0:00:00 loss: 0.0008 (1.5783) acc1: 100.0000 (75.8621) time: 0.0370 data: 0.0001 max mem: 328
Val Total time: 0:00:01 (1.6474 s / it)
* Acc@1 75.862 loss 1.578 auroc 0.774 f1_score 0.506
  per-class F1 (Val): {'negative': np.float32(0.857), 'itc': np.float32(0.0), 'micro': np.float32(0.5), 'macro': np.float32(0.667)}
Test [  0/197] eta: 0:00:29 loss: 0.0651 (0.0651) acc1: 100.0000 (100.0000) time: 0.1493 data: 0.0901 max mem: 328
Test [100/197] eta: 0:00:03 loss: 0.0109 (1.4179) acc1: 100.0000 (73.2673) time: 0.0315 data: 0.0001 max mem: 328
Test [196/197] eta: 0:00:00 loss: 0.0012 (0.9886) acc1: 100.0000 (80.7107) time: 0.0285 data: 0.0001 max mem: 328
Test Total time: 0:00:06 (6.2529 s / it)
* Acc@1 80.711 loss 0.989 auroc 0.862 f1_score 0.621
  per-class F1 (Test): {'negative': np.float32(0.884), 'itc': np.float32(0.133), 'micro': np.float32(0.545), 'macro': np.float32(0.921)}

Epoch: [29] [  0/266] eta: 0:00:55 lr: 0.000001 tier1_loss: 0.0598 (0.0598) tier2_loss: 0.0015 (0.0015) time: 0.2080 data: 0.0917 max mem: 328
Epoch: [29] [100/266] eta: 0:00:18 lr: 0.000001 tier1_loss: 0.0227 (0.1675) tier2_loss: 0.0011 (0.0045) time: 0.1155 data: 0.0001 max mem: 328
Epoch: [29] [200/266] eta: 0:00:07 lr: 0.000001 tier1_loss: 0.0295 (0.1777) tier2_loss: 0.0011 (0.0063) time: 0.1139 data: 0.0001 max mem: 328
Epoch: [29] [265/266] eta: 0:00:00 lr: 0.000001 tier1_loss: 0.0301 (0.2147) tier2_loss: 0.0015 (0.0248) time: 0.1142 data: 0.0001 max mem: 328
Epoch: [29] Total time: 0:00:30 (30.5872 s / it)
Val [ 0/29] eta: 0:00:04 loss: 0.0029 (0.0029) acc1: 100.0000 (100.0000) time: 0.1579 data: 0.1118 max mem: 328
Val [28/29] eta: 0:00:00 loss: 0.0008 (1.6004) acc1: 100.0000 (75.8621) time: 0.0288 data: 0.0001 max mem: 328
Val Total time: 0:00:01 (1.0138 s / it)
* Acc@1 75.862 loss 1.600 auroc 0.788 f1_score 0.629
  per-class F1 (Val): {'negative': np.float32(0.85), 'itc': np.float32(0.5), 'micro': np.float32(0.5), 'macro': np.float32(0.667)}
wandb: 
wandb: Run history:
wandb: perf/test_auc ▁▃▃▃▅▅▆▇▇███████████▇█▇▇▇▇▇▇▇▇
wandb:  perf/test_f1 ▁▁▁▁▄▄▄▅▇▇▆▆█▇▇▇█▇▇██▇▇▇▇▇▇▇▇▇
wandb:  perf/val_auc ▁▄▃▃▄▄▅▆▆▇▆█▇▇▇█▇▇██▇█▆▇▆▇▇▇▆▇
wandb:   perf/val_f1 ▁▁▁▁▁▂▂▃▆▆▆▅▆▆▆█▆█▇█▇▇▆█▅█▅█▅▇
wandb:    tier1_loss ▇▇▂▂▇▁█▁▁▁▂▁▁▄▁▁▁▆▁▂▁▁▁▁▁▁▁▃▁█▁▁▄▁▁▄▁▁▂▁
wandb:    tier2_loss ▆▁▄▄▁█▂▆▁▄▁▁▁▁▁▁▁▁▁▁▁▁▁▁▁▁▁▁▁▁▁▁▁▁▁▁▁▁▁▁
wandb: 
wandb: Run summary:
wandb: perf/test_auc 0.85836
wandb:  perf/test_f1 0.63708
wandb:  perf/val_auc 0.78782
wandb:   perf/val_f1 0.62917
wandb:    tier1_loss 0.11661
wandb:    tier2_loss 0.00237
wandb: 
wandb: You can sync this run to the cloud by running:
wandb: wandb sync /data/bohatyrenko1/EXPERIMENTS_2/Hi-MoE_MIL/wandb/offline-run-20260921_174911-y2shaqj2
wandb: Find logs at: ./wandb/offline-run-20260921_174911-y2shaqj2/logs
Test [  0/197] eta: 0:00:29 loss: 0.0437 (0.0437) acc1: 100.0000 (100.0000) time: 0.1506 data: 0.0928 max mem: 328
Test [100/197] eta: 0:00:03 loss: 0.0131 (1.4338) acc1: 100.0000 (74.2574) time: 0.0311 data: 0.0001 max mem: 328
Test [196/197] eta: 0:00:00 loss: 0.0013 (1.0094) acc1: 100.0000 (81.2183) time: 0.0289 data: 0.0001 max mem: 328
Test Total time: 0:00:06 (6.2191 s / it)
* Acc@1 81.218 loss 1.009 auroc 0.858 f1_score 0.637
  per-class F1 (Test): {'negative': np.float32(0.888), 'itc': np.float32(0.194), 'micro': np.float32(0.545), 'macro': np.float32(0.921)}

============================================================
FINAL EPOCH (29) RESULTS (DTFD-ASMIL):
  test_auc=0.8584 test_acc=81.22 test_f1(macro)=0.6371
  test per-class F1: {'negative': np.float32(0.888), 'itc': np.float32(0.194), 'micro': np.float32(0.545), 'macro': np.float32(0.921)}
  test confusion matrix (rows=true, cols=pred):
          negative         itc       micro       macro
negative        107          11           2           1
     itc         10           3           3           0
   micro          3           1           9           5
   macro          0           0           1          41
============================================================
Best epoch: {'epoch': 19, 'val_f1': 0.6540360450744629, 'val_auc': 0.8518589735031128, 'test_f1': 0.6539349555969238, 'test_auc': 0.8855587244033813}
