wandb: Tracking run with wandb version 0.28.0
wandb: W&B syncing is set to `offline` in this directory. Run `wandb online` or set WANDB_MODE=online to enable cloud syncing.
wandb: Run data is saved locally in /data/bohatyrenko1/EXPERIMENTS_2/Hi-MoE_MIL/wandb/offline-run-20260927_150729-41h1512z
wandb: View this run in the terminal with `wandb leet`
Used config (DTFD-ASMIL v2):
{'B': 1,
 'D_feat': 1536,
 'D_inner': 768,
 'M': None,
 'ckpt_dir': 'ckpt/c17_dtfd_v2_uni2h_seed7',
 'config': 'config/camelyon17_uni2h_config.yml',
 'dataset': 'camelyon17',
 'lr': 0.0001,
 'min_lr': 1e-06,
 'n_class': 4,
 'n_token': 8,
 'n_worker': 4,
 'pin_memory': True,
 'pretrain': 'UNI2h',
 'seed': 7,
 'splits_dir': '/data/bohatyrenko1/EXPERIMENTS_2/ASMIL/splits_paper',
 'test_dir': '/data/bohatyrenko1/features_uni2h_train_full',
 'tier1_weight': 0.1,
 'tier2_D_inner': None,
 'tier2_n_heads': 4,
 'train_dir': '/data/bohatyrenko1/features_uni2h_train_full',
 'train_epoch': 15,
 'wandb_mode': 'offline',
 'warmup_epoch': 5,
 'wd': 1e-05}
M (псевдо-bags) = 8, tier1_weight = 0.1
Class weights: [0.3757062256336212, 3.694444417953491, 1.6219512224197388, 2.2166666984558105]
Epoch: [0] [  0/266] eta: 0:04:34 lr: 0.000000 tier1_loss: 1.3020 (1.3020) tier2_loss: 1.4655 (1.4655) time: 1.0334 data: 0.2478 max mem: 842
Epoch: [0] [100/266] eta: 0:00:25 lr: 0.000008 tier1_loss: 0.1684 (1.1565) tier2_loss: 0.0476 (1.2672) time: 0.1434 data: 0.0001 max mem: 1901
Epoch: [0] [200/266] eta: 0:00:09 lr: 0.000015 tier1_loss: 0.0932 (1.2204) tier2_loss: 0.0593 (1.3109) time: 0.1394 data: 0.0001 max mem: 2184
Epoch: [0] [265/266] eta: 0:00:00 lr: 0.000020 tier1_loss: 0.0819 (1.2608) tier2_loss: 0.0987 (1.3718) time: 0.1329 data: 0.0001 max mem: 2184
Epoch: [0] Total time: 0:00:37 (37.9291 s / it)
Val [ 0/29] eta: 0:00:13 loss: 0.1276 (0.1276) acc1: 100.0000 (100.0000) time: 0.4726 data: 0.3493 max mem: 2184
Val [28/29] eta: 0:00:00 loss: 0.1298 (1.2322) acc1: 100.0000 (68.9655) time: 0.0562 data: 0.0030 max mem: 2184
Val Total time: 0:00:02 (2.0871 s / it)
* Acc@1 68.966 loss 1.232 auroc 0.650 f1_score 0.204
  per-class F1 (Val): {'negative': np.float32(0.816), 'itc': np.float32(0.0), 'micro': np.float32(0.0), 'macro': np.float32(0.0)}
  [DIAG] Tier1 сам по собі: acc=68.966 f1_macro=0.204
Test [  0/197] eta: 0:01:02 loss: 2.6213 (2.6213) acc1: 0.0000 (0.0000) time: 0.3180 data: 0.2516 max mem: 2184
Test [100/197] eta: 0:00:06 loss: 0.1251 (1.5795) acc1: 100.0000 (59.4059) time: 0.0618 data: 0.0003 max mem: 2184
Test [196/197] eta: 0:00:00 loss: 0.1155 (1.5810) acc1: 100.0000 (61.4213) time: 0.0546 data: 0.0047 max mem: 2184
Test Total time: 0:00:12 (12.4907 s / it)
* Acc@1 61.421 loss 1.581 auroc 0.634 f1_score 0.190
  per-class F1 (Test): {'negative': np.float32(0.761), 'itc': np.float32(0.0), 'micro': np.float32(0.0), 'macro': np.float32(0.0)}
  [DIAG] Tier1 сам по собі: acc=61.421 f1_macro=0.190

Epoch: [1] [  0/266] eta: 0:01:49 lr: 0.000020 tier1_loss: 3.9098 (3.9098) tier2_loss: 4.9148 (4.9148) time: 0.4101 data: 0.2230 max mem: 2184
Epoch: [1] [100/266] eta: 0:00:23 lr: 0.000028 tier1_loss: 0.1415 (1.3828) tier2_loss: 0.3173 (1.5117) time: 0.1333 data: 0.0001 max mem: 2184
Epoch: [1] [200/266] eta: 0:00:09 lr: 0.000035 tier1_loss: 0.0632 (1.2507) tier2_loss: 0.0607 (1.3492) time: 0.1314 data: 0.0001 max mem: 2184
Epoch: [1] [265/266] eta: 0:00:00 lr: 0.000040 tier1_loss: 0.1383 (1.2727) tier2_loss: 0.1708 (1.3551) time: 0.1275 data: 0.0001 max mem: 2184
Epoch: [1] Total time: 0:00:36 (36.4794 s / it)
Val [ 0/29] eta: 0:00:07 loss: 0.1159 (0.1159) acc1: 100.0000 (100.0000) time: 0.2726 data: 0.2209 max mem: 2184
Val [28/29] eta: 0:00:00 loss: 0.1130 (1.1063) acc1: 100.0000 (68.9655) time: 0.0493 data: 0.0001 max mem: 2184
Val Total time: 0:00:01 (1.7134 s / it)
* Acc@1 68.966 loss 1.106 auroc 0.666 f1_score 0.204
  per-class F1 (Val): {'negative': np.float32(0.816), 'itc': np.float32(0.0), 'micro': np.float32(0.0), 'macro': np.float32(0.0)}
  [DIAG] Tier1 сам по собі: acc=68.966 f1_macro=0.204
Test [  0/197] eta: 0:01:01 loss: 3.6641 (3.6641) acc1: 0.0000 (0.0000) time: 0.3136 data: 0.2324 max mem: 2184
Test [100/197] eta: 0:00:05 loss: 0.1134 (1.4117) acc1: 100.0000 (59.4059) time: 0.0531 data: 0.0002 max mem: 2184
Test [196/197] eta: 0:00:00 loss: 0.1130 (1.3229) acc1: 100.0000 (61.4213) time: 0.0507 data: 0.0002 max mem: 2184
Test Total time: 0:00:10 (10.9674 s / it)
* Acc@1 61.421 loss 1.323 auroc 0.724 f1_score 0.190
  per-class F1 (Test): {'negative': np.float32(0.761), 'itc': np.float32(0.0), 'micro': np.float32(0.0), 'macro': np.float32(0.0)}
  [DIAG] Tier1 сам по собі: acc=61.421 f1_macro=0.190

Epoch: [2] [  0/266] eta: 0:01:37 lr: 0.000040 tier1_loss: 0.0955 (0.0955) tier2_loss: 0.0901 (0.0901) time: 0.3673 data: 0.1780 max mem: 2184
Epoch: [2] [100/266] eta: 0:00:23 lr: 0.000048 tier1_loss: 0.0848 (1.3005) tier2_loss: 0.0968 (1.3125) time: 0.1396 data: 0.0001 max mem: 2184
Epoch: [2] [200/266] eta: 0:00:09 lr: 0.000055 tier1_loss: 0.0503 (1.2318) tier2_loss: 0.0605 (1.2396) time: 0.1413 data: 0.0001 max mem: 2184
Epoch: [2] [265/266] eta: 0:00:00 lr: 0.000060 tier1_loss: 0.1357 (1.2473) tier2_loss: 0.1846 (1.2492) time: 0.1267 data: 0.0001 max mem: 2184
Epoch: [2] Total time: 0:00:37 (37.8974 s / it)
Val [ 0/29] eta: 0:00:07 loss: 0.0597 (0.0597) acc1: 100.0000 (100.0000) time: 0.2619 data: 0.2174 max mem: 2184
Val [28/29] eta: 0:00:00 loss: 0.0588 (1.2954) acc1: 100.0000 (68.9655) time: 0.0501 data: 0.0001 max mem: 2184
Val Total time: 0:00:01 (1.7224 s / it)
* Acc@1 68.966 loss 1.295 auroc 0.672 f1_score 0.204
  per-class F1 (Val): {'negative': np.float32(0.816), 'itc': np.float32(0.0), 'micro': np.float32(0.0), 'macro': np.float32(0.0)}
  [DIAG] Tier1 сам по собі: acc=68.966 f1_macro=0.204
Test [  0/197] eta: 0:00:58 loss: 3.7201 (3.7201) acc1: 0.0000 (0.0000) time: 0.2952 data: 0.2223 max mem: 2184
Test [100/197] eta: 0:00:05 loss: 0.0586 (1.6688) acc1: 100.0000 (59.4059) time: 0.0513 data: 0.0002 max mem: 2184
Test [196/197] eta: 0:00:00 loss: 0.0568 (1.6128) acc1: 100.0000 (61.4213) time: 0.0505 data: 0.0002 max mem: 2184
Test Total time: 0:00:10 (10.8271 s / it)
* Acc@1 61.421 loss 1.613 auroc 0.682 f1_score 0.190
  per-class F1 (Test): {'negative': np.float32(0.761), 'itc': np.float32(0.0), 'micro': np.float32(0.0), 'macro': np.float32(0.0)}
  [DIAG] Tier1 сам по собі: acc=61.421 f1_macro=0.190

Epoch: [3] [  0/266] eta: 0:02:15 lr: 0.000060 tier1_loss: 0.1750 (0.1750) tier2_loss: 0.0577 (0.0577) time: 0.5105 data: 0.2969 max mem: 2184
Epoch: [3] [100/266] eta: 0:00:23 lr: 0.000068 tier1_loss: 0.0732 (0.9264) tier2_loss: 0.0760 (0.9704) time: 0.1396 data: 0.0001 max mem: 2184
Epoch: [3] [200/266] eta: 0:00:09 lr: 0.000075 tier1_loss: 0.2864 (1.1725) tier2_loss: 0.3908 (1.1667) time: 0.1349 data: 0.0001 max mem: 2184
Epoch: [3] [265/266] eta: 0:00:00 lr: 0.000080 tier1_loss: 0.1599 (1.1900) tier2_loss: 0.1570 (1.1930) time: 0.1233 data: 0.0001 max mem: 2184
Epoch: [3] Total time: 0:00:36 (36.7726 s / it)
Val [ 0/29] eta: 0:00:10 loss: 0.0567 (0.0567) acc1: 100.0000 (100.0000) time: 0.3525 data: 0.3054 max mem: 2184
Val [28/29] eta: 0:00:00 loss: 0.0569 (1.3321) acc1: 100.0000 (68.9655) time: 0.0527 data: 0.0002 max mem: 2184
Val Total time: 0:00:02 (2.0574 s / it)
* Acc@1 68.966 loss 1.332 auroc 0.631 f1_score 0.204
  per-class F1 (Val): {'negative': np.float32(0.816), 'itc': np.float32(0.0), 'micro': np.float32(0.0), 'macro': np.float32(0.0)}
  [DIAG] Tier1 сам по собі: acc=68.966 f1_macro=0.204
Test [  0/197] eta: 0:01:55 loss: 3.3349 (3.3349) acc1: 0.0000 (0.0000) time: 0.5844 data: 0.5119 max mem: 2184
Test [100/197] eta: 0:00:07 loss: 0.0569 (1.7245) acc1: 100.0000 (59.4059) time: 0.0743 data: 0.0068 max mem: 2184
Test [196/197] eta: 0:00:00 loss: 0.0555 (1.6746) acc1: 100.0000 (61.4213) time: 0.0513 data: 0.0002 max mem: 2184
Test Total time: 0:00:13 (13.3677 s / it)
* Acc@1 61.421 loss 1.675 auroc 0.670 f1_score 0.190
  per-class F1 (Test): {'negative': np.float32(0.761), 'itc': np.float32(0.0), 'micro': np.float32(0.0), 'macro': np.float32(0.0)}
  [DIAG] Tier1 сам по собі: acc=64.404 f1_macro=0.255

Epoch: [4] [  0/266] eta: 0:02:21 lr: 0.000080 tier1_loss: 0.0131 (0.0131) tier2_loss: 0.0702 (0.0702) time: 0.5324 data: 0.3550 max mem: 2184
Epoch: [4] [100/266] eta: 0:00:23 lr: 0.000088 tier1_loss: 0.0594 (0.8557) tier2_loss: 0.2545 (1.0524) time: 0.1371 data: 0.0001 max mem: 2184
Epoch: [4] [200/266] eta: 0:00:09 lr: 0.000095 tier1_loss: 0.2110 (1.0434) tier2_loss: 1.4304 (1.2225) time: 0.1291 data: 0.0001 max mem: 2184
Epoch: [4] [265/266] eta: 0:00:00 lr: 0.000100 tier1_loss: 0.1386 (1.2114) tier2_loss: 0.4009 (1.3498) time: 0.1297 data: 0.0001 max mem: 2184
Epoch: [4] Total time: 0:00:36 (36.2762 s / it)
Val [ 0/29] eta: 0:00:06 loss: 0.0045 (0.0045) acc1: 100.0000 (100.0000) time: 0.2199 data: 0.1684 max mem: 2184
Val [28/29] eta: 0:00:00 loss: 0.0045 (2.0315) acc1: 100.0000 (68.9655) time: 0.0508 data: 0.0001 max mem: 2184
Val Total time: 0:00:01 (1.6717 s / it)
* Acc@1 68.966 loss 2.031 auroc 0.685 f1_score 0.204
  per-class F1 (Val): {'negative': np.float32(0.816), 'itc': np.float32(0.0), 'micro': np.float32(0.0), 'macro': np.float32(0.0)}
  [DIAG] Tier1 сам по собі: acc=68.966 f1_macro=0.204
Test [  0/197] eta: 0:01:00 loss: 6.0798 (6.0798) acc1: 0.0000 (0.0000) time: 0.3072 data: 0.2411 max mem: 2184
Test [100/197] eta: 0:00:05 loss: 0.0045 (2.6670) acc1: 100.0000 (59.4059) time: 0.0535 data: 0.0001 max mem: 2184
Test [196/197] eta: 0:00:00 loss: 0.0045 (2.5300) acc1: 100.0000 (61.4213) time: 0.0494 data: 0.0001 max mem: 2184
Test Total time: 0:00:10 (10.7224 s / it)
* Acc@1 61.421 loss 2.530 auroc 0.685 f1_score 0.190
  per-class F1 (Test): {'negative': np.float32(0.761), 'itc': np.float32(0.0), 'micro': np.float32(0.0), 'macro': np.float32(0.0)}
  [DIAG] Tier1 сам по собі: acc=61.421 f1_macro=0.190

Epoch: [5] [  0/266] eta: 0:02:18 lr: 0.000100 tier1_loss: 0.0124 (0.0124) tier2_loss: 0.0055 (0.0055) time: 0.5213 data: 0.3019 max mem: 2184
Epoch: [5] [100/266] eta: 0:00:23 lr: 0.000100 tier1_loss: 0.0501 (1.0860) tier2_loss: 0.0481 (1.4358) time: 0.1433 data: 0.0001 max mem: 2184
Epoch: [5] [200/266] eta: 0:00:09 lr: 0.000099 tier1_loss: 0.1459 (0.8722) tier2_loss: 0.2202 (1.3731) time: 0.1359 data: 0.0001 max mem: 2184
Epoch: [5] [265/266] eta: 0:00:00 lr: 0.000098 tier1_loss: 0.0826 (0.8261) tier2_loss: 0.0190 (1.2753) time: 0.1281 data: 0.0001 max mem: 2184
Epoch: [5] Total time: 0:00:38 (38.9728 s / it)
Val [ 0/29] eta: 0:00:07 loss: 0.0065 (0.0065) acc1: 100.0000 (100.0000) time: 0.2543 data: 0.2107 max mem: 2184
Val [28/29] eta: 0:00:00 loss: 0.3094 (1.8535) acc1: 100.0000 (62.0690) time: 0.0509 data: 0.0002 max mem: 2184
Val Total time: 0:00:01 (1.7269 s / it)
* Acc@1 62.069 loss 1.853 auroc 0.777 f1_score 0.282
  per-class F1 (Val): {'negative': np.float32(0.842), 'itc': np.float32(0.0), 'micro': np.float32(0.286), 'macro': np.float32(0.0)}
  [DIAG] Tier1 сам по собі: acc=79.741 f1_macro=0.506
Test [  0/197] eta: 0:01:07 loss: 0.3105 (0.3105) acc1: 100.0000 (100.0000) time: 0.3420 data: 0.2739 max mem: 2184
Test [100/197] eta: 0:00:05 loss: 0.3107 (1.6887) acc1: 0.0000 (60.3960) time: 0.0528 data: 0.0002 max mem: 2184
Test [196/197] eta: 0:00:00 loss: 0.0065 (1.4376) acc1: 100.0000 (63.4518) time: 0.0498 data: 0.0001 max mem: 2184
Test Total time: 0:00:10 (10.7886 s / it)
* Acc@1 63.452 loss 1.438 auroc 0.864 f1_score 0.307
  per-class F1 (Test): {'negative': np.float32(0.921), 'itc': np.float32(0.0), 'micro': np.float32(0.309), 'macro': np.float32(0.0)}
  [DIAG] Tier1 сам по собі: acc=84.264 f1_macro=0.597

Epoch: [6] [  0/266] eta: 0:01:47 lr: 0.000098 tier1_loss: 0.0167 (0.0167) tier2_loss: 0.0065 (0.0065) time: 0.4052 data: 0.2027 max mem: 2184
Epoch: [6] [100/266] eta: 0:00:23 lr: 0.000095 tier1_loss: 0.0194 (0.5580) tier2_loss: 0.0117 (0.6970) time: 0.1369 data: 0.0001 max mem: 2184
Epoch: [6] [200/266] eta: 0:00:09 lr: 0.000093 tier1_loss: 0.0603 (0.5900) tier2_loss: 0.0108 (0.7577) time: 0.1408 data: 0.0001 max mem: 2184
Epoch: [6] [265/266] eta: 0:00:00 lr: 0.000091 tier1_loss: 0.0222 (0.5677) tier2_loss: 0.0362 (0.6931) time: 0.1302 data: 0.0001 max mem: 2184
Epoch: [6] Total time: 0:00:36 (36.8571 s / it)
Val [ 0/29] eta: 0:00:08 loss: 0.0120 (0.0120) acc1: 100.0000 (100.0000) time: 0.2823 data: 0.2336 max mem: 2184
Val [28/29] eta: 0:00:00 loss: 0.0120 (0.7806) acc1: 100.0000 (82.7586) time: 0.0568 data: 0.0002 max mem: 2184
Val Total time: 0:00:01 (1.8816 s / it)
* Acc@1 82.759 loss 0.781 auroc 0.758 f1_score 0.433
  per-class F1 (Val): {'negative': np.float32(0.93), 'itc': np.float32(0.0), 'micro': np.float32(0.0), 'macro': np.float32(0.8)}
  [DIAG] Tier1 сам по собі: acc=82.759 f1_macro=0.433
Test [  0/197] eta: 0:01:49 loss: 3.2161 (3.2161) acc1: 0.0000 (0.0000) time: 0.5544 data: 0.4388 max mem: 2184
Test [100/197] eta: 0:00:07 loss: 0.0120 (0.9863) acc1: 100.0000 (77.2277) time: 0.0712 data: 0.0055 max mem: 2184
Test [196/197] eta: 0:00:00 loss: 0.0120 (0.7676) acc1: 100.0000 (82.7411) time: 0.0502 data: 0.0001 max mem: 2184
Test Total time: 0:00:13 (13.5619 s / it)
* Acc@1 82.741 loss 0.768 auroc 0.799 f1_score 0.438
  per-class F1 (Test): {'negative': np.float32(0.945), 'itc': np.float32(0.0), 'micro': np.float32(0.0), 'macro': np.float32(0.808)}
  [DIAG] Tier1 сам по собі: acc=82.551 f1_macro=0.442

Epoch: [7] [  0/266] eta: 0:01:50 lr: 0.000091 tier1_loss: 0.0129 (0.0129) tier2_loss: 0.0072 (0.0072) time: 0.4172 data: 0.2176 max mem: 2184
Epoch: [7] [100/266] eta: 0:00:23 lr: 0.000087 tier1_loss: 0.0261 (0.5160) tier2_loss: 0.0023 (0.4987) time: 0.1391 data: 0.0001 max mem: 2184
Epoch: [7] [200/266] eta: 0:00:09 lr: 0.000083 tier1_loss: 0.0294 (0.5337) tier2_loss: 0.0022 (0.5934) time: 0.1387 data: 0.0001 max mem: 2184
Epoch: [7] [265/266] eta: 0:00:00 lr: 0.000080 tier1_loss: 0.4481 (0.5270) tier2_loss: 0.6241 (0.5854) time: 0.1286 data: 0.0001 max mem: 2184
Epoch: [7] Total time: 0:00:36 (36.5837 s / it)
Val [ 0/29] eta: 0:00:08 loss: 0.0147 (0.0147) acc1: 100.0000 (100.0000) time: 0.2783 data: 0.2328 max mem: 2184
Val [28/29] eta: 0:00:00 loss: 0.0144 (0.7800) acc1: 100.0000 (75.8621) time: 0.0502 data: 0.0001 max mem: 2184
Val Total time: 0:00:01 (1.8162 s / it)
* Acc@1 75.862 loss 0.780 auroc 0.829 f1_score 0.344
  per-class F1 (Val): {'negative': np.float32(0.93), 'itc': np.float32(0.0), 'micro': np.float32(0.444), 'macro': np.float32(0.0)}
  [DIAG] Tier1 сам по собі: acc=82.759 f1_macro=0.542
Test [  0/197] eta: 0:01:05 loss: 0.5184 (0.5184) acc1: 100.0000 (100.0000) time: 0.3341 data: 0.2590 max mem: 2184
Test [100/197] eta: 0:00:05 loss: 0.0149 (0.7723) acc1: 100.0000 (70.2970) time: 0.0531 data: 0.0002 max mem: 2184
Test [196/197] eta: 0:00:00 loss: 0.0145 (0.6712) acc1: 100.0000 (69.5431) time: 0.0493 data: 0.0001 max mem: 2184
Test Total time: 0:00:10 (10.6871 s / it)
* Acc@1 69.543 loss 0.671 auroc 0.827 f1_score 0.384
  per-class F1 (Test): {'negative': np.float32(0.945), 'itc': np.float32(0.211), 'micro': np.float32(0.38), 'macro': np.float32(0.0)}
  [DIAG] Tier1 сам по собі: acc=87.627 f1_macro=0.643

Epoch: [8] [  0/266] eta: 0:02:46 lr: 0.000080 tier1_loss: 0.7786 (0.7786) tier2_loss: 0.5115 (0.5115) time: 0.6253 data: 0.4109 max mem: 2184
Epoch: [8] [100/266] eta: 0:00:24 lr: 0.000075 tier1_loss: 0.0460 (0.5545) tier2_loss: 0.0169 (0.6505) time: 0.1473 data: 0.0002 max mem: 2184
Epoch: [8] [200/266] eta: 0:00:09 lr: 0.000069 tier1_loss: 0.0320 (0.5281) tier2_loss: 0.0341 (0.7271) time: 0.1407 data: 0.0001 max mem: 2184
Epoch: [8] [265/266] eta: 0:00:00 lr: 0.000066 tier1_loss: 0.0175 (0.5020) tier2_loss: 0.0530 (0.7374) time: 0.1339 data: 0.0001 max mem: 2184
Epoch: [8] Total time: 0:00:38 (38.2034 s / it)
Val [ 0/29] eta: 0:00:08 loss: 0.0712 (0.0712) acc1: 100.0000 (100.0000) time: 0.3074 data: 0.2527 max mem: 2184
Val [28/29] eta: 0:00:00 loss: 0.0712 (0.6682) acc1: 100.0000 (82.7586) time: 0.0500 data: 0.0024 max mem: 2184
Val Total time: 0:00:01 (1.7716 s / it)
* Acc@1 82.759 loss 0.668 auroc 0.772 f1_score 0.433
  per-class F1 (Val): {'negative': np.float32(0.93), 'itc': np.float32(0.0), 'micro': np.float32(0.0), 'macro': np.float32(0.8)}
  [DIAG] Tier1 сам по собі: acc=82.759 f1_macro=0.433
Test [  0/197] eta: 0:01:10 loss: 1.5918 (1.5918) acc1: 0.0000 (0.0000) time: 0.3602 data: 0.2913 max mem: 2184
Test [100/197] eta: 0:00:05 loss: 0.0712 (0.8331) acc1: 100.0000 (77.2277) time: 0.0512 data: 0.0001 max mem: 2184
Test [196/197] eta: 0:00:00 loss: 0.0711 (0.6491) acc1: 100.0000 (82.7411) time: 0.0492 data: 0.0001 max mem: 2184
Test Total time: 0:00:10 (10.7692 s / it)
* Acc@1 82.741 loss 0.649 auroc 0.793 f1_score 0.452
  per-class F1 (Test): {'negative': np.float32(0.906), 'itc': np.float32(0.0), 'micro': np.float32(0.0), 'macro': np.float32(0.903)}
  [DIAG] Tier1 сам по собі: acc=83.249 f1_macro=0.481

Epoch: [9] [  0/266] eta: 0:02:07 lr: 0.000066 tier1_loss: 0.0068 (0.0068) tier2_loss: 0.0534 (0.0534) time: 0.4809 data: 0.2567 max mem: 2184
Epoch: [9] [100/266] eta: 0:00:23 lr: 0.000060 tier1_loss: 0.0315 (0.5055) tier2_loss: 0.0309 (0.6413) time: 0.1369 data: 0.0001 max mem: 2184
Epoch: [9] [200/266] eta: 0:00:09 lr: 0.000054 tier1_loss: 0.0192 (0.4797) tier2_loss: 0.0078 (0.6353) time: 0.1313 data: 0.0001 max mem: 2184
Epoch: [9] [265/266] eta: 0:00:00 lr: 0.000051 tier1_loss: 0.0707 (0.4652) tier2_loss: 0.0052 (0.5899) time: 0.1361 data: 0.0001 max mem: 2184
Epoch: [9] Total time: 0:00:36 (36.8837 s / it)
Val [ 0/29] eta: 0:00:12 loss: 0.0040 (0.0040) acc1: 100.0000 (100.0000) time: 0.4391 data: 0.3833 max mem: 2184
Val [28/29] eta: 0:00:00 loss: 0.0040 (0.8175) acc1: 100.0000 (82.7586) time: 0.0709 data: 0.0003 max mem: 2184
Val Total time: 0:00:02 (2.5404 s / it)
* Acc@1 82.759 loss 0.818 auroc 0.841 f1_score 0.433
  per-class F1 (Val): {'negative': np.float32(0.93), 'itc': np.float32(0.0), 'micro': np.float32(0.0), 'macro': np.float32(0.8)}
  [DIAG] Tier1 сам по собі: acc=80.603 f1_macro=0.520
Test [  0/197] eta: 0:01:01 loss: 0.7338 (0.7338) acc1: 0.0000 (0.0000) time: 0.3137 data: 0.2595 max mem: 2184
Test [100/197] eta: 0:00:07 loss: 0.0040 (0.8517) acc1: 100.0000 (80.1980) time: 0.0631 data: 0.0030 max mem: 2184
Test [196/197] eta: 0:00:00 loss: 0.0040 (0.7076) acc1: 100.0000 (85.2792) time: 0.0500 data: 0.0001 max mem: 2184
Test Total time: 0:00:12 (12.8492 s / it)
* Acc@1 85.279 loss 0.708 auroc 0.862 f1_score 0.545
  per-class F1 (Test): {'negative': np.float32(0.953), 'itc': np.float32(0.0), 'micro': np.float32(0.333), 'macro': np.float32(0.894)}
  [DIAG] Tier1 сам по собі: acc=86.929 f1_macro=0.627

Epoch: [10] [  0/266] eta: 0:02:20 lr: 0.000051 tier1_loss: 0.0605 (0.0605) tier2_loss: 0.0030 (0.0030) time: 0.5295 data: 0.2724 max mem: 2184
Epoch: [10] [100/266] eta: 0:00:23 lr: 0.000045 tier1_loss: 0.0341 (0.4309) tier2_loss: 0.0202 (0.5297) time: 0.1383 data: 0.0001 max mem: 2184
Epoch: [10] [200/266] eta: 0:00:09 lr: 0.000039 tier1_loss: 0.0471 (0.4168) tier2_loss: 0.0049 (0.5048) time: 0.1310 data: 0.0001 max mem: 2184
Epoch: [10] [265/266] eta: 0:00:00 lr: 0.000035 tier1_loss: 0.0457 (0.3925) tier2_loss: 0.0098 (0.4871) time: 0.1309 data: 0.0001 max mem: 2184
Epoch: [10] Total time: 0:00:36 (36.8937 s / it)
Val [ 0/29] eta: 0:00:08 loss: 0.0072 (0.0072) acc1: 100.0000 (100.0000) time: 0.2762 data: 0.2304 max mem: 2184
Val [28/29] eta: 0:00:00 loss: 0.0072 (0.7798) acc1: 100.0000 (82.7586) time: 0.0501 data: 0.0002 max mem: 2184
Val Total time: 0:00:01 (1.7289 s / it)
* Acc@1 82.759 loss 0.780 auroc 0.727 f1_score 0.433
  per-class F1 (Val): {'negative': np.float32(0.93), 'itc': np.float32(0.0), 'micro': np.float32(0.0), 'macro': np.float32(0.8)}
  [DIAG] Tier1 сам по собі: acc=76.724 f1_macro=0.481
Test [  0/197] eta: 0:00:56 loss: 0.0579 (0.0579) acc1: 100.0000 (100.0000) time: 0.2844 data: 0.2198 max mem: 2184
Test [100/197] eta: 0:00:05 loss: 0.0072 (0.7782) acc1: 100.0000 (81.1881) time: 0.0540 data: 0.0002 max mem: 2184
Test [196/197] eta: 0:00:00 loss: 0.0072 (0.6202) acc1: 100.0000 (84.7716) time: 0.0506 data: 0.0001 max mem: 2184
Test Total time: 0:00:10 (10.8608 s / it)
* Acc@1 84.772 loss 0.620 auroc 0.817 f1_score 0.528
  per-class F1 (Test): {'negative': np.float32(0.953), 'itc': np.float32(0.0), 'micro': np.float32(0.276), 'macro': np.float32(0.884)}
  [DIAG] Tier1 сам по собі: acc=86.675 f1_macro=0.620

Epoch: [11] [  0/266] eta: 0:01:44 lr: 0.000035 tier1_loss: 0.8474 (0.8474) tier2_loss: 2.0782 (2.0782) time: 0.3920 data: 0.1945 max mem: 2184
Epoch: [11] [100/266] eta: 0:00:24 lr: 0.000030 tier1_loss: 0.0315 (0.3437) tier2_loss: 0.0090 (0.4298) time: 0.1616 data: 0.0002 max mem: 2184
Epoch: [11] [200/266] eta: 0:00:09 lr: 0.000025 tier1_loss: 0.0543 (0.3554) tier2_loss: 0.0066 (0.4378) time: 0.1427 data: 0.0001 max mem: 2184
Epoch: [11] [265/266] eta: 0:00:00 lr: 0.000021 tier1_loss: 0.0204 (0.3915) tier2_loss: 0.0116 (0.5068) time: 0.1291 data: 0.0001 max mem: 2184
Epoch: [11] Total time: 0:00:38 (38.4723 s / it)
Val [ 0/29] eta: 0:00:07 loss: 0.0068 (0.0068) acc1: 100.0000 (100.0000) time: 0.2698 data: 0.2192 max mem: 2184
Val [28/29] eta: 0:00:00 loss: 0.0068 (0.7821) acc1: 100.0000 (82.7586) time: 0.0510 data: 0.0002 max mem: 2184
Val Total time: 0:00:01 (1.7319 s / it)
* Acc@1 82.759 loss 0.782 auroc 0.827 f1_score 0.433
  per-class F1 (Val): {'negative': np.float32(0.93), 'itc': np.float32(0.0), 'micro': np.float32(0.0), 'macro': np.float32(0.8)}
  [DIAG] Tier1 сам по собі: acc=81.466 f1_macro=0.512
Test [  0/197] eta: 0:01:06 loss: 0.0250 (0.0250) acc1: 100.0000 (100.0000) time: 0.3389 data: 0.2744 max mem: 2184
Test [100/197] eta: 0:00:05 loss: 0.0068 (0.7893) acc1: 100.0000 (81.1881) time: 0.0511 data: 0.0001 max mem: 2184
Test [196/197] eta: 0:00:00 loss: 0.0068 (0.6372) acc1: 100.0000 (85.2792) time: 0.0478 data: 0.0002 max mem: 2184
Test Total time: 0:00:10 (10.7402 s / it)
* Acc@1 85.279 loss 0.637 auroc 0.800 f1_score 0.549
  per-class F1 (Test): {'negative': np.float32(0.945), 'itc': np.float32(0.0), 'micro': np.float32(0.357), 'macro': np.float32(0.894)}
  [DIAG] Tier1 сам по собі: acc=86.358 f1_macro=0.609

Epoch: [12] [  0/266] eta: 0:01:59 lr: 0.000021 tier1_loss: 0.0098 (0.0098) tier2_loss: 0.0069 (0.0069) time: 0.4479 data: 0.2418 max mem: 2184
Epoch: [12] [100/266] eta: 0:00:23 lr: 0.000017 tier1_loss: 0.0337 (0.3548) tier2_loss: 0.0087 (0.4322) time: 0.1394 data: 0.0001 max mem: 2184
Epoch: [12] [200/266] eta: 0:00:09 lr: 0.000013 tier1_loss: 0.0333 (0.3935) tier2_loss: 0.0148 (0.5270) time: 0.1392 data: 0.0001 max mem: 2184
Epoch: [12] [265/266] eta: 0:00:00 lr: 0.000010 tier1_loss: 0.0185 (0.3582) tier2_loss: 0.0094 (0.4750) time: 0.1334 data: 0.0001 max mem: 2184
Epoch: [12] Total time: 0:00:36 (36.7761 s / it)
Val [ 0/29] eta: 0:00:12 loss: 0.0082 (0.0082) acc1: 100.0000 (100.0000) time: 0.4249 data: 0.3645 max mem: 2184
Val [28/29] eta: 0:00:00 loss: 0.0082 (0.9616) acc1: 100.0000 (79.3103) time: 0.0717 data: 0.0194 max mem: 2184
Val Total time: 0:00:02 (2.4014 s / it)
* Acc@1 79.310 loss 0.962 auroc 0.785 f1_score 0.399
  per-class F1 (Val): {'negative': np.float32(0.93), 'itc': np.float32(0.0), 'micro': np.float32(0.0), 'macro': np.float32(0.667)}
  [DIAG] Tier1 сам по собі: acc=81.034 f1_macro=0.502
Test [  0/197] eta: 0:01:47 loss: 0.0686 (0.0686) acc1: 100.0000 (100.0000) time: 0.5442 data: 0.4577 max mem: 2184
Test [100/197] eta: 0:00:07 loss: 0.0082 (0.7468) acc1: 100.0000 (81.1881) time: 0.0656 data: 0.0002 max mem: 2184
Test [196/197] eta: 0:00:00 loss: 0.0082 (0.5994) acc1: 100.0000 (85.2792) time: 0.0502 data: 0.0001 max mem: 2184
Test Total time: 0:00:13 (13.0852 s / it)
* Acc@1 85.279 loss 0.599 auroc 0.800 f1_score 0.549
  per-class F1 (Test): {'negative': np.float32(0.945), 'itc': np.float32(0.0), 'micro': np.float32(0.357), 'macro': np.float32(0.894)}
  [DIAG] Tier1 сам по собі: acc=86.485 f1_macro=0.612

Epoch: [13] [  0/266] eta: 0:01:27 lr: 0.000010 tier1_loss: 0.0195 (0.0195) tier2_loss: 0.0047 (0.0047) time: 0.3293 data: 0.1470 max mem: 2184
Epoch: [13] [100/266] eta: 0:00:23 lr: 0.000007 tier1_loss: 0.0424 (0.2309) tier2_loss: 0.0057 (0.2387) time: 0.1370 data: 0.0001 max mem: 2184
Epoch: [13] [200/266] eta: 0:00:09 lr: 0.000005 tier1_loss: 0.0394 (0.3019) tier2_loss: 0.0119 (0.4055) time: 0.1406 data: 0.0001 max mem: 2184
Epoch: [13] [265/266] eta: 0:00:00 lr: 0.000003 tier1_loss: 0.0278 (0.3544) tier2_loss: 0.0120 (0.4716) time: 0.1240 data: 0.0001 max mem: 2184
Epoch: [13] Total time: 0:00:36 (36.6146 s / it)
Val [ 0/29] eta: 0:00:07 loss: 0.0099 (0.0099) acc1: 100.0000 (100.0000) time: 0.2532 data: 0.2084 max mem: 2184
Val [28/29] eta: 0:00:00 loss: 0.0099 (0.7892) acc1: 100.0000 (82.7586) time: 0.0492 data: 0.0016 max mem: 2184
Val Total time: 0:00:01 (1.6963 s / it)
* Acc@1 82.759 loss 0.789 auroc 0.777 f1_score 0.433
  per-class F1 (Val): {'negative': np.float32(0.93), 'itc': np.float32(0.0), 'micro': np.float32(0.0), 'macro': np.float32(0.8)}
  [DIAG] Tier1 сам по собі: acc=81.466 f1_macro=0.519
Test [  0/197] eta: 0:01:06 loss: 0.0468 (0.0468) acc1: 100.0000 (100.0000) time: 0.3375 data: 0.2539 max mem: 2184
Test [100/197] eta: 0:00:05 loss: 0.0099 (0.7938) acc1: 100.0000 (81.1881) time: 0.0515 data: 0.0001 max mem: 2184
Test [196/197] eta: 0:00:00 loss: 0.0099 (0.6109) acc1: 100.0000 (85.7868) time: 0.0522 data: 0.0001 max mem: 2184
Test Total time: 0:00:10 (10.7353 s / it)
* Acc@1 85.787 loss 0.611 auroc 0.802 f1_score 0.571
  per-class F1 (Test): {'negative': np.float32(0.938), 'itc': np.float32(0.0), 'micro': np.float32(0.444), 'macro': np.float32(0.903)}
  [DIAG] Tier1 сам по собі: acc=87.373 f1_macro=0.638

Epoch: [14] [  0/266] eta: 0:01:31 lr: 0.000003 tier1_loss: 0.0239 (0.0239) tier2_loss: 0.0120 (0.0120) time: 0.3447 data: 0.1718 max mem: 2184
Epoch: [14] [100/266] eta: 0:00:23 lr: 0.000002 tier1_loss: 0.0299 (0.2733) tier2_loss: 0.0186 (0.4316) time: 0.1551 data: 0.0002 max mem: 2184
Epoch: [14] [200/266] eta: 0:00:09 lr: 0.000001 tier1_loss: 0.0101 (0.2903) tier2_loss: 0.0124 (0.4352) time: 0.1340 data: 0.0001 max mem: 2184
Epoch: [14] [265/266] eta: 0:00:00 lr: 0.000001 tier1_loss: 0.0232 (0.3344) tier2_loss: 0.0139 (0.4547) time: 0.1370 data: 0.0001 max mem: 2184
Epoch: [14] Total time: 0:00:37 (37.9488 s / it)
Val [ 0/29] eta: 0:00:09 loss: 0.0104 (0.0104) acc1: 100.0000 (100.0000) time: 0.3414 data: 0.2698 max mem: 2184
Val [28/29] eta: 0:00:00 loss: 0.0104 (0.9582) acc1: 100.0000 (79.3103) time: 0.0488 data: 0.0001 max mem: 2184
Val Total time: 0:00:01 (1.7297 s / it)
* Acc@1 79.310 loss 0.958 auroc 0.823 f1_score 0.399
  per-class F1 (Val): {'negative': np.float32(0.93), 'itc': np.float32(0.0), 'micro': np.float32(0.0), 'macro': np.float32(0.667)}
  [DIAG] Tier1 сам по собі: acc=81.034 f1_macro=0.523
wandb: 
wandb: Run history:
wandb: diag/test_tier1_acc ▁▁▁▂▁▇▇█▇██████
wandb:  diag/test_tier1_f1 ▁▁▁▂▁▇▅█▅██▇███
wandb:       perf/test_auc ▁▄▂▂▃█▆▇▆█▇▆▆▆▆
wandb:        perf/test_f1 ▁▁▁▁▁▃▆▅▆▇▇████
wandb:        perf/val_auc ▂▂▂▁▃▆▅█▆█▄█▆▆▇
wandb:         perf/val_f1 ▁▁▁▁▁▃█▅████▇█▇
wandb:          tier1_loss ▄▁▅▁▅▁▁█▁▅▁▁▁▁▁▁▂▁▂▂▄▁▁▁▂▅▁▁▁▁▁▁▁▅▅▁▁▁▁▁
wandb:          tier2_loss ▇▁█▁▇▁▅▁▁▁▃▁▁▂█▁▁▄▁▁▁▁▁▁▁▇▄▁▁▁▁▁▆▁▁▁▁▁▁▁
wandb: 
wandb: Run summary:
wandb: diag/test_tier1_acc 86.73858
wandb:  diag/test_tier1_f1 0.61976
wandb:       perf/test_auc 0.80243
wandb:        perf/test_f1 0.57478
wandb:        perf/val_auc 0.82287
wandb:         perf/val_f1 0.39922
wandb:          tier1_loss 1.34842
wandb:          tier2_loss 0.06093
wandb: 
wandb: You can sync this run to the cloud by running:
wandb: wandb sync /data/bohatyrenko1/EXPERIMENTS_2/Hi-MoE_MIL/wandb/offline-run-20260927_150729-41h1512z
wandb: Find logs at: ./wandb/offline-run-20260927_150729-41h1512z/logs
Test [  0/197] eta: 0:01:10 loss: 0.0405 (0.0405) acc1: 100.0000 (100.0000) time: 0.3559 data: 0.2861 max mem: 2184
Test [100/197] eta: 0:00:05 loss: 0.0104 (0.7899) acc1: 100.0000 (81.1881) time: 0.0493 data: 0.0001 max mem: 2184
Test [196/197] eta: 0:00:00 loss: 0.0104 (0.6159) acc1: 100.0000 (85.7868) time: 0.0497 data: 0.0001 max mem: 2184
Test Total time: 0:00:10 (10.6801 s / it)
* Acc@1 85.787 loss 0.616 auroc 0.802 f1_score 0.575
  per-class F1 (Test): {'negative': np.float32(0.934), 'itc': np.float32(0.0), 'micro': np.float32(0.462), 'macro': np.float32(0.903)}
  [DIAG] Tier1 сам по собі: acc=86.739 f1_macro=0.620

============================================================
FINAL EPOCH (14) RESULTS (DTFD-ASMIL v2):
  test_auc=0.8024 test_acc=85.79 test_f1(macro)=0.5748
  [DIAG] Tier1 сам по собі: acc=86.739 f1_macro=0.620
  test per-class F1: {'negative': np.float32(0.934), 'itc': np.float32(0.0), 'micro': np.float32(0.462), 'macro': np.float32(0.903)}
  test confusion matrix (rows=true, cols=pred):
          negative         itc       micro       macro
negative        121           0           0           0
     itc         14           0           2           0
   micro          3           0           6           9
   macro          0           0           0          42
============================================================
Best epoch: {'epoch': 9, 'val_f1': 0.43255814909935, 'val_auc': 0.8408902883529663, 'test_f1': 0.5449265837669373, 'test_auc': 0.8616635799407959}
