wandb: Tracking run with wandb version 0.28.0
wandb: W&B syncing is set to `offline` in this directory. Run `wandb online` or set WANDB_MODE=online to enable cloud syncing.
wandb: Run data is saved locally in /data/bohatyrenko1/EXPERIMENTS_2/Hi-MoE_MIL/wandb/offline-run-20260922_101120-p8n8v16m
wandb: View this run in the terminal with `wandb leet`
Used config (DTFD-ASMIL):
{'B': 1,
 'D_feat': 384,
 'D_inner': 128,
 'M': None,
 'ckpt_dir': 'ckpt/c17_dtfd_w0_seed5',
 'config': 'config/camelyon17_vitsdino_config_30ep.yml',
 'dataset': 'camelyon17',
 'lr': 0.0001,
 'min_lr': 1e-06,
 'n_class': 4,
 'n_token': 8,
 'n_worker': 4,
 'pin_memory': True,
 'pretrain': 'medical_ssl',
 'seed': 5,
 'splits_dir': '/data/bohatyrenko1/EXPERIMENTS_2/ASMIL/splits_paper',
 'test_dir': '/data/bohatyrenko1/features_vitsdino_camelyon17_train',
 'tier1_weight': 0.0,
 'tier2_D_inner': None,
 'tier2_n_token': None,
 'train_dir': '/data/bohatyrenko1/features_vitsdino_camelyon17_train',
 'train_epoch': 30,
 'wandb_mode': 'offline',
 'warmup_epoch': 5,
 'wd': 1e-05}
M (псевдо-bags) = 8
Class weights: [0.3757062256336212, 3.694444417953491, 1.6219512224197388, 2.2166666984558105]
Epoch: [0] [  0/266] eta: 0:02:50 lr: 0.000000 tier1_loss: 1.5209 (1.5209) tier2_loss: 1.4842 (1.4842) time: 0.6417 data: 0.1548 max mem: 134
Epoch: [0] [100/266] eta: 0:00:20 lr: 0.000008 tier1_loss: 1.3621 (1.3974) tier2_loss: 0.8171 (1.2010) time: 0.1103 data: 0.0001 max mem: 306
Epoch: [0] [200/266] eta: 0:00:07 lr: 0.000015 tier1_loss: 1.3792 (1.3895) tier2_loss: 0.3280 (1.1557) time: 0.1163 data: 0.0001 max mem: 326
Epoch: [0] [265/266] eta: 0:00:00 lr: 0.000020 tier1_loss: 1.3987 (1.3879) tier2_loss: 0.1872 (1.0662) time: 0.1206 data: 0.0001 max mem: 326
Epoch: [0] Total time: 0:00:31 (31.7409 s / it)
Val [ 0/29] eta: 0:00:04 loss: 0.1581 (0.1581) acc1: 100.0000 (100.0000) time: 0.1621 data: 0.0996 max mem: 326
Val [28/29] eta: 0:00:00 loss: 0.1488 (1.0627) acc1: 100.0000 (68.9655) time: 0.0384 data: 0.0001 max mem: 326
Val Total time: 0:00:01 (1.3812 s / it)
* Acc@1 68.966 loss 1.063 auroc 0.574 f1_score 0.204
  per-class F1 (Val): {'negative': np.float32(0.816), 'itc': np.float32(0.0), 'micro': np.float32(0.0), 'macro': np.float32(0.0)}
Test [  0/197] eta: 0:00:37 loss: 2.8950 (2.8950) acc1: 0.0000 (0.0000) time: 0.1925 data: 0.1380 max mem: 326
Test [100/197] eta: 0:00:03 loss: 0.1474 (1.3306) acc1: 100.0000 (59.4059) time: 0.0305 data: 0.0001 max mem: 326
Test [196/197] eta: 0:00:00 loss: 0.1473 (1.2677) acc1: 100.0000 (61.4213) time: 0.0298 data: 0.0001 max mem: 326
Test Total time: 0:00:06 (6.6825 s / it)
* Acc@1 61.421 loss 1.268 auroc 0.618 f1_score 0.190
  per-class F1 (Test): {'negative': np.float32(0.761), 'itc': np.float32(0.0), 'micro': np.float32(0.0), 'macro': np.float32(0.0)}

Epoch: [1] [  0/266] eta: 0:01:05 lr: 0.000020 tier1_loss: 1.4339 (1.4339) tier2_loss: 2.9654 (2.9654) time: 0.2473 data: 0.1209 max mem: 326
Epoch: [1] [100/266] eta: 0:00:18 lr: 0.000028 tier1_loss: 1.4464 (1.4047) tier2_loss: 3.0013 (0.9020) time: 0.1161 data: 0.0001 max mem: 326
Epoch: [1] [200/266] eta: 0:00:07 lr: 0.000035 tier1_loss: 1.3680 (1.3886) tier2_loss: 0.2548 (1.0344) time: 0.1085 data: 0.0001 max mem: 326
Epoch: [1] [265/266] eta: 0:00:00 lr: 0.000040 tier1_loss: 1.3908 (1.3886) tier2_loss: 0.2292 (1.0753) time: 0.1258 data: 0.0001 max mem: 326
Epoch: [1] Total time: 0:00:30 (30.1441 s / it)
Val [ 0/29] eta: 0:00:05 loss: 0.2250 (0.2250) acc1: 100.0000 (100.0000) time: 0.1915 data: 0.1465 max mem: 326
Val [28/29] eta: 0:00:00 loss: 0.2443 (1.0079) acc1: 100.0000 (68.9655) time: 0.0339 data: 0.0001 max mem: 326
Val Total time: 0:00:01 (1.3679 s / it)
* Acc@1 68.966 loss 1.008 auroc 0.584 f1_score 0.204
  per-class F1 (Val): {'negative': np.float32(0.816), 'itc': np.float32(0.0), 'micro': np.float32(0.0), 'macro': np.float32(0.0)}
Test [  0/197] eta: 0:00:33 loss: 2.5048 (2.5048) acc1: 0.0000 (0.0000) time: 0.1682 data: 0.1342 max mem: 326
Test [100/197] eta: 0:00:02 loss: 0.2019 (1.2510) acc1: 100.0000 (59.4059) time: 0.0297 data: 0.0001 max mem: 326
Test [196/197] eta: 0:00:00 loss: 0.1827 (1.2087) acc1: 100.0000 (61.4213) time: 0.0277 data: 0.0001 max mem: 326
Test Total time: 0:00:05 (5.9766 s / it)
* Acc@1 61.421 loss 1.209 auroc 0.630 f1_score 0.190
  per-class F1 (Test): {'negative': np.float32(0.761), 'itc': np.float32(0.0), 'micro': np.float32(0.0), 'macro': np.float32(0.0)}

Epoch: [2] [  0/266] eta: 0:01:06 lr: 0.000040 tier1_loss: 1.2603 (1.2603) tier2_loss: 2.7305 (2.7305) time: 0.2494 data: 0.1131 max mem: 326
Epoch: [2] [100/266] eta: 0:00:19 lr: 0.000048 tier1_loss: 1.4493 (1.4034) tier2_loss: 0.2104 (1.1670) time: 0.1196 data: 0.0001 max mem: 326
Epoch: [2] [200/266] eta: 0:00:07 lr: 0.000055 tier1_loss: 1.3858 (1.4011) tier2_loss: 0.1961 (1.0877) time: 0.1131 data: 0.0001 max mem: 326
Epoch: [2] [265/266] eta: 0:00:00 lr: 0.000060 tier1_loss: 1.3728 (1.3943) tier2_loss: 0.1641 (1.0744) time: 0.1240 data: 0.0001 max mem: 326
Epoch: [2] Total time: 0:00:31 (31.5804 s / it)
Val [ 0/29] eta: 0:00:05 loss: 0.2001 (0.2001) acc1: 100.0000 (100.0000) time: 0.1826 data: 0.1346 max mem: 326
Val [28/29] eta: 0:00:00 loss: 0.2517 (1.0155) acc1: 100.0000 (68.9655) time: 0.0297 data: 0.0001 max mem: 326
Val Total time: 0:00:01 (1.0645 s / it)
* Acc@1 68.966 loss 1.016 auroc 0.554 f1_score 0.204
  per-class F1 (Val): {'negative': np.float32(0.816), 'itc': np.float32(0.0), 'micro': np.float32(0.0), 'macro': np.float32(0.0)}
Test [  0/197] eta: 0:00:36 loss: 3.0607 (3.0607) acc1: 0.0000 (0.0000) time: 0.1829 data: 0.1489 max mem: 326
Test [100/197] eta: 0:00:03 loss: 0.1674 (1.2388) acc1: 100.0000 (59.4059) time: 0.0311 data: 0.0001 max mem: 326
Test [196/197] eta: 0:00:00 loss: 0.1385 (1.1624) acc1: 100.0000 (61.4213) time: 0.0292 data: 0.0001 max mem: 326
Test Total time: 0:00:06 (6.2306 s / it)
* Acc@1 61.421 loss 1.162 auroc 0.665 f1_score 0.190
  per-class F1 (Test): {'negative': np.float32(0.761), 'itc': np.float32(0.0), 'micro': np.float32(0.0), 'macro': np.float32(0.0)}

Epoch: [3] [  0/266] eta: 0:01:05 lr: 0.000060 tier1_loss: 1.3756 (1.3756) tier2_loss: 0.1503 (0.1503) time: 0.2481 data: 0.1242 max mem: 326
Epoch: [3] [100/266] eta: 0:00:18 lr: 0.000068 tier1_loss: 1.4354 (1.4003) tier2_loss: 0.4670 (1.0989) time: 0.0974 data: 0.0001 max mem: 326
Epoch: [3] [200/266] eta: 0:00:07 lr: 0.000075 tier1_loss: 1.3264 (1.3913) tier2_loss: 0.2563 (1.1061) time: 0.1159 data: 0.0001 max mem: 326
Epoch: [3] [265/266] eta: 0:00:00 lr: 0.000080 tier1_loss: 1.3247 (1.3880) tier2_loss: 0.1774 (1.0706) time: 0.0989 data: 0.0001 max mem: 326
Epoch: [3] Total time: 0:00:30 (30.3848 s / it)
Val [ 0/29] eta: 0:00:04 loss: 0.1839 (0.1839) acc1: 100.0000 (100.0000) time: 0.1719 data: 0.1342 max mem: 326
Val [28/29] eta: 0:00:00 loss: 0.1625 (1.0886) acc1: 100.0000 (68.9655) time: 0.0304 data: 0.0001 max mem: 326
Val Total time: 0:00:01 (1.0825 s / it)
* Acc@1 68.966 loss 1.089 auroc 0.634 f1_score 0.204
  per-class F1 (Val): {'negative': np.float32(0.816), 'itc': np.float32(0.0), 'micro': np.float32(0.0), 'macro': np.float32(0.0)}
Test [  0/197] eta: 0:00:37 loss: 2.4369 (2.4369) acc1: 0.0000 (0.0000) time: 0.1900 data: 0.1264 max mem: 326
Test [100/197] eta: 0:00:03 loss: 0.1553 (1.2359) acc1: 100.0000 (59.4059) time: 0.0297 data: 0.0001 max mem: 326
Test [196/197] eta: 0:00:00 loss: 0.1470 (1.1774) acc1: 100.0000 (61.4213) time: 0.0286 data: 0.0001 max mem: 326
Test Total time: 0:00:06 (6.1664 s / it)
* Acc@1 61.421 loss 1.177 auroc 0.707 f1_score 0.190
  per-class F1 (Test): {'negative': np.float32(0.761), 'itc': np.float32(0.0), 'micro': np.float32(0.0), 'macro': np.float32(0.0)}

Epoch: [4] [  0/266] eta: 0:01:18 lr: 0.000080 tier1_loss: 1.3631 (1.3631) tier2_loss: 0.1927 (0.1927) time: 0.2950 data: 0.1322 max mem: 326
Epoch: [4] [100/266] eta: 0:00:19 lr: 0.000088 tier1_loss: 1.4263 (1.3724) tier2_loss: 1.3778 (1.0435) time: 0.1159 data: 0.0001 max mem: 326
Epoch: [4] [200/266] eta: 0:00:07 lr: 0.000095 tier1_loss: 1.3942 (1.3770) tier2_loss: 0.2335 (0.9796) time: 0.1155 data: 0.0001 max mem: 326
Epoch: [4] [265/266] eta: 0:00:00 lr: 0.000100 tier1_loss: 1.3601 (1.3786) tier2_loss: 0.2079 (1.0120) time: 0.1144 data: 0.0001 max mem: 326
Epoch: [4] Total time: 0:00:31 (31.1818 s / it)
Val [ 0/29] eta: 0:00:04 loss: 0.1569 (0.1569) acc1: 100.0000 (100.0000) time: 0.1689 data: 0.1319 max mem: 326
Val [28/29] eta: 0:00:00 loss: 0.1724 (0.9835) acc1: 100.0000 (68.9655) time: 0.0296 data: 0.0001 max mem: 326
Val Total time: 0:00:01 (1.0691 s / it)
* Acc@1 68.966 loss 0.984 auroc 0.627 f1_score 0.204
  per-class F1 (Val): {'negative': np.float32(0.816), 'itc': np.float32(0.0), 'micro': np.float32(0.0), 'macro': np.float32(0.0)}
Test [  0/197] eta: 0:00:32 loss: 3.0316 (3.0316) acc1: 0.0000 (0.0000) time: 0.1625 data: 0.1224 max mem: 326
Test [100/197] eta: 0:00:03 loss: 0.1435 (1.0607) acc1: 100.0000 (67.3267) time: 0.0297 data: 0.0001 max mem: 326
Test [196/197] eta: 0:00:00 loss: 0.1186 (0.9152) acc1: 100.0000 (72.0812) time: 0.0284 data: 0.0001 max mem: 326
Test Total time: 0:00:06 (6.0523 s / it)
* Acc@1 72.081 loss 0.915 auroc 0.730 f1_score 0.368
  per-class F1 (Test): {'negative': np.float32(0.818), 'itc': np.float32(0.0), 'micro': np.float32(0.0), 'macro': np.float32(0.656)}

Epoch: [5] [  0/266] eta: 0:01:12 lr: 0.000100 tier1_loss: 1.4172 (1.4172) tier2_loss: 0.1852 (0.1852) time: 0.2736 data: 0.1401 max mem: 326
Epoch: [5] [100/266] eta: 0:00:19 lr: 0.000100 tier1_loss: 1.3363 (1.3694) tier2_loss: 0.2332 (0.9939) time: 0.1167 data: 0.0001 max mem: 326
Epoch: [5] [200/266] eta: 0:00:07 lr: 0.000100 tier1_loss: 1.3577 (1.3833) tier2_loss: 0.1532 (0.9271) time: 0.1245 data: 0.0001 max mem: 326
Epoch: [5] [265/266] eta: 0:00:00 lr: 0.000100 tier1_loss: 1.3835 (1.3908) tier2_loss: 0.2380 (0.9421) time: 0.1119 data: 0.0001 max mem: 326
Epoch: [5] Total time: 0:00:32 (32.2024 s / it)
Val [ 0/29] eta: 0:00:04 loss: 0.2367 (0.2367) acc1: 100.0000 (100.0000) time: 0.1717 data: 0.1341 max mem: 326
Val [28/29] eta: 0:00:00 loss: 0.2163 (0.9186) acc1: 100.0000 (72.4138) time: 0.0292 data: 0.0001 max mem: 326
Val Total time: 0:00:01 (1.0369 s / it)
* Acc@1 72.414 loss 0.919 auroc 0.719 f1_score 0.308
  per-class F1 (Val): {'negative': np.float32(0.833), 'itc': np.float32(0.0), 'micro': np.float32(0.0), 'macro': np.float32(0.4)}
Test [  0/197] eta: 0:00:31 loss: 2.4481 (2.4481) acc1: 0.0000 (0.0000) time: 0.1596 data: 0.1248 max mem: 326
Test [100/197] eta: 0:00:03 loss: 0.2101 (0.8915) acc1: 100.0000 (71.2871) time: 0.0309 data: 0.0001 max mem: 326
Test [196/197] eta: 0:00:00 loss: 0.1702 (0.7440) acc1: 100.0000 (76.1421) time: 0.0289 data: 0.0001 max mem: 326
Test Total time: 0:00:06 (6.2190 s / it)
* Acc@1 76.142 loss 0.744 auroc 0.768 f1_score 0.411
  per-class F1 (Test): {'negative': np.float32(0.84), 'itc': np.float32(0.0), 'micro': np.float32(0.0), 'macro': np.float32(0.806)}

Epoch: [6] [  0/266] eta: 0:01:23 lr: 0.000100 tier1_loss: 1.2413 (1.2413) tier2_loss: 2.7252 (2.7252) time: 0.3152 data: 0.1546 max mem: 326
Epoch: [6] [100/266] eta: 0:00:19 lr: 0.000099 tier1_loss: 1.3423 (1.3856) tier2_loss: 0.0881 (0.8818) time: 0.1167 data: 0.0001 max mem: 326
Epoch: [6] [200/266] eta: 0:00:07 lr: 0.000099 tier1_loss: 1.3281 (1.3762) tier2_loss: 0.1768 (0.8377) time: 0.1466 data: 0.0001 max mem: 326
Epoch: [6] [265/266] eta: 0:00:00 lr: 0.000098 tier1_loss: 1.3750 (1.3711) tier2_loss: 0.3018 (0.8358) time: 0.1213 data: 0.0001 max mem: 326
Epoch: [6] Total time: 0:00:32 (32.0626 s / it)
Val [ 0/29] eta: 0:00:04 loss: 0.2281 (0.2281) acc1: 100.0000 (100.0000) time: 0.1570 data: 0.1212 max mem: 326
Val [28/29] eta: 0:00:00 loss: 0.2222 (0.8968) acc1: 100.0000 (72.4138) time: 0.0291 data: 0.0001 max mem: 326
Val Total time: 0:00:00 (0.9968 s / it)
* Acc@1 72.414 loss 0.897 auroc 0.712 f1_score 0.373
  per-class F1 (Val): {'negative': np.float32(0.826), 'itc': np.float32(0.0), 'micro': np.float32(0.0), 'macro': np.float32(0.667)}
Test [  0/197] eta: 0:00:32 loss: 2.0486 (2.0486) acc1: 0.0000 (0.0000) time: 0.1640 data: 0.1208 max mem: 326
Test [100/197] eta: 0:00:03 loss: 0.2665 (0.7383) acc1: 100.0000 (76.2376) time: 0.0299 data: 0.0001 max mem: 326
Test [196/197] eta: 0:00:00 loss: 0.1668 (0.6013) acc1: 100.0000 (81.2183) time: 0.0289 data: 0.0001 max mem: 326
Test Total time: 0:00:06 (6.1083 s / it)
* Acc@1 81.218 loss 0.601 auroc 0.795 f1_score 0.453
  per-class F1 (Test): {'negative': np.float32(0.873), 'itc': np.float32(0.0), 'micro': np.float32(0.0), 'macro': np.float32(0.941)}

Epoch: [7] [  0/266] eta: 0:01:14 lr: 0.000098 tier1_loss: 1.3067 (1.3067) tier2_loss: 0.0738 (0.0738) time: 0.2786 data: 0.1251 max mem: 326
Epoch: [7] [100/266] eta: 0:00:18 lr: 0.000098 tier1_loss: 1.3369 (1.3751) tier2_loss: 0.0511 (0.7031) time: 0.1062 data: 0.0001 max mem: 326
Epoch: [7] [200/266] eta: 0:00:07 lr: 0.000097 tier1_loss: 1.3463 (1.3678) tier2_loss: 0.0880 (0.7688) time: 0.1348 data: 0.0001 max mem: 326
Epoch: [7] [265/266] eta: 0:00:00 lr: 0.000097 tier1_loss: 1.3609 (1.3690) tier2_loss: 0.0800 (0.7480) time: 0.1153 data: 0.0001 max mem: 326
Epoch: [7] Total time: 0:00:31 (31.1457 s / it)
Val [ 0/29] eta: 0:00:04 loss: 0.0899 (0.0899) acc1: 100.0000 (100.0000) time: 0.1713 data: 0.1346 max mem: 326
Val [28/29] eta: 0:00:00 loss: 0.0615 (0.8210) acc1: 100.0000 (72.4138) time: 0.0289 data: 0.0001 max mem: 326
Val Total time: 0:00:01 (1.0185 s / it)
* Acc@1 72.414 loss 0.821 auroc 0.741 f1_score 0.354
  per-class F1 (Val): {'negative': np.float32(0.844), 'itc': np.float32(0.0), 'micro': np.float32(0.0), 'macro': np.float32(0.571)}
Test [  0/197] eta: 0:00:30 loss: 1.8787 (1.8787) acc1: 0.0000 (0.0000) time: 0.1570 data: 0.1225 max mem: 326
Test [100/197] eta: 0:00:03 loss: 0.0744 (0.7636) acc1: 100.0000 (77.2277) time: 0.0295 data: 0.0001 max mem: 326
Test [196/197] eta: 0:00:00 loss: 0.0550 (0.6438) acc1: 100.0000 (81.7259) time: 0.0284 data: 0.0001 max mem: 326
Test Total time: 0:00:06 (6.0224 s / it)
* Acc@1 81.726 loss 0.644 auroc 0.857 f1_score 0.443
  per-class F1 (Test): {'negative': np.float32(0.905), 'itc': np.float32(0.0), 'micro': np.float32(0.0), 'macro': np.float32(0.866)}

Epoch: [8] [  0/266] eta: 0:01:05 lr: 0.000097 tier1_loss: 1.1596 (1.1596) tier2_loss: 2.6901 (2.6901) time: 0.2464 data: 0.1025 max mem: 326
Epoch: [8] [100/266] eta: 0:00:18 lr: 0.000096 tier1_loss: 1.3271 (1.3413) tier2_loss: 0.1033 (0.6857) time: 0.1158 data: 0.0001 max mem: 326
Epoch: [8] [200/266] eta: 0:00:07 lr: 0.000095 tier1_loss: 1.2585 (1.3251) tier2_loss: 0.0375 (0.6693) time: 0.1117 data: 0.0001 max mem: 326
Epoch: [8] [265/266] eta: 0:00:00 lr: 0.000094 tier1_loss: 1.3408 (1.3302) tier2_loss: 0.0423 (0.6047) time: 0.1077 data: 0.0001 max mem: 326
Epoch: [8] Total time: 0:00:30 (30.9835 s / it)
Val [ 0/29] eta: 0:00:04 loss: 0.0493 (0.0493) acc1: 100.0000 (100.0000) time: 0.1672 data: 0.1327 max mem: 326
Val [28/29] eta: 0:00:00 loss: 0.0310 (0.7798) acc1: 100.0000 (82.7586) time: 0.0293 data: 0.0001 max mem: 326
Val Total time: 0:00:01 (1.0335 s / it)
* Acc@1 82.759 loss 0.780 auroc 0.771 f1_score 0.561
  per-class F1 (Val): {'negative': np.float32(0.909), 'itc': np.float32(0.0), 'micro': np.float32(0.667), 'macro': np.float32(0.667)}
Test [  0/197] eta: 0:00:34 loss: 0.3562 (0.3562) acc1: 100.0000 (100.0000) time: 0.1768 data: 0.1255 max mem: 326
Test [100/197] eta: 0:00:03 loss: 0.0372 (0.6762) acc1: 100.0000 (79.2079) time: 0.0297 data: 0.0001 max mem: 326
Test [196/197] eta: 0:00:00 loss: 0.0262 (0.5964) acc1: 100.0000 (83.2487) time: 0.0286 data: 0.0002 max mem: 326
Test Total time: 0:00:06 (6.0559 s / it)
* Acc@1 83.249 loss 0.596 auroc 0.865 f1_score 0.521
  per-class F1 (Test): {'negative': np.float32(0.905), 'itc': np.float32(0.0), 'micro': np.float32(0.286), 'macro': np.float32(0.894)}

Epoch: [9] [  0/266] eta: 0:01:07 lr: 0.000094 tier1_loss: 1.2386 (1.2386) tier2_loss: 0.0273 (0.0273) time: 0.2523 data: 0.1119 max mem: 326
Epoch: [9] [100/266] eta: 0:00:19 lr: 0.000093 tier1_loss: 1.2905 (1.3298) tier2_loss: 0.0430 (0.4019) time: 0.1134 data: 0.0001 max mem: 326
Epoch: [9] [200/266] eta: 0:00:08 lr: 0.000091 tier1_loss: 1.3364 (1.3303) tier2_loss: 0.0349 (0.4832) time: 0.1183 data: 0.0001 max mem: 326
Epoch: [9] [265/266] eta: 0:00:00 lr: 0.000091 tier1_loss: 1.2992 (1.3250) tier2_loss: 0.0484 (0.5167) time: 0.1140 data: 0.0001 max mem: 326
Epoch: [9] Total time: 0:00:32 (32.0454 s / it)
Val [ 0/29] eta: 0:00:04 loss: 0.1088 (0.1088) acc1: 100.0000 (100.0000) time: 0.1717 data: 0.1295 max mem: 326
Val [28/29] eta: 0:00:00 loss: 0.0562 (0.8010) acc1: 100.0000 (82.7586) time: 0.0296 data: 0.0001 max mem: 326
Val Total time: 0:00:01 (1.0476 s / it)
* Acc@1 82.759 loss 0.801 auroc 0.784 f1_score 0.561
  per-class F1 (Val): {'negative': np.float32(0.909), 'itc': np.float32(0.0), 'micro': np.float32(0.667), 'macro': np.float32(0.667)}
Test [  0/197] eta: 0:00:32 loss: 0.1124 (0.1124) acc1: 100.0000 (100.0000) time: 0.1671 data: 0.1263 max mem: 326
Test [100/197] eta: 0:00:03 loss: 0.0874 (0.5269) acc1: 100.0000 (84.1584) time: 0.0299 data: 0.0001 max mem: 326
Test [196/197] eta: 0:00:00 loss: 0.0476 (0.4855) acc1: 100.0000 (86.2944) time: 0.0286 data: 0.0001 max mem: 326
Test Total time: 0:00:06 (6.1255 s / it)
* Acc@1 86.294 loss 0.486 auroc 0.885 f1_score 0.630
  per-class F1 (Test): {'negative': np.float32(0.912), 'itc': np.float32(0.0), 'micro': np.float32(0.667), 'macro': np.float32(0.943)}

Epoch: [10] [  0/266] eta: 0:01:04 lr: 0.000091 tier1_loss: 1.3654 (1.3654) tier2_loss: 0.0253 (0.0253) time: 0.2426 data: 0.1264 max mem: 326
Epoch: [10] [100/266] eta: 0:00:19 lr: 0.000089 tier1_loss: 1.2783 (1.3281) tier2_loss: 0.0228 (0.4798) time: 0.1146 data: 0.0001 max mem: 326
Epoch: [10] [200/266] eta: 0:00:07 lr: 0.000088 tier1_loss: 1.3110 (1.3339) tier2_loss: 0.0229 (0.4303) time: 0.1042 data: 0.0001 max mem: 326
Epoch: [10] [265/266] eta: 0:00:00 lr: 0.000087 tier1_loss: 1.2917 (1.3301) tier2_loss: 0.0305 (0.4584) time: 0.1045 data: 0.0001 max mem: 326
Epoch: [10] Total time: 0:00:30 (30.5528 s / it)
Val [ 0/29] eta: 0:00:05 loss: 0.0435 (0.0435) acc1: 100.0000 (100.0000) time: 0.1792 data: 0.1291 max mem: 326
Val [28/29] eta: 0:00:00 loss: 0.0158 (0.9964) acc1: 100.0000 (79.3103) time: 0.0280 data: 0.0001 max mem: 326
Val Total time: 0:00:01 (1.0049 s / it)
* Acc@1 79.310 loss 0.996 auroc 0.787 f1_score 0.530
  per-class F1 (Val): {'negative': np.float32(0.884), 'itc': np.float32(0.0), 'micro': np.float32(0.571), 'macro': np.float32(0.667)}
Test [  0/197] eta: 0:00:34 loss: 0.0327 (0.0327) acc1: 100.0000 (100.0000) time: 0.1751 data: 0.1330 max mem: 326
Test [100/197] eta: 0:00:03 loss: 0.0254 (0.6065) acc1: 100.0000 (85.1485) time: 0.0297 data: 0.0001 max mem: 326
Test [196/197] eta: 0:00:00 loss: 0.0124 (0.5616) acc1: 100.0000 (86.2944) time: 0.0280 data: 0.0001 max mem: 326
Test Total time: 0:00:06 (6.0291 s / it)
* Acc@1 86.294 loss 0.562 auroc 0.880 f1_score 0.636
  per-class F1 (Test): {'negative': np.float32(0.918), 'itc': np.float32(0.0), 'micro': np.float32(0.684), 'macro': np.float32(0.941)}

Epoch: [11] [  0/266] eta: 0:01:08 lr: 0.000087 tier1_loss: 1.4491 (1.4491) tier2_loss: 0.0842 (0.0842) time: 0.2587 data: 0.1126 max mem: 326
Epoch: [11] [100/266] eta: 0:00:19 lr: 0.000085 tier1_loss: 1.3202 (1.3470) tier2_loss: 0.0416 (0.4168) time: 0.1101 data: 0.0001 max mem: 326
Epoch: [11] [200/266] eta: 0:00:07 lr: 0.000083 tier1_loss: 1.3270 (1.3369) tier2_loss: 0.0140 (0.3963) time: 0.1103 data: 0.0001 max mem: 326
Epoch: [11] [265/266] eta: 0:00:00 lr: 0.000082 tier1_loss: 1.2870 (1.3341) tier2_loss: 0.0191 (0.4069) time: 0.1077 data: 0.0001 max mem: 326
Epoch: [11] Total time: 0:00:30 (30.6611 s / it)
Val [ 0/29] eta: 0:00:04 loss: 0.0310 (0.0310) acc1: 100.0000 (100.0000) time: 0.1633 data: 0.1300 max mem: 326
Val [28/29] eta: 0:00:00 loss: 0.0091 (1.0743) acc1: 100.0000 (75.8621) time: 0.0291 data: 0.0001 max mem: 326
Val Total time: 0:00:01 (1.0259 s / it)
* Acc@1 75.862 loss 1.074 auroc 0.834 f1_score 0.506
  per-class F1 (Val): {'negative': np.float32(0.857), 'itc': np.float32(0.0), 'micro': np.float32(0.5), 'macro': np.float32(0.667)}
Test [  0/197] eta: 0:00:35 loss: 0.0354 (0.0354) acc1: 100.0000 (100.0000) time: 0.1822 data: 0.1180 max mem: 326
Test [100/197] eta: 0:00:03 loss: 0.0166 (0.6493) acc1: 100.0000 (85.1485) time: 0.0287 data: 0.0001 max mem: 326
Test [196/197] eta: 0:00:00 loss: 0.0074 (0.5914) acc1: 100.0000 (86.8020) time: 0.0276 data: 0.0001 max mem: 326
Test Total time: 0:00:05 (5.9829 s / it)
* Acc@1 86.802 loss 0.591 auroc 0.866 f1_score 0.640
  per-class F1 (Test): {'negative': np.float32(0.921), 'itc': np.float32(0.0), 'micro': np.float32(0.684), 'macro': np.float32(0.953)}

Epoch: [12] [  0/266] eta: 0:01:02 lr: 0.000082 tier1_loss: 1.3134 (1.3134) tier2_loss: 0.0096 (0.0096) time: 0.2367 data: 0.1049 max mem: 326
Epoch: [12] [100/266] eta: 0:00:19 lr: 0.000080 tier1_loss: 1.3296 (1.3468) tier2_loss: 0.0134 (0.3647) time: 0.1203 data: 0.0001 max mem: 326
Epoch: [12] [200/266] eta: 0:00:07 lr: 0.000078 tier1_loss: 1.3524 (1.3348) tier2_loss: 0.0101 (0.3788) time: 0.1080 data: 0.0001 max mem: 326
Epoch: [12] [265/266] eta: 0:00:00 lr: 0.000077 tier1_loss: 1.3391 (1.3411) tier2_loss: 0.0109 (0.3778) time: 0.1116 data: 0.0001 max mem: 326
Epoch: [12] Total time: 0:00:30 (30.7289 s / it)
Val [ 0/29] eta: 0:00:04 loss: 0.0220 (0.0220) acc1: 100.0000 (100.0000) time: 0.1605 data: 0.1246 max mem: 326
Val [28/29] eta: 0:00:00 loss: 0.0073 (1.0884) acc1: 100.0000 (82.7586) time: 0.0294 data: 0.0001 max mem: 326
Val Total time: 0:00:01 (1.0377 s / it)
* Acc@1 82.759 loss 1.088 auroc 0.786 f1_score 0.561
  per-class F1 (Val): {'negative': np.float32(0.909), 'itc': np.float32(0.0), 'micro': np.float32(0.667), 'macro': np.float32(0.667)}
Test [  0/197] eta: 0:00:34 loss: 0.0254 (0.0254) acc1: 100.0000 (100.0000) time: 0.1733 data: 0.1287 max mem: 326
Test [100/197] eta: 0:00:03 loss: 0.0101 (0.6339) acc1: 100.0000 (86.1386) time: 0.0314 data: 0.0001 max mem: 326
Test [196/197] eta: 0:00:00 loss: 0.0073 (0.5888) acc1: 100.0000 (87.3096) time: 0.0294 data: 0.0001 max mem: 326
Test Total time: 0:00:06 (6.2679 s / it)
* Acc@1 87.310 loss 0.589 auroc 0.865 f1_score 0.677
  per-class F1 (Test): {'negative': np.float32(0.926), 'itc': np.float32(0.118), 'micro': np.float32(0.737), 'macro': np.float32(0.927)}

Epoch: [13] [  0/266] eta: 0:01:04 lr: 0.000077 tier1_loss: 1.3385 (1.3385) tier2_loss: 0.0095 (0.0095) time: 0.2442 data: 0.1295 max mem: 326
Epoch: [13] [100/266] eta: 0:00:19 lr: 0.000075 tier1_loss: 1.3161 (1.3420) tier2_loss: 0.0170 (0.3557) time: 0.1090 data: 0.0001 max mem: 326
Epoch: [13] [200/266] eta: 0:00:07 lr: 0.000073 tier1_loss: 1.3083 (1.3377) tier2_loss: 0.0162 (0.3259) time: 0.1136 data: 0.0001 max mem: 326
Epoch: [13] [265/266] eta: 0:00:00 lr: 0.000072 tier1_loss: 1.3242 (1.3445) tier2_loss: 0.0099 (0.3368) time: 0.1017 data: 0.0001 max mem: 326
Epoch: [13] Total time: 0:00:30 (30.1517 s / it)
Val [ 0/29] eta: 0:00:04 loss: 0.0668 (0.0668) acc1: 100.0000 (100.0000) time: 0.1612 data: 0.1265 max mem: 326
Val [28/29] eta: 0:00:00 loss: 0.0051 (1.2221) acc1: 100.0000 (72.4138) time: 0.0279 data: 0.0001 max mem: 326
Val Total time: 0:00:00 (0.9973 s / it)
* Acc@1 72.414 loss 1.222 auroc 0.842 f1_score 0.517
  per-class F1 (Val): {'negative': np.float32(0.829), 'itc': np.float32(0.0), 'micro': np.float32(0.571), 'macro': np.float32(0.667)}
Test [  0/197] eta: 0:00:30 loss: 0.9590 (0.9590) acc1: 0.0000 (0.0000) time: 0.1532 data: 0.1195 max mem: 326
Test [100/197] eta: 0:00:02 loss: 0.0107 (0.8499) acc1: 100.0000 (81.1881) time: 0.0286 data: 0.0001 max mem: 326
Test [196/197] eta: 0:00:00 loss: 0.0056 (0.6732) acc1: 100.0000 (85.2792) time: 0.0282 data: 0.0001 max mem: 326
Test Total time: 0:00:05 (5.7774 s / it)
* Acc@1 85.279 loss 0.673 auroc 0.876 f1_score 0.632
  per-class F1 (Test): {'negative': np.float32(0.925), 'itc': np.float32(0.211), 'micro': np.float32(0.5), 'macro': np.float32(0.894)}

Epoch: [14] [  0/266] eta: 0:01:12 lr: 0.000072 tier1_loss: 1.2462 (1.2462) tier2_loss: 0.0071 (0.0071) time: 0.2724 data: 0.1364 max mem: 326
Epoch: [14] [100/266] eta: 0:00:19 lr: 0.000069 tier1_loss: 1.3814 (1.3737) tier2_loss: 0.0077 (0.3358) time: 0.1162 data: 0.0001 max mem: 326
Epoch: [14] [200/266] eta: 0:00:08 lr: 0.000067 tier1_loss: 1.3169 (1.3634) tier2_loss: 0.0055 (0.3195) time: 0.1202 data: 0.0001 max mem: 326
Epoch: [14] [265/266] eta: 0:00:00 lr: 0.000066 tier1_loss: 1.3965 (1.3651) tier2_loss: 0.0178 (0.2954) time: 0.1086 data: 0.0001 max mem: 326
Epoch: [14] Total time: 0:00:31 (31.6364 s / it)
Val [ 0/29] eta: 0:00:04 loss: 0.0624 (0.0624) acc1: 100.0000 (100.0000) time: 0.1692 data: 0.1291 max mem: 326
Val [28/29] eta: 0:00:00 loss: 0.0085 (1.1821) acc1: 100.0000 (75.8621) time: 0.0282 data: 0.0001 max mem: 326
Val Total time: 0:00:01 (1.0066 s / it)
* Acc@1 75.862 loss 1.182 auroc 0.770 f1_score 0.548
  per-class F1 (Val): {'negative': np.float32(0.857), 'itc': np.float32(0.0), 'micro': np.float32(0.667), 'macro': np.float32(0.667)}
Test [  0/197] eta: 0:00:29 loss: 0.0177 (0.0177) acc1: 100.0000 (100.0000) time: 0.1488 data: 0.1085 max mem: 326
Test [100/197] eta: 0:00:03 loss: 0.0227 (0.6098) acc1: 100.0000 (85.1485) time: 0.0300 data: 0.0001 max mem: 326
Test [196/197] eta: 0:00:00 loss: 0.0060 (0.5687) acc1: 100.0000 (87.3096) time: 0.0288 data: 0.0001 max mem: 326
Test Total time: 0:00:06 (6.1380 s / it)
* Acc@1 87.310 loss 0.569 auroc 0.879 f1_score 0.719
  per-class F1 (Test): {'negative': np.float32(0.921), 'itc': np.float32(0.261), 'micro': np.float32(0.743), 'macro': np.float32(0.952)}

Epoch: [15] [  0/266] eta: 0:01:16 lr: 0.000066 tier1_loss: 1.2257 (1.2257) tier2_loss: 0.1450 (0.1450) time: 0.2869 data: 0.1297 max mem: 326
Epoch: [15] [100/266] eta: 0:00:19 lr: 0.000064 tier1_loss: 1.3796 (1.3754) tier2_loss: 0.0051 (0.2746) time: 0.1214 data: 0.0001 max mem: 326
Epoch: [15] [200/266] eta: 0:00:07 lr: 0.000061 tier1_loss: 1.3466 (1.3581) tier2_loss: 0.0055 (0.2791) time: 0.1129 data: 0.0001 max mem: 326
Epoch: [15] [265/266] eta: 0:00:00 lr: 0.000060 tier1_loss: 1.3782 (1.3605) tier2_loss: 0.0064 (0.2840) time: 0.1099 data: 0.0001 max mem: 326
Epoch: [15] Total time: 0:00:30 (30.7485 s / it)
Val [ 0/29] eta: 0:00:04 loss: 0.1232 (0.1232) acc1: 100.0000 (100.0000) time: 0.1678 data: 0.1321 max mem: 326
Val [28/29] eta: 0:00:00 loss: 0.0046 (1.3286) acc1: 100.0000 (75.8621) time: 0.0292 data: 0.0001 max mem: 326
Val Total time: 0:00:01 (1.0372 s / it)
* Acc@1 75.862 loss 1.329 auroc 0.773 f1_score 0.524
  per-class F1 (Val): {'negative': np.float32(0.857), 'itc': np.float32(0.0), 'micro': np.float32(0.571), 'macro': np.float32(0.667)}
Test [  0/197] eta: 0:00:30 loss: 0.0256 (0.0256) acc1: 100.0000 (100.0000) time: 0.1529 data: 0.1125 max mem: 326
Test [100/197] eta: 0:00:03 loss: 0.0195 (0.7266) acc1: 100.0000 (81.1881) time: 0.0307 data: 0.0001 max mem: 326
Test [196/197] eta: 0:00:00 loss: 0.0041 (0.6081) acc1: 100.0000 (85.2792) time: 0.0283 data: 0.0001 max mem: 326
Test Total time: 0:00:06 (6.0799 s / it)
* Acc@1 85.279 loss 0.608 auroc 0.889 f1_score 0.703
  per-class F1 (Test): {'negative': np.float32(0.907), 'itc': np.float32(0.308), 'micro': np.float32(0.667), 'macro': np.float32(0.932)}

Epoch: [16] [  0/266] eta: 0:01:11 lr: 0.000060 tier1_loss: 1.3146 (1.3146) tier2_loss: 0.0099 (0.0099) time: 0.2695 data: 0.1270 max mem: 326
Epoch: [16] [100/266] eta: 0:00:19 lr: 0.000057 tier1_loss: 1.3204 (1.3615) tier2_loss: 0.0096 (0.2154) time: 0.1174 data: 0.0001 max mem: 326
Epoch: [16] [200/266] eta: 0:00:07 lr: 0.000055 tier1_loss: 1.3114 (1.3582) tier2_loss: 0.0064 (0.2300) time: 0.1120 data: 0.0001 max mem: 326
Epoch: [16] [265/266] eta: 0:00:00 lr: 0.000054 tier1_loss: 1.3235 (1.3574) tier2_loss: 0.0112 (0.2398) time: 0.1055 data: 0.0001 max mem: 326
Epoch: [16] Total time: 0:00:29 (29.6689 s / it)
Val [ 0/29] eta: 0:00:04 loss: 0.1262 (0.1262) acc1: 100.0000 (100.0000) time: 0.1680 data: 0.1303 max mem: 326
Val [28/29] eta: 0:00:00 loss: 0.0037 (1.1633) acc1: 100.0000 (72.4138) time: 0.0300 data: 0.0001 max mem: 326
Val Total time: 0:00:01 (1.0574 s / it)
* Acc@1 72.414 loss 1.163 auroc 0.846 f1_score 0.517
  per-class F1 (Val): {'negative': np.float32(0.829), 'itc': np.float32(0.0), 'micro': np.float32(0.571), 'macro': np.float32(0.667)}
Test [  0/197] eta: 0:00:33 loss: 0.0253 (0.0253) acc1: 100.0000 (100.0000) time: 0.1706 data: 0.1337 max mem: 326
Test [100/197] eta: 0:00:03 loss: 0.0167 (0.8130) acc1: 100.0000 (81.1881) time: 0.0305 data: 0.0001 max mem: 326
Test [196/197] eta: 0:00:00 loss: 0.0041 (0.6641) acc1: 100.0000 (82.7411) time: 0.0284 data: 0.0001 max mem: 326
Test Total time: 0:00:06 (6.0981 s / it)
* Acc@1 82.741 loss 0.664 auroc 0.894 f1_score 0.647
  per-class F1 (Test): {'negative': np.float32(0.902), 'itc': np.float32(0.267), 'micro': np.float32(0.519), 'macro': np.float32(0.901)}

Epoch: [17] [  0/266] eta: 0:01:16 lr: 0.000054 tier1_loss: 1.4102 (1.4102) tier2_loss: 0.0111 (0.0111) time: 0.2869 data: 0.1378 max mem: 326
Epoch: [17] [100/266] eta: 0:00:18 lr: 0.000051 tier1_loss: 1.3143 (1.3431) tier2_loss: 0.0049 (0.1628) time: 0.1203 data: 0.0001 max mem: 326
Epoch: [17] [200/266] eta: 0:00:07 lr: 0.000049 tier1_loss: 1.3659 (1.3544) tier2_loss: 0.0043 (0.1807) time: 0.1189 data: 0.0001 max mem: 326
Epoch: [17] [265/266] eta: 0:00:00 lr: 0.000047 tier1_loss: 1.3478 (1.3567) tier2_loss: 0.0046 (0.1859) time: 0.1122 data: 0.0001 max mem: 326
Epoch: [17] Total time: 0:00:30 (30.1320 s / it)
Val [ 0/29] eta: 0:00:04 loss: 0.1307 (0.1307) acc1: 100.0000 (100.0000) time: 0.1656 data: 0.1283 max mem: 326
Val [28/29] eta: 0:00:00 loss: 0.0031 (1.2395) acc1: 100.0000 (75.8621) time: 0.0291 data: 0.0001 max mem: 326
Val Total time: 0:00:01 (1.0237 s / it)
* Acc@1 75.862 loss 1.239 auroc 0.820 f1_score 0.524
  per-class F1 (Val): {'negative': np.float32(0.857), 'itc': np.float32(0.0), 'micro': np.float32(0.571), 'macro': np.float32(0.667)}
Test [  0/197] eta: 0:00:30 loss: 0.0826 (0.0826) acc1: 100.0000 (100.0000) time: 0.1555 data: 0.1171 max mem: 326
Test [100/197] eta: 0:00:02 loss: 0.0124 (0.9813) acc1: 100.0000 (77.2277) time: 0.0296 data: 0.0001 max mem: 326
Test [196/197] eta: 0:00:00 loss: 0.0028 (0.7659) acc1: 100.0000 (81.2183) time: 0.0292 data: 0.0001 max mem: 326
Test Total time: 0:00:06 (6.0154 s / it)
* Acc@1 81.218 loss 0.766 auroc 0.888 f1_score 0.594
  per-class F1 (Test): {'negative': np.float32(0.902), 'itc': np.float32(0.258), 'micro': np.float32(0.333), 'macro': np.float32(0.882)}

Epoch: [18] [  0/266] eta: 0:01:06 lr: 0.000047 tier1_loss: 1.4309 (1.4309) tier2_loss: 0.0888 (0.0888) time: 0.2485 data: 0.1053 max mem: 326
Epoch: [18] [100/266] eta: 0:00:19 lr: 0.000045 tier1_loss: 1.3241 (1.3735) tier2_loss: 0.0041 (0.2115) time: 0.1211 data: 0.0001 max mem: 326
Epoch: [18] [200/266] eta: 0:00:07 lr: 0.000043 tier1_loss: 1.3374 (1.3683) tier2_loss: 0.0029 (0.1709) time: 0.1079 data: 0.0001 max mem: 326
Epoch: [18] [265/266] eta: 0:00:00 lr: 0.000041 tier1_loss: 1.3591 (1.3650) tier2_loss: 0.0030 (0.1875) time: 0.1085 data: 0.0001 max mem: 326
Epoch: [18] Total time: 0:00:29 (29.8255 s / it)
Val [ 0/29] eta: 0:00:04 loss: 0.1100 (0.1100) acc1: 100.0000 (100.0000) time: 0.1449 data: 0.1155 max mem: 326
Val [28/29] eta: 0:00:00 loss: 0.0025 (1.4230) acc1: 100.0000 (75.8621) time: 0.0286 data: 0.0001 max mem: 326
Val Total time: 0:00:01 (1.0273 s / it)
* Acc@1 75.862 loss 1.423 auroc 0.791 f1_score 0.524
  per-class F1 (Val): {'negative': np.float32(0.857), 'itc': np.float32(0.0), 'micro': np.float32(0.571), 'macro': np.float32(0.667)}
Test [  0/197] eta: 0:00:33 loss: 0.0079 (0.0079) acc1: 100.0000 (100.0000) time: 0.1724 data: 0.1245 max mem: 326
Test [100/197] eta: 0:00:03 loss: 0.0044 (0.8123) acc1: 100.0000 (82.1782) time: 0.0308 data: 0.0001 max mem: 326
Test [196/197] eta: 0:00:00 loss: 0.0021 (0.6704) acc1: 100.0000 (85.7868) time: 0.0289 data: 0.0001 max mem: 326
Test Total time: 0:00:06 (6.1423 s / it)
* Acc@1 85.787 loss 0.670 auroc 0.894 f1_score 0.689
  per-class F1 (Test): {'negative': np.float32(0.916), 'itc': np.float32(0.261), 'micro': np.float32(0.647), 'macro': np.float32(0.932)}

Epoch: [19] [  0/266] eta: 0:01:04 lr: 0.000041 tier1_loss: 1.3960 (1.3960) tier2_loss: 0.0102 (0.0102) time: 0.2425 data: 0.1099 max mem: 326
Epoch: [19] [100/266] eta: 0:00:18 lr: 0.000039 tier1_loss: 1.3661 (1.3788) tier2_loss: 0.0029 (0.1461) time: 0.1174 data: 0.0001 max mem: 326
Epoch: [19] [200/266] eta: 0:00:07 lr: 0.000037 tier1_loss: 1.3606 (1.3688) tier2_loss: 0.0030 (0.1434) time: 0.0998 data: 0.0001 max mem: 326
Epoch: [19] [265/266] eta: 0:00:00 lr: 0.000035 tier1_loss: 1.3012 (1.3677) tier2_loss: 0.0029 (0.1586) time: 0.0856 data: 0.0001 max mem: 326
Epoch: [19] Total time: 0:00:27 (27.7575 s / it)
Val [ 0/29] eta: 0:00:05 loss: 0.0770 (0.0770) acc1: 100.0000 (100.0000) time: 0.1729 data: 0.1174 max mem: 326
Val [28/29] eta: 0:00:00 loss: 0.0019 (1.2684) acc1: 100.0000 (79.3103) time: 0.0300 data: 0.0001 max mem: 326
Val Total time: 0:00:01 (1.0784 s / it)
* Acc@1 79.310 loss 1.268 auroc 0.816 f1_score 0.654
  per-class F1 (Val): {'negative': np.float32(0.878), 'itc': np.float32(0.5), 'micro': np.float32(0.571), 'macro': np.float32(0.667)}
Test [  0/197] eta: 0:00:32 loss: 0.0267 (0.0267) acc1: 100.0000 (100.0000) time: 0.1663 data: 0.1217 max mem: 326
Test [100/197] eta: 0:00:03 loss: 0.0032 (0.8934) acc1: 100.0000 (81.1881) time: 0.0319 data: 0.0001 max mem: 326
Test [196/197] eta: 0:00:00 loss: 0.0019 (0.7185) acc1: 100.0000 (83.7563) time: 0.0290 data: 0.0001 max mem: 326
Test Total time: 0:00:06 (6.3085 s / it)
* Acc@1 83.756 loss 0.719 auroc 0.889 f1_score 0.645
  per-class F1 (Test): {'negative': np.float32(0.911), 'itc': np.float32(0.231), 'micro': np.float32(0.516), 'macro': np.float32(0.921)}

Epoch: [20] [  0/266] eta: 0:01:21 lr: 0.000035 tier1_loss: 1.2884 (1.2884) tier2_loss: 0.0115 (0.0115) time: 0.3071 data: 0.1592 max mem: 326
Epoch: [20] [100/266] eta: 0:00:18 lr: 0.000033 tier1_loss: 1.3171 (1.3632) tier2_loss: 0.0021 (0.1617) time: 0.1195 data: 0.0001 max mem: 326
Epoch: [20] [200/266] eta: 0:00:07 lr: 0.000031 tier1_loss: 1.3626 (1.3713) tier2_loss: 0.0028 (0.1426) time: 0.1080 data: 0.0001 max mem: 326
Epoch: [20] [265/266] eta: 0:00:00 lr: 0.000029 tier1_loss: 1.3773 (1.3713) tier2_loss: 0.0021 (0.1377) time: 0.1146 data: 0.0001 max mem: 326
Epoch: [20] Total time: 0:00:30 (30.6512 s / it)
Val [ 0/29] eta: 0:00:04 loss: 0.3982 (0.3982) acc1: 100.0000 (100.0000) time: 0.1675 data: 0.1330 max mem: 326
Val [28/29] eta: 0:00:00 loss: 0.0020 (1.2335) acc1: 100.0000 (79.3103) time: 0.0285 data: 0.0001 max mem: 326
Val Total time: 0:00:01 (1.0147 s / it)
* Acc@1 79.310 loss 1.233 auroc 0.823 f1_score 0.654
  per-class F1 (Val): {'negative': np.float32(0.878), 'itc': np.float32(0.5), 'micro': np.float32(0.571), 'macro': np.float32(0.667)}
Test [  0/197] eta: 0:00:32 loss: 0.0274 (0.0274) acc1: 100.0000 (100.0000) time: 0.1630 data: 0.1201 max mem: 326
Test [100/197] eta: 0:00:03 loss: 0.0047 (1.0820) acc1: 100.0000 (76.2376) time: 0.0296 data: 0.0001 max mem: 326
Test [196/197] eta: 0:00:00 loss: 0.0019 (0.8586) acc1: 100.0000 (80.2030) time: 0.0285 data: 0.0001 max mem: 326
Test Total time: 0:00:06 (6.0518 s / it)
* Acc@1 80.203 loss 0.859 auroc 0.879 f1_score 0.614
  per-class F1 (Test): {'negative': np.float32(0.884), 'itc': np.float32(0.188), 'micro': np.float32(0.483), 'macro': np.float32(0.901)}

Epoch: [21] [  0/266] eta: 0:01:15 lr: 0.000029 tier1_loss: 1.3482 (1.3482) tier2_loss: 0.0023 (0.0023) time: 0.2838 data: 0.1411 max mem: 326
Epoch: [21] [100/266] eta: 0:00:19 lr: 0.000027 tier1_loss: 1.3405 (1.3755) tier2_loss: 0.0036 (0.1389) time: 0.1168 data: 0.0001 max mem: 326
Epoch: [21] [200/266] eta: 0:00:07 lr: 0.000025 tier1_loss: 1.3777 (1.3716) tier2_loss: 0.0027 (0.0987) time: 0.1160 data: 0.0001 max mem: 326
Epoch: [21] [265/266] eta: 0:00:00 lr: 0.000024 tier1_loss: 1.3475 (1.3722) tier2_loss: 0.0029 (0.1193) time: 0.1060 data: 0.0001 max mem: 326
Epoch: [21] Total time: 0:00:30 (30.5542 s / it)
Val [ 0/29] eta: 0:00:05 loss: 0.1533 (0.1533) acc1: 100.0000 (100.0000) time: 0.1907 data: 0.1406 max mem: 326
Val [28/29] eta: 0:00:00 loss: 0.0016 (1.3760) acc1: 100.0000 (75.8621) time: 0.0286 data: 0.0001 max mem: 326
Val Total time: 0:00:01 (1.0553 s / it)
* Acc@1 75.862 loss 1.376 auroc 0.828 f1_score 0.629
  per-class F1 (Val): {'negative': np.float32(0.85), 'itc': np.float32(0.5), 'micro': np.float32(0.5), 'macro': np.float32(0.667)}
Test [  0/197] eta: 0:00:33 loss: 0.0083 (0.0083) acc1: 100.0000 (100.0000) time: 0.1705 data: 0.1352 max mem: 326
Test [100/197] eta: 0:00:03 loss: 0.0027 (1.0367) acc1: 100.0000 (77.2277) time: 0.0292 data: 0.0001 max mem: 326
Test [196/197] eta: 0:00:00 loss: 0.0017 (0.8669) acc1: 100.0000 (80.2030) time: 0.0284 data: 0.0001 max mem: 326
Test Total time: 0:00:06 (6.0649 s / it)
* Acc@1 80.203 loss 0.867 auroc 0.880 f1_score 0.617
  per-class F1 (Test): {'negative': np.float32(0.883), 'itc': np.float32(0.2), 'micro': np.float32(0.485), 'macro': np.float32(0.901)}

Epoch: [22] [  0/266] eta: 0:01:30 lr: 0.000024 tier1_loss: 1.3254 (1.3254) tier2_loss: 0.0019 (0.0019) time: 0.3411 data: 0.1323 max mem: 326
Epoch: [22] [100/266] eta: 0:00:18 lr: 0.000022 tier1_loss: 1.3563 (1.3776) tier2_loss: 0.0027 (0.1004) time: 0.1184 data: 0.0001 max mem: 326
Epoch: [22] [200/266] eta: 0:00:07 lr: 0.000020 tier1_loss: 1.3452 (1.3777) tier2_loss: 0.0037 (0.0896) time: 0.1127 data: 0.0001 max mem: 326
Epoch: [22] [265/266] eta: 0:00:00 lr: 0.000019 tier1_loss: 1.3242 (1.3753) tier2_loss: 0.0026 (0.0873) time: 0.1038 data: 0.0001 max mem: 326
Epoch: [22] Total time: 0:00:29 (29.7892 s / it)
Val [ 0/29] eta: 0:00:04 loss: 0.1656 (0.1656) acc1: 100.0000 (100.0000) time: 0.1661 data: 0.1284 max mem: 326
Val [28/29] eta: 0:00:00 loss: 0.0016 (1.3273) acc1: 100.0000 (75.8621) time: 0.0288 data: 0.0001 max mem: 326
Val Total time: 0:00:01 (1.0322 s / it)
* Acc@1 75.862 loss 1.327 auroc 0.824 f1_score 0.506
  per-class F1 (Val): {'negative': np.float32(0.857), 'itc': np.float32(0.0), 'micro': np.float32(0.5), 'macro': np.float32(0.667)}
Test [  0/197] eta: 0:00:31 loss: 0.0074 (0.0074) acc1: 100.0000 (100.0000) time: 0.1596 data: 0.1205 max mem: 326
Test [100/197] eta: 0:00:03 loss: 0.0019 (1.0177) acc1: 100.0000 (79.2079) time: 0.0304 data: 0.0001 max mem: 326
Test [196/197] eta: 0:00:00 loss: 0.0018 (0.8138) acc1: 100.0000 (82.7411) time: 0.0276 data: 0.0001 max mem: 326
Test Total time: 0:00:05 (5.9750 s / it)
* Acc@1 82.741 loss 0.814 auroc 0.882 f1_score 0.641
  per-class F1 (Test): {'negative': np.float32(0.906), 'itc': np.float32(0.276), 'micro': np.float32(0.483), 'macro': np.float32(0.901)}

Epoch: [23] [  0/266] eta: 0:01:11 lr: 0.000019 tier1_loss: 1.4464 (1.4464) tier2_loss: 0.0067 (0.0067) time: 0.2685 data: 0.1144 max mem: 326
Epoch: [23] [100/266] eta: 0:00:18 lr: 0.000017 tier1_loss: 1.3608 (1.3691) tier2_loss: 0.0025 (0.0458) time: 0.1151 data: 0.0001 max mem: 326
Epoch: [23] [200/266] eta: 0:00:07 lr: 0.000015 tier1_loss: 1.3915 (1.3721) tier2_loss: 0.0015 (0.0554) time: 0.1092 data: 0.0001 max mem: 326
Epoch: [23] [265/266] eta: 0:00:00 lr: 0.000014 tier1_loss: 1.3377 (1.3710) tier2_loss: 0.0022 (0.0821) time: 0.1076 data: 0.0001 max mem: 326
Epoch: [23] Total time: 0:00:30 (30.0950 s / it)
Val [ 0/29] eta: 0:00:04 loss: 0.2438 (0.2438) acc1: 100.0000 (100.0000) time: 0.1682 data: 0.1239 max mem: 326
Val [28/29] eta: 0:00:00 loss: 0.0015 (1.3904) acc1: 100.0000 (79.3103) time: 0.0288 data: 0.0001 max mem: 326
Val Total time: 0:00:01 (1.0384 s / it)
* Acc@1 79.310 loss 1.390 auroc 0.824 f1_score 0.678
  per-class F1 (Val): {'negative': np.float32(0.878), 'itc': np.float32(0.667), 'micro': np.float32(0.5), 'macro': np.float32(0.667)}
Test [  0/197] eta: 0:00:29 loss: 0.0058 (0.0058) acc1: 100.0000 (100.0000) time: 0.1519 data: 0.1190 max mem: 326
Test [100/197] eta: 0:00:02 loss: 0.0023 (1.1120) acc1: 100.0000 (76.2376) time: 0.0297 data: 0.0001 max mem: 326
Test [196/197] eta: 0:00:00 loss: 0.0017 (0.8767) acc1: 100.0000 (81.2183) time: 0.0282 data: 0.0001 max mem: 326
Test Total time: 0:00:05 (5.9819 s / it)
* Acc@1 81.218 loss 0.877 auroc 0.875 f1_score 0.623
  per-class F1 (Test): {'negative': np.float32(0.893), 'itc': np.float32(0.214), 'micro': np.float32(0.485), 'macro': np.float32(0.901)}

Epoch: [24] [  0/266] eta: 0:01:11 lr: 0.000014 tier1_loss: 1.3746 (1.3746) tier2_loss: 0.0017 (0.0017) time: 0.2678 data: 0.1152 max mem: 326
Epoch: [24] [100/266] eta: 0:00:19 lr: 0.000013 tier1_loss: 1.3882 (1.3756) tier2_loss: 0.0046 (0.1042) time: 0.1195 data: 0.0001 max mem: 326
Epoch: [24] [200/266] eta: 0:00:07 lr: 0.000011 tier1_loss: 1.3451 (1.3773) tier2_loss: 0.0020 (0.0750) time: 0.1073 data: 0.0001 max mem: 326
Epoch: [24] [265/266] eta: 0:00:00 lr: 0.000010 tier1_loss: 1.3889 (1.3789) tier2_loss: 0.0025 (0.0635) time: 0.1061 data: 0.0001 max mem: 326
Epoch: [24] Total time: 0:00:29 (29.8913 s / it)
Val [ 0/29] eta: 0:00:04 loss: 0.0930 (0.0930) acc1: 100.0000 (100.0000) time: 0.1719 data: 0.1373 max mem: 326
Val [28/29] eta: 0:00:00 loss: 0.0013 (1.3560) acc1: 100.0000 (79.3103) time: 0.0280 data: 0.0001 max mem: 326
Val Total time: 0:00:01 (1.0025 s / it)
* Acc@1 79.310 loss 1.356 auroc 0.807 f1_score 0.678
  per-class F1 (Val): {'negative': np.float32(0.878), 'itc': np.float32(0.667), 'micro': np.float32(0.5), 'macro': np.float32(0.667)}
Test [  0/197] eta: 0:00:31 loss: 0.0072 (0.0072) acc1: 100.0000 (100.0000) time: 0.1586 data: 0.1223 max mem: 326
Test [100/197] eta: 0:00:03 loss: 0.0016 (1.0838) acc1: 100.0000 (79.2079) time: 0.0298 data: 0.0001 max mem: 326
Test [196/197] eta: 0:00:00 loss: 0.0016 (0.8583) acc1: 100.0000 (83.2487) time: 0.0275 data: 0.0001 max mem: 326
Test Total time: 0:00:06 (6.0611 s / it)
* Acc@1 83.249 loss 0.858 auroc 0.870 f1_score 0.640
  per-class F1 (Test): {'negative': np.float32(0.911), 'itc': np.float32(0.231), 'micro': np.float32(0.516), 'macro': np.float32(0.901)}

Epoch: [25] [  0/266] eta: 0:01:07 lr: 0.000010 tier1_loss: 1.5250 (1.5250) tier2_loss: 0.0045 (0.0045) time: 0.2543 data: 0.1097 max mem: 326
Epoch: [25] [100/266] eta: 0:00:18 lr: 0.000009 tier1_loss: 1.3687 (1.3859) tier2_loss: 0.0021 (0.0964) time: 0.1191 data: 0.0001 max mem: 326
Epoch: [25] [200/266] eta: 0:00:07 lr: 0.000008 tier1_loss: 1.3809 (1.3781) tier2_loss: 0.0025 (0.0732) time: 0.1075 data: 0.0001 max mem: 326
Epoch: [25] [265/266] eta: 0:00:00 lr: 0.000007 tier1_loss: 1.3809 (1.3781) tier2_loss: 0.0022 (0.0652) time: 0.1044 data: 0.0001 max mem: 326
Epoch: [25] Total time: 0:00:29 (29.6523 s / it)
Val [ 0/29] eta: 0:00:05 loss: 0.2457 (0.2457) acc1: 100.0000 (100.0000) time: 0.1870 data: 0.1278 max mem: 326
Val [28/29] eta: 0:00:00 loss: 0.0015 (1.3464) acc1: 100.0000 (79.3103) time: 0.0293 data: 0.0001 max mem: 326
Val Total time: 0:00:01 (1.0593 s / it)
* Acc@1 79.310 loss 1.346 auroc 0.809 f1_score 0.678
  per-class F1 (Val): {'negative': np.float32(0.878), 'itc': np.float32(0.667), 'micro': np.float32(0.5), 'macro': np.float32(0.667)}
Test [  0/197] eta: 0:00:31 loss: 0.0051 (0.0051) acc1: 100.0000 (100.0000) time: 0.1600 data: 0.1225 max mem: 326
Test [100/197] eta: 0:00:03 loss: 0.0019 (1.1187) acc1: 100.0000 (78.2178) time: 0.0299 data: 0.0001 max mem: 326
Test [196/197] eta: 0:00:00 loss: 0.0017 (0.9135) acc1: 100.0000 (82.2335) time: 0.0280 data: 0.0001 max mem: 326
Test Total time: 0:00:06 (6.0242 s / it)
* Acc@1 82.234 loss 0.913 auroc 0.867 f1_score 0.638
  per-class F1 (Test): {'negative': np.float32(0.902), 'itc': np.float32(0.267), 'micro': np.float32(0.483), 'macro': np.float32(0.901)}

Epoch: [26] [  0/266] eta: 0:01:07 lr: 0.000007 tier1_loss: 1.3289 (1.3289) tier2_loss: 0.0015 (0.0015) time: 0.2540 data: 0.1171 max mem: 326
Epoch: [26] [100/266] eta: 0:00:19 lr: 0.000006 tier1_loss: 1.3829 (1.3814) tier2_loss: 0.0015 (0.0101) time: 0.1192 data: 0.0001 max mem: 326
Epoch: [26] [200/266] eta: 0:00:07 lr: 0.000005 tier1_loss: 1.3703 (1.3811) tier2_loss: 0.0014 (0.0469) time: 0.1145 data: 0.0001 max mem: 326
Epoch: [26] [265/266] eta: 0:00:00 lr: 0.000004 tier1_loss: 1.3470 (1.3787) tier2_loss: 0.0019 (0.0588) time: 0.1093 data: 0.0001 max mem: 326
Epoch: [26] Total time: 0:00:30 (30.5621 s / it)
Val [ 0/29] eta: 0:00:04 loss: 0.3483 (0.3483) acc1: 100.0000 (100.0000) time: 0.1660 data: 0.1287 max mem: 326
Val [28/29] eta: 0:00:00 loss: 0.0015 (1.4420) acc1: 100.0000 (79.3103) time: 0.0284 data: 0.0001 max mem: 326
Val Total time: 0:00:01 (1.0218 s / it)
* Acc@1 79.310 loss 1.442 auroc 0.803 f1_score 0.678
  per-class F1 (Val): {'negative': np.float32(0.878), 'itc': np.float32(0.667), 'micro': np.float32(0.5), 'macro': np.float32(0.667)}
Test [  0/197] eta: 0:00:28 loss: 0.0039 (0.0039) acc1: 100.0000 (100.0000) time: 0.1434 data: 0.1033 max mem: 326
Test [100/197] eta: 0:00:03 loss: 0.0020 (1.1132) acc1: 100.0000 (75.2475) time: 0.0310 data: 0.0001 max mem: 326
Test [196/197] eta: 0:00:00 loss: 0.0017 (0.8570) acc1: 100.0000 (82.2335) time: 0.0287 data: 0.0001 max mem: 326
Test Total time: 0:00:06 (6.1914 s / it)
* Acc@1 82.234 loss 0.857 auroc 0.872 f1_score 0.648
  per-class F1 (Test): {'negative': np.float32(0.897), 'itc': np.float32(0.276), 'micro': np.float32(0.516), 'macro': np.float32(0.901)}

Epoch: [27] [  0/266] eta: 0:01:14 lr: 0.000004 tier1_loss: 1.3274 (1.3274) tier2_loss: 0.0014 (0.0014) time: 0.2784 data: 0.1326 max mem: 326
Epoch: [27] [100/266] eta: 0:00:21 lr: 0.000004 tier1_loss: 1.3987 (1.3858) tier2_loss: 0.0026 (0.0763) time: 0.1176 data: 0.0001 max mem: 326
Epoch: [27] [200/266] eta: 0:00:07 lr: 0.000003 tier1_loss: 1.3310 (1.3817) tier2_loss: 0.0029 (0.0649) time: 0.1125 data: 0.0001 max mem: 326
Epoch: [27] [265/266] eta: 0:00:00 lr: 0.000003 tier1_loss: 1.4125 (1.3827) tier2_loss: 0.0015 (0.0516) time: 0.1122 data: 0.0001 max mem: 326
Epoch: [27] Total time: 0:00:32 (32.0790 s / it)
Val [ 0/29] eta: 0:00:04 loss: 0.4294 (0.4294) acc1: 100.0000 (100.0000) time: 0.1644 data: 0.1276 max mem: 326
Val [28/29] eta: 0:00:00 loss: 0.0014 (1.4116) acc1: 100.0000 (79.3103) time: 0.0282 data: 0.0001 max mem: 326
Val Total time: 0:00:01 (1.0178 s / it)
* Acc@1 79.310 loss 1.412 auroc 0.799 f1_score 0.678
  per-class F1 (Val): {'negative': np.float32(0.878), 'itc': np.float32(0.667), 'micro': np.float32(0.5), 'macro': np.float32(0.667)}
Test [  0/197] eta: 0:00:28 loss: 0.0038 (0.0038) acc1: 100.0000 (100.0000) time: 0.1436 data: 0.1061 max mem: 326
Test [100/197] eta: 0:00:02 loss: 0.0020 (1.1368) acc1: 100.0000 (76.2376) time: 0.0305 data: 0.0001 max mem: 326
Test [196/197] eta: 0:00:00 loss: 0.0016 (0.8888) acc1: 100.0000 (81.2183) time: 0.0275 data: 0.0001 max mem: 326
Test Total time: 0:00:05 (5.9411 s / it)
* Acc@1 81.218 loss 0.889 auroc 0.870 f1_score 0.638
  per-class F1 (Test): {'negative': np.float32(0.892), 'itc': np.float32(0.258), 'micro': np.float32(0.5), 'macro': np.float32(0.901)}

Epoch: [28] [  0/266] eta: 0:01:05 lr: 0.000003 tier1_loss: 1.3183 (1.3183) tier2_loss: 0.0010 (0.0010) time: 0.2470 data: 0.1041 max mem: 326
Epoch: [28] [100/266] eta: 0:00:19 lr: 0.000002 tier1_loss: 1.3508 (1.3784) tier2_loss: 0.0017 (0.0241) time: 0.1086 data: 0.0001 max mem: 326
Epoch: [28] [200/266] eta: 0:00:07 lr: 0.000002 tier1_loss: 1.3233 (1.3800) tier2_loss: 0.0035 (0.0372) time: 0.1095 data: 0.0001 max mem: 326
Epoch: [28] [265/266] eta: 0:00:00 lr: 0.000001 tier1_loss: 1.3702 (1.3786) tier2_loss: 0.0023 (0.0491) time: 0.1135 data: 0.0001 max mem: 326
Epoch: [28] Total time: 0:00:30 (30.3529 s / it)
Val [ 0/29] eta: 0:00:05 loss: 0.3601 (0.3601) acc1: 100.0000 (100.0000) time: 0.1821 data: 0.1294 max mem: 326
Val [28/29] eta: 0:00:00 loss: 0.0013 (1.3594) acc1: 100.0000 (79.3103) time: 0.0297 data: 0.0001 max mem: 326
Val Total time: 0:00:01 (1.0809 s / it)
* Acc@1 79.310 loss 1.359 auroc 0.798 f1_score 0.678
  per-class F1 (Val): {'negative': np.float32(0.878), 'itc': np.float32(0.667), 'micro': np.float32(0.5), 'macro': np.float32(0.667)}
Test [  0/197] eta: 0:00:31 loss: 0.0052 (0.0052) acc1: 100.0000 (100.0000) time: 0.1584 data: 0.1229 max mem: 326
Test [100/197] eta: 0:00:03 loss: 0.0018 (1.1291) acc1: 100.0000 (76.2376) time: 0.0315 data: 0.0001 max mem: 326
Test [196/197] eta: 0:00:00 loss: 0.0017 (0.9062) acc1: 100.0000 (80.7107) time: 0.0289 data: 0.0001 max mem: 326
Test Total time: 0:00:06 (6.3200 s / it)
* Acc@1 80.711 loss 0.906 auroc 0.870 f1_score 0.616
  per-class F1 (Test): {'negative': np.float32(0.884), 'itc': np.float32(0.148), 'micro': np.float32(0.529), 'macro': np.float32(0.901)}

Epoch: [29] [  0/266] eta: 0:01:08 lr: 0.000001 tier1_loss: 1.3748 (1.3748) tier2_loss: 0.2142 (0.2142) time: 0.2564 data: 0.1187 max mem: 326
Epoch: [29] [100/266] eta: 0:00:21 lr: 0.000001 tier1_loss: 1.3604 (1.3761) tier2_loss: 0.0028 (0.0698) time: 0.1234 data: 0.0001 max mem: 326
Epoch: [29] [200/266] eta: 0:00:08 lr: 0.000001 tier1_loss: 1.3680 (1.3773) tier2_loss: 0.0015 (0.0661) time: 0.1175 data: 0.0001 max mem: 326
Epoch: [29] [265/266] eta: 0:00:00 lr: 0.000001 tier1_loss: 1.3182 (1.3802) tier2_loss: 0.0017 (0.0511) time: 0.1128 data: 0.0001 max mem: 326
Epoch: [29] Total time: 0:00:32 (32.9281 s / it)
Val [ 0/29] eta: 0:00:04 loss: 0.3380 (0.3380) acc1: 100.0000 (100.0000) time: 0.1564 data: 0.1188 max mem: 326
Val [28/29] eta: 0:00:00 loss: 0.0013 (1.4935) acc1: 100.0000 (75.8621) time: 0.0296 data: 0.0001 max mem: 326
Val Total time: 0:00:01 (1.0465 s / it)
* Acc@1 75.862 loss 1.494 auroc 0.794 f1_score 0.629
  per-class F1 (Val): {'negative': np.float32(0.85), 'itc': np.float32(0.5), 'micro': np.float32(0.5), 'macro': np.float32(0.667)}
wandb: 
wandb: Run history:
wandb: perf/test_auc ▁▁▂▃▄▅▅▇▇██▇▇███████████▇▇▇▇▇▇
wandb:  perf/test_f1 ▁▁▁▁▃▄▄▄▅▇▇▇▇▇██▇▆█▇▇▇▇▇▇▇▇▇▇▇
wandb:  perf/val_auc ▁▂▁▃▃▅▅▅▆▇▇█▇█▆▆█▇▇▇▇█▇▇▇▇▇▇▇▇
wandb:   perf/val_f1 ▁▁▁▁▁▃▃▃▆▆▆▅▆▆▆▆▆▆▆██▇▅██████▇
wandb:    tier1_loss ▄▄▂▆▅▄▅█▄▄▆▅▅▄▂▃▃▄▃▃▅▃▃▃▆▅▄▃▆▃▂▅▆▄▃▄▅▅▅▁
wandb:    tier2_loss ▂▄▁▄▅▁▁▅▁▁▄▄▁▁▁▁▁▂▁▁▁▇▁▁█▁▁▁▁▁▁▂▁▁▁▁▁▁▁▁
wandb: 
wandb: Run summary:
wandb: perf/test_auc 0.86977
wandb:  perf/test_f1 0.6195
wandb:  perf/val_auc 0.7942
wandb:   perf/val_f1 0.62917
wandb:    tier1_loss 1.46088
wandb:    tier2_loss 0.0162
wandb: 
wandb: You can sync this run to the cloud by running:
wandb: wandb sync /data/bohatyrenko1/EXPERIMENTS_2/Hi-MoE_MIL/wandb/offline-run-20260922_101120-p8n8v16m
wandb: Find logs at: ./wandb/offline-run-20260922_101120-p8n8v16m/logs
Test [  0/197] eta: 0:00:32 loss: 0.0053 (0.0053) acc1: 100.0000 (100.0000) time: 0.1643 data: 0.1262 max mem: 326
Test [100/197] eta: 0:00:03 loss: 0.0017 (1.1402) acc1: 100.0000 (76.2376) time: 0.0439 data: 0.0001 max mem: 326
Test [196/197] eta: 0:00:00 loss: 0.0016 (0.8993) acc1: 100.0000 (80.2030) time: 0.0280 data: 0.0000 max mem: 326
Test Total time: 0:00:07 (7.3769 s / it)
* Acc@1 80.203 loss 0.899 auroc 0.870 f1_score 0.619
  per-class F1 (Test): {'negative': np.float32(0.883), 'itc': np.float32(0.194), 'micro': np.float32(0.5), 'macro': np.float32(0.901)}

============================================================
FINAL EPOCH (29) RESULTS (DTFD-ASMIL):
  test_auc=0.8698 test_acc=80.20 test_f1(macro)=0.6195
  test per-class F1: {'negative': np.float32(0.883), 'itc': np.float32(0.194), 'micro': np.float32(0.5), 'macro': np.float32(0.901)}
  test confusion matrix (rows=true, cols=pred):
          negative         itc       micro       macro
negative        106          11           2           2
     itc         10           3           3           0
   micro          3           1           8           6
   macro          0           0           1          41
============================================================
Best epoch: {'epoch': 23, 'val_f1': 0.6778455376625061, 'val_auc': 0.8239672183990479, 'test_f1': 0.6231987476348877, 'test_auc': 0.8753750920295715}
