wandb: Tracking run with wandb version 0.28.0
wandb: W&B syncing is set to `offline` in this directory. Run `wandb online` or set WANDB_MODE=online to enable cloud syncing.
wandb: Run data is saved locally in /data/bohatyrenko1/EXPERIMENTS_2/Hi-MoE_MIL/wandb/offline-run-20260927_154532-rbiv0q9w
wandb: View this run in the terminal with `wandb leet`
Used config (DTFD-ASMIL v2):
{'B': 1,
 'D_feat': 1536,
 'D_inner': 768,
 'M': None,
 'ckpt_dir': 'ckpt/c17_dtfd_v2_uni2h_seed10',
 'config': 'config/camelyon17_uni2h_config.yml',
 'dataset': 'camelyon17',
 'lr': 0.0001,
 'min_lr': 1e-06,
 'n_class': 4,
 'n_token': 8,
 'n_worker': 4,
 'pin_memory': True,
 'pretrain': 'UNI2h',
 'seed': 10,
 'splits_dir': '/data/bohatyrenko1/EXPERIMENTS_2/ASMIL/splits_paper',
 'test_dir': '/data/bohatyrenko1/features_uni2h_train_full',
 'tier1_weight': 0.1,
 'tier2_D_inner': None,
 'tier2_n_heads': 4,
 'train_dir': '/data/bohatyrenko1/features_uni2h_train_full',
 'train_epoch': 15,
 'wandb_mode': 'offline',
 'warmup_epoch': 5,
 'wd': 1e-05}
M (псевдо-bags) = 8, tier1_weight = 0.1
Class weights: [0.3757062256336212, 3.694444417953491, 1.6219512224197388, 2.2166666984558105]
Epoch: [0] [  0/266] eta: 0:06:43 lr: 0.000000 tier1_loss: 1.4084 (1.4084) tier2_loss: 1.5486 (1.5486) time: 1.5175 data: 0.7887 max mem: 1796
Epoch: [0] [100/266] eta: 0:00:24 lr: 0.000008 tier1_loss: 0.2408 (1.2527) tier2_loss: 0.0698 (1.3361) time: 0.1414 data: 0.0001 max mem: 1796
Epoch: [0] [200/266] eta: 0:00:09 lr: 0.000015 tier1_loss: 0.0539 (1.2515) tier2_loss: 0.0560 (1.4098) time: 0.1352 data: 0.0001 max mem: 1946
Epoch: [0] [265/266] eta: 0:00:00 lr: 0.000020 tier1_loss: 0.0803 (1.2602) tier2_loss: 0.1010 (1.4081) time: 0.1301 data: 0.0001 max mem: 2102
Epoch: [0] Total time: 0:00:37 (37.3446 s / it)
Val [ 0/29] eta: 0:00:08 loss: 0.0357 (0.0357) acc1: 100.0000 (100.0000) time: 0.2859 data: 0.1838 max mem: 2102
Val [28/29] eta: 0:00:00 loss: 0.0377 (1.4847) acc1: 100.0000 (68.9655) time: 0.0507 data: 0.0001 max mem: 2102
Val Total time: 0:00:01 (1.6938 s / it)
* Acc@1 68.966 loss 1.485 auroc 0.593 f1_score 0.204
  per-class F1 (Val): {'negative': np.float32(0.816), 'itc': np.float32(0.0), 'micro': np.float32(0.0), 'macro': np.float32(0.0)}
  [DIAG] Tier1 сам по собі: acc=68.966 f1_macro=0.204
Test [  0/197] eta: 0:01:01 loss: 3.9946 (3.9946) acc1: 0.0000 (0.0000) time: 0.3110 data: 0.2466 max mem: 2102
Test [100/197] eta: 0:00:05 loss: 0.0365 (1.9070) acc1: 100.0000 (59.4059) time: 0.0508 data: 0.0002 max mem: 2102
Test [196/197] eta: 0:00:00 loss: 0.0359 (1.8615) acc1: 100.0000 (61.4213) time: 0.0478 data: 0.0001 max mem: 2102
Test Total time: 0:00:10 (10.4398 s / it)
* Acc@1 61.421 loss 1.862 auroc 0.653 f1_score 0.190
  per-class F1 (Test): {'negative': np.float32(0.761), 'itc': np.float32(0.0), 'micro': np.float32(0.0), 'macro': np.float32(0.0)}
  [DIAG] Tier1 сам по собі: acc=61.421 f1_macro=0.190

Epoch: [1] [  0/266] eta: 0:02:20 lr: 0.000020 tier1_loss: 0.0641 (0.0641) tier2_loss: 0.0303 (0.0303) time: 0.5266 data: 0.3174 max mem: 2102
Epoch: [1] [100/266] eta: 0:00:24 lr: 0.000028 tier1_loss: 0.0855 (1.2038) tier2_loss: 0.1593 (1.2573) time: 0.1586 data: 0.0002 max mem: 2190
Epoch: [1] [200/266] eta: 0:00:09 lr: 0.000035 tier1_loss: 0.2825 (1.2615) tier2_loss: 0.3430 (1.3000) time: 0.1344 data: 0.0001 max mem: 2190
Epoch: [1] [265/266] eta: 0:00:00 lr: 0.000040 tier1_loss: 0.1074 (1.2606) tier2_loss: 0.1204 (1.3150) time: 0.1257 data: 0.0001 max mem: 2190
Epoch: [1] Total time: 0:00:37 (37.2728 s / it)
Val [ 0/29] eta: 0:00:06 loss: 0.1512 (0.1512) acc1: 100.0000 (100.0000) time: 0.2399 data: 0.1945 max mem: 2190
Val [28/29] eta: 0:00:00 loss: 0.1644 (1.1177) acc1: 100.0000 (68.9655) time: 0.0486 data: 0.0001 max mem: 2190
Val Total time: 0:00:01 (1.6862 s / it)
* Acc@1 68.966 loss 1.118 auroc 0.628 f1_score 0.204
  per-class F1 (Val): {'negative': np.float32(0.816), 'itc': np.float32(0.0), 'micro': np.float32(0.0), 'macro': np.float32(0.0)}
  [DIAG] Tier1 сам по собі: acc=68.966 f1_macro=0.204
Test [  0/197] eta: 0:01:00 loss: 2.5239 (2.5239) acc1: 0.0000 (0.0000) time: 0.3092 data: 0.2424 max mem: 2190
Test [100/197] eta: 0:00:05 loss: 0.1515 (1.4145) acc1: 100.0000 (59.4059) time: 0.0508 data: 0.0002 max mem: 2190
Test [196/197] eta: 0:00:00 loss: 0.1383 (1.3957) acc1: 100.0000 (61.4213) time: 0.0495 data: 0.0001 max mem: 2190
Test Total time: 0:00:10 (10.5394 s / it)
* Acc@1 61.421 loss 1.396 auroc 0.667 f1_score 0.190
  per-class F1 (Test): {'negative': np.float32(0.761), 'itc': np.float32(0.0), 'micro': np.float32(0.0), 'macro': np.float32(0.0)}
  [DIAG] Tier1 сам по собі: acc=61.421 f1_macro=0.190

Epoch: [2] [  0/266] eta: 0:01:11 lr: 0.000040 tier1_loss: 0.1240 (0.1240) tier2_loss: 0.1685 (0.1685) time: 0.2693 data: 0.1403 max mem: 2190
Epoch: [2] [100/266] eta: 0:00:23 lr: 0.000048 tier1_loss: 1.8126 (1.2100) tier2_loss: 2.1500 (1.2661) time: 0.1379 data: 0.0001 max mem: 2190
Epoch: [2] [200/266] eta: 0:00:09 lr: 0.000055 tier1_loss: 0.2729 (1.2837) tier2_loss: 0.1755 (1.3324) time: 0.1328 data: 0.0001 max mem: 2190
Epoch: [2] [265/266] eta: 0:00:00 lr: 0.000060 tier1_loss: 0.0606 (1.1985) tier2_loss: 0.0535 (1.2454) time: 0.1274 data: 0.0001 max mem: 2190
Epoch: [2] Total time: 0:00:37 (37.0225 s / it)
Val [ 0/29] eta: 0:00:10 loss: 0.0441 (0.0441) acc1: 100.0000 (100.0000) time: 0.3537 data: 0.2969 max mem: 2190
Val [28/29] eta: 0:00:00 loss: 0.0434 (1.3522) acc1: 100.0000 (68.9655) time: 0.0631 data: 0.0095 max mem: 2190
Val Total time: 0:00:02 (2.2376 s / it)
* Acc@1 68.966 loss 1.352 auroc 0.649 f1_score 0.204
  per-class F1 (Val): {'negative': np.float32(0.816), 'itc': np.float32(0.0), 'micro': np.float32(0.0), 'macro': np.float32(0.0)}
  [DIAG] Tier1 сам по собі: acc=68.966 f1_macro=0.204
Test [  0/197] eta: 0:01:35 loss: 3.9601 (3.9601) acc1: 0.0000 (0.0000) time: 0.4831 data: 0.4030 max mem: 2190
Test [100/197] eta: 0:00:06 loss: 0.0440 (1.7535) acc1: 100.0000 (59.4059) time: 0.0592 data: 0.0002 max mem: 2190
Test [196/197] eta: 0:00:00 loss: 0.0432 (1.6556) acc1: 100.0000 (61.4213) time: 0.0504 data: 0.0001 max mem: 2190
Test Total time: 0:00:11 (11.9759 s / it)
* Acc@1 61.421 loss 1.656 auroc 0.679 f1_score 0.190
  per-class F1 (Test): {'negative': np.float32(0.761), 'itc': np.float32(0.0), 'micro': np.float32(0.0), 'macro': np.float32(0.0)}
  [DIAG] Tier1 сам по собі: acc=61.421 f1_macro=0.190

Epoch: [3] [  0/266] eta: 0:01:54 lr: 0.000060 tier1_loss: 0.0404 (0.0404) tier2_loss: 0.0298 (0.0298) time: 0.4315 data: 0.2262 max mem: 2190
Epoch: [3] [100/266] eta: 0:00:22 lr: 0.000068 tier1_loss: 0.2381 (1.1526) tier2_loss: 0.2822 (1.2248) time: 0.1282 data: 0.0001 max mem: 2190
Epoch: [3] [200/266] eta: 0:00:09 lr: 0.000075 tier1_loss: 0.4512 (1.1271) tier2_loss: 0.3423 (1.2090) time: 0.1311 data: 0.0001 max mem: 2190
Epoch: [3] [265/266] eta: 0:00:00 lr: 0.000080 tier1_loss: 0.2794 (1.1565) tier2_loss: 0.2657 (1.2109) time: 0.1302 data: 0.0001 max mem: 2190
Epoch: [3] Total time: 0:00:36 (36.2945 s / it)
Val [ 0/29] eta: 0:00:07 loss: 0.3123 (0.3123) acc1: 100.0000 (100.0000) time: 0.2519 data: 0.1941 max mem: 2190
Val [28/29] eta: 0:00:00 loss: 0.2586 (0.9915) acc1: 100.0000 (68.9655) time: 0.0497 data: 0.0001 max mem: 2190
Val Total time: 0:00:01 (1.6464 s / it)
* Acc@1 68.966 loss 0.992 auroc 0.591 f1_score 0.204
  per-class F1 (Val): {'negative': np.float32(0.816), 'itc': np.float32(0.0), 'micro': np.float32(0.0), 'macro': np.float32(0.0)}
  [DIAG] Tier1 сам по собі: acc=72.414 f1_macro=0.296
Test [  0/197] eta: 0:01:03 loss: 1.5985 (1.5985) acc1: 0.0000 (0.0000) time: 0.3226 data: 0.2525 max mem: 2190
Test [100/197] eta: 0:00:05 loss: 0.3309 (0.9670) acc1: 100.0000 (66.3366) time: 0.0547 data: 0.0002 max mem: 2190
Test [196/197] eta: 0:00:00 loss: 0.1749 (0.9806) acc1: 100.0000 (66.4975) time: 0.0467 data: 0.0001 max mem: 2190
Test Total time: 0:00:10 (10.4747 s / it)
* Acc@1 66.497 loss 0.981 auroc 0.651 f1_score 0.293
  per-class F1 (Test): {'negative': np.float32(0.786), 'itc': np.float32(0.0), 'micro': np.float32(0.0), 'macro': np.float32(0.385)}
  [DIAG] Tier1 сам по собі: acc=72.589 f1_macro=0.378

Epoch: [4] [  0/266] eta: 0:01:53 lr: 0.000080 tier1_loss: 0.8029 (0.8029) tier2_loss: 0.2955 (0.2955) time: 0.4284 data: 0.2720 max mem: 2190
Epoch: [4] [100/266] eta: 0:00:23 lr: 0.000088 tier1_loss: 0.0054 (1.2440) tier2_loss: 0.0036 (1.3464) time: 0.1555 data: 0.0002 max mem: 2190
Epoch: [4] [200/266] eta: 0:00:09 lr: 0.000095 tier1_loss: 0.0859 (1.2564) tier2_loss: 0.0742 (1.3780) time: 0.1397 data: 0.0001 max mem: 2190
Epoch: [4] [265/266] eta: 0:00:00 lr: 0.000100 tier1_loss: 0.0430 (1.2067) tier2_loss: 0.0280 (1.3570) time: 0.1293 data: 0.0001 max mem: 2190
Epoch: [4] Total time: 0:00:37 (37.1862 s / it)
Val [ 0/29] eta: 0:00:07 loss: 0.0284 (0.0284) acc1: 100.0000 (100.0000) time: 0.2579 data: 0.2169 max mem: 2190
Val [28/29] eta: 0:00:00 loss: 0.0282 (1.5860) acc1: 100.0000 (68.9655) time: 0.0504 data: 0.0002 max mem: 2190
Val Total time: 0:00:01 (1.7028 s / it)
* Acc@1 68.966 loss 1.586 auroc 0.728 f1_score 0.204
  per-class F1 (Val): {'negative': np.float32(0.816), 'itc': np.float32(0.0), 'micro': np.float32(0.0), 'macro': np.float32(0.0)}
  [DIAG] Tier1 сам по собі: acc=72.414 f1_macro=0.308
Test [  0/197] eta: 0:01:01 loss: 3.8436 (3.8436) acc1: 0.0000 (0.0000) time: 0.3128 data: 0.2478 max mem: 2190
Test [100/197] eta: 0:00:05 loss: 0.0285 (2.0771) acc1: 100.0000 (59.4059) time: 0.0516 data: 0.0001 max mem: 2190
Test [196/197] eta: 0:00:00 loss: 0.0280 (2.0222) acc1: 100.0000 (61.4213) time: 0.0483 data: 0.0001 max mem: 2190
Test Total time: 0:00:10 (10.5241 s / it)
* Acc@1 61.421 loss 2.022 auroc 0.691 f1_score 0.190
  per-class F1 (Test): {'negative': np.float32(0.761), 'itc': np.float32(0.0), 'micro': np.float32(0.0), 'macro': np.float32(0.0)}
  [DIAG] Tier1 сам по собі: acc=68.591 f1_macro=0.326

Epoch: [5] [  0/266] eta: 0:01:51 lr: 0.000100 tier1_loss: 2.4889 (2.4889) tier2_loss: 3.4571 (3.4571) time: 0.4182 data: 0.2091 max mem: 2190
Epoch: [5] [100/266] eta: 0:00:22 lr: 0.000100 tier1_loss: 0.0129 (0.7315) tier2_loss: 0.2114 (1.2339) time: 0.1343 data: 0.0001 max mem: 2190
Epoch: [5] [200/266] eta: 0:00:09 lr: 0.000099 tier1_loss: 0.0230 (0.6600) tier2_loss: 0.0013 (1.0108) time: 0.1338 data: 0.0001 max mem: 2194
Epoch: [5] [265/266] eta: 0:00:00 lr: 0.000098 tier1_loss: 0.0290 (0.6461) tier2_loss: 0.0151 (0.9314) time: 0.1404 data: 0.0001 max mem: 2194
Epoch: [5] Total time: 0:00:36 (36.9422 s / it)
Val [ 0/29] eta: 0:00:09 loss: 0.0170 (0.0170) acc1: 100.0000 (100.0000) time: 0.3277 data: 0.2719 max mem: 2194
Val [28/29] eta: 0:00:00 loss: 0.0169 (0.7256) acc1: 100.0000 (82.7586) time: 0.0650 data: 0.0025 max mem: 2194
Val Total time: 0:00:02 (2.2633 s / it)
* Acc@1 82.759 loss 0.726 auroc 0.886 f1_score 0.433
  per-class F1 (Val): {'negative': np.float32(0.93), 'itc': np.float32(0.0), 'micro': np.float32(0.0), 'macro': np.float32(0.8)}
  [DIAG] Tier1 сам по собі: acc=78.448 f1_macro=0.405
Test [  0/197] eta: 0:01:49 loss: 2.8841 (2.8841) acc1: 0.0000 (0.0000) time: 0.5540 data: 0.4277 max mem: 2194
Test [100/197] eta: 0:00:06 loss: 0.0170 (0.8082) acc1: 100.0000 (79.2079) time: 0.0605 data: 0.0003 max mem: 2194
Test [196/197] eta: 0:00:00 loss: 0.0170 (0.6289) acc1: 100.0000 (83.7563) time: 0.0466 data: 0.0001 max mem: 2194
Test Total time: 0:00:12 (12.5142 s / it)
* Acc@1 83.756 loss 0.629 auroc 0.930 f1_score 0.498
  per-class F1 (Test): {'negative': np.float32(0.927), 'itc': np.float32(0.0), 'micro': np.float32(0.2), 'macro': np.float32(0.866)}
  [DIAG] Tier1 сам по собі: acc=83.439 f1_macro=0.495

Epoch: [6] [  0/266] eta: 0:01:50 lr: 0.000098 tier1_loss: 0.5636 (0.5636) tier2_loss: 2.5458 (2.5458) time: 0.4171 data: 0.2267 max mem: 2194
Epoch: [6] [100/266] eta: 0:00:22 lr: 0.000095 tier1_loss: 0.0119 (0.5276) tier2_loss: 0.0008 (0.5685) time: 0.1254 data: 0.0001 max mem: 2197
Epoch: [6] [200/266] eta: 0:00:08 lr: 0.000093 tier1_loss: 0.0401 (0.5683) tier2_loss: 0.0262 (0.6975) time: 0.1347 data: 0.0001 max mem: 2197
Epoch: [6] [265/266] eta: 0:00:00 lr: 0.000091 tier1_loss: 0.0227 (0.5706) tier2_loss: 0.0044 (0.6558) time: 0.1191 data: 0.0001 max mem: 2197
Epoch: [6] Total time: 0:00:35 (35.3792 s / it)
Val [ 0/29] eta: 0:00:07 loss: 0.0069 (0.0069) acc1: 100.0000 (100.0000) time: 0.2669 data: 0.2024 max mem: 2197
Val [28/29] eta: 0:00:00 loss: 0.0069 (0.7859) acc1: 100.0000 (82.7586) time: 0.0503 data: 0.0001 max mem: 2197
Val Total time: 0:00:01 (1.6926 s / it)
* Acc@1 82.759 loss 0.786 auroc 0.716 f1_score 0.520
  per-class F1 (Val): {'negative': np.float32(0.93), 'itc': np.float32(0.0), 'micro': np.float32(0.4), 'macro': np.float32(0.75)}
  [DIAG] Tier1 сам по собі: acc=82.328 f1_macro=0.535
Test [  0/197] eta: 0:01:03 loss: 0.0014 (0.0014) acc1: 100.0000 (100.0000) time: 0.3207 data: 0.2469 max mem: 2197
Test [100/197] eta: 0:00:05 loss: 0.0069 (0.7811) acc1: 100.0000 (81.1881) time: 0.0517 data: 0.0002 max mem: 2197
Test [196/197] eta: 0:00:00 loss: 0.0070 (0.5889) acc1: 100.0000 (86.2944) time: 0.0483 data: 0.0001 max mem: 2197
Test Total time: 0:00:10 (10.6112 s / it)
* Acc@1 86.294 loss 0.589 auroc 0.812 f1_score 0.596
  per-class F1 (Test): {'negative': np.float32(0.938), 'itc': np.float32(0.0), 'micro': np.float32(0.533), 'macro': np.float32(0.911)}
  [DIAG] Tier1 сам по собі: acc=86.294 f1_macro=0.622

Epoch: [7] [  0/266] eta: 0:01:20 lr: 0.000091 tier1_loss: 0.0292 (0.0292) tier2_loss: 0.0054 (0.0054) time: 0.3014 data: 0.1341 max mem: 2197
Epoch: [7] [100/266] eta: 0:00:23 lr: 0.000087 tier1_loss: 0.0764 (0.5134) tier2_loss: 0.0251 (0.4651) time: 0.1387 data: 0.0002 max mem: 2197
Epoch: [7] [200/266] eta: 0:00:09 lr: 0.000083 tier1_loss: 0.0452 (0.5335) tier2_loss: 0.0075 (0.5699) time: 0.1217 data: 0.0001 max mem: 2197
Epoch: [7] [265/266] eta: 0:00:00 lr: 0.000080 tier1_loss: 0.1072 (0.5360) tier2_loss: 0.0963 (0.5714) time: 0.1252 data: 0.0001 max mem: 2197
Epoch: [7] Total time: 0:00:37 (37.4074 s / it)
Val [ 0/29] eta: 0:00:07 loss: 0.0087 (0.0087) acc1: 100.0000 (100.0000) time: 0.2722 data: 0.2158 max mem: 2197
Val [28/29] eta: 0:00:00 loss: 0.0087 (0.7732) acc1: 100.0000 (82.7586) time: 0.0490 data: 0.0001 max mem: 2197
Val Total time: 0:00:01 (1.6630 s / it)
* Acc@1 82.759 loss 0.773 auroc 0.772 f1_score 0.433
  per-class F1 (Val): {'negative': np.float32(0.93), 'itc': np.float32(0.0), 'micro': np.float32(0.0), 'macro': np.float32(0.8)}
  [DIAG] Tier1 сам по собі: acc=81.466 f1_macro=0.498
Test [  0/197] eta: 0:01:03 loss: 0.3109 (0.3109) acc1: 100.0000 (100.0000) time: 0.3228 data: 0.2535 max mem: 2197
Test [100/197] eta: 0:00:05 loss: 0.0087 (0.7499) acc1: 100.0000 (81.1881) time: 0.0515 data: 0.0001 max mem: 2197
Test [196/197] eta: 0:00:00 loss: 0.0087 (0.5884) acc1: 100.0000 (85.2792) time: 0.0509 data: 0.0002 max mem: 2197
Test Total time: 0:00:10 (10.7165 s / it)
* Acc@1 85.279 loss 0.588 auroc 0.891 f1_score 0.545
  per-class F1 (Test): {'negative': np.float32(0.953), 'itc': np.float32(0.0), 'micro': np.float32(0.333), 'macro': np.float32(0.894)}
  [DIAG] Tier1 сам по собі: acc=85.850 f1_macro=0.587

Epoch: [8] [  0/266] eta: 0:02:09 lr: 0.000080 tier1_loss: 3.2793 (3.2793) tier2_loss: 4.7408 (4.7408) time: 0.4874 data: 0.2764 max mem: 2197
Epoch: [8] [100/266] eta: 0:00:22 lr: 0.000075 tier1_loss: 0.0185 (0.5711) tier2_loss: 0.0041 (0.6849) time: 0.1363 data: 0.0001 max mem: 2197
Epoch: [8] [200/266] eta: 0:00:09 lr: 0.000069 tier1_loss: 0.0287 (0.4687) tier2_loss: 0.0014 (0.4766) time: 0.1423 data: 0.0001 max mem: 2197
Epoch: [8] [265/266] eta: 0:00:00 lr: 0.000066 tier1_loss: 0.0387 (0.4795) tier2_loss: 0.0096 (0.5293) time: 0.1400 data: 0.0001 max mem: 2197
Epoch: [8] Total time: 0:00:36 (36.6962 s / it)
Val [ 0/29] eta: 0:00:07 loss: 0.0119 (0.0119) acc1: 100.0000 (100.0000) time: 0.2463 data: 0.1894 max mem: 2197
Val [28/29] eta: 0:00:00 loss: 0.0120 (0.8655) acc1: 100.0000 (79.3103) time: 0.0518 data: 0.0002 max mem: 2197
Val Total time: 0:00:01 (1.7695 s / it)
* Acc@1 79.310 loss 0.866 auroc 0.834 f1_score 0.399
  per-class F1 (Val): {'negative': np.float32(0.93), 'itc': np.float32(0.0), 'micro': np.float32(0.0), 'macro': np.float32(0.667)}
  [DIAG] Tier1 сам по собі: acc=80.172 f1_macro=0.488
Test [  0/197] eta: 0:01:36 loss: 0.0046 (0.0046) acc1: 100.0000 (100.0000) time: 0.4910 data: 0.4291 max mem: 2197
Test [100/197] eta: 0:00:06 loss: 0.0120 (0.6437) acc1: 100.0000 (82.1782) time: 0.0595 data: 0.0002 max mem: 2197
Test [196/197] eta: 0:00:00 loss: 0.0120 (0.5291) acc1: 100.0000 (86.2944) time: 0.0506 data: 0.0002 max mem: 2197
Test Total time: 0:00:12 (12.5743 s / it)
* Acc@1 86.294 loss 0.529 auroc 0.938 f1_score 0.619
  per-class F1 (Test): {'negative': np.float32(0.949), 'itc': np.float32(0.222), 'micro': np.float32(0.414), 'macro': np.float32(0.891)}
  [DIAG] Tier1 сам по собі: acc=86.421 f1_macro=0.611

Epoch: [9] [  0/266] eta: 0:02:08 lr: 0.000066 tier1_loss: 3.5745 (3.5745) tier2_loss: 0.7867 (0.7867) time: 0.4838 data: 0.2796 max mem: 2197
Epoch: [9] [100/266] eta: 0:00:23 lr: 0.000060 tier1_loss: 0.1005 (0.3921) tier2_loss: 0.0305 (0.5083) time: 0.1367 data: 0.0001 max mem: 2197
Epoch: [9] [200/266] eta: 0:00:09 lr: 0.000054 tier1_loss: 0.0141 (0.4150) tier2_loss: 0.0114 (0.4652) time: 0.1358 data: 0.0001 max mem: 2197
Epoch: [9] [265/266] eta: 0:00:00 lr: 0.000051 tier1_loss: 0.0211 (0.4376) tier2_loss: 0.0339 (0.5525) time: 0.1317 data: 0.0001 max mem: 2197
Epoch: [9] Total time: 0:00:36 (36.4914 s / it)
Val [ 0/29] eta: 0:00:08 loss: 0.0265 (0.0265) acc1: 100.0000 (100.0000) time: 0.2775 data: 0.2193 max mem: 2197
Val [28/29] eta: 0:00:00 loss: 0.0265 (1.2730) acc1: 100.0000 (75.8621) time: 0.0486 data: 0.0002 max mem: 2197
Val Total time: 0:00:01 (1.6641 s / it)
* Acc@1 75.862 loss 1.273 auroc 0.734 f1_score 0.379
  per-class F1 (Val): {'negative': np.float32(0.851), 'itc': np.float32(0.0), 'micro': np.float32(0.0), 'macro': np.float32(0.667)}
  [DIAG] Tier1 сам по собі: acc=82.759 f1_macro=0.542
Test [  0/197] eta: 0:01:02 loss: 3.9965 (3.9965) acc1: 0.0000 (0.0000) time: 0.3194 data: 0.2472 max mem: 2197
Test [100/197] eta: 0:00:05 loss: 0.0265 (1.1876) acc1: 100.0000 (75.2475) time: 0.0518 data: 0.0002 max mem: 2197
Test [196/197] eta: 0:00:00 loss: 0.0265 (0.8758) acc1: 100.0000 (81.7259) time: 0.0495 data: 0.0001 max mem: 2197
Test Total time: 0:00:10 (10.6711 s / it)
* Acc@1 81.726 loss 0.876 auroc 0.747 f1_score 0.480
  per-class F1 (Test): {'negative': np.float32(0.877), 'itc': np.float32(0.0), 'micro': np.float32(0.105), 'macro': np.float32(0.94)}
  [DIAG] Tier1 сам по собі: acc=87.754 f1_macro=0.649

Epoch: [10] [  0/266] eta: 0:02:09 lr: 0.000051 tier1_loss: 0.0012 (0.0012) tier2_loss: 0.0468 (0.0468) time: 0.4859 data: 0.2921 max mem: 2197
Epoch: [10] [100/266] eta: 0:00:23 lr: 0.000045 tier1_loss: 0.0392 (0.3371) tier2_loss: 0.0069 (0.5674) time: 0.1394 data: 0.0001 max mem: 2197
Epoch: [10] [200/266] eta: 0:00:09 lr: 0.000039 tier1_loss: 0.0611 (0.4083) tier2_loss: 0.0171 (0.5803) time: 0.1352 data: 0.0001 max mem: 2197
Epoch: [10] [265/266] eta: 0:00:00 lr: 0.000035 tier1_loss: 0.0222 (0.3871) tier2_loss: 0.0111 (0.5628) time: 0.1247 data: 0.0001 max mem: 2197
Epoch: [10] Total time: 0:00:37 (37.4545 s / it)
Val [ 0/29] eta: 0:00:08 loss: 0.0124 (0.0124) acc1: 100.0000 (100.0000) time: 0.2759 data: 0.2274 max mem: 2197
Val [28/29] eta: 0:00:00 loss: 0.0124 (1.0786) acc1: 100.0000 (82.7586) time: 0.0510 data: 0.0001 max mem: 2197
Val Total time: 0:00:01 (1.7709 s / it)
* Acc@1 82.759 loss 1.079 auroc 0.743 f1_score 0.542
  per-class F1 (Val): {'negative': np.float32(0.93), 'itc': np.float32(0.0), 'micro': np.float32(0.571), 'macro': np.float32(0.667)}
  [DIAG] Tier1 сам по собі: acc=81.034 f1_macro=0.509
Test [  0/197] eta: 0:01:04 loss: 0.0010 (0.0010) acc1: 100.0000 (100.0000) time: 0.3272 data: 0.2644 max mem: 2197
Test [100/197] eta: 0:00:05 loss: 0.0124 (0.7387) acc1: 100.0000 (83.1683) time: 0.0533 data: 0.0002 max mem: 2197
Test [196/197] eta: 0:00:00 loss: 0.0124 (0.5811) acc1: 100.0000 (87.8173) time: 0.0488 data: 0.0001 max mem: 2197
Test Total time: 0:00:10 (10.5907 s / it)
* Acc@1 87.817 loss 0.581 auroc 0.945 f1_score 0.650
  per-class F1 (Test): {'negative': np.float32(0.931), 'itc': np.float32(0.0), 'micro': np.float32(0.727), 'macro': np.float32(0.941)}
  [DIAG] Tier1 сам по собі: acc=86.612 f1_macro=0.612

Epoch: [11] [  0/266] eta: 0:01:41 lr: 0.000035 tier1_loss: 0.0054 (0.0054) tier2_loss: 0.0119 (0.0119) time: 0.3823 data: 0.1692 max mem: 2197
Epoch: [11] [100/266] eta: 0:00:23 lr: 0.000030 tier1_loss: 0.0304 (0.3477) tier2_loss: 0.0089 (0.4626) time: 0.1367 data: 0.0001 max mem: 2197
Epoch: [11] [200/266] eta: 0:00:09 lr: 0.000025 tier1_loss: 0.0219 (0.3417) tier2_loss: 0.0280 (0.4764) time: 0.1380 data: 0.0001 max mem: 2197
Epoch: [11] [265/266] eta: 0:00:00 lr: 0.000021 tier1_loss: 0.0657 (0.3860) tier2_loss: 0.0429 (0.6078) time: 0.1361 data: 0.0001 max mem: 2197
Epoch: [11] Total time: 0:00:36 (36.6268 s / it)
Val [ 0/29] eta: 0:00:10 loss: 0.0442 (0.0442) acc1: 100.0000 (100.0000) time: 0.3602 data: 0.3133 max mem: 2197
Val [28/29] eta: 0:00:00 loss: 0.0439 (0.7715) acc1: 100.0000 (82.7586) time: 0.0560 data: 0.0032 max mem: 2197
Val Total time: 0:00:02 (2.0602 s / it)
* Acc@1 82.759 loss 0.771 auroc 0.809 f1_score 0.542
  per-class F1 (Val): {'negative': np.float32(0.93), 'itc': np.float32(0.0), 'micro': np.float32(0.571), 'macro': np.float32(0.667)}
  [DIAG] Tier1 сам по собі: acc=81.897 f1_macro=0.536
Test [  0/197] eta: 0:00:56 loss: 0.0119 (0.0119) acc1: 100.0000 (100.0000) time: 0.2867 data: 0.2187 max mem: 2197
Test [100/197] eta: 0:00:07 loss: 0.0441 (0.7108) acc1: 100.0000 (83.1683) time: 0.0582 data: 0.0002 max mem: 2197
Test [196/197] eta: 0:00:00 loss: 0.0442 (0.5169) acc1: 100.0000 (87.8173) time: 0.0486 data: 0.0002 max mem: 2197
Test Total time: 0:00:13 (13.1474 s / it)
* Acc@1 87.817 loss 0.517 auroc 0.926 f1_score 0.670
  per-class F1 (Test): {'negative': np.float32(0.92), 'itc': np.float32(0.0), 'micro': np.float32(0.824), 'macro': np.float32(0.938)}
  [DIAG] Tier1 сам по собі: acc=87.246 f1_macro=0.637

Epoch: [12] [  0/266] eta: 0:01:30 lr: 0.000021 tier1_loss: 0.0534 (0.0534) tier2_loss: 0.0400 (0.0400) time: 0.3392 data: 0.2070 max mem: 2197
Epoch: [12] [100/266] eta: 0:00:22 lr: 0.000017 tier1_loss: 0.0447 (0.3968) tier2_loss: 0.0225 (0.6870) time: 0.1329 data: 0.0001 max mem: 2197
Epoch: [12] [200/266] eta: 0:00:08 lr: 0.000013 tier1_loss: 0.0103 (0.4110) tier2_loss: 0.0319 (0.6558) time: 0.1357 data: 0.0001 max mem: 2197
Epoch: [12] [265/266] eta: 0:00:00 lr: 0.000010 tier1_loss: 0.0139 (0.3609) tier2_loss: 0.0153 (0.5842) time: 0.1243 data: 0.0001 max mem: 2197
Epoch: [12] Total time: 0:00:35 (35.8261 s / it)
Val [ 0/29] eta: 0:00:08 loss: 0.0173 (0.0173) acc1: 100.0000 (100.0000) time: 0.2766 data: 0.2174 max mem: 2197
Val [28/29] eta: 0:00:00 loss: 0.0175 (0.8676) acc1: 100.0000 (82.7586) time: 0.0499 data: 0.0001 max mem: 2197
Val Total time: 0:00:01 (1.7399 s / it)
* Acc@1 82.759 loss 0.868 auroc 0.799 f1_score 0.542
  per-class F1 (Val): {'negative': np.float32(0.93), 'itc': np.float32(0.0), 'micro': np.float32(0.571), 'macro': np.float32(0.667)}
  [DIAG] Tier1 сам по собі: acc=81.466 f1_macro=0.532
Test [  0/197] eta: 0:00:56 loss: 0.0067 (0.0067) acc1: 100.0000 (100.0000) time: 0.2873 data: 0.1963 max mem: 2197
Test [100/197] eta: 0:00:05 loss: 0.0174 (0.7872) acc1: 100.0000 (82.1782) time: 0.0508 data: 0.0002 max mem: 2197
Test [196/197] eta: 0:00:00 loss: 0.0175 (0.5780) acc1: 100.0000 (87.3096) time: 0.0493 data: 0.0002 max mem: 2197
Test Total time: 0:00:10 (10.4209 s / it)
* Acc@1 87.310 loss 0.578 auroc 0.946 f1_score 0.642
  per-class F1 (Test): {'negative': np.float32(0.927), 'itc': np.float32(0.0), 'micro': np.float32(0.71), 'macro': np.float32(0.93)}
  [DIAG] Tier1 сам по собі: acc=87.246 f1_macro=0.630

Epoch: [13] [  0/266] eta: 0:01:59 lr: 0.000010 tier1_loss: 0.0106 (0.0106) tier2_loss: 0.0162 (0.0162) time: 0.4502 data: 0.2592 max mem: 2197
Epoch: [13] [100/266] eta: 0:00:22 lr: 0.000007 tier1_loss: 0.0124 (0.2610) tier2_loss: 0.0094 (0.2339) time: 0.1369 data: 0.0002 max mem: 2197
Epoch: [13] [200/266] eta: 0:00:09 lr: 0.000005 tier1_loss: 0.0243 (0.3835) tier2_loss: 0.0175 (0.4668) time: 0.1362 data: 0.0001 max mem: 2197
Epoch: [13] [265/266] eta: 0:00:00 lr: 0.000003 tier1_loss: 0.0215 (0.3507) tier2_loss: 0.0213 (0.4713) time: 0.1295 data: 0.0001 max mem: 2197
Epoch: [13] Total time: 0:00:37 (37.3292 s / it)
Val [ 0/29] eta: 0:00:06 loss: 0.0190 (0.0190) acc1: 100.0000 (100.0000) time: 0.2323 data: 0.1843 max mem: 2197
Val [28/29] eta: 0:00:00 loss: 0.0192 (0.8738) acc1: 100.0000 (79.3103) time: 0.0492 data: 0.0001 max mem: 2197
Val Total time: 0:00:01 (1.6356 s / it)
* Acc@1 79.310 loss 0.874 auroc 0.842 f1_score 0.459
  per-class F1 (Val): {'negative': np.float32(0.93), 'itc': np.float32(0.0), 'micro': np.float32(0.333), 'macro': np.float32(0.571)}
  [DIAG] Tier1 сам по собі: acc=81.466 f1_macro=0.538
Test [  0/197] eta: 0:01:05 loss: 0.0072 (0.0072) acc1: 100.0000 (100.0000) time: 0.3313 data: 0.2485 max mem: 2197
Test [100/197] eta: 0:00:05 loss: 0.0191 (0.7353) acc1: 100.0000 (81.1881) time: 0.0513 data: 0.0002 max mem: 2197
Test [196/197] eta: 0:00:00 loss: 0.0192 (0.5289) acc1: 100.0000 (86.8020) time: 0.0487 data: 0.0001 max mem: 2197
Test Total time: 0:00:10 (10.6213 s / it)
* Acc@1 86.802 loss 0.529 auroc 0.942 f1_score 0.612
  per-class F1 (Test): {'negative': np.float32(0.942), 'itc': np.float32(0.0), 'micro': np.float32(0.588), 'macro': np.float32(0.92)}
  [DIAG] Tier1 сам по собі: acc=86.104 f1_macro=0.608

Epoch: [14] [  0/266] eta: 0:02:11 lr: 0.000003 tier1_loss: 0.0366 (0.0366) tier2_loss: 0.0282 (0.0282) time: 0.4939 data: 0.3132 max mem: 2197
Epoch: [14] [100/266] eta: 0:00:23 lr: 0.000002 tier1_loss: 0.0114 (0.2831) tier2_loss: 0.0205 (0.2951) time: 0.1365 data: 0.0001 max mem: 2197
Epoch: [14] [200/266] eta: 0:00:08 lr: 0.000001 tier1_loss: 0.0227 (0.3505) tier2_loss: 0.0177 (0.4086) time: 0.1303 data: 0.0001 max mem: 2197
Epoch: [14] [265/266] eta: 0:00:00 lr: 0.000001 tier1_loss: 0.0167 (0.3427) tier2_loss: 0.0136 (0.3825) time: 0.1257 data: 0.0001 max mem: 2197
Epoch: [14] Total time: 0:00:36 (36.0441 s / it)
Val [ 0/29] eta: 0:00:07 loss: 0.0155 (0.0155) acc1: 100.0000 (100.0000) time: 0.2681 data: 0.2155 max mem: 2197
Val [28/29] eta: 0:00:00 loss: 0.0157 (0.8507) acc1: 100.0000 (82.7586) time: 0.0463 data: 0.0001 max mem: 2197
Val Total time: 0:00:01 (1.6062 s / it)
* Acc@1 82.759 loss 0.851 auroc 0.829 f1_score 0.542
  per-class F1 (Val): {'negative': np.float32(0.93), 'itc': np.float32(0.0), 'micro': np.float32(0.571), 'macro': np.float32(0.667)}
  [DIAG] Tier1 сам по собі: acc=80.603 f1_macro=0.526
wandb: 
wandb: Run history:
wandb: diag/test_tier1_acc ▁▁▁▄▃▇█▇███████
wandb:  diag/test_tier1_f1 ▁▁▁▄▃▆█▇▇█▇██▇█
wandb:       perf/test_auc ▁▁▂▁▂█▅▇█▃█████
wandb:        perf/test_f1 ▁▁▁▂▁▅▇▆▇▅███▇▇
wandb:        perf/val_auc ▁▂▂▁▄█▄▅▇▄▅▆▆▇▇
wandb:         perf/val_f1 ▁▁▁▁▁▆█▆▅▅███▆█
wandb:          tier1_loss ▃▃▁▁▅▁▁▅▁▁▁▁▁█▁▁▁▃▁▁▁▁▁▁▁▁▁▁▁▁▁▁▄▁▁▁▁▁▁▁
wandb:          tier2_loss ▆▆▁▁▁▅▁▄▁▄▅▁▁▄▁▁▄▄▁▁▁▁▁▁▁▁▁▁▁▁▁▁▁█▁▁▁▁▁▁
wandb: 
wandb: Run summary:
wandb: diag/test_tier1_acc 86.67513
wandb:  diag/test_tier1_f1 0.62066
wandb:       perf/test_auc 0.94144
wandb:        perf/test_f1 0.62166
wandb:        perf/val_auc 0.829
wandb:         perf/val_f1 0.54208
wandb:          tier1_loss 0.04338
wandb:          tier2_loss 0.01092
wandb: 
wandb: You can sync this run to the cloud by running:
wandb: wandb sync /data/bohatyrenko1/EXPERIMENTS_2/Hi-MoE_MIL/wandb/offline-run-20260927_154532-rbiv0q9w
wandb: Find logs at: ./wandb/offline-run-20260927_154532-rbiv0q9w/logs
Test [  0/197] eta: 0:01:12 loss: 0.0073 (0.0073) acc1: 100.0000 (100.0000) time: 0.3680 data: 0.2770 max mem: 2197
Test [100/197] eta: 0:00:06 loss: 0.0156 (0.7075) acc1: 100.0000 (82.1782) time: 0.0640 data: 0.0065 max mem: 2197
Test [196/197] eta: 0:00:00 loss: 0.0157 (0.5062) acc1: 100.0000 (87.3096) time: 0.0569 data: 0.0002 max mem: 2197
Test Total time: 0:00:12 (12.8262 s / it)
* Acc@1 87.310 loss 0.506 auroc 0.941 f1_score 0.622
  per-class F1 (Test): {'negative': np.float32(0.945), 'itc': np.float32(0.0), 'micro': np.float32(0.611), 'macro': np.float32(0.93)}
  [DIAG] Tier1 сам по собі: acc=86.675 f1_macro=0.621

============================================================
FINAL EPOCH (14) RESULTS (DTFD-ASMIL v2):
  test_auc=0.9414 test_acc=87.31 test_f1(macro)=0.6217
  [DIAG] Tier1 сам по собі: acc=86.675 f1_macro=0.621
  test per-class F1: {'negative': np.float32(0.945), 'itc': np.float32(0.0), 'micro': np.float32(0.611), 'macro': np.float32(0.93)}
  test confusion matrix (rows=true, cols=pred):
          negative         itc       micro       macro
negative        121           0           0           0
     itc         11           0           5           0
   micro          3           0          11           4
   macro          0           0           2          40
============================================================
Best epoch: {'epoch': 14, 'val_f1': 0.5420819520950317, 'val_auc': 0.829002857208252, 'test_f1': 0.6216640472412109, 'test_auc': 0.9414428472518921}
