wandb: Tracking run with wandb version 0.28.0
wandb: W&B syncing is set to `offline` in this directory. Run `wandb online` or set WANDB_MODE=online to enable cloud syncing.
wandb: Run data is saved locally in /data/bohatyrenko1/EXPERIMENTS_2/Hi-MoE_MIL/wandb/offline-run-20260927_140329-ap9w9u8n
wandb: View this run in the terminal with `wandb leet`
Used config (DTFD-ASMIL v2):
{'B': 1,
 'D_feat': 1536,
 'D_inner': 768,
 'M': None,
 'ckpt_dir': 'ckpt/c17_dtfd_v2_uni2h_seed2',
 'config': 'config/camelyon17_uni2h_config.yml',
 'dataset': 'camelyon17',
 'lr': 0.0001,
 'min_lr': 1e-06,
 'n_class': 4,
 'n_token': 8,
 'n_worker': 4,
 'pin_memory': True,
 'pretrain': 'UNI2h',
 'seed': 2,
 'splits_dir': '/data/bohatyrenko1/EXPERIMENTS_2/ASMIL/splits_paper',
 'test_dir': '/data/bohatyrenko1/features_uni2h_train_full',
 'tier1_weight': 0.1,
 'tier2_D_inner': None,
 'tier2_n_heads': 4,
 'train_dir': '/data/bohatyrenko1/features_uni2h_train_full',
 'train_epoch': 15,
 'wandb_mode': 'offline',
 'warmup_epoch': 5,
 'wd': 1e-05}
M (псевдо-bags) = 8, tier1_weight = 0.1
Class weights: [0.3757062256336212, 3.694444417953491, 1.6219512224197388, 2.2166666984558105]
Epoch: [0] [  0/266] eta: 0:05:12 lr: 0.000000 tier1_loss: 1.4874 (1.4874) tier2_loss: 1.3806 (1.3806) time: 1.1766 data: 0.3705 max mem: 848
Epoch: [0] [100/266] eta: 0:00:24 lr: 0.000008 tier1_loss: 0.1851 (1.1019) tier2_loss: 0.0270 (1.1340) time: 0.1300 data: 0.0001 max mem: 2083
Epoch: [0] [200/266] eta: 0:00:09 lr: 0.000015 tier1_loss: 0.1019 (1.2574) tier2_loss: 0.1700 (1.3440) time: 0.1398 data: 0.0001 max mem: 2083
Epoch: [0] [265/266] eta: 0:00:00 lr: 0.000020 tier1_loss: 0.0825 (1.2485) tier2_loss: 0.0616 (1.3389) time: 0.1336 data: 0.0001 max mem: 2180
Epoch: [0] Total time: 0:00:38 (38.1667 s / it)
Val [ 0/29] eta: 0:00:09 loss: 0.0758 (0.0758) acc1: 100.0000 (100.0000) time: 0.3257 data: 0.2354 max mem: 2180
Val [28/29] eta: 0:00:00 loss: 0.0739 (1.2465) acc1: 100.0000 (68.9655) time: 0.0479 data: 0.0001 max mem: 2180
Val Total time: 0:00:01 (1.6751 s / it)
* Acc@1 68.966 loss 1.247 auroc 0.552 f1_score 0.204
  per-class F1 (Val): {'negative': np.float32(0.816), 'itc': np.float32(0.0), 'micro': np.float32(0.0), 'macro': np.float32(0.0)}
  [DIAG] Tier1 сам по собі: acc=68.966 f1_macro=0.204
Test [  0/197] eta: 0:01:00 loss: 3.2329 (3.2329) acc1: 0.0000 (0.0000) time: 0.3089 data: 0.2359 max mem: 2180
Test [100/197] eta: 0:00:05 loss: 0.0715 (1.5881) acc1: 100.0000 (59.4059) time: 0.0516 data: 0.0001 max mem: 2180
Test [196/197] eta: 0:00:00 loss: 0.0652 (1.5450) acc1: 100.0000 (61.4213) time: 0.0465 data: 0.0001 max mem: 2180
Test Total time: 0:00:10 (10.9677 s / it)
* Acc@1 61.421 loss 1.545 auroc 0.680 f1_score 0.190
  per-class F1 (Test): {'negative': np.float32(0.761), 'itc': np.float32(0.0), 'micro': np.float32(0.0), 'macro': np.float32(0.0)}
  [DIAG] Tier1 сам по собі: acc=61.421 f1_macro=0.190

Epoch: [1] [  0/266] eta: 0:02:12 lr: 0.000020 tier1_loss: 0.0790 (0.0790) tier2_loss: 0.0723 (0.0723) time: 0.4986 data: 0.2850 max mem: 2180
Epoch: [1] [100/266] eta: 0:00:24 lr: 0.000028 tier1_loss: 0.0952 (1.2009) tier2_loss: 0.0746 (1.2674) time: 0.1364 data: 0.0001 max mem: 2183
Epoch: [1] [200/266] eta: 0:00:09 lr: 0.000035 tier1_loss: 0.2758 (1.2329) tier2_loss: 0.4521 (1.2953) time: 0.1375 data: 0.0001 max mem: 2183
Epoch: [1] [265/266] eta: 0:00:00 lr: 0.000040 tier1_loss: 0.1085 (1.2285) tier2_loss: 0.1715 (1.2917) time: 0.1248 data: 0.0001 max mem: 2183
Epoch: [1] Total time: 0:00:37 (37.8013 s / it)
Val [ 0/29] eta: 0:00:07 loss: 0.1038 (0.1038) acc1: 100.0000 (100.0000) time: 0.2478 data: 0.2068 max mem: 2183
Val [28/29] eta: 0:00:00 loss: 0.1030 (1.1842) acc1: 100.0000 (68.9655) time: 0.0492 data: 0.0002 max mem: 2183
Val Total time: 0:00:01 (1.6913 s / it)
* Acc@1 68.966 loss 1.184 auroc 0.626 f1_score 0.204
  per-class F1 (Val): {'negative': np.float32(0.816), 'itc': np.float32(0.0), 'micro': np.float32(0.0), 'macro': np.float32(0.0)}
  [DIAG] Tier1 сам по собі: acc=68.966 f1_macro=0.204
Test [  0/197] eta: 0:01:18 loss: 4.1300 (4.1300) acc1: 0.0000 (0.0000) time: 0.3977 data: 0.2951 max mem: 2183
Test [100/197] eta: 0:00:05 loss: 0.1026 (1.4975) acc1: 100.0000 (59.4059) time: 0.0532 data: 0.0002 max mem: 2183
Test [196/197] eta: 0:00:00 loss: 0.0982 (1.4160) acc1: 100.0000 (61.4213) time: 0.0502 data: 0.0002 max mem: 2183
Test Total time: 0:00:11 (11.0563 s / it)
* Acc@1 61.421 loss 1.416 auroc 0.671 f1_score 0.190
  per-class F1 (Test): {'negative': np.float32(0.761), 'itc': np.float32(0.0), 'micro': np.float32(0.0), 'macro': np.float32(0.0)}
  [DIAG] Tier1 сам по собі: acc=61.421 f1_macro=0.190

Epoch: [2] [  0/266] eta: 0:02:19 lr: 0.000040 tier1_loss: 0.0973 (0.0973) tier2_loss: 0.0831 (0.0831) time: 0.5228 data: 0.2843 max mem: 2183
Epoch: [2] [100/266] eta: 0:00:23 lr: 0.000048 tier1_loss: 0.1801 (1.2722) tier2_loss: 0.1726 (1.3744) time: 0.1386 data: 0.0001 max mem: 2183
Epoch: [2] [200/266] eta: 0:00:09 lr: 0.000055 tier1_loss: 0.0467 (1.1894) tier2_loss: 0.1238 (1.2551) time: 0.1427 data: 0.0001 max mem: 2183
Epoch: [2] [265/266] eta: 0:00:00 lr: 0.000060 tier1_loss: 0.2276 (1.2100) tier2_loss: 0.2227 (1.2627) time: 0.1268 data: 0.0001 max mem: 2183
Epoch: [2] Total time: 0:00:37 (37.3343 s / it)
Val [ 0/29] eta: 0:00:07 loss: 0.1064 (0.1064) acc1: 100.0000 (100.0000) time: 0.2712 data: 0.2295 max mem: 2183
Val [28/29] eta: 0:00:00 loss: 0.1080 (1.1723) acc1: 100.0000 (68.9655) time: 0.0548 data: 0.0089 max mem: 2183
Val Total time: 0:00:01 (1.8266 s / it)
* Acc@1 68.966 loss 1.172 auroc 0.630 f1_score 0.204
  per-class F1 (Val): {'negative': np.float32(0.816), 'itc': np.float32(0.0), 'micro': np.float32(0.0), 'macro': np.float32(0.0)}
  [DIAG] Tier1 сам по собі: acc=68.966 f1_macro=0.204
Test [  0/197] eta: 0:00:59 loss: 2.7519 (2.7519) acc1: 0.0000 (0.0000) time: 0.3028 data: 0.2398 max mem: 2183
Test [100/197] eta: 0:00:05 loss: 0.1061 (1.4985) acc1: 100.0000 (59.4059) time: 0.0507 data: 0.0002 max mem: 2183
Test [196/197] eta: 0:00:00 loss: 0.1021 (1.4574) acc1: 100.0000 (61.4213) time: 0.0491 data: 0.0001 max mem: 2183
Test Total time: 0:00:10 (10.5295 s / it)
* Acc@1 61.421 loss 1.457 auroc 0.693 f1_score 0.190
  per-class F1 (Test): {'negative': np.float32(0.761), 'itc': np.float32(0.0), 'micro': np.float32(0.0), 'macro': np.float32(0.0)}
  [DIAG] Tier1 сам по собі: acc=61.421 f1_macro=0.190

Epoch: [3] [  0/266] eta: 0:01:49 lr: 0.000060 tier1_loss: 3.0610 (3.0610) tier2_loss: 3.6836 (3.6836) time: 0.4116 data: 0.2206 max mem: 2183
Epoch: [3] [100/266] eta: 0:00:23 lr: 0.000068 tier1_loss: 0.1339 (1.3166) tier2_loss: 0.1716 (1.3855) time: 0.1377 data: 0.0001 max mem: 2183
Epoch: [3] [200/266] eta: 0:00:09 lr: 0.000075 tier1_loss: 0.2207 (1.4336) tier2_loss: 0.4716 (1.5693) time: 0.1359 data: 0.0001 max mem: 2192
Epoch: [3] [265/266] eta: 0:00:00 lr: 0.000080 tier1_loss: 0.0063 (1.2825) tier2_loss: 0.0021 (1.4043) time: 0.1261 data: 0.0001 max mem: 2192
Epoch: [3] Total time: 0:00:36 (36.4243 s / it)
Val [ 0/29] eta: 0:00:07 loss: 0.0035 (0.0035) acc1: 100.0000 (100.0000) time: 0.2575 data: 0.1991 max mem: 2192
Val [28/29] eta: 0:00:00 loss: 0.0034 (2.2052) acc1: 100.0000 (68.9655) time: 0.0463 data: 0.0001 max mem: 2192
Val Total time: 0:00:01 (1.6711 s / it)
* Acc@1 68.966 loss 2.205 auroc 0.659 f1_score 0.204
  per-class F1 (Val): {'negative': np.float32(0.816), 'itc': np.float32(0.0), 'micro': np.float32(0.0), 'macro': np.float32(0.0)}
  [DIAG] Tier1 сам по собі: acc=68.966 f1_macro=0.204
Test [  0/197] eta: 0:01:01 loss: 5.9621 (5.9621) acc1: 0.0000 (0.0000) time: 0.3140 data: 0.2488 max mem: 2192
Test [100/197] eta: 0:00:05 loss: 0.0035 (2.8960) acc1: 100.0000 (59.4059) time: 0.0616 data: 0.0040 max mem: 2192
Test [196/197] eta: 0:00:00 loss: 0.0034 (2.7827) acc1: 100.0000 (61.4213) time: 0.0604 data: 0.0076 max mem: 2192
Test Total time: 0:00:11 (11.6933 s / it)
* Acc@1 61.421 loss 2.783 auroc 0.664 f1_score 0.190
  per-class F1 (Test): {'negative': np.float32(0.761), 'itc': np.float32(0.0), 'micro': np.float32(0.0), 'macro': np.float32(0.0)}
  [DIAG] Tier1 сам по собі: acc=61.421 f1_macro=0.190

Epoch: [4] [  0/266] eta: 0:01:48 lr: 0.000080 tier1_loss: 4.9493 (4.9493) tier2_loss: 7.7511 (7.7511) time: 0.4070 data: 0.2482 max mem: 2192
Epoch: [4] [100/266] eta: 0:00:23 lr: 0.000088 tier1_loss: 0.2168 (1.3347) tier2_loss: 0.1191 (1.4348) time: 0.1280 data: 0.0001 max mem: 2192
Epoch: [4] [200/266] eta: 0:00:09 lr: 0.000095 tier1_loss: 0.1884 (1.1829) tier2_loss: 0.1938 (1.3248) time: 0.1346 data: 0.0001 max mem: 2192
Epoch: [4] [265/266] eta: 0:00:00 lr: 0.000100 tier1_loss: 0.0606 (1.1170) tier2_loss: 0.1407 (1.2777) time: 0.1378 data: 0.0001 max mem: 2192
Epoch: [4] Total time: 0:00:36 (36.8315 s / it)
Val [ 0/29] eta: 0:00:10 loss: 0.0840 (0.0840) acc1: 100.0000 (100.0000) time: 0.3717 data: 0.3072 max mem: 2192
Val [28/29] eta: 0:00:00 loss: 0.0813 (1.1983) acc1: 100.0000 (68.9655) time: 0.0616 data: 0.0103 max mem: 2192
Val Total time: 0:00:02 (2.1061 s / it)
* Acc@1 68.966 loss 1.198 auroc 0.654 f1_score 0.204
  per-class F1 (Val): {'negative': np.float32(0.816), 'itc': np.float32(0.0), 'micro': np.float32(0.0), 'macro': np.float32(0.0)}
  [DIAG] Tier1 сам по собі: acc=68.966 f1_macro=0.204
Test [  0/197] eta: 0:01:27 loss: 3.1322 (3.1322) acc1: 0.0000 (0.0000) time: 0.4432 data: 0.3789 max mem: 2192
Test [100/197] eta: 0:00:05 loss: 0.0846 (1.5313) acc1: 100.0000 (59.4059) time: 0.0535 data: 0.0002 max mem: 2192
Test [196/197] eta: 0:00:00 loss: 0.0760 (1.4712) acc1: 100.0000 (61.4213) time: 0.0548 data: 0.0002 max mem: 2192
Test Total time: 0:00:11 (11.3004 s / it)
* Acc@1 61.421 loss 1.471 auroc 0.665 f1_score 0.190
  per-class F1 (Test): {'negative': np.float32(0.761), 'itc': np.float32(0.0), 'micro': np.float32(0.0), 'macro': np.float32(0.0)}
  [DIAG] Tier1 сам по собі: acc=74.112 f1_macro=0.387

Epoch: [5] [  0/266] eta: 0:01:48 lr: 0.000100 tier1_loss: 1.9206 (1.9206) tier2_loss: 3.4444 (3.4444) time: 0.4083 data: 0.2015 max mem: 2192
Epoch: [5] [100/266] eta: 0:00:23 lr: 0.000100 tier1_loss: 0.0317 (0.9722) tier2_loss: 0.0702 (1.1689) time: 0.1341 data: 0.0001 max mem: 2192
Epoch: [5] [200/266] eta: 0:00:09 lr: 0.000099 tier1_loss: 0.0342 (0.8076) tier2_loss: 0.0315 (1.0857) time: 0.1411 data: 0.0001 max mem: 2192
Epoch: [5] [265/266] eta: 0:00:00 lr: 0.000098 tier1_loss: 0.4705 (0.7898) tier2_loss: 0.0877 (1.0244) time: 0.1303 data: 0.0001 max mem: 2192
Epoch: [5] Total time: 0:00:37 (37.8881 s / it)
Val [ 0/29] eta: 0:00:08 loss: 0.0371 (0.0371) acc1: 100.0000 (100.0000) time: 0.3032 data: 0.2599 max mem: 2192
Val [28/29] eta: 0:00:00 loss: 0.0374 (0.6673) acc1: 100.0000 (75.8621) time: 0.0467 data: 0.0001 max mem: 2192
Val Total time: 0:00:01 (1.6735 s / it)
* Acc@1 75.862 loss 0.667 auroc 0.765 f1_score 0.344
  per-class F1 (Val): {'negative': np.float32(0.93), 'itc': np.float32(0.0), 'micro': np.float32(0.444), 'macro': np.float32(0.0)}
  [DIAG] Tier1 сам по собі: acc=75.431 f1_macro=0.341
Test [  0/197] eta: 0:00:56 loss: 0.3061 (0.3061) acc1: 100.0000 (100.0000) time: 0.2864 data: 0.2129 max mem: 2192
Test [100/197] eta: 0:00:05 loss: 0.0374 (0.7367) acc1: 100.0000 (70.2970) time: 0.0490 data: 0.0002 max mem: 2192
Test [196/197] eta: 0:00:00 loss: 0.0374 (0.7195) acc1: 100.0000 (68.5279) time: 0.0473 data: 0.0001 max mem: 2192
Test Total time: 0:00:10 (10.6693 s / it)
* Acc@1 68.528 loss 0.719 auroc 0.862 f1_score 0.328
  per-class F1 (Test): {'negative': np.float32(0.949), 'itc': np.float32(0.0), 'micro': np.float32(0.361), 'macro': np.float32(0.0)}
  [DIAG] Tier1 сам по собі: acc=77.411 f1_macro=0.500

Epoch: [6] [  0/266] eta: 0:03:21 lr: 0.000098 tier1_loss: 0.1137 (0.1137) tier2_loss: 0.0343 (0.0343) time: 0.7569 data: 0.5501 max mem: 2192
Epoch: [6] [100/266] eta: 0:00:24 lr: 0.000095 tier1_loss: 0.0189 (0.4565) tier2_loss: 0.0274 (0.5960) time: 0.1438 data: 0.0002 max mem: 2192
Epoch: [6] [200/266] eta: 0:00:09 lr: 0.000093 tier1_loss: 0.0781 (0.5619) tier2_loss: 0.0993 (0.7473) time: 0.1349 data: 0.0001 max mem: 2192
Epoch: [6] [265/266] eta: 0:00:00 lr: 0.000091 tier1_loss: 0.0606 (0.5678) tier2_loss: 0.0445 (0.7277) time: 0.1272 data: 0.0001 max mem: 2192
Epoch: [6] Total time: 0:00:37 (37.1745 s / it)
Val [ 0/29] eta: 0:00:07 loss: 0.0139 (0.0139) acc1: 100.0000 (100.0000) time: 0.2415 data: 0.1967 max mem: 2192
Val [28/29] eta: 0:00:00 loss: 0.0141 (1.3992) acc1: 100.0000 (79.3103) time: 0.0601 data: 0.0102 max mem: 2192
Val Total time: 0:00:01 (1.8916 s / it)
* Acc@1 79.310 loss 1.399 auroc 0.668 f1_score 0.509
  per-class F1 (Val): {'negative': np.float32(0.87), 'itc': np.float32(0.0), 'micro': np.float32(0.5), 'macro': np.float32(0.667)}
  [DIAG] Tier1 сам по собі: acc=82.328 f1_macro=0.562
Test [  0/197] eta: 0:01:12 loss: 7.1482 (7.1482) acc1: 0.0000 (0.0000) time: 0.3689 data: 0.2963 max mem: 2192
Test [100/197] eta: 0:00:06 loss: 0.0139 (1.0537) acc1: 100.0000 (78.2178) time: 0.0626 data: 0.0059 max mem: 2192
Test [196/197] eta: 0:00:00 loss: 0.0139 (0.7591) acc1: 100.0000 (84.2640) time: 0.0476 data: 0.0001 max mem: 2192
Test Total time: 0:00:11 (11.7696 s / it)
* Acc@1 84.264 loss 0.759 auroc 0.803 f1_score 0.593
  per-class F1 (Test): {'negative': np.float32(0.91), 'itc': np.float32(0.0), 'micro': np.float32(0.562), 'macro': np.float32(0.9)}
  [DIAG] Tier1 сам по собі: acc=84.898 f1_macro=0.602

Epoch: [7] [  0/266] eta: 0:01:45 lr: 0.000091 tier1_loss: 0.0274 (0.0274) tier2_loss: 0.0096 (0.0096) time: 0.3967 data: 0.2300 max mem: 2192
Epoch: [7] [100/266] eta: 0:00:22 lr: 0.000087 tier1_loss: 0.0722 (0.7103) tier2_loss: 0.0408 (0.7506) time: 0.1305 data: 0.0001 max mem: 2192
Epoch: [7] [200/266] eta: 0:00:08 lr: 0.000083 tier1_loss: 0.1159 (0.5943) tier2_loss: 0.0235 (0.7188) time: 0.1365 data: 0.0001 max mem: 2192
Epoch: [7] [265/266] eta: 0:00:00 lr: 0.000080 tier1_loss: 0.0561 (0.6299) tier2_loss: 0.0188 (0.8721) time: 0.1335 data: 0.0002 max mem: 2192
Epoch: [7] Total time: 0:00:36 (36.9176 s / it)
Val [ 0/29] eta: 0:00:07 loss: 0.0083 (0.0083) acc1: 100.0000 (100.0000) time: 0.2445 data: 0.1798 max mem: 2192
Val [28/29] eta: 0:00:00 loss: 0.0090 (0.9067) acc1: 100.0000 (75.8621) time: 0.0514 data: 0.0002 max mem: 2192
Val Total time: 0:00:01 (1.7000 s / it)
* Acc@1 75.862 loss 0.907 auroc 0.824 f1_score 0.379
  per-class F1 (Val): {'negative': np.float32(0.9), 'itc': np.float32(0.0), 'micro': np.float32(0.0), 'macro': np.float32(0.615)}
  [DIAG] Tier1 сам по собі: acc=79.310 f1_macro=0.518
Test [  0/197] eta: 0:01:05 loss: 3.9798 (3.9798) acc1: 0.0000 (0.0000) time: 0.3338 data: 0.2686 max mem: 2192
Test [100/197] eta: 0:00:05 loss: 0.0084 (1.0741) acc1: 100.0000 (75.2475) time: 0.0521 data: 0.0002 max mem: 2192
Test [196/197] eta: 0:00:00 loss: 0.0083 (0.8423) acc1: 100.0000 (80.2030) time: 0.0502 data: 0.0001 max mem: 2192
Test Total time: 0:00:10 (10.7363 s / it)
* Acc@1 80.203 loss 0.842 auroc 0.775 f1_score 0.428
  per-class F1 (Test): {'negative': np.float32(0.906), 'itc': np.float32(0.0), 'micro': np.float32(0.0), 'macro': np.float32(0.808)}
  [DIAG] Tier1 сам по собі: acc=84.835 f1_macro=0.603

Epoch: [8] [  0/266] eta: 0:01:34 lr: 0.000080 tier1_loss: 2.9495 (2.9495) tier2_loss: 3.7240 (3.7240) time: 0.3564 data: 0.2030 max mem: 2192
Epoch: [8] [100/266] eta: 0:00:23 lr: 0.000075 tier1_loss: 0.0386 (0.5769) tier2_loss: 0.0051 (0.7767) time: 0.1399 data: 0.0001 max mem: 2192
Epoch: [8] [200/266] eta: 0:00:09 lr: 0.000069 tier1_loss: 0.0420 (0.4862) tier2_loss: 0.0044 (0.6246) time: 0.1352 data: 0.0001 max mem: 2192
Epoch: [8] [265/266] eta: 0:00:00 lr: 0.000066 tier1_loss: 0.0519 (0.4878) tier2_loss: 0.0168 (0.7462) time: 0.1289 data: 0.0001 max mem: 2192
Epoch: [8] Total time: 0:00:36 (36.4673 s / it)
Val [ 0/29] eta: 0:00:07 loss: 0.0079 (0.0079) acc1: 100.0000 (100.0000) time: 0.2424 data: 0.1869 max mem: 2192
Val [28/29] eta: 0:00:00 loss: 0.1879 (1.1774) acc1: 100.0000 (72.4138) time: 0.0492 data: 0.0001 max mem: 2192
Val Total time: 0:00:01 (1.6299 s / it)
* Acc@1 72.414 loss 1.177 auroc 0.840 f1_score 0.361
  per-class F1 (Val): {'negative': np.float32(0.872), 'itc': np.float32(0.0), 'micro': np.float32(0.0), 'macro': np.float32(0.571)}
  [DIAG] Tier1 сам по собі: acc=80.603 f1_macro=0.419
Test [  0/197] eta: 0:01:10 loss: 1.8349 (1.8349) acc1: 0.0000 (0.0000) time: 0.3598 data: 0.2885 max mem: 2192
Test [100/197] eta: 0:00:05 loss: 0.0679 (0.7908) acc1: 100.0000 (74.2574) time: 0.0543 data: 0.0002 max mem: 2192
Test [196/197] eta: 0:00:00 loss: 0.0106 (0.6480) acc1: 100.0000 (79.1878) time: 0.0510 data: 0.0001 max mem: 2192
Test Total time: 0:00:10 (10.7660 s / it)
* Acc@1 79.188 loss 0.648 auroc 0.844 f1_score 0.442
  per-class F1 (Test): {'negative': np.float32(0.938), 'itc': np.float32(0.105), 'micro': np.float32(0.0), 'macro': np.float32(0.724)}
  [DIAG] Tier1 сам по собі: acc=83.947 f1_macro=0.511

Epoch: [9] [  0/266] eta: 0:02:00 lr: 0.000066 tier1_loss: 0.0277 (0.0277) tier2_loss: 2.0760 (2.0760) time: 0.4539 data: 0.2290 max mem: 2192
Epoch: [9] [100/266] eta: 0:00:23 lr: 0.000060 tier1_loss: 0.0190 (0.4399) tier2_loss: 0.0174 (0.7188) time: 0.1376 data: 0.0001 max mem: 2192
Epoch: [9] [200/266] eta: 0:00:09 lr: 0.000054 tier1_loss: 0.0350 (0.4293) tier2_loss: 0.0063 (0.6162) time: 0.1313 data: 0.0001 max mem: 2192
Epoch: [9] [265/266] eta: 0:00:00 lr: 0.000051 tier1_loss: 0.0749 (0.4475) tier2_loss: 0.0064 (0.6022) time: 0.1260 data: 0.0001 max mem: 2192
Epoch: [9] Total time: 0:00:37 (37.1329 s / it)
Val [ 0/29] eta: 0:00:07 loss: 0.0042 (0.0042) acc1: 100.0000 (100.0000) time: 0.2531 data: 0.2012 max mem: 2192
Val [28/29] eta: 0:00:00 loss: 0.0042 (0.9214) acc1: 100.0000 (79.3103) time: 0.0504 data: 0.0034 max mem: 2192
Val Total time: 0:00:01 (1.7020 s / it)
* Acc@1 79.310 loss 0.921 auroc 0.591 f1_score 0.426
  per-class F1 (Val): {'negative': np.float32(0.905), 'itc': np.float32(0.0), 'micro': np.float32(0.0), 'macro': np.float32(0.8)}
  [DIAG] Tier1 сам по собі: acc=81.466 f1_macro=0.531
Test [  0/197] eta: 0:00:57 loss: 1.4632 (1.4632) acc1: 0.0000 (0.0000) time: 0.2914 data: 0.2318 max mem: 2192
Test [100/197] eta: 0:00:05 loss: 0.0042 (0.7671) acc1: 100.0000 (78.2178) time: 0.0521 data: 0.0002 max mem: 2192
Test [196/197] eta: 0:00:00 loss: 0.0042 (0.6270) acc1: 100.0000 (82.7411) time: 0.0499 data: 0.0002 max mem: 2192
Test Total time: 0:00:10 (10.7138 s / it)
* Acc@1 82.741 loss 0.627 auroc 0.827 f1_score 0.502
  per-class F1 (Test): {'negative': np.float32(0.944), 'itc': np.float32(0.0), 'micro': np.float32(0.188), 'macro': np.float32(0.875)}
  [DIAG] Tier1 сам по собі: acc=86.294 f1_macro=0.612

Epoch: [10] [  0/266] eta: 0:02:03 lr: 0.000051 tier1_loss: 3.1915 (3.1915) tier2_loss: 4.7118 (4.7118) time: 0.4652 data: 0.2932 max mem: 2192
Epoch: [10] [100/266] eta: 0:00:23 lr: 0.000045 tier1_loss: 0.0724 (0.5658) tier2_loss: 0.0221 (0.6382) time: 0.1403 data: 0.0001 max mem: 2192
Epoch: [10] [200/266] eta: 0:00:09 lr: 0.000039 tier1_loss: 0.0302 (0.4821) tier2_loss: 0.0041 (0.5358) time: 0.1372 data: 0.0001 max mem: 2192
Epoch: [10] [265/266] eta: 0:00:00 lr: 0.000035 tier1_loss: 0.0387 (0.4448) tier2_loss: 0.0086 (0.5249) time: 0.1393 data: 0.0001 max mem: 2192
Epoch: [10] Total time: 0:00:37 (37.8703 s / it)
Val [ 0/29] eta: 0:00:07 loss: 0.0056 (0.0056) acc1: 100.0000 (100.0000) time: 0.2589 data: 0.2028 max mem: 2192
Val [28/29] eta: 0:00:00 loss: 0.0056 (0.8849) acc1: 100.0000 (79.3103) time: 0.0467 data: 0.0001 max mem: 2192
Val Total time: 0:00:01 (1.6411 s / it)
* Acc@1 79.310 loss 0.885 auroc 0.750 f1_score 0.399
  per-class F1 (Val): {'negative': np.float32(0.93), 'itc': np.float32(0.0), 'micro': np.float32(0.0), 'macro': np.float32(0.667)}
  [DIAG] Tier1 сам по собі: acc=81.466 f1_macro=0.526
Test [  0/197] eta: 0:01:00 loss: 0.0206 (0.0206) acc1: 100.0000 (100.0000) time: 0.3093 data: 0.2413 max mem: 2192
Test [100/197] eta: 0:00:05 loss: 0.0056 (0.7403) acc1: 100.0000 (82.1782) time: 0.0579 data: 0.0002 max mem: 2192
Test [196/197] eta: 0:00:00 loss: 0.0056 (0.6016) acc1: 100.0000 (85.7868) time: 0.0501 data: 0.0002 max mem: 2192
Test Total time: 0:00:10 (10.8023 s / it)
* Acc@1 85.787 loss 0.602 auroc 0.863 f1_score 0.577
  per-class F1 (Test): {'negative': np.float32(0.953), 'itc': np.float32(0.118), 'micro': np.float32(0.345), 'macro': np.float32(0.894)}
  [DIAG] Tier1 сам по собі: acc=87.310 f1_macro=0.634

Epoch: [11] [  0/266] eta: 0:01:57 lr: 0.000035 tier1_loss: 0.0715 (0.0715) tier2_loss: 0.1252 (0.1252) time: 0.4402 data: 0.2431 max mem: 2192
Epoch: [11] [100/266] eta: 0:00:22 lr: 0.000030 tier1_loss: 0.0879 (0.4301) tier2_loss: 0.0093 (0.3071) time: 0.1281 data: 0.0001 max mem: 2192
Epoch: [11] [200/266] eta: 0:00:09 lr: 0.000025 tier1_loss: 0.0521 (0.4214) tier2_loss: 0.0101 (0.3855) time: 0.1466 data: 0.0002 max mem: 2192
Epoch: [11] [265/266] eta: 0:00:00 lr: 0.000021 tier1_loss: 0.0381 (0.3982) tier2_loss: 0.0064 (0.3936) time: 0.1389 data: 0.0001 max mem: 2192
Epoch: [11] Total time: 0:00:37 (37.4766 s / it)
Val [ 0/29] eta: 0:00:08 loss: 0.0067 (0.0067) acc1: 100.0000 (100.0000) time: 0.2960 data: 0.2369 max mem: 2192
Val [28/29] eta: 0:00:00 loss: 0.0067 (0.8779) acc1: 100.0000 (82.7586) time: 0.0486 data: 0.0001 max mem: 2192
Val Total time: 0:00:01 (1.6715 s / it)
* Acc@1 82.759 loss 0.878 auroc 0.763 f1_score 0.433
  per-class F1 (Val): {'negative': np.float32(0.93), 'itc': np.float32(0.0), 'micro': np.float32(0.0), 'macro': np.float32(0.8)}
  [DIAG] Tier1 сам по собі: acc=81.034 f1_macro=0.523
Test [  0/197] eta: 0:01:02 loss: 0.0087 (0.0087) acc1: 100.0000 (100.0000) time: 0.3190 data: 0.2534 max mem: 2192
Test [100/197] eta: 0:00:05 loss: 0.0067 (0.7644) acc1: 100.0000 (83.1683) time: 0.0559 data: 0.0002 max mem: 2192
Test [196/197] eta: 0:00:00 loss: 0.0067 (0.6092) acc1: 100.0000 (86.2944) time: 0.0509 data: 0.0002 max mem: 2192
Test Total time: 0:00:10 (10.8218 s / it)
* Acc@1 86.294 loss 0.609 auroc 0.846 f1_score 0.628
  per-class F1 (Test): {'negative': np.float32(0.949), 'itc': np.float32(0.3), 'micro': np.float32(0.37), 'macro': np.float32(0.894)}
  [DIAG] Tier1 сам по собі: acc=86.358 f1_macro=0.611

Epoch: [12] [  0/266] eta: 0:01:37 lr: 0.000021 tier1_loss: 0.0368 (0.0368) tier2_loss: 0.0277 (0.0277) time: 0.3650 data: 0.2016 max mem: 2192
Epoch: [12] [100/266] eta: 0:00:25 lr: 0.000017 tier1_loss: 0.0765 (0.4751) tier2_loss: 0.0158 (0.5137) time: 0.1394 data: 0.0001 max mem: 2192
Epoch: [12] [200/266] eta: 0:00:09 lr: 0.000013 tier1_loss: 0.0304 (0.3630) tier2_loss: 0.0052 (0.3869) time: 0.1408 data: 0.0001 max mem: 2192
Epoch: [12] [265/266] eta: 0:00:00 lr: 0.000010 tier1_loss: 0.0384 (0.3805) tier2_loss: 0.0080 (0.3941) time: 0.1313 data: 0.0001 max mem: 2193
Epoch: [12] Total time: 0:00:37 (37.8143 s / it)
Val [ 0/29] eta: 0:00:07 loss: 0.0068 (0.0068) acc1: 100.0000 (100.0000) time: 0.2457 data: 0.1977 max mem: 2193
Val [28/29] eta: 0:00:00 loss: 0.0068 (1.1686) acc1: 100.0000 (75.8621) time: 0.0502 data: 0.0036 max mem: 2193
Val Total time: 0:00:01 (1.6812 s / it)
* Acc@1 75.862 loss 1.169 auroc 0.901 f1_score 0.358
  per-class F1 (Val): {'negative': np.float32(0.93), 'itc': np.float32(0.0), 'micro': np.float32(0.0), 'macro': np.float32(0.5)}
  [DIAG] Tier1 сам по собі: acc=81.897 f1_macro=0.529
Test [  0/197] eta: 0:01:01 loss: 0.0034 (0.0034) acc1: 100.0000 (100.0000) time: 0.3128 data: 0.2501 max mem: 2193
Test [100/197] eta: 0:00:05 loss: 0.0068 (0.7754) acc1: 100.0000 (84.1584) time: 0.0516 data: 0.0002 max mem: 2193
Test [196/197] eta: 0:00:00 loss: 0.0068 (0.5350) acc1: 100.0000 (89.3401) time: 0.0492 data: 0.0001 max mem: 2193
Test Total time: 0:00:10 (10.6677 s / it)
* Acc@1 89.340 loss 0.535 auroc 0.856 f1_score 0.735
  per-class F1 (Test): {'negative': np.float32(0.949), 'itc': np.float32(0.476), 'micro': np.float32(0.593), 'macro': np.float32(0.923)}
  [DIAG] Tier1 сам по собі: acc=86.612 f1_macro=0.618

Epoch: [13] [  0/266] eta: 0:02:48 lr: 0.000010 tier1_loss: 0.0270 (0.0270) tier2_loss: 0.0075 (0.0075) time: 0.6339 data: 0.4178 max mem: 2193
Epoch: [13] [100/266] eta: 0:00:24 lr: 0.000007 tier1_loss: 0.0506 (0.3863) tier2_loss: 0.0081 (0.3928) time: 0.1384 data: 0.0001 max mem: 2193
Epoch: [13] [200/266] eta: 0:00:09 lr: 0.000005 tier1_loss: 0.0290 (0.3642) tier2_loss: 0.0093 (0.4074) time: 0.1435 data: 0.0002 max mem: 2193
Epoch: [13] [265/266] eta: 0:00:00 lr: 0.000003 tier1_loss: 0.0397 (0.3842) tier2_loss: 0.0109 (0.3972) time: 0.1211 data: 0.0001 max mem: 2193
Epoch: [13] Total time: 0:00:37 (37.8130 s / it)
Val [ 0/29] eta: 0:00:07 loss: 0.0070 (0.0070) acc1: 100.0000 (100.0000) time: 0.2740 data: 0.2290 max mem: 2193
Val [28/29] eta: 0:00:00 loss: 0.0071 (1.2238) acc1: 100.0000 (75.8621) time: 0.0486 data: 0.0001 max mem: 2193
Val Total time: 0:00:01 (1.6902 s / it)
* Acc@1 75.862 loss 1.224 auroc 0.775 f1_score 0.358
  per-class F1 (Val): {'negative': np.float32(0.93), 'itc': np.float32(0.0), 'micro': np.float32(0.0), 'macro': np.float32(0.5)}
  [DIAG] Tier1 сам по собі: acc=81.034 f1_macro=0.516
Test [  0/197] eta: 0:01:07 loss: 0.0044 (0.0044) acc1: 100.0000 (100.0000) time: 0.3412 data: 0.2709 max mem: 2193
Test [100/197] eta: 0:00:05 loss: 0.0071 (0.7852) acc1: 100.0000 (83.1683) time: 0.0541 data: 0.0002 max mem: 2193
Test [196/197] eta: 0:00:00 loss: 0.0070 (0.5442) acc1: 100.0000 (88.8325) time: 0.0491 data: 0.0001 max mem: 2193
Test Total time: 0:00:10 (10.7583 s / it)
* Acc@1 88.832 loss 0.544 auroc 0.898 f1_score 0.719
  per-class F1 (Test): {'negative': np.float32(0.949), 'itc': np.float32(0.476), 'micro': np.float32(0.538), 'macro': np.float32(0.913)}
  [DIAG] Tier1 сам по собі: acc=86.739 f1_macro=0.621

Epoch: [14] [  0/266] eta: 0:01:34 lr: 0.000003 tier1_loss: 0.0121 (0.0121) tier2_loss: 0.0375 (0.0375) time: 0.3535 data: 0.1899 max mem: 2193
Epoch: [14] [100/266] eta: 0:00:23 lr: 0.000002 tier1_loss: 0.0485 (0.2721) tier2_loss: 0.0070 (0.2845) time: 0.1401 data: 0.0001 max mem: 2193
Epoch: [14] [200/266] eta: 0:00:09 lr: 0.000001 tier1_loss: 0.0333 (0.3417) tier2_loss: 0.0103 (0.3147) time: 0.1411 data: 0.0001 max mem: 2193
Epoch: [14] [265/266] eta: 0:00:00 lr: 0.000001 tier1_loss: 0.0382 (0.3782) tier2_loss: 0.0141 (0.3724) time: 0.1293 data: 0.0001 max mem: 2193
Epoch: [14] Total time: 0:00:36 (36.8314 s / it)
Val [ 0/29] eta: 0:00:07 loss: 0.0065 (0.0065) acc1: 100.0000 (100.0000) time: 0.2604 data: 0.1973 max mem: 2193
Val [28/29] eta: 0:00:00 loss: 0.0065 (1.2177) acc1: 100.0000 (75.8621) time: 0.0485 data: 0.0001 max mem: 2193
Val Total time: 0:00:01 (1.6869 s / it)
* Acc@1 75.862 loss 1.218 auroc 0.800 f1_score 0.358
  per-class F1 (Val): {'negative': np.float32(0.93), 'itc': np.float32(0.0), 'micro': np.float32(0.0), 'macro': np.float32(0.5)}
  [DIAG] Tier1 сам по собі: acc=81.034 f1_macro=0.509
wandb: 
wandb: Run history:
wandb: diag/test_tier1_acc ▁▁▁▁▄▅▇▇▇██████
wandb:  diag/test_tier1_f1 ▁▁▁▁▄▆▇█▆██████
wandb:       perf/test_auc ▁▁▂▁▁▇▅▄▆▆▇▆▇██
wandb:        perf/test_f1 ▁▁▁▁▁▃▆▄▄▅▆▇██▇
wandb:        perf/val_auc ▁▂▃▃▃▅▃▆▇▂▅▅█▅▆
wandb:         perf/val_f1 ▁▁▁▁▁▄█▅▅▆▅▆▅▅▅
wandb:          tier1_loss ▁▁▁▁▄▁█▁▁▆▃▁▁▃▁▁▁▆▂▁▁▁▁▁▁▁▁▁▁▁▁▁▁▁▁▅▁▁▁▁
wandb:          tier2_loss ▁▁▁▇▇█▁▁█▁▂▁▁▁▁█▁▁▁▁▁▂▇▁▆▁▄▁▁▁▁▁▁▁▁▁█▁▁▅
wandb: 
wandb: Run summary:
wandb: diag/test_tier1_acc 86.61167
wandb:  diag/test_tier1_f1 0.61691
wandb:       perf/test_auc 0.88864
wandb:        perf/test_f1 0.6849
wandb:        perf/val_auc 0.80011
wandb:         perf/val_f1 0.35756
wandb:          tier1_loss 4.20861
wandb:          tier2_loss 0.04745
wandb: 
wandb: You can sync this run to the cloud by running:
wandb: wandb sync /data/bohatyrenko1/EXPERIMENTS_2/Hi-MoE_MIL/wandb/offline-run-20260927_140329-ap9w9u8n
wandb: Find logs at: ./wandb/offline-run-20260927_140329-ap9w9u8n/logs
Test [  0/197] eta: 0:01:02 loss: 0.0022 (0.0022) acc1: 100.0000 (100.0000) time: 0.3179 data: 0.2695 max mem: 2193
Test [100/197] eta: 0:00:05 loss: 0.0065 (0.7927) acc1: 100.0000 (82.1782) time: 0.0528 data: 0.0001 max mem: 2193
Test [196/197] eta: 0:00:00 loss: 0.0065 (0.5425) acc1: 100.0000 (88.3249) time: 0.0590 data: 0.0101 max mem: 2193
Test Total time: 0:00:10 (10.9426 s / it)
* Acc@1 88.325 loss 0.543 auroc 0.889 f1_score 0.685
  per-class F1 (Test): {'negative': np.float32(0.949), 'itc': np.float32(0.316), 'micro': np.float32(0.552), 'macro': np.float32(0.923)}
  [DIAG] Tier1 сам по собі: acc=86.612 f1_macro=0.617

============================================================
FINAL EPOCH (14) RESULTS (DTFD-ASMIL v2):
  test_auc=0.8886 test_acc=88.32 test_f1(macro)=0.6849
  [DIAG] Tier1 сам по собі: acc=86.612 f1_macro=0.617
  test per-class F1: {'negative': np.float32(0.949), 'itc': np.float32(0.316), 'micro': np.float32(0.552), 'macro': np.float32(0.923)}
  test confusion matrix (rows=true, cols=pred):
          negative         itc       micro       macro
negative        121           0           0           0
     itc         10           3           3           0
   micro          3           0           8           7
   macro          0           0           0          42
============================================================
Best epoch: {'epoch': 12, 'val_f1': 0.35755813121795654, 'val_auc': 0.9006481170654297, 'test_f1': 0.7352198958396912, 'test_auc': 0.8556653261184692}
