wandb: Tracking run with wandb version 0.28.0
wandb: W&B syncing is set to `offline` in this directory. Run `wandb online` or set WANDB_MODE=online to enable cloud syncing.
wandb: Run data is saved locally in /data/bohatyrenko1/EXPERIMENTS_2/Hi-MoE_MIL/wandb/offline-run-20260925_125655-la2v3sga
wandb: View this run in the terminal with `wandb leet`
Used config (DTFD-ASMIL v2):
{'B': 1,
 'D_feat': 384,
 'D_inner': 128,
 'M': None,
 'ckpt_dir': 'ckpt/c17_dtfd_v3_seed8',
 'config': 'config/camelyon17_vitsdino_config_20ep.yml',
 'dataset': 'camelyon17',
 'lr': 0.0001,
 'min_lr': 1e-06,
 'n_class': 4,
 'n_token': 8,
 'n_worker': 4,
 'pin_memory': True,
 'pretrain': 'medical_ssl',
 'seed': 8,
 'splits_dir': '/data/bohatyrenko1/EXPERIMENTS_2/ASMIL/splits_paper',
 'test_dir': '/data/bohatyrenko1/features_vitsdino_camelyon17_train',
 'tier1_weight': 0.1,
 'tier2_D_inner': None,
 'tier2_n_heads': 4,
 'tier2_n_layers': 2,
 'train_dir': '/data/bohatyrenko1/features_vitsdino_camelyon17_train',
 'train_epoch': 20,
 'wandb_mode': 'offline',
 'warmup_epoch': 5,
 'wd': 1e-05}
M (псевдо-bags) = 8, tier1_weight = 0.1
Class weights: [0.3757062256336212, 3.694444417953491, 1.6219512224197388, 2.2166666984558105]
Epoch: [0] [  0/266] eta: 0:02:29 lr: 0.000000 tier1_loss: 1.4790 (1.4790) tier2_loss: 1.8392 (1.8392) time: 0.5635 data: 0.0643 max mem: 54
Epoch: [0] [100/266] eta: 0:00:18 lr: 0.000008 tier1_loss: 1.2817 (1.3430) tier2_loss: 0.4750 (1.3224) time: 0.0974 data: 0.0001 max mem: 325
Epoch: [0] [200/266] eta: 0:00:06 lr: 0.000015 tier1_loss: 0.9142 (1.2885) tier2_loss: 0.0467 (1.2808) time: 0.0987 data: 0.0001 max mem: 325
Epoch: [0] [265/266] eta: 0:00:00 lr: 0.000020 tier1_loss: 0.6610 (1.2409) tier2_loss: 0.0662 (1.3033) time: 0.0987 data: 0.0001 max mem: 325
Epoch: [0] Total time: 0:00:27 (27.0494 s / it)
Val [ 0/29] eta: 0:00:05 loss: 0.0393 (0.0393) acc1: 100.0000 (100.0000) time: 0.1763 data: 0.0944 max mem: 325
Val [28/29] eta: 0:00:00 loss: 0.0347 (1.4326) acc1: 100.0000 (68.9655) time: 0.0248 data: 0.0001 max mem: 325
Val Total time: 0:00:00 (0.9307 s / it)
* Acc@1 68.966 loss 1.433 auroc 0.578 f1_score 0.204
  per-class F1 (Val): {'negative': np.float32(0.816), 'itc': np.float32(0.0), 'micro': np.float32(0.0), 'macro': np.float32(0.0)}
  [DIAG] Tier1 сам по собі: acc=68.966 f1_macro=0.204
Test [  0/197] eta: 0:00:25 loss: 5.0458 (5.0458) acc1: 0.0000 (0.0000) time: 0.1296 data: 0.0993 max mem: 325
Test [100/197] eta: 0:00:02 loss: 0.0305 (1.8706) acc1: 100.0000 (59.4059) time: 0.0243 data: 0.0001 max mem: 325
Test [196/197] eta: 0:00:00 loss: 0.0340 (1.7210) acc1: 100.0000 (61.4213) time: 0.0230 data: 0.0001 max mem: 325
Test Total time: 0:00:04 (4.9392 s / it)
* Acc@1 61.421 loss 1.721 auroc 0.598 f1_score 0.190
  per-class F1 (Test): {'negative': np.float32(0.761), 'itc': np.float32(0.0), 'micro': np.float32(0.0), 'macro': np.float32(0.0)}
  [DIAG] Tier1 сам по собі: acc=61.421 f1_macro=0.190

Epoch: [1] [  0/266] eta: 0:01:12 lr: 0.000020 tier1_loss: 0.6326 (0.6326) tier2_loss: 0.0475 (0.0475) time: 0.2734 data: 0.1213 max mem: 325
Epoch: [1] [100/266] eta: 0:00:17 lr: 0.000028 tier1_loss: 0.3395 (0.9807) tier2_loss: 0.0631 (1.3815) time: 0.0964 data: 0.0001 max mem: 325
Epoch: [1] [200/266] eta: 0:00:06 lr: 0.000035 tier1_loss: 0.2107 (1.0389) tier2_loss: 0.0674 (1.4213) time: 0.0963 data: 0.0001 max mem: 325
Epoch: [1] [265/266] eta: 0:00:00 lr: 0.000040 tier1_loss: 0.1593 (1.0306) tier2_loss: 0.0324 (1.3595) time: 0.0987 data: 0.0001 max mem: 325
Epoch: [1] Total time: 0:00:26 (26.7924 s / it)
Val [ 0/29] eta: 0:00:04 loss: 0.0384 (0.0384) acc1: 100.0000 (100.0000) time: 0.1632 data: 0.1295 max mem: 325
Val [28/29] eta: 0:00:00 loss: 0.0346 (1.4081) acc1: 100.0000 (68.9655) time: 0.0249 data: 0.0001 max mem: 325
Val Total time: 0:00:00 (0.9330 s / it)
* Acc@1 68.966 loss 1.408 auroc 0.630 f1_score 0.204
  per-class F1 (Val): {'negative': np.float32(0.816), 'itc': np.float32(0.0), 'micro': np.float32(0.0), 'macro': np.float32(0.0)}
  [DIAG] Tier1 сам по собі: acc=68.966 f1_macro=0.204
Test [  0/197] eta: 0:00:31 loss: 4.3087 (4.3087) acc1: 0.0000 (0.0000) time: 0.1620 data: 0.1243 max mem: 325
Test [100/197] eta: 0:00:02 loss: 0.0337 (1.8320) acc1: 100.0000 (59.4059) time: 0.0267 data: 0.0001 max mem: 325
Test [196/197] eta: 0:00:00 loss: 0.0342 (1.7158) acc1: 100.0000 (61.4213) time: 0.0249 data: 0.0001 max mem: 325
Test Total time: 0:00:05 (5.3776 s / it)
* Acc@1 61.421 loss 1.716 auroc 0.684 f1_score 0.190
  per-class F1 (Test): {'negative': np.float32(0.761), 'itc': np.float32(0.0), 'micro': np.float32(0.0), 'macro': np.float32(0.0)}
  [DIAG] Tier1 сам по собі: acc=61.421 f1_macro=0.190

Epoch: [2] [  0/266] eta: 0:00:57 lr: 0.000040 tier1_loss: 0.1496 (0.1496) tier2_loss: 0.0358 (0.0358) time: 0.2150 data: 0.0971 max mem: 325
Epoch: [2] [100/266] eta: 0:00:19 lr: 0.000048 tier1_loss: 0.1471 (1.1963) tier2_loss: 0.0578 (1.3550) time: 0.1295 data: 0.0001 max mem: 325
Epoch: [2] [200/266] eta: 0:00:07 lr: 0.000055 tier1_loss: 0.1125 (1.1250) tier2_loss: 0.1284 (1.2242) time: 0.1054 data: 0.0001 max mem: 325
Epoch: [2] [265/266] eta: 0:00:00 lr: 0.000060 tier1_loss: 2.9206 (1.1431) tier2_loss: 2.1025 (1.2354) time: 0.1033 data: 0.0001 max mem: 325
Epoch: [2] Total time: 0:00:29 (29.1923 s / it)
Val [ 0/29] eta: 0:00:04 loss: 0.2355 (0.2355) acc1: 100.0000 (100.0000) time: 0.1484 data: 0.1190 max mem: 325
Val [28/29] eta: 0:00:00 loss: 0.2065 (1.0154) acc1: 100.0000 (68.9655) time: 0.0254 data: 0.0001 max mem: 325
Val Total time: 0:00:00 (0.9227 s / it)
* Acc@1 68.966 loss 1.015 auroc 0.629 f1_score 0.204
  per-class F1 (Val): {'negative': np.float32(0.816), 'itc': np.float32(0.0), 'micro': np.float32(0.0), 'macro': np.float32(0.0)}
  [DIAG] Tier1 сам по собі: acc=68.966 f1_macro=0.204
Test [  0/197] eta: 0:00:30 loss: 2.6769 (2.6769) acc1: 0.0000 (0.0000) time: 0.1570 data: 0.1164 max mem: 325
Test [100/197] eta: 0:00:02 loss: 0.2090 (1.2493) acc1: 100.0000 (59.4059) time: 0.0250 data: 0.0001 max mem: 325
Test [196/197] eta: 0:00:00 loss: 0.1942 (1.1556) acc1: 100.0000 (61.4213) time: 0.0240 data: 0.0001 max mem: 325
Test Total time: 0:00:05 (5.1233 s / it)
* Acc@1 61.421 loss 1.156 auroc 0.689 f1_score 0.190
  per-class F1 (Test): {'negative': np.float32(0.761), 'itc': np.float32(0.0), 'micro': np.float32(0.0), 'macro': np.float32(0.0)}
  [DIAG] Tier1 сам по собі: acc=61.421 f1_macro=0.190

Epoch: [3] [  0/266] eta: 0:01:14 lr: 0.000060 tier1_loss: 0.1125 (0.1125) tier2_loss: 0.1548 (0.1548) time: 0.2800 data: 0.1465 max mem: 325
Epoch: [3] [100/266] eta: 0:00:17 lr: 0.000068 tier1_loss: 0.1054 (1.0762) tier2_loss: 0.0668 (1.1953) time: 0.1035 data: 0.0001 max mem: 325
Epoch: [3] [200/266] eta: 0:00:07 lr: 0.000075 tier1_loss: 0.1325 (1.1603) tier2_loss: 0.1174 (1.2101) time: 0.1078 data: 0.0001 max mem: 325
Epoch: [3] [265/266] eta: 0:00:00 lr: 0.000080 tier1_loss: 0.1309 (1.1470) tier2_loss: 0.1232 (1.1997) time: 0.1056 data: 0.0001 max mem: 325
Epoch: [3] Total time: 0:00:28 (28.7265 s / it)
Val [ 0/29] eta: 0:00:04 loss: 0.0804 (0.0804) acc1: 100.0000 (100.0000) time: 0.1723 data: 0.1296 max mem: 325
Val [28/29] eta: 0:00:00 loss: 0.0631 (1.2313) acc1: 100.0000 (68.9655) time: 0.0240 data: 0.0001 max mem: 325
Val Total time: 0:00:00 (0.9094 s / it)
* Acc@1 68.966 loss 1.231 auroc 0.645 f1_score 0.204
  per-class F1 (Val): {'negative': np.float32(0.816), 'itc': np.float32(0.0), 'micro': np.float32(0.0), 'macro': np.float32(0.0)}
  [DIAG] Tier1 сам по собі: acc=68.966 f1_macro=0.204
Test [  0/197] eta: 0:00:28 loss: 4.1988 (4.1988) acc1: 0.0000 (0.0000) time: 0.1472 data: 0.1152 max mem: 325
Test [100/197] eta: 0:00:02 loss: 0.0728 (1.5577) acc1: 100.0000 (59.4059) time: 0.0258 data: 0.0001 max mem: 325
Test [196/197] eta: 0:00:00 loss: 0.0701 (1.4303) acc1: 100.0000 (61.4213) time: 0.0242 data: 0.0001 max mem: 325
Test Total time: 0:00:05 (5.1656 s / it)
* Acc@1 61.421 loss 1.430 auroc 0.698 f1_score 0.190
  per-class F1 (Test): {'negative': np.float32(0.761), 'itc': np.float32(0.0), 'micro': np.float32(0.0), 'macro': np.float32(0.0)}
  [DIAG] Tier1 сам по собі: acc=61.421 f1_macro=0.190

Epoch: [4] [  0/266] eta: 0:01:09 lr: 0.000080 tier1_loss: 0.2871 (0.2871) tier2_loss: 0.0717 (0.0717) time: 0.2616 data: 0.1181 max mem: 325
Epoch: [4] [100/266] eta: 0:00:17 lr: 0.000088 tier1_loss: 0.0996 (1.0891) tier2_loss: 0.0753 (1.1792) time: 0.1010 data: 0.0001 max mem: 325
Epoch: [4] [200/266] eta: 0:00:07 lr: 0.000095 tier1_loss: 0.1338 (1.1318) tier2_loss: 0.0895 (1.1900) time: 0.1062 data: 0.0001 max mem: 325
Epoch: [4] [265/266] eta: 0:00:00 lr: 0.000100 tier1_loss: 0.1563 (1.1105) tier2_loss: 0.1215 (1.1665) time: 0.1017 data: 0.0001 max mem: 325
Epoch: [4] Total time: 0:00:29 (29.6445 s / it)
Val [ 0/29] eta: 0:00:04 loss: 0.0493 (0.0493) acc1: 100.0000 (100.0000) time: 0.1640 data: 0.1181 max mem: 325
Val [28/29] eta: 0:00:00 loss: 0.0383 (1.3703) acc1: 100.0000 (68.9655) time: 0.0255 data: 0.0001 max mem: 325
Val Total time: 0:00:00 (0.9562 s / it)
* Acc@1 68.966 loss 1.370 auroc 0.626 f1_score 0.204
  per-class F1 (Val): {'negative': np.float32(0.816), 'itc': np.float32(0.0), 'micro': np.float32(0.0), 'macro': np.float32(0.0)}
  [DIAG] Tier1 сам по собі: acc=68.966 f1_macro=0.204
Test [  0/197] eta: 0:00:28 loss: 4.3452 (4.3452) acc1: 0.0000 (0.0000) time: 0.1449 data: 0.1086 max mem: 325
Test [100/197] eta: 0:00:02 loss: 0.0429 (1.6803) acc1: 100.0000 (59.4059) time: 0.0270 data: 0.0001 max mem: 325
Test [196/197] eta: 0:00:00 loss: 0.0380 (1.5724) acc1: 100.0000 (61.4213) time: 0.0240 data: 0.0001 max mem: 325
Test Total time: 0:00:05 (5.3048 s / it)
* Acc@1 61.421 loss 1.572 auroc 0.700 f1_score 0.190
  per-class F1 (Test): {'negative': np.float32(0.761), 'itc': np.float32(0.0), 'micro': np.float32(0.0), 'macro': np.float32(0.0)}
  [DIAG] Tier1 сам по собі: acc=61.421 f1_macro=0.190

Epoch: [5] [  0/266] eta: 0:01:13 lr: 0.000100 tier1_loss: 3.3802 (3.3802) tier2_loss: 4.2677 (4.2677) time: 0.2763 data: 0.1356 max mem: 325
Epoch: [5] [100/266] eta: 0:00:17 lr: 0.000100 tier1_loss: 0.0941 (1.0182) tier2_loss: 0.0582 (1.0623) time: 0.1026 data: 0.0001 max mem: 325
Epoch: [5] [200/266] eta: 0:00:07 lr: 0.000099 tier1_loss: 0.1704 (1.0914) tier2_loss: 0.2548 (1.1161) time: 0.1089 data: 0.0001 max mem: 325
Epoch: [5] [265/266] eta: 0:00:00 lr: 0.000099 tier1_loss: 0.2414 (1.0789) tier2_loss: 0.2049 (1.1105) time: 0.1033 data: 0.0001 max mem: 325
Epoch: [5] Total time: 0:00:28 (28.4603 s / it)
Val [ 0/29] eta: 0:00:04 loss: 0.2999 (0.2999) acc1: 100.0000 (100.0000) time: 0.1565 data: 0.1206 max mem: 325
Val [28/29] eta: 0:00:00 loss: 0.1615 (1.2135) acc1: 100.0000 (65.5172) time: 0.0238 data: 0.0001 max mem: 325
Val Total time: 0:00:00 (0.8905 s / it)
* Acc@1 65.517 loss 1.214 auroc 0.644 f1_score 0.198
  per-class F1 (Val): {'negative': np.float32(0.792), 'itc': np.float32(0.0), 'micro': np.float32(0.0), 'macro': np.float32(0.0)}
  [DIAG] Tier1 сам по собі: acc=66.810 f1_macro=0.200
Test [  0/197] eta: 0:00:29 loss: 2.1975 (2.1975) acc1: 0.0000 (0.0000) time: 0.1519 data: 0.1119 max mem: 325
Test [100/197] eta: 0:00:02 loss: 0.1593 (1.1184) acc1: 100.0000 (65.3465) time: 0.0256 data: 0.0001 max mem: 325
Test [196/197] eta: 0:00:00 loss: 0.0993 (0.9739) acc1: 100.0000 (70.0508) time: 0.0241 data: 0.0001 max mem: 325
Test Total time: 0:00:05 (5.2182 s / it)
* Acc@1 70.051 loss 0.974 auroc 0.742 f1_score 0.350
  per-class F1 (Test): {'negative': np.float32(0.807), 'itc': np.float32(0.0), 'micro': np.float32(0.0), 'macro': np.float32(0.594)}
  [DIAG] Tier1 сам по собі: acc=66.180 f1_macro=0.287

Epoch: [6] [  0/266] eta: 0:01:10 lr: 0.000099 tier1_loss: 0.0913 (0.0913) tier2_loss: 0.0674 (0.0674) time: 0.2658 data: 0.1272 max mem: 325
Epoch: [6] [100/266] eta: 0:00:17 lr: 0.000098 tier1_loss: 0.0932 (0.8867) tier2_loss: 0.0593 (0.9185) time: 0.1055 data: 0.0001 max mem: 325
Epoch: [6] [200/266] eta: 0:00:06 lr: 0.000097 tier1_loss: 0.0859 (0.9736) tier2_loss: 0.0915 (1.0247) time: 0.1031 data: 0.0001 max mem: 325
Epoch: [6] [265/266] eta: 0:00:00 lr: 0.000096 tier1_loss: 0.1615 (0.9902) tier2_loss: 0.1471 (1.0463) time: 0.1143 data: 0.0001 max mem: 325
Epoch: [6] Total time: 0:00:28 (28.4874 s / it)
Val [ 0/29] eta: 0:00:04 loss: 0.1201 (0.1201) acc1: 100.0000 (100.0000) time: 0.1697 data: 0.1225 max mem: 325
Val [28/29] eta: 0:00:00 loss: 0.1114 (1.0944) acc1: 100.0000 (68.9655) time: 0.0308 data: 0.0001 max mem: 325
Val Total time: 0:00:01 (1.2619 s / it)
* Acc@1 68.966 loss 1.094 auroc 0.723 f1_score 0.302
  per-class F1 (Val): {'negative': np.float32(0.809), 'itc': np.float32(0.0), 'micro': np.float32(0.0), 'macro': np.float32(0.4)}
  [DIAG] Tier1 сам по собі: acc=66.379 f1_macro=0.228
Test [  0/197] eta: 0:00:30 loss: 2.5463 (2.5463) acc1: 0.0000 (0.0000) time: 0.1541 data: 0.1152 max mem: 325
Test [100/197] eta: 0:00:02 loss: 0.1227 (0.9475) acc1: 100.0000 (70.2970) time: 0.0263 data: 0.0001 max mem: 325
Test [196/197] eta: 0:00:00 loss: 0.1011 (0.7589) acc1: 100.0000 (77.1574) time: 0.0246 data: 0.0001 max mem: 325
Test Total time: 0:00:05 (5.3193 s / it)
* Acc@1 77.157 loss 0.759 auroc 0.783 f1_score 0.448
  per-class F1 (Test): {'negative': np.float32(0.846), 'itc': np.float32(0.0), 'micro': np.float32(0.091), 'macro': np.float32(0.857)}
  [DIAG] Tier1 сам по собі: acc=74.746 f1_macro=0.399

Epoch: [7] [  0/266] eta: 0:01:07 lr: 0.000096 tier1_loss: 0.0942 (0.0942) tier2_loss: 0.1262 (0.1262) time: 0.2541 data: 0.1068 max mem: 325
Epoch: [7] [100/266] eta: 0:00:17 lr: 0.000094 tier1_loss: 0.1062 (1.0133) tier2_loss: 0.0999 (1.0623) time: 0.1111 data: 0.0001 max mem: 325
Epoch: [7] [200/266] eta: 0:00:07 lr: 0.000092 tier1_loss: 0.1008 (0.9267) tier2_loss: 0.1497 (0.9602) time: 0.1087 data: 0.0001 max mem: 325
Epoch: [7] [265/266] eta: 0:00:00 lr: 0.000091 tier1_loss: 0.1111 (0.9156) tier2_loss: 0.0786 (0.9544) time: 0.1134 data: 0.0001 max mem: 325
Epoch: [7] Total time: 0:00:29 (29.2675 s / it)
Val [ 0/29] eta: 0:00:05 loss: 0.0540 (0.0540) acc1: 100.0000 (100.0000) time: 0.1797 data: 0.1310 max mem: 325
Val [28/29] eta: 0:00:00 loss: 0.0516 (1.2219) acc1: 100.0000 (68.9655) time: 0.0283 data: 0.0001 max mem: 325
Val Total time: 0:00:01 (1.3077 s / it)
* Acc@1 68.966 loss 1.222 auroc 0.758 f1_score 0.302
  per-class F1 (Val): {'negative': np.float32(0.809), 'itc': np.float32(0.0), 'micro': np.float32(0.0), 'macro': np.float32(0.4)}
  [DIAG] Tier1 сам по собі: acc=68.966 f1_macro=0.302
Test [  0/197] eta: 0:00:27 loss: 3.2360 (3.2360) acc1: 0.0000 (0.0000) time: 0.1410 data: 0.1082 max mem: 325
Test [100/197] eta: 0:00:02 loss: 0.0617 (1.0087) acc1: 100.0000 (72.2772) time: 0.0250 data: 0.0001 max mem: 325
Test [196/197] eta: 0:00:00 loss: 0.0338 (0.7895) acc1: 100.0000 (78.6802) time: 0.0247 data: 0.0001 max mem: 325
Test Total time: 0:00:05 (5.1705 s / it)
* Acc@1 78.680 loss 0.790 auroc 0.794 f1_score 0.437
  per-class F1 (Test): {'negative': np.float32(0.859), 'itc': np.float32(0.0), 'micro': np.float32(0.0), 'macro': np.float32(0.889)}
  [DIAG] Tier1 сам по собі: acc=79.251 f1_macro=0.439

Epoch: [8] [  0/266] eta: 0:01:03 lr: 0.000091 tier1_loss: 0.5806 (0.5806) tier2_loss: 0.0235 (0.0235) time: 0.2401 data: 0.1135 max mem: 325
Epoch: [8] [100/266] eta: 0:00:17 lr: 0.000088 tier1_loss: 0.0911 (0.8954) tier2_loss: 0.0594 (1.2448) time: 0.1084 data: 0.0001 max mem: 325
Epoch: [8] [200/266] eta: 0:00:06 lr: 0.000085 tier1_loss: 0.0744 (0.9109) tier2_loss: 0.0664 (1.1045) time: 0.0955 data: 0.0001 max mem: 325
Epoch: [8] [265/266] eta: 0:00:00 lr: 0.000084 tier1_loss: 0.0762 (0.8454) tier2_loss: 0.0297 (1.0177) time: 0.0996 data: 0.0001 max mem: 325
Epoch: [8] Total time: 0:00:26 (26.3998 s / it)
Val [ 0/29] eta: 0:00:04 loss: 0.0165 (0.0165) acc1: 100.0000 (100.0000) time: 0.1517 data: 0.1205 max mem: 325
Val [28/29] eta: 0:00:00 loss: 0.0221 (1.2035) acc1: 100.0000 (75.8621) time: 0.0234 data: 0.0001 max mem: 325
Val Total time: 0:00:00 (0.8643 s / it)
* Acc@1 75.862 loss 1.204 auroc 0.738 f1_score 0.379
  per-class F1 (Val): {'negative': np.float32(0.851), 'itc': np.float32(0.0), 'micro': np.float32(0.0), 'macro': np.float32(0.667)}
  [DIAG] Tier1 сам по собі: acc=70.690 f1_macro=0.305
Test [  0/197] eta: 0:00:28 loss: 3.8709 (3.8709) acc1: 0.0000 (0.0000) time: 0.1467 data: 0.1076 max mem: 325
Test [100/197] eta: 0:00:03 loss: 0.0253 (1.0658) acc1: 100.0000 (75.2475) time: 0.0333 data: 0.0001 max mem: 325
Test [196/197] eta: 0:00:00 loss: 0.0193 (0.8380) acc1: 100.0000 (80.7107) time: 0.0232 data: 0.0001 max mem: 325
Test Total time: 0:00:06 (6.1775 s / it)
* Acc@1 80.711 loss 0.838 auroc 0.779 f1_score 0.450
  per-class F1 (Test): {'negative': np.float32(0.869), 'itc': np.float32(0.0), 'micro': np.float32(0.0), 'macro': np.float32(0.93)}
  [DIAG] Tier1 сам по собі: acc=80.901 f1_macro=0.451

Epoch: [9] [  0/266] eta: 0:01:10 lr: 0.000084 tier1_loss: 0.0261 (0.0261) tier2_loss: 0.0117 (0.0117) time: 0.2642 data: 0.1289 max mem: 325
Epoch: [9] [100/266] eta: 0:00:17 lr: 0.000081 tier1_loss: 0.0520 (0.8971) tier2_loss: 0.0418 (0.9534) time: 0.1082 data: 0.0001 max mem: 325
Epoch: [9] [200/266] eta: 0:00:06 lr: 0.000077 tier1_loss: 0.0602 (0.8145) tier2_loss: 0.0279 (0.8532) time: 0.0955 data: 0.0001 max mem: 325
Epoch: [9] [265/266] eta: 0:00:00 lr: 0.000075 tier1_loss: 0.0349 (0.7520) tier2_loss: 0.0164 (0.7906) time: 0.0990 data: 0.0001 max mem: 325
Epoch: [9] Total time: 0:00:27 (27.2058 s / it)
Val [ 0/29] eta: 0:00:04 loss: 0.0189 (0.0189) acc1: 100.0000 (100.0000) time: 0.1599 data: 0.1218 max mem: 325
Val [28/29] eta: 0:00:00 loss: 0.0127 (1.0817) acc1: 100.0000 (75.8621) time: 0.0234 data: 0.0001 max mem: 325
Val Total time: 0:00:00 (0.8817 s / it)
* Acc@1 75.862 loss 1.082 auroc 0.761 f1_score 0.379
  per-class F1 (Val): {'negative': np.float32(0.851), 'itc': np.float32(0.0), 'micro': np.float32(0.0), 'macro': np.float32(0.667)}
  [DIAG] Tier1 сам по собі: acc=74.138 f1_macro=0.376
Test [  0/197] eta: 0:00:29 loss: 2.8342 (2.8342) acc1: 0.0000 (0.0000) time: 0.1521 data: 0.1158 max mem: 325
Test [100/197] eta: 0:00:02 loss: 0.0257 (0.9617) acc1: 100.0000 (77.2277) time: 0.0241 data: 0.0001 max mem: 325
Test [196/197] eta: 0:00:00 loss: 0.0140 (0.8496) acc1: 100.0000 (80.7107) time: 0.0315 data: 0.0001 max mem: 325
Test Total time: 0:00:05 (5.8044 s / it)
* Acc@1 80.711 loss 0.850 auroc 0.820 f1_score 0.438
  per-class F1 (Test): {'negative': np.float32(0.893), 'itc': np.float32(0.0), 'micro': np.float32(0.0), 'macro': np.float32(0.857)}
  [DIAG] Tier1 сам по собі: acc=81.662 f1_macro=0.448

Epoch: [10] [  0/266] eta: 0:01:16 lr: 0.000075 tier1_loss: 0.0321 (0.0321) tier2_loss: 0.0176 (0.0176) time: 0.2863 data: 0.1644 max mem: 325
Epoch: [10] [100/266] eta: 0:00:17 lr: 0.000072 tier1_loss: 0.1929 (0.7271) tier2_loss: 0.0565 (0.7039) time: 0.1077 data: 0.0001 max mem: 325
Epoch: [10] [200/266] eta: 0:00:07 lr: 0.000068 tier1_loss: 0.0312 (0.6629) tier2_loss: 0.0139 (0.6998) time: 0.1042 data: 0.0001 max mem: 325
Epoch: [10] [265/266] eta: 0:00:00 lr: 0.000066 tier1_loss: 0.0305 (0.6468) tier2_loss: 0.0267 (0.6859) time: 0.0993 data: 0.0001 max mem: 325
Epoch: [10] Total time: 0:00:28 (28.0592 s / it)
Val [ 0/29] eta: 0:00:04 loss: 0.0349 (0.0349) acc1: 100.0000 (100.0000) time: 0.1630 data: 0.1265 max mem: 325
Val [28/29] eta: 0:00:00 loss: 0.0196 (1.0105) acc1: 100.0000 (79.3103) time: 0.0231 data: 0.0001 max mem: 325
Val Total time: 0:00:00 (0.8718 s / it)
* Acc@1 79.310 loss 1.010 auroc 0.778 f1_score 0.549
  per-class F1 (Val): {'negative': np.float32(0.864), 'itc': np.float32(0.0), 'micro': np.float32(0.667), 'macro': np.float32(0.667)}
  [DIAG] Tier1 сам по собі: acc=75.431 f1_macro=0.463
Test [  0/197] eta: 0:00:29 loss: 0.5250 (0.5250) acc1: 100.0000 (100.0000) time: 0.1506 data: 0.1140 max mem: 325
Test [100/197] eta: 0:00:02 loss: 0.0459 (0.7144) acc1: 100.0000 (81.1881) time: 0.0246 data: 0.0001 max mem: 325
Test [196/197] eta: 0:00:00 loss: 0.0116 (0.6616) acc1: 100.0000 (83.2487) time: 0.0274 data: 0.0001 max mem: 325
Test Total time: 0:00:05 (5.1213 s / it)
* Acc@1 83.249 loss 0.662 auroc 0.860 f1_score 0.552
  per-class F1 (Test): {'negative': np.float32(0.897), 'itc': np.float32(0.0), 'micro': np.float32(0.4), 'macro': np.float32(0.913)}
  [DIAG] Tier1 сам по собі: acc=81.853 f1_macro=0.480

Epoch: [11] [  0/266] eta: 0:01:15 lr: 0.000066 tier1_loss: 1.6108 (1.6108) tier2_loss: 2.4239 (2.4239) time: 0.2826 data: 0.1356 max mem: 325
Epoch: [11] [100/266] eta: 0:00:17 lr: 0.000062 tier1_loss: 0.0322 (0.4884) tier2_loss: 0.0185 (0.4861) time: 0.1053 data: 0.0001 max mem: 325
Epoch: [11] [200/266] eta: 0:00:06 lr: 0.000058 tier1_loss: 0.0279 (0.5903) tier2_loss: 0.0242 (0.6085) time: 0.1011 data: 0.0001 max mem: 325
Epoch: [11] [265/266] eta: 0:00:00 lr: 0.000056 tier1_loss: 0.0261 (0.5564) tier2_loss: 0.0186 (0.5610) time: 0.1015 data: 0.0001 max mem: 325
Epoch: [11] Total time: 0:00:28 (28.0083 s / it)
Val [ 0/29] eta: 0:00:04 loss: 0.0395 (0.0395) acc1: 100.0000 (100.0000) time: 0.1580 data: 0.1268 max mem: 325
Val [28/29] eta: 0:00:00 loss: 0.0093 (1.0040) acc1: 100.0000 (79.3103) time: 0.0228 data: 0.0001 max mem: 325
Val Total time: 0:00:00 (0.8601 s / it)
* Acc@1 79.310 loss 1.004 auroc 0.805 f1_score 0.530
  per-class F1 (Val): {'negative': np.float32(0.884), 'itc': np.float32(0.0), 'micro': np.float32(0.571), 'macro': np.float32(0.667)}
  [DIAG] Tier1 сам по собі: acc=77.586 f1_macro=0.489
Test [  0/197] eta: 0:00:28 loss: 0.0795 (0.0795) acc1: 100.0000 (100.0000) time: 0.1431 data: 0.1101 max mem: 325
Test [100/197] eta: 0:00:02 loss: 0.0347 (0.7129) acc1: 100.0000 (82.1782) time: 0.0263 data: 0.0001 max mem: 325
Test [196/197] eta: 0:00:00 loss: 0.0097 (0.6700) acc1: 100.0000 (83.7563) time: 0.0248 data: 0.0001 max mem: 325
Test Total time: 0:00:05 (5.2820 s / it)
* Acc@1 83.756 loss 0.670 auroc 0.861 f1_score 0.570
  per-class F1 (Test): {'negative': np.float32(0.91), 'itc': np.float32(0.0), 'micro': np.float32(0.467), 'macro': np.float32(0.903)}
  [DIAG] Tier1 сам по собі: acc=81.662 f1_macro=0.481

Epoch: [12] [  0/266] eta: 0:01:14 lr: 0.000056 tier1_loss: 0.0171 (0.0171) tier2_loss: 0.0285 (0.0285) time: 0.2792 data: 0.1004 max mem: 325
Epoch: [12] [100/266] eta: 0:00:19 lr: 0.000052 tier1_loss: 0.2096 (0.5099) tier2_loss: 0.0426 (0.4212) time: 0.1092 data: 0.0001 max mem: 325
Epoch: [12] [200/266] eta: 0:00:07 lr: 0.000048 tier1_loss: 0.0921 (0.5026) tier2_loss: 0.0138 (0.4551) time: 0.1033 data: 0.0001 max mem: 325
Epoch: [12] [265/266] eta: 0:00:00 lr: 0.000045 tier1_loss: 0.0688 (0.5265) tier2_loss: 0.0257 (0.4689) time: 0.0985 data: 0.0001 max mem: 325
Epoch: [12] Total time: 0:00:28 (28.7870 s / it)
Val [ 0/29] eta: 0:00:04 loss: 0.0329 (0.0329) acc1: 100.0000 (100.0000) time: 0.1572 data: 0.1266 max mem: 325
Val [28/29] eta: 0:00:00 loss: 0.0073 (1.1707) acc1: 100.0000 (72.4138) time: 0.0236 data: 0.0001 max mem: 325
Val Total time: 0:00:00 (0.8881 s / it)
* Acc@1 72.414 loss 1.171 auroc 0.777 f1_score 0.429
  per-class F1 (Val): {'negative': np.float32(0.857), 'itc': np.float32(0.0), 'micro': np.float32(0.286), 'macro': np.float32(0.571)}
  [DIAG] Tier1 сам по собі: acc=76.724 f1_macro=0.505
Test [  0/197] eta: 0:00:33 loss: 0.4304 (0.4304) acc1: 100.0000 (100.0000) time: 0.1679 data: 0.1153 max mem: 325
Test [100/197] eta: 0:00:02 loss: 0.0856 (0.9045) acc1: 100.0000 (75.2475) time: 0.0247 data: 0.0001 max mem: 325
Test [196/197] eta: 0:00:00 loss: 0.0066 (0.8222) acc1: 100.0000 (79.6954) time: 0.0231 data: 0.0001 max mem: 325
Test Total time: 0:00:05 (5.0851 s / it)
* Acc@1 79.695 loss 0.822 auroc 0.864 f1_score 0.529
  per-class F1 (Test): {'negative': np.float32(0.887), 'itc': np.float32(0.0), 'micro': np.float32(0.37), 'macro': np.float32(0.857)}
  [DIAG] Tier1 сам по собі: acc=81.409 f1_macro=0.521

Epoch: [13] [  0/266] eta: 0:01:11 lr: 0.000045 tier1_loss: 0.0323 (0.0323) tier2_loss: 0.0043 (0.0043) time: 0.2693 data: 0.1129 max mem: 325
Epoch: [13] [100/266] eta: 0:00:18 lr: 0.000041 tier1_loss: 0.0508 (0.5750) tier2_loss: 0.0126 (0.5722) time: 0.1066 data: 0.0001 max mem: 325
Epoch: [13] [200/266] eta: 0:00:07 lr: 0.000038 tier1_loss: 0.1392 (0.5050) tier2_loss: 0.0160 (0.4675) time: 0.1048 data: 0.0001 max mem: 325
Epoch: [13] [265/266] eta: 0:00:00 lr: 0.000035 tier1_loss: 0.0467 (0.4905) tier2_loss: 0.0085 (0.4288) time: 0.0963 data: 0.0001 max mem: 325
Epoch: [13] Total time: 0:00:28 (28.8229 s / it)
Val [ 0/29] eta: 0:00:04 loss: 0.0257 (0.0257) acc1: 100.0000 (100.0000) time: 0.1520 data: 0.1218 max mem: 325
Val [28/29] eta: 0:00:00 loss: 0.0047 (1.2150) acc1: 100.0000 (75.8621) time: 0.0239 data: 0.0001 max mem: 325
Val Total time: 0:00:00 (0.9033 s / it)
* Acc@1 75.862 loss 1.215 auroc 0.770 f1_score 0.506
  per-class F1 (Val): {'negative': np.float32(0.857), 'itc': np.float32(0.0), 'micro': np.float32(0.5), 'macro': np.float32(0.667)}
  [DIAG] Tier1 сам по собі: acc=77.155 f1_macro=0.515
Test [  0/197] eta: 0:00:29 loss: 0.0629 (0.0629) acc1: 100.0000 (100.0000) time: 0.1504 data: 0.1168 max mem: 325
Test [100/197] eta: 0:00:02 loss: 0.0562 (0.8520) acc1: 100.0000 (77.2277) time: 0.0247 data: 0.0001 max mem: 325
Test [196/197] eta: 0:00:00 loss: 0.0045 (0.7787) acc1: 100.0000 (81.7259) time: 0.0244 data: 0.0001 max mem: 325
Test Total time: 0:00:05 (5.1038 s / it)
* Acc@1 81.726 loss 0.779 auroc 0.871 f1_score 0.558
  per-class F1 (Test): {'negative': np.float32(0.9), 'itc': np.float32(0.0), 'micro': np.float32(0.438), 'macro': np.float32(0.894)}
  [DIAG] Tier1 сам по собі: acc=82.551 f1_macro=0.567

Epoch: [14] [  0/266] eta: 0:01:06 lr: 0.000035 tier1_loss: 0.1673 (0.1673) tier2_loss: 0.0165 (0.0165) time: 0.2506 data: 0.1161 max mem: 325
Epoch: [14] [100/266] eta: 0:00:18 lr: 0.000032 tier1_loss: 0.0300 (0.3990) tier2_loss: 0.0047 (0.2538) time: 0.1025 data: 0.0001 max mem: 325
Epoch: [14] [200/266] eta: 0:00:07 lr: 0.000028 tier1_loss: 0.0256 (0.4180) tier2_loss: 0.0053 (0.2893) time: 0.0984 data: 0.0001 max mem: 325
Epoch: [14] [265/266] eta: 0:00:00 lr: 0.000026 tier1_loss: 0.0204 (0.4568) tier2_loss: 0.0067 (0.3872) time: 0.1042 data: 0.0001 max mem: 325
Epoch: [14] Total time: 0:00:28 (28.8290 s / it)
Val [ 0/29] eta: 0:00:04 loss: 0.0293 (0.0293) acc1: 100.0000 (100.0000) time: 0.1682 data: 0.1179 max mem: 325
Val [28/29] eta: 0:00:00 loss: 0.0043 (1.3302) acc1: 100.0000 (75.8621) time: 0.0234 data: 0.0001 max mem: 325
Val Total time: 0:00:00 (0.8954 s / it)
* Acc@1 75.862 loss 1.330 auroc 0.784 f1_score 0.506
  per-class F1 (Val): {'negative': np.float32(0.857), 'itc': np.float32(0.0), 'micro': np.float32(0.5), 'macro': np.float32(0.667)}
  [DIAG] Tier1 сам по собі: acc=77.586 f1_macro=0.518
Test [  0/197] eta: 0:00:31 loss: 0.0589 (0.0589) acc1: 100.0000 (100.0000) time: 0.1618 data: 0.1165 max mem: 325
Test [100/197] eta: 0:00:02 loss: 0.0496 (0.8381) acc1: 100.0000 (77.2277) time: 0.0251 data: 0.0001 max mem: 325
Test [196/197] eta: 0:00:00 loss: 0.0052 (0.7605) acc1: 100.0000 (80.7107) time: 0.0242 data: 0.0001 max mem: 325
Test Total time: 0:00:05 (5.2439 s / it)
* Acc@1 80.711 loss 0.761 auroc 0.875 f1_score 0.565
  per-class F1 (Test): {'negative': np.float32(0.886), 'itc': np.float32(0.0), 'micro': np.float32(0.471), 'macro': np.float32(0.903)}
  [DIAG] Tier1 сам по собі: acc=82.931 f1_macro=0.568

Epoch: [15] [  0/266] eta: 0:01:12 lr: 0.000026 tier1_loss: 0.2624 (0.2624) tier2_loss: 0.0189 (0.0189) time: 0.2726 data: 0.1215 max mem: 325
Epoch: [15] [100/266] eta: 0:00:17 lr: 0.000022 tier1_loss: 0.0283 (0.3121) tier2_loss: 0.0061 (0.2640) time: 0.0965 data: 0.0001 max mem: 325
Epoch: [15] [200/266] eta: 0:00:06 lr: 0.000019 tier1_loss: 0.0646 (0.4438) tier2_loss: 0.0089 (0.3652) time: 0.1046 data: 0.0001 max mem: 325
Epoch: [15] [265/266] eta: 0:00:00 lr: 0.000017 tier1_loss: 0.0242 (0.4451) tier2_loss: 0.0079 (0.3368) time: 0.0980 data: 0.0001 max mem: 325
Epoch: [15] Total time: 0:00:27 (27.4848 s / it)
Val [ 0/29] eta: 0:00:04 loss: 0.0438 (0.0438) acc1: 100.0000 (100.0000) time: 0.1483 data: 0.1165 max mem: 325
Val [28/29] eta: 0:00:00 loss: 0.0042 (1.2288) acc1: 100.0000 (75.8621) time: 0.0240 data: 0.0001 max mem: 325
Val Total time: 0:00:00 (0.8929 s / it)
* Acc@1 75.862 loss 1.229 auroc 0.785 f1_score 0.524
  per-class F1 (Val): {'negative': np.float32(0.857), 'itc': np.float32(0.0), 'micro': np.float32(0.571), 'macro': np.float32(0.667)}
  [DIAG] Tier1 сам по собі: acc=77.155 f1_macro=0.509
Test [  0/197] eta: 0:00:27 loss: 0.2423 (0.2423) acc1: 100.0000 (100.0000) time: 0.1386 data: 0.1045 max mem: 325
Test [100/197] eta: 0:00:02 loss: 0.0870 (0.9955) acc1: 100.0000 (72.2772) time: 0.0244 data: 0.0001 max mem: 325
Test [196/197] eta: 0:00:00 loss: 0.0052 (0.8386) acc1: 100.0000 (77.6650) time: 0.0237 data: 0.0001 max mem: 325
Test Total time: 0:00:05 (5.0178 s / it)
* Acc@1 77.665 loss 0.839 auroc 0.872 f1_score 0.550
  per-class F1 (Test): {'negative': np.float32(0.863), 'itc': np.float32(0.0), 'micro': np.float32(0.452), 'macro': np.float32(0.884)}
  [DIAG] Tier1 сам по собі: acc=82.741 f1_macro=0.562

Epoch: [16] [  0/266] eta: 0:01:12 lr: 0.000017 tier1_loss: 3.9354 (3.9354) tier2_loss: 2.8743 (2.8743) time: 0.2737 data: 0.1222 max mem: 325
Epoch: [16] [100/266] eta: 0:00:18 lr: 0.000015 tier1_loss: 0.0385 (0.3251) tier2_loss: 0.0061 (0.2120) time: 0.1115 data: 0.0001 max mem: 325
Epoch: [16] [200/266] eta: 0:00:07 lr: 0.000012 tier1_loss: 0.0288 (0.3921) tier2_loss: 0.0057 (0.2948) time: 0.1216 data: 0.0001 max mem: 325
Epoch: [16] [265/266] eta: 0:00:00 lr: 0.000010 tier1_loss: 0.0500 (0.4347) tier2_loss: 0.0077 (0.3349) time: 0.1102 data: 0.0001 max mem: 326
Epoch: [16] Total time: 0:00:30 (30.6777 s / it)
Val [ 0/29] eta: 0:00:04 loss: 0.0249 (0.0249) acc1: 100.0000 (100.0000) time: 0.1712 data: 0.1276 max mem: 326
Val [28/29] eta: 0:00:00 loss: 0.0032 (1.2757) acc1: 100.0000 (79.3103) time: 0.0231 data: 0.0001 max mem: 326
Val Total time: 0:00:00 (0.9091 s / it)
* Acc@1 79.310 loss 1.276 auroc 0.783 f1_score 0.530
  per-class F1 (Val): {'negative': np.float32(0.884), 'itc': np.float32(0.0), 'micro': np.float32(0.571), 'macro': np.float32(0.667)}
  [DIAG] Tier1 сам по собі: acc=78.879 f1_macro=0.529
Test [  0/197] eta: 0:00:29 loss: 0.0841 (0.0841) acc1: 100.0000 (100.0000) time: 0.1506 data: 0.1156 max mem: 326
Test [100/197] eta: 0:00:02 loss: 0.0423 (0.9248) acc1: 100.0000 (75.2475) time: 0.0236 data: 0.0001 max mem: 326
Test [196/197] eta: 0:00:00 loss: 0.0035 (0.7738) acc1: 100.0000 (80.2030) time: 0.0239 data: 0.0001 max mem: 326
Test Total time: 0:00:05 (5.0305 s / it)
* Acc@1 80.203 loss 0.774 auroc 0.879 f1_score 0.567
  per-class F1 (Test): {'negative': np.float32(0.882), 'itc': np.float32(0.0), 'micro': np.float32(0.485), 'macro': np.float32(0.903)}
  [DIAG] Tier1 сам по собі: acc=83.756 f1_macro=0.581

Epoch: [17] [  0/266] eta: 0:01:17 lr: 0.000010 tier1_loss: 0.0538 (0.0538) tier2_loss: 0.0048 (0.0048) time: 0.2916 data: 0.1495 max mem: 326
Epoch: [17] [100/266] eta: 0:00:19 lr: 0.000008 tier1_loss: 0.0160 (0.4675) tier2_loss: 0.0036 (0.3028) time: 0.0909 data: 0.0001 max mem: 326
Epoch: [17] [200/266] eta: 0:00:07 lr: 0.000006 tier1_loss: 0.0817 (0.4550) tier2_loss: 0.0106 (0.2925) time: 0.1132 data: 0.0001 max mem: 326
Epoch: [17] [265/266] eta: 0:00:00 lr: 0.000005 tier1_loss: 0.0414 (0.4181) tier2_loss: 0.0052 (0.2859) time: 0.0888 data: 0.0001 max mem: 326
Epoch: [17] Total time: 0:00:29 (29.4030 s / it)
Val [ 0/29] eta: 0:00:04 loss: 0.0172 (0.0172) acc1: 100.0000 (100.0000) time: 0.1546 data: 0.1168 max mem: 326
Val [28/29] eta: 0:00:00 loss: 0.0030 (1.2976) acc1: 100.0000 (79.3103) time: 0.0239 data: 0.0001 max mem: 326
Val Total time: 0:00:00 (0.8790 s / it)
* Acc@1 79.310 loss 1.298 auroc 0.785 f1_score 0.530
  per-class F1 (Val): {'negative': np.float32(0.884), 'itc': np.float32(0.0), 'micro': np.float32(0.571), 'macro': np.float32(0.667)}
  [DIAG] Tier1 сам по собі: acc=77.586 f1_macro=0.518
Test [  0/197] eta: 0:00:30 loss: 0.0887 (0.0887) acc1: 100.0000 (100.0000) time: 0.1531 data: 0.1135 max mem: 326
Test [100/197] eta: 0:00:02 loss: 0.0266 (0.9273) acc1: 100.0000 (78.2178) time: 0.0263 data: 0.0001 max mem: 326
Test [196/197] eta: 0:00:00 loss: 0.0031 (0.7795) acc1: 100.0000 (81.7259) time: 0.0244 data: 0.0001 max mem: 326
Test Total time: 0:00:05 (5.2975 s / it)
* Acc@1 81.726 loss 0.780 auroc 0.879 f1_score 0.564
  per-class F1 (Test): {'negative': np.float32(0.9), 'itc': np.float32(0.0), 'micro': np.float32(0.452), 'macro': np.float32(0.903)}
  [DIAG] Tier1 сам по собі: acc=83.883 f1_macro=0.586

Epoch: [18] [  0/266] eta: 0:01:05 lr: 0.000005 tier1_loss: 0.4593 (0.4593) tier2_loss: 0.0257 (0.0257) time: 0.2449 data: 0.1042 max mem: 326
Epoch: [18] [100/266] eta: 0:00:18 lr: 0.000004 tier1_loss: 0.1399 (0.5415) tier2_loss: 0.0089 (0.4889) time: 0.1325 data: 0.0001 max mem: 326
Epoch: [18] [200/266] eta: 0:00:07 lr: 0.000003 tier1_loss: 0.0212 (0.4213) tier2_loss: 0.0047 (0.3397) time: 0.1059 data: 0.0001 max mem: 326
Epoch: [18] [265/266] eta: 0:00:00 lr: 0.000002 tier1_loss: 0.0351 (0.4060) tier2_loss: 0.0059 (0.2732) time: 0.0984 data: 0.0001 max mem: 326
Epoch: [18] Total time: 0:00:28 (28.8306 s / it)
Val [ 0/29] eta: 0:00:05 loss: 0.0186 (0.0186) acc1: 100.0000 (100.0000) time: 0.1900 data: 0.1488 max mem: 326
Val [28/29] eta: 0:00:00 loss: 0.0030 (1.3031) acc1: 100.0000 (79.3103) time: 0.0250 data: 0.0001 max mem: 326
Val Total time: 0:00:00 (0.9755 s / it)
* Acc@1 79.310 loss 1.303 auroc 0.785 f1_score 0.530
  per-class F1 (Val): {'negative': np.float32(0.884), 'itc': np.float32(0.0), 'micro': np.float32(0.571), 'macro': np.float32(0.667)}
  [DIAG] Tier1 сам по собі: acc=77.586 f1_macro=0.518
Test [  0/197] eta: 0:00:32 loss: 0.0798 (0.0798) acc1: 100.0000 (100.0000) time: 0.1662 data: 0.1247 max mem: 326
Test [100/197] eta: 0:00:02 loss: 0.0424 (0.9748) acc1: 100.0000 (75.2475) time: 0.0263 data: 0.0001 max mem: 326
Test [196/197] eta: 0:00:00 loss: 0.0031 (0.8046) acc1: 100.0000 (80.2030) time: 0.0239 data: 0.0001 max mem: 326
Test Total time: 0:00:05 (5.2895 s / it)
* Acc@1 80.203 loss 0.805 auroc 0.874 f1_score 0.571
  per-class F1 (Test): {'negative': np.float32(0.882), 'itc': np.float32(0.0), 'micro': np.float32(0.5), 'macro': np.float32(0.903)}
  [DIAG] Tier1 сам по собі: acc=83.503 f1_macro=0.581

Epoch: [19] [  0/266] eta: 0:01:15 lr: 0.000002 tier1_loss: 0.0089 (0.0089) tier2_loss: 0.0029 (0.0029) time: 0.2827 data: 0.1295 max mem: 326
Epoch: [19] [100/266] eta: 0:00:17 lr: 0.000001 tier1_loss: 0.0252 (0.5435) tier2_loss: 0.0045 (0.3796) time: 0.1203 data: 0.0001 max mem: 326
Epoch: [19] [200/266] eta: 0:00:06 lr: 0.000001 tier1_loss: 0.1002 (0.4239) tier2_loss: 0.0084 (0.2749) time: 0.0992 data: 0.0001 max mem: 326
Epoch: [19] [265/266] eta: 0:00:00 lr: 0.000001 tier1_loss: 0.0283 (0.4091) tier2_loss: 0.0061 (0.2700) time: 0.0958 data: 0.0001 max mem: 326
Epoch: [19] Total time: 0:00:27 (27.9935 s / it)
Val [ 0/29] eta: 0:00:04 loss: 0.0209 (0.0209) acc1: 100.0000 (100.0000) time: 0.1573 data: 0.1249 max mem: 326
Val [28/29] eta: 0:00:00 loss: 0.0030 (1.2971) acc1: 100.0000 (79.3103) time: 0.0234 data: 0.0001 max mem: 326
Val Total time: 0:00:00 (0.8672 s / it)
* Acc@1 79.310 loss 1.297 auroc 0.788 f1_score 0.530
  per-class F1 (Val): {'negative': np.float32(0.884), 'itc': np.float32(0.0), 'micro': np.float32(0.571), 'macro': np.float32(0.667)}
  [DIAG] Tier1 сам по собі: acc=77.155 f1_macro=0.511
wandb: 
wandb: Run history:
wandb: diag/test_tier1_acc ▁▁▁▁▁▂▅▇▇▇▇▇▇███████
wandb:  diag/test_tier1_f1 ▁▁▁▁▁▃▅▅▆▆▆▆▇███████
wandb:       perf/test_auc ▁▃▃▃▄▅▆▆▅▆▇█████████
wandb:        perf/test_f1 ▁▁▁▁▁▄▆▆▆▆██▇███████
wandb:        perf/val_auc ▁▃▃▃▂▃▅▇▆▇▇█▇▇▇▇▇▇▇▇
wandb:         perf/val_f1 ▁▁▁▁▁▁▃▃▅▅██▆▇▇▇████
wandb:          tier1_loss ▄▅▁▇▁▁▁▇█▁▅▁▆▃█▁█▁▁▁▁▁▁▁▁▁▁▁▁▁▁▁▁▁▁▁▆▂█▁
wandb:          tier2_loss ▂▂█▁▁▁▁▅▁▁▁▁▁▁█▁▁▁▁▁▁▇▁▁▁▁▁▁▁▁▁▁▂▁▁▁▁▁▁▁
wandb: 
wandb: Run summary:
wandb: diag/test_tier1_acc 83.43909
wandb:  diag/test_tier1_f1 0.58339
wandb:       perf/test_auc 0.88121
wandb:        perf/test_f1 0.56628
wandb:        perf/val_auc 0.78781
wandb:         perf/val_f1 0.53045
wandb:          tier1_loss 0.06854
wandb:          tier2_loss 0.02141
wandb: 
wandb: You can sync this run to the cloud by running:
wandb: wandb sync /data/bohatyrenko1/EXPERIMENTS_2/Hi-MoE_MIL/wandb/offline-run-20260925_125655-la2v3sga
wandb: Find logs at: ./wandb/offline-run-20260925_125655-la2v3sga/logs
Test [  0/197] eta: 0:00:30 loss: 0.1013 (0.1013) acc1: 100.0000 (100.0000) time: 0.1542 data: 0.1237 max mem: 326
Test [100/197] eta: 0:00:02 loss: 0.0806 (0.9851) acc1: 100.0000 (74.2574) time: 0.0272 data: 0.0001 max mem: 326
Test [196/197] eta: 0:00:00 loss: 0.0031 (0.8143) acc1: 100.0000 (79.6954) time: 0.0251 data: 0.0001 max mem: 326
Test Total time: 0:00:05 (5.3347 s / it)
* Acc@1 79.695 loss 0.814 auroc 0.881 f1_score 0.566
  per-class F1 (Test): {'negative': np.float32(0.877), 'itc': np.float32(0.0), 'micro': np.float32(0.485), 'macro': np.float32(0.903)}
  [DIAG] Tier1 сам по собі: acc=83.439 f1_macro=0.583

============================================================
FINAL EPOCH (19) RESULTS (DTFD-ASMIL v3, CLS-token):
  test_auc=0.8812 test_acc=79.70 test_f1(macro)=0.5663
  [DIAG] Tier1 сам по собі: acc=83.439 f1_macro=0.583
  test per-class F1: {'negative': np.float32(0.877), 'itc': np.float32(0.0), 'micro': np.float32(0.485), 'macro': np.float32(0.903)}
  test confusion matrix (rows=true, cols=pred):
          negative         itc       micro       macro
negative        107           8           4           2
     itc         13           0           3           0
   micro          3           0           8           7
   macro          0           0           0          42
============================================================
Best epoch: {'epoch': 11, 'val_f1': 0.5304540395736694, 'val_auc': 0.8048005700111389, 'test_f1': 0.5699241161346436, 'test_auc': 0.8612310886383057}
