wandb: Tracking run with wandb version 0.28.0
wandb: W&B syncing is set to `offline` in this directory. Run `wandb online` or set WANDB_MODE=online to enable cloud syncing.
wandb: Run data is saved locally in /data/bohatyrenko1/EXPERIMENTS_2/Hi-MoE_MIL/wandb/offline-run-20260925_145746-kskfd1pv
wandb: View this run in the terminal with `wandb leet`
Used config (DTFD-ASMIL v2):
{'B': 1,
 'D_feat': 384,
 'D_inner': 128,
 'M': None,
 'ckpt_dir': 'ckpt/c17_dtfd_v4_seed10',
 'config': 'config/camelyon17_vitsdino_config_20ep.yml',
 'dataset': 'camelyon17',
 'lr': 0.0001,
 'min_lr': 1e-06,
 'n_class': 4,
 'n_token': 8,
 'n_worker': 4,
 'pin_memory': True,
 'pretrain': 'medical_ssl',
 'seed': 10,
 'splits_dir': '/data/bohatyrenko1/EXPERIMENTS_2/ASMIL/splits_paper',
 'test_dir': '/data/bohatyrenko1/features_vitsdino_camelyon17_train',
 'tier1_weight_init': 0.1,
 'tier2_D_inner': None,
 'tier2_n_heads': 4,
 'train_dir': '/data/bohatyrenko1/features_vitsdino_camelyon17_train',
 'train_epoch': 20,
 'wandb_mode': 'offline',
 'warmup_epoch': 5,
 'wd': 1e-05}
M (псевдо-bags) = 8, tier1_weight = 0.1
Class weights: [0.3757062256336212, 3.694444417953491, 1.6219512224197388, 2.2166666984558105]
Epoch: [0] [  0/266] eta: 0:02:50 lr: 0.000000 tier1_loss: 1.3228 (1.3228) tier2_loss: 1.4938 (1.4938) time: 0.6396 data: 0.1029 max mem: 127
Epoch: [0] [100/266] eta: 0:00:19 lr: 0.000008 tier1_loss: 1.3615 (1.3795) tier2_loss: 0.8574 (1.2829) time: 0.1030 data: 0.0001 max mem: 328
Epoch: [0] [200/266] eta: 0:00:07 lr: 0.000015 tier1_loss: 0.9606 (1.3096) tier2_loss: 0.2569 (1.1361) time: 0.1042 data: 0.0001 max mem: 328
Epoch: [0] [265/266] eta: 0:00:00 lr: 0.000020 tier1_loss: 0.6553 (1.2561) tier2_loss: 0.1860 (1.1213) time: 0.1093 data: 0.0001 max mem: 328
Epoch: [0] Total time: 0:00:30 (30.0099 s / it)
  [learned tier1_weight] epoch=0 weight=0.0995
Val [ 0/29] eta: 0:00:05 loss: 0.1583 (0.1583) acc1: 100.0000 (100.0000) time: 0.1852 data: 0.1237 max mem: 328
Val [28/29] eta: 0:00:00 loss: 0.1632 (1.0277) acc1: 100.0000 (68.9655) time: 0.0255 data: 0.0001 max mem: 328
Val Total time: 0:00:00 (0.9566 s / it)
* Acc@1 68.966 loss 1.028 auroc 0.571 f1_score 0.204
  per-class F1 (Val): {'negative': np.float32(0.816), 'itc': np.float32(0.0), 'micro': np.float32(0.0), 'macro': np.float32(0.0)}
  [DIAG] Tier1 сам по собі: acc=68.966 f1_macro=0.204
Test [  0/197] eta: 0:00:29 loss: 3.3260 (3.3260) acc1: 0.0000 (0.0000) time: 0.1498 data: 0.1115 max mem: 328
Test [100/197] eta: 0:00:02 loss: 0.1478 (1.2891) acc1: 100.0000 (59.4059) time: 0.0265 data: 0.0001 max mem: 328
Test [196/197] eta: 0:00:00 loss: 0.1523 (1.1994) acc1: 100.0000 (61.4213) time: 0.0246 data: 0.0001 max mem: 328
Test Total time: 0:00:05 (5.4453 s / it)
* Acc@1 61.421 loss 1.199 auroc 0.633 f1_score 0.190
  per-class F1 (Test): {'negative': np.float32(0.761), 'itc': np.float32(0.0), 'micro': np.float32(0.0), 'macro': np.float32(0.0)}
  [DIAG] Tier1 сам по собі: acc=61.421 f1_macro=0.190

Epoch: [1] [  0/266] eta: 0:01:01 lr: 0.000020 tier1_loss: 0.5668 (0.5668) tier2_loss: 0.1621 (0.1621) time: 0.2329 data: 0.1068 max mem: 328
Epoch: [1] [100/266] eta: 0:00:19 lr: 0.000028 tier1_loss: 0.3540 (1.0060) tier2_loss: 0.2305 (1.1086) time: 0.1058 data: 0.0001 max mem: 330
Epoch: [1] [200/266] eta: 0:00:07 lr: 0.000035 tier1_loss: 0.2254 (1.0103) tier2_loss: 0.1660 (1.1166) time: 0.1162 data: 0.0001 max mem: 330
Epoch: [1] [265/266] eta: 0:00:00 lr: 0.000040 tier1_loss: 0.2105 (1.0476) tier2_loss: 0.1955 (1.1464) time: 0.1084 data: 0.0001 max mem: 330
Epoch: [1] Total time: 0:00:30 (30.6145 s / it)
  [learned tier1_weight] epoch=1 weight=0.0990
Val [ 0/29] eta: 0:00:04 loss: 0.1492 (0.1492) acc1: 100.0000 (100.0000) time: 0.1684 data: 0.1347 max mem: 330
Val [28/29] eta: 0:00:00 loss: 0.1799 (1.0870) acc1: 100.0000 (68.9655) time: 0.0252 data: 0.0001 max mem: 330
Val Total time: 0:00:00 (0.9397 s / it)
* Acc@1 68.966 loss 1.087 auroc 0.557 f1_score 0.204
  per-class F1 (Val): {'negative': np.float32(0.816), 'itc': np.float32(0.0), 'micro': np.float32(0.0), 'macro': np.float32(0.0)}
  [DIAG] Tier1 сам по собі: acc=68.966 f1_macro=0.204
Test [  0/197] eta: 0:00:33 loss: 2.6724 (2.6724) acc1: 0.0000 (0.0000) time: 0.1723 data: 0.1172 max mem: 330
Test [100/197] eta: 0:00:02 loss: 0.1751 (1.3526) acc1: 100.0000 (59.4059) time: 0.0256 data: 0.0001 max mem: 330
Test [196/197] eta: 0:00:00 loss: 0.1610 (1.3251) acc1: 100.0000 (61.4213) time: 0.0249 data: 0.0001 max mem: 330
Test Total time: 0:00:05 (5.4127 s / it)
* Acc@1 61.421 loss 1.325 auroc 0.551 f1_score 0.190
  per-class F1 (Test): {'negative': np.float32(0.761), 'itc': np.float32(0.0), 'micro': np.float32(0.0), 'macro': np.float32(0.0)}
  [DIAG] Tier1 сам по собі: acc=61.421 f1_macro=0.190

Epoch: [2] [  0/266] eta: 0:01:01 lr: 0.000040 tier1_loss: 0.1991 (0.1991) tier2_loss: 0.1241 (0.1241) time: 0.2299 data: 0.1169 max mem: 330
Epoch: [2] [100/266] eta: 0:00:19 lr: 0.000048 tier1_loss: 2.3509 (1.2964) tier2_loss: 1.8388 (1.3153) time: 0.1082 data: 0.0001 max mem: 330
Epoch: [2] [200/266] eta: 0:00:07 lr: 0.000055 tier1_loss: 0.1507 (1.0589) tier2_loss: 0.0877 (1.0828) time: 0.1006 data: 0.0001 max mem: 330
Epoch: [2] [265/266] eta: 0:00:00 lr: 0.000060 tier1_loss: 0.1289 (1.0829) tier2_loss: 0.1966 (1.1224) time: 0.1030 data: 0.0001 max mem: 330
Epoch: [2] Total time: 0:00:29 (29.7247 s / it)
  [learned tier1_weight] epoch=2 weight=0.0982
Val [ 0/29] eta: 0:00:05 loss: 0.1264 (0.1264) acc1: 100.0000 (100.0000) time: 0.1743 data: 0.1403 max mem: 330
Val [28/29] eta: 0:00:00 loss: 0.1502 (1.0877) acc1: 100.0000 (68.9655) time: 0.0253 data: 0.0001 max mem: 330
Val Total time: 0:00:00 (0.9518 s / it)
* Acc@1 68.966 loss 1.088 auroc 0.566 f1_score 0.204
  per-class F1 (Val): {'negative': np.float32(0.816), 'itc': np.float32(0.0), 'micro': np.float32(0.0), 'macro': np.float32(0.0)}
  [DIAG] Tier1 сам по собі: acc=68.966 f1_macro=0.204
Test [  0/197] eta: 0:00:30 loss: 3.0485 (3.0485) acc1: 0.0000 (0.0000) time: 0.1561 data: 0.1157 max mem: 330
Test [100/197] eta: 0:00:02 loss: 0.1340 (1.3255) acc1: 100.0000 (59.4059) time: 0.0261 data: 0.0001 max mem: 330
Test [196/197] eta: 0:00:00 loss: 0.1224 (1.2720) acc1: 100.0000 (61.4213) time: 0.0242 data: 0.0001 max mem: 330
Test Total time: 0:00:05 (5.2834 s / it)
* Acc@1 61.421 loss 1.272 auroc 0.636 f1_score 0.190
  per-class F1 (Test): {'negative': np.float32(0.761), 'itc': np.float32(0.0), 'micro': np.float32(0.0), 'macro': np.float32(0.0)}
  [DIAG] Tier1 сам по собі: acc=61.421 f1_macro=0.190

Epoch: [3] [  0/266] eta: 0:01:07 lr: 0.000060 tier1_loss: 2.9121 (2.9121) tier2_loss: 2.5340 (2.5340) time: 0.2543 data: 0.1315 max mem: 330
Epoch: [3] [100/266] eta: 0:00:19 lr: 0.000068 tier1_loss: 0.1975 (1.2236) tier2_loss: 0.2647 (1.1855) time: 0.1174 data: 0.0001 max mem: 330
Epoch: [3] [200/266] eta: 0:00:07 lr: 0.000075 tier1_loss: 0.1722 (1.1491) tier2_loss: 0.1066 (1.1553) time: 0.1108 data: 0.0001 max mem: 330
Epoch: [3] [265/266] eta: 0:00:00 lr: 0.000080 tier1_loss: 0.1196 (1.0879) tier2_loss: 0.0702 (1.0884) time: 0.0981 data: 0.0001 max mem: 330
Epoch: [3] Total time: 0:00:30 (30.0425 s / it)
  [learned tier1_weight] epoch=3 weight=0.0971
Val [ 0/29] eta: 0:00:04 loss: 0.0907 (0.0907) acc1: 100.0000 (100.0000) time: 0.1565 data: 0.1231 max mem: 330
Val [28/29] eta: 0:00:00 loss: 0.0835 (1.1963) acc1: 100.0000 (68.9655) time: 0.0256 data: 0.0001 max mem: 330
Val Total time: 0:00:00 (0.9779 s / it)
* Acc@1 68.966 loss 1.196 auroc 0.617 f1_score 0.204
  per-class F1 (Val): {'negative': np.float32(0.816), 'itc': np.float32(0.0), 'micro': np.float32(0.0), 'macro': np.float32(0.0)}
  [DIAG] Tier1 сам по собі: acc=68.966 f1_macro=0.204
Test [  0/197] eta: 0:00:30 loss: 3.4853 (3.4853) acc1: 0.0000 (0.0000) time: 0.1547 data: 0.1149 max mem: 330
Test [100/197] eta: 0:00:02 loss: 0.0732 (1.3837) acc1: 100.0000 (63.3663) time: 0.0272 data: 0.0001 max mem: 330
Test [196/197] eta: 0:00:00 loss: 0.0666 (1.2923) acc1: 100.0000 (64.4670) time: 0.0253 data: 0.0001 max mem: 330
Test Total time: 0:00:05 (5.5109 s / it)
* Acc@1 64.467 loss 1.292 auroc 0.648 f1_score 0.256
  per-class F1 (Test): {'negative': np.float32(0.776), 'itc': np.float32(0.0), 'micro': np.float32(0.0), 'macro': np.float32(0.25)}
  [DIAG] Tier1 сам по собі: acc=61.421 f1_macro=0.190

Epoch: [4] [  0/266] eta: 0:01:02 lr: 0.000080 tier1_loss: 0.1350 (0.1350) tier2_loss: 0.1577 (0.1577) time: 0.2353 data: 0.1156 max mem: 330
Epoch: [4] [100/266] eta: 0:00:18 lr: 0.000088 tier1_loss: 0.1045 (0.9777) tier2_loss: 0.0922 (0.9615) time: 0.1018 data: 0.0001 max mem: 330
Epoch: [4] [200/266] eta: 0:00:07 lr: 0.000095 tier1_loss: 0.2123 (1.0817) tier2_loss: 0.3269 (1.0998) time: 0.1087 data: 0.0001 max mem: 330
Epoch: [4] [265/266] eta: 0:00:00 lr: 0.000100 tier1_loss: 0.1868 (1.0726) tier2_loss: 0.1427 (1.0939) time: 0.1008 data: 0.0001 max mem: 330
Epoch: [4] Total time: 0:00:29 (29.2138 s / it)
  [learned tier1_weight] epoch=4 weight=0.0957
Val [ 0/29] eta: 0:00:04 loss: 0.1006 (0.1006) acc1: 100.0000 (100.0000) time: 0.1600 data: 0.1229 max mem: 330
Val [28/29] eta: 0:00:00 loss: 0.0994 (1.1153) acc1: 100.0000 (68.9655) time: 0.0252 data: 0.0001 max mem: 330
Val Total time: 0:00:00 (0.9252 s / it)
* Acc@1 68.966 loss 1.115 auroc 0.697 f1_score 0.204
  per-class F1 (Val): {'negative': np.float32(0.816), 'itc': np.float32(0.0), 'micro': np.float32(0.0), 'macro': np.float32(0.0)}
  [DIAG] Tier1 сам по собі: acc=68.966 f1_macro=0.204
Test [  0/197] eta: 0:00:31 loss: 3.3270 (3.3270) acc1: 0.0000 (0.0000) time: 0.1578 data: 0.1199 max mem: 330
Test [100/197] eta: 0:00:02 loss: 0.0999 (1.2180) acc1: 100.0000 (64.3564) time: 0.0268 data: 0.0001 max mem: 330
Test [196/197] eta: 0:00:00 loss: 0.0985 (1.0915) acc1: 100.0000 (67.0051) time: 0.0253 data: 0.0001 max mem: 330
Test Total time: 0:00:05 (5.5018 s / it)
* Acc@1 67.005 loss 1.092 auroc 0.691 f1_score 0.301
  per-class F1 (Test): {'negative': np.float32(0.788), 'itc': np.float32(0.0), 'micro': np.float32(0.0), 'macro': np.float32(0.415)}
  [DIAG] Tier1 сам по собі: acc=61.421 f1_macro=0.190

Epoch: [5] [  0/266] eta: 0:01:12 lr: 0.000100 tier1_loss: 3.3837 (3.3837) tier2_loss: 3.6458 (3.6458) time: 0.2716 data: 0.1305 max mem: 330
Epoch: [5] [100/266] eta: 0:00:19 lr: 0.000100 tier1_loss: 0.2555 (1.1305) tier2_loss: 0.2348 (1.1672) time: 0.1009 data: 0.0001 max mem: 330
Epoch: [5] [200/266] eta: 0:00:07 lr: 0.000099 tier1_loss: 0.1077 (1.0045) tier2_loss: 0.1038 (1.0196) time: 0.1086 data: 0.0001 max mem: 330
Epoch: [5] [265/266] eta: 0:00:00 lr: 0.000099 tier1_loss: 0.1049 (1.0195) tier2_loss: 0.1243 (1.0501) time: 0.1029 data: 0.0001 max mem: 330
Epoch: [5] Total time: 0:00:29 (29.7564 s / it)
  [learned tier1_weight] epoch=5 weight=0.0942
Val [ 0/29] eta: 0:00:04 loss: 0.1206 (0.1206) acc1: 100.0000 (100.0000) time: 0.1681 data: 0.1328 max mem: 330
Val [28/29] eta: 0:00:00 loss: 0.1285 (1.0916) acc1: 100.0000 (68.9655) time: 0.0265 data: 0.0001 max mem: 330
Val Total time: 0:00:00 (0.9745 s / it)
* Acc@1 68.966 loss 1.092 auroc 0.626 f1_score 0.204
  per-class F1 (Val): {'negative': np.float32(0.816), 'itc': np.float32(0.0), 'micro': np.float32(0.0), 'macro': np.float32(0.0)}
  [DIAG] Tier1 сам по собі: acc=68.966 f1_macro=0.204
Test [  0/197] eta: 0:00:32 loss: 2.9195 (2.9195) acc1: 0.0000 (0.0000) time: 0.1657 data: 0.1242 max mem: 330
Test [100/197] eta: 0:00:02 loss: 0.1200 (1.1252) acc1: 100.0000 (66.3366) time: 0.0269 data: 0.0001 max mem: 330
Test [196/197] eta: 0:00:00 loss: 0.1109 (0.9797) acc1: 100.0000 (71.0660) time: 0.0247 data: 0.0001 max mem: 330
Test Total time: 0:00:05 (5.4368 s / it)
* Acc@1 71.066 loss 0.980 auroc 0.690 f1_score 0.359
  per-class F1 (Test): {'negative': np.float32(0.811), 'itc': np.float32(0.0), 'micro': np.float32(0.0), 'macro': np.float32(0.625)}
  [DIAG] Tier1 сам по собі: acc=67.132 f1_macro=0.303

Epoch: [6] [  0/266] eta: 0:01:04 lr: 0.000099 tier1_loss: 3.4054 (3.4054) tier2_loss: 3.8685 (3.8685) time: 0.2412 data: 0.1236 max mem: 330
Epoch: [6] [100/266] eta: 0:00:19 lr: 0.000098 tier1_loss: 0.0979 (0.9020) tier2_loss: 0.0727 (0.9377) time: 0.1000 data: 0.0001 max mem: 330
Epoch: [6] [200/266] eta: 0:00:07 lr: 0.000097 tier1_loss: 0.2279 (0.9308) tier2_loss: 0.2072 (0.9987) time: 0.1196 data: 0.0001 max mem: 330
Epoch: [6] [265/266] eta: 0:00:00 lr: 0.000096 tier1_loss: 0.2123 (0.9491) tier2_loss: 0.2182 (1.0203) time: 0.1127 data: 0.0001 max mem: 330
Epoch: [6] Total time: 0:00:31 (31.0929 s / it)
  [learned tier1_weight] epoch=6 weight=0.0929
Val [ 0/29] eta: 0:00:04 loss: 0.1133 (0.1133) acc1: 100.0000 (100.0000) time: 0.1651 data: 0.1312 max mem: 330
Val [28/29] eta: 0:00:00 loss: 0.1320 (1.1721) acc1: 100.0000 (68.9655) time: 0.0253 data: 0.0001 max mem: 330
Val Total time: 0:00:00 (0.9335 s / it)
* Acc@1 68.966 loss 1.172 auroc 0.699 f1_score 0.204
  per-class F1 (Val): {'negative': np.float32(0.816), 'itc': np.float32(0.0), 'micro': np.float32(0.0), 'macro': np.float32(0.0)}
  [DIAG] Tier1 сам по собі: acc=68.966 f1_macro=0.204
Test [  0/197] eta: 0:00:31 loss: 3.0609 (3.0609) acc1: 0.0000 (0.0000) time: 0.1615 data: 0.1267 max mem: 330
Test [100/197] eta: 0:00:02 loss: 0.1087 (1.1538) acc1: 100.0000 (67.3267) time: 0.0261 data: 0.0001 max mem: 330
Test [196/197] eta: 0:00:00 loss: 0.0828 (1.0121) acc1: 100.0000 (71.5736) time: 0.0251 data: 0.0001 max mem: 330
Test Total time: 0:00:05 (5.3884 s / it)
* Acc@1 71.574 loss 1.012 auroc 0.719 f1_score 0.364
  per-class F1 (Test): {'negative': np.float32(0.812), 'itc': np.float32(0.0), 'micro': np.float32(0.0), 'macro': np.float32(0.645)}
  [DIAG] Tier1 сам по собі: acc=71.574 f1_macro=0.364

Epoch: [7] [  0/266] eta: 0:01:02 lr: 0.000096 tier1_loss: 0.5082 (0.5082) tier2_loss: 0.1945 (0.1945) time: 0.2362 data: 0.1098 max mem: 330
Epoch: [7] [100/266] eta: 0:00:19 lr: 0.000094 tier1_loss: 0.1294 (0.9212) tier2_loss: 0.0830 (0.9830) time: 0.1107 data: 0.0001 max mem: 330
Epoch: [7] [200/266] eta: 0:00:07 lr: 0.000092 tier1_loss: 0.1892 (0.8879) tier2_loss: 0.0712 (0.9283) time: 0.1144 data: 0.0001 max mem: 330
Epoch: [7] [265/266] eta: 0:00:00 lr: 0.000091 tier1_loss: 0.2440 (0.9174) tier2_loss: 0.0966 (0.9638) time: 0.1082 data: 0.0001 max mem: 330
Epoch: [7] Total time: 0:00:30 (30.7015 s / it)
  [learned tier1_weight] epoch=7 weight=0.0918
Val [ 0/29] eta: 0:00:04 loss: 0.2611 (0.2611) acc1: 100.0000 (100.0000) time: 0.1602 data: 0.1289 max mem: 330
Val [28/29] eta: 0:00:00 loss: 0.1113 (1.1762) acc1: 100.0000 (62.0690) time: 0.0261 data: 0.0001 max mem: 330
Val Total time: 0:00:00 (0.9641 s / it)
* Acc@1 62.069 loss 1.176 auroc 0.694 f1_score 0.289
  per-class F1 (Val): {'negative': np.float32(0.756), 'itc': np.float32(0.0), 'micro': np.float32(0.0), 'macro': np.float32(0.4)}
  [DIAG] Tier1 сам по собі: acc=68.103 f1_macro=0.301
Test [  0/197] eta: 0:00:32 loss: 2.7446 (2.7446) acc1: 0.0000 (0.0000) time: 0.1663 data: 0.1216 max mem: 330
Test [100/197] eta: 0:00:02 loss: 0.1676 (1.0119) acc1: 100.0000 (69.3069) time: 0.0266 data: 0.0001 max mem: 330
Test [196/197] eta: 0:00:00 loss: 0.0802 (0.8578) acc1: 100.0000 (75.1269) time: 0.0266 data: 0.0001 max mem: 330
Test Total time: 0:00:05 (5.5692 s / it)
* Acc@1 75.127 loss 0.858 auroc 0.748 f1_score 0.436
  per-class F1 (Test): {'negative': np.float32(0.836), 'itc': np.float32(0.0), 'micro': np.float32(0.077), 'macro': np.float32(0.831)}
  [DIAG] Tier1 сам по собі: acc=75.444 f1_macro=0.436

Epoch: [8] [  0/266] eta: 0:01:10 lr: 0.000091 tier1_loss: 0.8918 (0.8918) tier2_loss: 1.3998 (1.3998) time: 0.2664 data: 0.1067 max mem: 330
Epoch: [8] [100/266] eta: 0:00:18 lr: 0.000088 tier1_loss: 0.0811 (0.8096) tier2_loss: 0.0564 (0.8863) time: 0.0990 data: 0.0001 max mem: 330
Epoch: [8] [200/266] eta: 0:00:07 lr: 0.000085 tier1_loss: 0.1610 (0.9026) tier2_loss: 0.0995 (0.9637) time: 0.0975 data: 0.0001 max mem: 330
Epoch: [8] [265/266] eta: 0:00:00 lr: 0.000084 tier1_loss: 0.0659 (0.8637) tier2_loss: 0.0585 (0.9185) time: 0.1095 data: 0.0001 max mem: 330
Epoch: [8] Total time: 0:00:28 (28.5591 s / it)
  [learned tier1_weight] epoch=8 weight=0.0908
Val [ 0/29] eta: 0:00:05 loss: 0.0521 (0.0521) acc1: 100.0000 (100.0000) time: 0.1738 data: 0.1330 max mem: 330
Val [28/29] eta: 0:00:00 loss: 0.0513 (1.1211) acc1: 100.0000 (72.4138) time: 0.0264 data: 0.0001 max mem: 330
Val Total time: 0:00:00 (0.9723 s / it)
* Acc@1 72.414 loss 1.121 auroc 0.743 f1_score 0.308
  per-class F1 (Val): {'negative': np.float32(0.833), 'itc': np.float32(0.0), 'micro': np.float32(0.0), 'macro': np.float32(0.4)}
  [DIAG] Tier1 сам по собі: acc=72.414 f1_macro=0.308
Test [  0/197] eta: 0:00:31 loss: 3.9379 (3.9379) acc1: 0.0000 (0.0000) time: 0.1605 data: 0.1243 max mem: 330
Test [100/197] eta: 0:00:02 loss: 0.0537 (1.1338) acc1: 100.0000 (71.2871) time: 0.0272 data: 0.0001 max mem: 330
Test [196/197] eta: 0:00:00 loss: 0.0454 (0.9050) acc1: 100.0000 (77.1574) time: 0.0259 data: 0.0001 max mem: 330
Test Total time: 0:00:05 (5.5278 s / it)
* Acc@1 77.157 loss 0.905 auroc 0.736 f1_score 0.422
  per-class F1 (Test): {'negative': np.float32(0.845), 'itc': np.float32(0.0), 'micro': np.float32(0.0), 'macro': np.float32(0.842)}
  [DIAG] Tier1 сам по собі: acc=77.030 f1_macro=0.420

Epoch: [9] [  0/266] eta: 0:01:08 lr: 0.000084 tier1_loss: 0.0725 (0.0725) tier2_loss: 0.0562 (0.0562) time: 0.2568 data: 0.1091 max mem: 330
Epoch: [9] [100/266] eta: 0:00:19 lr: 0.000081 tier1_loss: 0.1124 (0.8068) tier2_loss: 0.1143 (0.9227) time: 0.1071 data: 0.0001 max mem: 330
Epoch: [9] [200/266] eta: 0:00:07 lr: 0.000077 tier1_loss: 0.0771 (0.7927) tier2_loss: 0.0515 (0.9011) time: 0.1099 data: 0.0001 max mem: 330
Epoch: [9] [265/266] eta: 0:00:00 lr: 0.000075 tier1_loss: 0.1056 (0.8182) tier2_loss: 0.0900 (0.9059) time: 0.1077 data: 0.0001 max mem: 330
Epoch: [9] Total time: 0:00:30 (30.5257 s / it)
  [learned tier1_weight] epoch=9 weight=0.0900
Val [ 0/29] eta: 0:00:04 loss: 0.0698 (0.0698) acc1: 100.0000 (100.0000) time: 0.1615 data: 0.1281 max mem: 330
Val [28/29] eta: 0:00:00 loss: 0.0790 (0.9193) acc1: 100.0000 (75.8621) time: 0.0254 data: 0.0001 max mem: 330
Val Total time: 0:00:00 (0.9355 s / it)
* Acc@1 75.862 loss 0.919 auroc 0.774 f1_score 0.383
  per-class F1 (Val): {'negative': np.float32(0.864), 'itc': np.float32(0.0), 'micro': np.float32(0.0), 'macro': np.float32(0.667)}
  [DIAG] Tier1 сам по собі: acc=72.414 f1_macro=0.370
Test [  0/197] eta: 0:00:29 loss: 1.8179 (1.8179) acc1: 0.0000 (0.0000) time: 0.1494 data: 0.1136 max mem: 330
Test [100/197] eta: 0:00:02 loss: 0.0914 (0.8839) acc1: 100.0000 (75.2475) time: 0.0268 data: 0.0001 max mem: 330
Test [196/197] eta: 0:00:00 loss: 0.0397 (0.8916) acc1: 100.0000 (76.1421) time: 0.0253 data: 0.0001 max mem: 330
Test Total time: 0:00:05 (5.4651 s / it)
* Acc@1 76.142 loss 0.892 auroc 0.789 f1_score 0.410
  per-class F1 (Test): {'negative': np.float32(0.861), 'itc': np.float32(0.0), 'micro': np.float32(0.0), 'macro': np.float32(0.778)}
  [DIAG] Tier1 сам по собі: acc=79.505 f1_macro=0.440

Epoch: [10] [  0/266] eta: 0:01:10 lr: 0.000075 tier1_loss: 0.3284 (0.3284) tier2_loss: 0.3139 (0.3139) time: 0.2649 data: 0.1356 max mem: 330
Epoch: [10] [100/266] eta: 0:00:19 lr: 0.000072 tier1_loss: 0.0518 (0.5820) tier2_loss: 0.0335 (0.6217) time: 0.1013 data: 0.0001 max mem: 330
Epoch: [10] [200/266] eta: 0:00:07 lr: 0.000068 tier1_loss: 0.0434 (0.6433) tier2_loss: 0.0242 (0.6517) time: 0.1182 data: 0.0001 max mem: 330
Epoch: [10] [265/266] eta: 0:00:00 lr: 0.000066 tier1_loss: 0.0902 (0.6588) tier2_loss: 0.0459 (0.6830) time: 0.1128 data: 0.0001 max mem: 330
Epoch: [10] Total time: 0:00:30 (30.5843 s / it)
  [learned tier1_weight] epoch=10 weight=0.0895
Val [ 0/29] eta: 0:00:05 loss: 0.0522 (0.0522) acc1: 100.0000 (100.0000) time: 0.1727 data: 0.1390 max mem: 330
Val [28/29] eta: 0:00:00 loss: 0.0468 (0.9115) acc1: 100.0000 (79.3103) time: 0.0272 data: 0.0001 max mem: 330
Val Total time: 0:00:00 (0.9905 s / it)
* Acc@1 79.310 loss 0.911 auroc 0.756 f1_score 0.530
  per-class F1 (Val): {'negative': np.float32(0.884), 'itc': np.float32(0.0), 'micro': np.float32(0.571), 'macro': np.float32(0.667)}
  [DIAG] Tier1 сам по собі: acc=77.155 f1_macro=0.503
Test [  0/197] eta: 0:00:32 loss: 0.1205 (0.1205) acc1: 100.0000 (100.0000) time: 0.1673 data: 0.1284 max mem: 330
Test [100/197] eta: 0:00:02 loss: 0.0591 (0.5874) acc1: 100.0000 (84.1584) time: 0.0274 data: 0.0001 max mem: 330
Test [196/197] eta: 0:00:00 loss: 0.0268 (0.5862) acc1: 100.0000 (83.7563) time: 0.0242 data: 0.0001 max mem: 330
Test Total time: 0:00:05 (5.3171 s / it)
* Acc@1 83.756 loss 0.586 auroc 0.871 f1_score 0.595
  per-class F1 (Test): {'negative': np.float32(0.894), 'itc': np.float32(0.0), 'micro': np.float32(0.562), 'macro': np.float32(0.923)}
  [DIAG] Tier1 сам по собі: acc=81.536 f1_macro=0.488

Epoch: [11] [  0/266] eta: 0:01:01 lr: 0.000066 tier1_loss: 0.0437 (0.0437) tier2_loss: 0.0189 (0.0189) time: 0.2323 data: 0.1091 max mem: 330
Epoch: [11] [100/266] eta: 0:00:19 lr: 0.000062 tier1_loss: 0.0560 (0.5174) tier2_loss: 0.0505 (0.5818) time: 0.1124 data: 0.0001 max mem: 330
Epoch: [11] [200/266] eta: 0:00:07 lr: 0.000058 tier1_loss: 0.0435 (0.5960) tier2_loss: 0.0134 (0.6204) time: 0.1211 data: 0.0001 max mem: 330
Epoch: [11] [265/266] eta: 0:00:00 lr: 0.000056 tier1_loss: 0.0703 (0.5711) tier2_loss: 0.0322 (0.5850) time: 0.1031 data: 0.0001 max mem: 330
Epoch: [11] Total time: 0:00:30 (30.3658 s / it)
  [learned tier1_weight] epoch=11 weight=0.0890
Val [ 0/29] eta: 0:00:04 loss: 0.0634 (0.0634) acc1: 100.0000 (100.0000) time: 0.1722 data: 0.1291 max mem: 330
Val [28/29] eta: 0:00:00 loss: 0.0374 (0.9797) acc1: 100.0000 (79.3103) time: 0.0260 data: 0.0001 max mem: 330
Val Total time: 0:00:00 (0.9848 s / it)
* Acc@1 79.310 loss 0.980 auroc 0.798 f1_score 0.530
  per-class F1 (Val): {'negative': np.float32(0.884), 'itc': np.float32(0.0), 'micro': np.float32(0.571), 'macro': np.float32(0.667)}
  [DIAG] Tier1 сам по собі: acc=79.310 f1_macro=0.534
Test [  0/197] eta: 0:00:32 loss: 0.0257 (0.0257) acc1: 100.0000 (100.0000) time: 0.1625 data: 0.1207 max mem: 330
Test [100/197] eta: 0:00:02 loss: 0.0667 (0.5051) acc1: 100.0000 (84.1584) time: 0.0272 data: 0.0001 max mem: 330
Test [196/197] eta: 0:00:00 loss: 0.0238 (0.5186) acc1: 100.0000 (85.2792) time: 0.0250 data: 0.0001 max mem: 330
Test Total time: 0:00:05 (5.5355 s / it)
* Acc@1 85.279 loss 0.519 auroc 0.886 f1_score 0.625
  per-class F1 (Test): {'negative': np.float32(0.908), 'itc': np.float32(0.0), 'micro': np.float32(0.65), 'macro': np.float32(0.943)}
  [DIAG] Tier1 сам по собі: acc=83.629 f1_macro=0.567

Epoch: [12] [  0/266] eta: 0:00:58 lr: 0.000056 tier1_loss: 0.0707 (0.0707) tier2_loss: 0.0469 (0.0469) time: 0.2196 data: 0.0998 max mem: 330
Epoch: [12] [100/266] eta: 0:00:18 lr: 0.000052 tier1_loss: 0.0633 (0.4603) tier2_loss: 0.0248 (0.3993) time: 0.1101 data: 0.0001 max mem: 330
Epoch: [12] [200/266] eta: 0:00:07 lr: 0.000048 tier1_loss: 0.0869 (0.5444) tier2_loss: 0.0220 (0.5517) time: 0.0964 data: 0.0001 max mem: 330
Epoch: [12] [265/266] eta: 0:00:00 lr: 0.000045 tier1_loss: 0.0372 (0.5023) tier2_loss: 0.0118 (0.4886) time: 0.1068 data: 0.0001 max mem: 330
Epoch: [12] Total time: 0:00:28 (28.7817 s / it)
  [learned tier1_weight] epoch=12 weight=0.0886
Val [ 0/29] eta: 0:00:05 loss: 0.0128 (0.0128) acc1: 100.0000 (100.0000) time: 0.1731 data: 0.1325 max mem: 330
Val [28/29] eta: 0:00:00 loss: 0.0115 (1.1261) acc1: 100.0000 (79.3103) time: 0.0247 data: 0.0001 max mem: 330
Val Total time: 0:00:00 (0.9467 s / it)
* Acc@1 79.310 loss 1.126 auroc 0.783 f1_score 0.530
  per-class F1 (Val): {'negative': np.float32(0.884), 'itc': np.float32(0.0), 'micro': np.float32(0.571), 'macro': np.float32(0.667)}
  [DIAG] Tier1 сам по собі: acc=78.879 f1_macro=0.519
Test [  0/197] eta: 0:00:29 loss: 0.0251 (0.0251) acc1: 100.0000 (100.0000) time: 0.1486 data: 0.1101 max mem: 330
Test [100/197] eta: 0:00:02 loss: 0.0143 (0.5847) acc1: 100.0000 (85.1485) time: 0.0268 data: 0.0001 max mem: 330
Test [196/197] eta: 0:00:00 loss: 0.0080 (0.6137) acc1: 100.0000 (84.7716) time: 0.0250 data: 0.0001 max mem: 330
Test Total time: 0:00:05 (5.3548 s / it)
* Acc@1 84.772 loss 0.614 auroc 0.902 f1_score 0.613
  per-class F1 (Test): {'negative': np.float32(0.916), 'itc': np.float32(0.0), 'micro': np.float32(0.605), 'macro': np.float32(0.93)}
  [DIAG] Tier1 сам по собі: acc=85.596 f1_macro=0.625

Epoch: [13] [  0/266] eta: 0:01:06 lr: 0.000045 tier1_loss: 0.0286 (0.0286) tier2_loss: 0.0250 (0.0250) time: 0.2485 data: 0.1203 max mem: 330
Epoch: [13] [100/266] eta: 0:00:16 lr: 0.000041 tier1_loss: 0.0472 (0.4913) tier2_loss: 0.0123 (0.4523) time: 0.1267 data: 0.0001 max mem: 330
Epoch: [13] [200/266] eta: 0:00:06 lr: 0.000038 tier1_loss: 0.0623 (0.5081) tier2_loss: 0.0087 (0.4677) time: 0.0990 data: 0.0001 max mem: 330
Epoch: [13] [265/266] eta: 0:00:00 lr: 0.000035 tier1_loss: 0.0348 (0.4919) tier2_loss: 0.0063 (0.4468) time: 0.0941 data: 0.0001 max mem: 330
Epoch: [13] Total time: 0:00:26 (26.8195 s / it)
  [learned tier1_weight] epoch=13 weight=0.0883
Val [ 0/29] eta: 0:00:04 loss: 0.0105 (0.0105) acc1: 100.0000 (100.0000) time: 0.1520 data: 0.1239 max mem: 330
Val [28/29] eta: 0:00:00 loss: 0.0070 (1.1399) acc1: 100.0000 (79.3103) time: 0.0257 data: 0.0001 max mem: 330
Val Total time: 0:00:00 (0.9565 s / it)
* Acc@1 79.310 loss 1.140 auroc 0.792 f1_score 0.530
  per-class F1 (Val): {'negative': np.float32(0.884), 'itc': np.float32(0.0), 'micro': np.float32(0.571), 'macro': np.float32(0.667)}
  [DIAG] Tier1 сам по собі: acc=80.172 f1_macro=0.538
Test [  0/197] eta: 0:00:33 loss: 0.0375 (0.0375) acc1: 100.0000 (100.0000) time: 0.1699 data: 0.1292 max mem: 330
Test [100/197] eta: 0:00:02 loss: 0.0111 (0.5989) acc1: 100.0000 (86.1386) time: 0.0260 data: 0.0001 max mem: 330
Test [196/197] eta: 0:00:00 loss: 0.0058 (0.5936) acc1: 100.0000 (86.2944) time: 0.0255 data: 0.0001 max mem: 330
Test Total time: 0:00:05 (5.4606 s / it)
* Acc@1 86.294 loss 0.594 auroc 0.896 f1_score 0.662
  per-class F1 (Test): {'negative': np.float32(0.917), 'itc': np.float32(0.118), 'micro': np.float32(0.684), 'macro': np.float32(0.93)}
  [DIAG] Tier1 сам по собі: acc=85.723 f1_macro=0.629

Epoch: [14] [  0/266] eta: 0:01:04 lr: 0.000035 tier1_loss: 0.0174 (0.0174) tier2_loss: 0.0057 (0.0057) time: 0.2439 data: 0.1142 max mem: 330
Epoch: [14] [100/266] eta: 0:00:16 lr: 0.000032 tier1_loss: 0.0290 (0.4055) tier2_loss: 0.0053 (0.2241) time: 0.1061 data: 0.0001 max mem: 330
Epoch: [14] [200/266] eta: 0:00:07 lr: 0.000028 tier1_loss: 0.0561 (0.4336) tier2_loss: 0.0110 (0.3270) time: 0.1089 data: 0.0001 max mem: 330
Epoch: [14] [265/266] eta: 0:00:00 lr: 0.000026 tier1_loss: 0.0301 (0.4751) tier2_loss: 0.0100 (0.3824) time: 0.0973 data: 0.0001 max mem: 330
Epoch: [14] Total time: 0:00:28 (28.5018 s / it)
  [learned tier1_weight] epoch=14 weight=0.0880
Val [ 0/29] eta: 0:00:04 loss: 0.0201 (0.0201) acc1: 100.0000 (100.0000) time: 0.1624 data: 0.1277 max mem: 330
Val [28/29] eta: 0:00:00 loss: 0.0063 (1.2098) acc1: 100.0000 (72.4138) time: 0.0254 data: 0.0001 max mem: 330
Val Total time: 0:00:00 (0.9494 s / it)
* Acc@1 72.414 loss 1.210 auroc 0.804 f1_score 0.517
  per-class F1 (Val): {'negative': np.float32(0.829), 'itc': np.float32(0.0), 'micro': np.float32(0.571), 'macro': np.float32(0.667)}
  [DIAG] Tier1 сам по собі: acc=79.741 f1_macro=0.534
Test [  0/197] eta: 0:00:33 loss: 0.0955 (0.0955) acc1: 100.0000 (100.0000) time: 0.1678 data: 0.1322 max mem: 330
Test [100/197] eta: 0:00:02 loss: 0.0230 (0.6892) acc1: 100.0000 (84.1584) time: 0.0264 data: 0.0001 max mem: 330
Test [196/197] eta: 0:00:00 loss: 0.0053 (0.7322) acc1: 100.0000 (82.7411) time: 0.0238 data: 0.0001 max mem: 330
Test Total time: 0:00:05 (5.2839 s / it)
* Acc@1 82.741 loss 0.732 auroc 0.896 f1_score 0.623
  per-class F1 (Test): {'negative': np.float32(0.909), 'itc': np.float32(0.174), 'micro': np.float32(0.514), 'macro': np.float32(0.894)}
  [DIAG] Tier1 сам по собі: acc=84.518 f1_macro=0.599

Epoch: [15] [  0/266] eta: 0:01:15 lr: 0.000026 tier1_loss: 0.0084 (0.0084) tier2_loss: 0.0046 (0.0046) time: 0.2844 data: 0.1379 max mem: 330
Epoch: [15] [100/266] eta: 0:00:18 lr: 0.000022 tier1_loss: 0.0457 (0.4908) tier2_loss: 0.0085 (0.2851) time: 0.1056 data: 0.0001 max mem: 330
Epoch: [15] [200/266] eta: 0:00:07 lr: 0.000019 tier1_loss: 0.0622 (0.4225) tier2_loss: 0.0049 (0.2758) time: 0.1017 data: 0.0001 max mem: 330
Epoch: [15] [265/266] eta: 0:00:00 lr: 0.000017 tier1_loss: 0.0928 (0.4468) tier2_loss: 0.0093 (0.3237) time: 0.0980 data: 0.0001 max mem: 330
Epoch: [15] Total time: 0:00:28 (28.8506 s / it)
  [learned tier1_weight] epoch=15 weight=0.0878
Val [ 0/29] eta: 0:00:05 loss: 0.0295 (0.0295) acc1: 100.0000 (100.0000) time: 0.1756 data: 0.1344 max mem: 330
Val [28/29] eta: 0:00:00 loss: 0.0051 (1.2135) acc1: 100.0000 (72.4138) time: 0.0253 data: 0.0001 max mem: 330
Val Total time: 0:00:00 (0.9533 s / it)
* Acc@1 72.414 loss 1.213 auroc 0.837 f1_score 0.517
  per-class F1 (Val): {'negative': np.float32(0.829), 'itc': np.float32(0.0), 'micro': np.float32(0.571), 'macro': np.float32(0.667)}
  [DIAG] Tier1 сам по собі: acc=78.448 f1_macro=0.524
Test [  0/197] eta: 0:00:32 loss: 0.0450 (0.0450) acc1: 100.0000 (100.0000) time: 0.1632 data: 0.1294 max mem: 330
Test [100/197] eta: 0:00:02 loss: 0.0291 (0.6354) acc1: 100.0000 (84.1584) time: 0.0268 data: 0.0001 max mem: 330
Test [196/197] eta: 0:00:00 loss: 0.0043 (0.6325) acc1: 100.0000 (84.7716) time: 0.0247 data: 0.0001 max mem: 330
Test Total time: 0:00:05 (5.3733 s / it)
* Acc@1 84.772 loss 0.633 auroc 0.898 f1_score 0.653
  per-class F1 (Test): {'negative': np.float32(0.918), 'itc': np.float32(0.182), 'micro': np.float32(0.579), 'macro': np.float32(0.933)}
  [DIAG] Tier1 сам по собі: acc=85.470 f1_macro=0.621

Epoch: [16] [  0/266] eta: 0:01:09 lr: 0.000017 tier1_loss: 0.6016 (0.6016) tier2_loss: 0.0190 (0.0190) time: 0.2609 data: 0.1183 max mem: 330
Epoch: [16] [100/266] eta: 0:00:18 lr: 0.000015 tier1_loss: 0.0418 (0.5281) tier2_loss: 0.0073 (0.4155) time: 0.1056 data: 0.0001 max mem: 330
Epoch: [16] [200/266] eta: 0:00:07 lr: 0.000012 tier1_loss: 0.0304 (0.4300) tier2_loss: 0.0038 (0.2801) time: 0.1160 data: 0.0001 max mem: 330
Epoch: [16] [265/266] eta: 0:00:00 lr: 0.000010 tier1_loss: 0.0373 (0.4286) tier2_loss: 0.0051 (0.2713) time: 0.1092 data: 0.0001 max mem: 330
Epoch: [16] Total time: 0:00:30 (30.0588 s / it)
  [learned tier1_weight] epoch=16 weight=0.0877
Val [ 0/29] eta: 0:00:05 loss: 0.0165 (0.0165) acc1: 100.0000 (100.0000) time: 0.1769 data: 0.1366 max mem: 330
Val [28/29] eta: 0:00:00 loss: 0.0032 (1.3280) acc1: 100.0000 (72.4138) time: 0.0254 data: 0.0001 max mem: 330
Val Total time: 0:00:00 (0.9412 s / it)
* Acc@1 72.414 loss 1.328 auroc 0.806 f1_score 0.541
  per-class F1 (Val): {'negative': np.float32(0.829), 'itc': np.float32(0.0), 'micro': np.float32(0.667), 'macro': np.float32(0.667)}
  [DIAG] Tier1 сам по собі: acc=78.017 f1_macro=0.521
Test [  0/197] eta: 0:00:35 loss: 0.1409 (0.1409) acc1: 100.0000 (100.0000) time: 0.1789 data: 0.1418 max mem: 330
Test [100/197] eta: 0:00:02 loss: 0.0101 (0.6973) acc1: 100.0000 (85.1485) time: 0.0260 data: 0.0001 max mem: 330
Test [196/197] eta: 0:00:00 loss: 0.0030 (0.6644) acc1: 100.0000 (85.7868) time: 0.0245 data: 0.0001 max mem: 330
Test Total time: 0:00:05 (5.3601 s / it)
* Acc@1 85.787 loss 0.664 auroc 0.900 f1_score 0.695
  per-class F1 (Test): {'negative': np.float32(0.919), 'itc': np.float32(0.333), 'micro': np.float32(0.606), 'macro': np.float32(0.923)}
  [DIAG] Tier1 сам по собі: acc=85.152 f1_macro=0.616

Epoch: [17] [  0/266] eta: 0:01:10 lr: 0.000010 tier1_loss: 0.0323 (0.0323) tier2_loss: 0.0050 (0.0050) time: 0.2636 data: 0.1121 max mem: 330
Epoch: [17] [100/266] eta: 0:00:18 lr: 0.000008 tier1_loss: 0.0323 (0.3455) tier2_loss: 0.0035 (0.2731) time: 0.1166 data: 0.0001 max mem: 330
Epoch: [17] [200/266] eta: 0:00:07 lr: 0.000006 tier1_loss: 0.0512 (0.4111) tier2_loss: 0.0053 (0.2925) time: 0.1060 data: 0.0001 max mem: 330
Epoch: [17] [265/266] eta: 0:00:00 lr: 0.000005 tier1_loss: 0.0473 (0.4196) tier2_loss: 0.0047 (0.2681) time: 0.1090 data: 0.0001 max mem: 330
Epoch: [17] Total time: 0:00:28 (28.9440 s / it)
  [learned tier1_weight] epoch=17 weight=0.0876
Val [ 0/29] eta: 0:00:04 loss: 0.0193 (0.0193) acc1: 100.0000 (100.0000) time: 0.1636 data: 0.1297 max mem: 330
Val [28/29] eta: 0:00:00 loss: 0.0027 (1.2417) acc1: 100.0000 (75.8621) time: 0.0253 data: 0.0001 max mem: 330
Val Total time: 0:00:00 (0.9442 s / it)
* Acc@1 75.862 loss 1.242 auroc 0.821 f1_score 0.548
  per-class F1 (Val): {'negative': np.float32(0.857), 'itc': np.float32(0.0), 'micro': np.float32(0.667), 'macro': np.float32(0.667)}
  [DIAG] Tier1 сам по собі: acc=78.879 f1_macro=0.527
Test [  0/197] eta: 0:00:34 loss: 0.0436 (0.0436) acc1: 100.0000 (100.0000) time: 0.1749 data: 0.1286 max mem: 330
Test [100/197] eta: 0:00:02 loss: 0.0114 (0.7413) acc1: 100.0000 (84.1584) time: 0.0266 data: 0.0001 max mem: 330
Test [196/197] eta: 0:00:00 loss: 0.0025 (0.6537) acc1: 100.0000 (86.2944) time: 0.0248 data: 0.0001 max mem: 330
Test Total time: 0:00:05 (5.5200 s / it)
* Acc@1 86.294 loss 0.654 auroc 0.901 f1_score 0.692
  per-class F1 (Test): {'negative': np.float32(0.927), 'itc': np.float32(0.348), 'micro': np.float32(0.581), 'macro': np.float32(0.913)}
  [DIAG] Tier1 сам по собі: acc=85.787 f1_macro=0.624

Epoch: [18] [  0/266] eta: 0:01:13 lr: 0.000005 tier1_loss: 2.6644 (2.6644) tier2_loss: 0.1277 (0.1277) time: 0.2758 data: 0.1375 max mem: 330
Epoch: [18] [100/266] eta: 0:00:17 lr: 0.000004 tier1_loss: 0.0359 (0.4671) tier2_loss: 0.0037 (0.2622) time: 0.0957 data: 0.0001 max mem: 330
Epoch: [18] [200/266] eta: 0:00:07 lr: 0.000003 tier1_loss: 0.0562 (0.4129) tier2_loss: 0.0043 (0.2126) time: 0.1170 data: 0.0001 max mem: 330
Epoch: [18] [265/266] eta: 0:00:00 lr: 0.000002 tier1_loss: 0.0421 (0.4023) tier2_loss: 0.0030 (0.2431) time: 0.1141 data: 0.0001 max mem: 330
Epoch: [18] Total time: 0:00:29 (29.3773 s / it)
  [learned tier1_weight] epoch=18 weight=0.0876
Val [ 0/29] eta: 0:00:06 loss: 0.0191 (0.0191) acc1: 100.0000 (100.0000) time: 0.2243 data: 0.1744 max mem: 330
Val [28/29] eta: 0:00:00 loss: 0.0026 (1.3282) acc1: 100.0000 (75.8621) time: 0.0258 data: 0.0001 max mem: 330
Val Total time: 0:00:01 (1.0236 s / it)
* Acc@1 75.862 loss 1.328 auroc 0.834 f1_score 0.548
  per-class F1 (Val): {'negative': np.float32(0.857), 'itc': np.float32(0.0), 'micro': np.float32(0.667), 'macro': np.float32(0.667)}
  [DIAG] Tier1 сам по собі: acc=78.879 f1_macro=0.529
Test [  0/197] eta: 0:00:35 loss: 0.0452 (0.0452) acc1: 100.0000 (100.0000) time: 0.1783 data: 0.1424 max mem: 330
Test [100/197] eta: 0:00:02 loss: 0.0106 (0.7277) acc1: 100.0000 (83.1683) time: 0.0267 data: 0.0001 max mem: 330
Test [196/197] eta: 0:00:00 loss: 0.0025 (0.6731) acc1: 100.0000 (84.7716) time: 0.0257 data: 0.0001 max mem: 330
Test Total time: 0:00:05 (5.4532 s / it)
* Acc@1 84.772 loss 0.673 auroc 0.900 f1_score 0.659
  per-class F1 (Test): {'negative': np.float32(0.919), 'itc': np.float32(0.25), 'micro': np.float32(0.545), 'macro': np.float32(0.923)}
  [DIAG] Tier1 сам по собі: acc=85.596 f1_macro=0.622

Epoch: [19] [  0/266] eta: 0:01:12 lr: 0.000002 tier1_loss: 0.0144 (0.0144) tier2_loss: 0.0049 (0.0049) time: 0.2736 data: 0.1443 max mem: 330
Epoch: [19] [100/266] eta: 0:00:19 lr: 0.000001 tier1_loss: 0.0506 (0.3343) tier2_loss: 0.0047 (0.1668) time: 0.1133 data: 0.0001 max mem: 330
Epoch: [19] [200/266] eta: 0:00:07 lr: 0.000001 tier1_loss: 0.0384 (0.3714) tier2_loss: 0.0026 (0.2344) time: 0.1338 data: 0.0001 max mem: 330
Epoch: [19] [265/266] eta: 0:00:00 lr: 0.000001 tier1_loss: 0.0400 (0.3973) tier2_loss: 0.0030 (0.2409) time: 0.1101 data: 0.0001 max mem: 330
Epoch: [19] Total time: 0:00:30 (30.9504 s / it)
  [learned tier1_weight] epoch=19 weight=0.0876
Val [ 0/29] eta: 0:00:05 loss: 0.0209 (0.0209) acc1: 100.0000 (100.0000) time: 0.1814 data: 0.1412 max mem: 330
Val [28/29] eta: 0:00:00 loss: 0.0025 (1.4230) acc1: 100.0000 (72.4138) time: 0.0261 data: 0.0001 max mem: 330
Val Total time: 0:00:00 (0.9650 s / it)
* Acc@1 72.414 loss 1.423 auroc 0.806 f1_score 0.541
  per-class F1 (Val): {'negative': np.float32(0.829), 'itc': np.float32(0.0), 'micro': np.float32(0.667), 'macro': np.float32(0.667)}
  [DIAG] Tier1 сам по собі: acc=78.448 f1_macro=0.522
wandb: 
wandb: Run history:
wandb: diag/test_tier1_acc ▁▁▁▁▁▃▄▅▅▆▇▇████████
wandb:  diag/test_tier1_f1 ▁▁▁▁▁▃▄▅▅▅▆▇████████
wandb:   diag/tier1_weight ██▇▇▆▅▄▃▃▂▂▂▂▁▁▁▁▁▁▁
wandb:       perf/test_auc ▃▁▃▃▄▄▄▅▅▆▇█████████
wandb:        perf/test_f1 ▁▁▁▂▃▃▃▄▄▄▇▇▇█▇▇████
wandb:        perf/val_auc ▁▁▁▂▅▃▅▄▆▆▆▇▇▇▇█▇██▇
wandb:         perf/val_f1 ▁▁▁▁▁▁▁▃▃▅████▇▇████
wandb:          tier1_loss ▄▂▁▁▆▁▁▁▁▁▆▁▂█▅▇▁▁▁▁▁▁▄▁▁▁▁▁▁▄▁▁▁▁▃▁▁▁▁▄
wandb:          tier2_loss ▃▁▄▅▁▁▃▅▁▁▁▁▄▅▅▅▁▅▄▅▁▁▂▅▁▁▁▁▁▁▁▁▅█▁▁▁▁▁▁
wandb: 
wandb: Run summary:
wandb: diag/test_tier1_acc 85.59644
wandb:  diag/test_tier1_f1 0.62258
wandb:   diag/tier1_weight 0.08758
wandb:       perf/test_auc 0.90325
wandb:        perf/test_f1 0.67485
wandb:        perf/val_auc 0.80602
wandb:         perf/val_f1 0.54065
wandb:          tier1_loss 0.07445
wandb:          tier2_loss 0.00456
wandb: 
wandb: You can sync this run to the cloud by running:
wandb: wandb sync /data/bohatyrenko1/EXPERIMENTS_2/Hi-MoE_MIL/wandb/offline-run-20260925_145746-kskfd1pv
wandb: Find logs at: ./wandb/offline-run-20260925_145746-kskfd1pv/logs
Test [  0/197] eta: 0:00:35 loss: 0.0450 (0.0450) acc1: 100.0000 (100.0000) time: 0.1803 data: 0.1368 max mem: 330
Test [100/197] eta: 0:00:02 loss: 0.0113 (0.7390) acc1: 100.0000 (83.1683) time: 0.0259 data: 0.0001 max mem: 330
Test [196/197] eta: 0:00:00 loss: 0.0025 (0.6778) acc1: 100.0000 (84.2640) time: 0.0243 data: 0.0001 max mem: 330
Test Total time: 0:00:05 (5.3126 s / it)
* Acc@1 84.264 loss 0.678 auroc 0.903 f1_score 0.675
  per-class F1 (Test): {'negative': np.float32(0.906), 'itc': np.float32(0.308), 'micro': np.float32(0.562), 'macro': np.float32(0.923)}
  [DIAG] Tier1 сам по собі: acc=85.596 f1_macro=0.623

============================================================
FINAL EPOCH (19) RESULTS (DTFD-ASMIL v4, cumulative LSA + learned weight):
  [learned tier1_weight, final] 0.0876
  test_auc=0.9033 test_acc=84.26 test_f1(macro)=0.6748
  [DIAG] Tier1 сам по собі: acc=85.596 f1_macro=0.623
  test per-class F1: {'negative': np.float32(0.906), 'itc': np.float32(0.308), 'micro': np.float32(0.562), 'macro': np.float32(0.923)}
  test confusion matrix (rows=true, cols=pred):
          negative         itc       micro       macro
negative        111           5           3           2
     itc         10           4           2           0
   micro          3           1           9           5
   macro          0           0           0          42
============================================================
Best epoch: {'epoch': 18, 'val_f1': 0.5476190447807312, 'val_auc': 0.8343304395675659, 'test_f1': 0.6593076586723328, 'test_auc': 0.9004728198051453}
