wandb: Tracking run with wandb version 0.28.0
wandb: W&B syncing is set to `offline` in this directory. Run `wandb online` or set WANDB_MODE=online to enable cloud syncing.
wandb: Run data is saved locally in /data/bohatyrenko1/EXPERIMENTS_2/Hi-MoE_MIL/wandb/offline-run-20260922_085457-jt7c8xai
wandb: View this run in the terminal with `wandb leet`
Used config (DTFD-ASMIL):
{'B': 1,
 'D_feat': 384,
 'D_inner': 128,
 'M': None,
 'ckpt_dir': 'ckpt/c17_dtfd_w0_seed6',
 'config': 'config/camelyon17_vitsdino_config_30ep.yml',
 'dataset': 'camelyon17',
 'lr': 0.0001,
 'min_lr': 1e-06,
 'n_class': 4,
 'n_token': 8,
 'n_worker': 4,
 'pin_memory': True,
 'pretrain': 'medical_ssl',
 'seed': 6,
 'splits_dir': '/data/bohatyrenko1/EXPERIMENTS_2/ASMIL/splits_paper',
 'test_dir': '/data/bohatyrenko1/features_vitsdino_camelyon17_train',
 'tier1_weight': 0.0,
 'tier2_D_inner': None,
 'tier2_n_token': None,
 'train_dir': '/data/bohatyrenko1/features_vitsdino_camelyon17_train',
 'train_epoch': 30,
 'wandb_mode': 'offline',
 'warmup_epoch': 5,
 'wd': 1e-05}
M (псевдо-bags) = 8
Class weights: [0.3757062256336212, 3.694444417953491, 1.6219512224197388, 2.2166666984558105]
Epoch: [0] [  0/266] eta: 0:02:48 lr: 0.000000 tier1_loss: 1.3391 (1.3391) tier2_loss: 1.5118 (1.5118) time: 0.6326 data: 0.1407 max mem: 160
Epoch: [0] [100/266] eta: 0:00:21 lr: 0.000008 tier1_loss: 1.2558 (1.3276) tier2_loss: 1.2309 (1.3838) time: 0.1276 data: 0.0001 max mem: 327
Epoch: [0] [200/266] eta: 0:00:08 lr: 0.000015 tier1_loss: 1.2438 (1.3083) tier2_loss: 0.3214 (1.1701) time: 0.1234 data: 0.0001 max mem: 327
Epoch: [0] [265/266] eta: 0:00:00 lr: 0.000020 tier1_loss: 1.2333 (1.3048) tier2_loss: 0.1942 (1.1257) time: 0.1364 data: 0.0001 max mem: 327
Epoch: [0] Total time: 0:00:34 (34.1231 s / it)
Val [ 0/29] eta: 0:00:04 loss: 0.1748 (0.1748) acc1: 100.0000 (100.0000) time: 0.1694 data: 0.1126 max mem: 327
Val [28/29] eta: 0:00:00 loss: 0.1594 (1.0322) acc1: 100.0000 (68.9655) time: 0.0317 data: 0.0001 max mem: 327
Val Total time: 0:00:01 (1.0455 s / it)
* Acc@1 68.966 loss 1.032 auroc 0.652 f1_score 0.204
  per-class F1 (Val): {'negative': np.float32(0.816), 'itc': np.float32(0.0), 'micro': np.float32(0.0), 'macro': np.float32(0.0)}
Test [  0/197] eta: 0:00:32 loss: 2.8925 (2.8925) acc1: 0.0000 (0.0000) time: 0.1663 data: 0.1287 max mem: 327
Test [100/197] eta: 0:00:03 loss: 0.1652 (1.3118) acc1: 100.0000 (59.4059) time: 0.0297 data: 0.0001 max mem: 327
Test [196/197] eta: 0:00:00 loss: 0.1644 (1.2422) acc1: 100.0000 (61.4213) time: 0.0298 data: 0.0001 max mem: 327
Test Total time: 0:00:07 (7.0348 s / it)
* Acc@1 61.421 loss 1.242 auroc 0.523 f1_score 0.190
  per-class F1 (Test): {'negative': np.float32(0.761), 'itc': np.float32(0.0), 'micro': np.float32(0.0), 'macro': np.float32(0.0)}

Epoch: [1] [  0/266] eta: 0:01:06 lr: 0.000020 tier1_loss: 1.1772 (1.1772) tier2_loss: 0.1803 (0.1803) time: 0.2485 data: 0.1082 max mem: 327
Epoch: [1] [100/266] eta: 0:00:19 lr: 0.000028 tier1_loss: 1.2582 (1.3043) tier2_loss: 0.2057 (1.0798) time: 0.1173 data: 0.0001 max mem: 327
Epoch: [1] [200/266] eta: 0:00:07 lr: 0.000035 tier1_loss: 1.2255 (1.2992) tier2_loss: 0.1941 (1.0543) time: 0.1202 data: 0.0001 max mem: 327
Epoch: [1] [265/266] eta: 0:00:00 lr: 0.000040 tier1_loss: 1.2496 (1.3014) tier2_loss: 0.1537 (1.0675) time: 0.1126 data: 0.0001 max mem: 327
Epoch: [1] Total time: 0:00:31 (31.2606 s / it)
Val [ 0/29] eta: 0:00:04 loss: 0.1492 (0.1492) acc1: 100.0000 (100.0000) time: 0.1669 data: 0.1296 max mem: 327
Val [28/29] eta: 0:00:00 loss: 0.1252 (1.0619) acc1: 100.0000 (68.9655) time: 0.0306 data: 0.0001 max mem: 327
Val Total time: 0:00:01 (1.0472 s / it)
* Acc@1 68.966 loss 1.062 auroc 0.686 f1_score 0.204
  per-class F1 (Val): {'negative': np.float32(0.816), 'itc': np.float32(0.0), 'micro': np.float32(0.0), 'macro': np.float32(0.0)}
Test [  0/197] eta: 0:00:32 loss: 3.1380 (3.1380) acc1: 0.0000 (0.0000) time: 0.1665 data: 0.1210 max mem: 327
Test [100/197] eta: 0:00:03 loss: 0.1302 (1.3493) acc1: 100.0000 (59.4059) time: 0.0311 data: 0.0001 max mem: 327
Test [196/197] eta: 0:00:00 loss: 0.1311 (1.2717) acc1: 100.0000 (61.4213) time: 0.0276 data: 0.0001 max mem: 327
Test Total time: 0:00:06 (6.4176 s / it)
* Acc@1 61.421 loss 1.272 auroc 0.582 f1_score 0.190
  per-class F1 (Test): {'negative': np.float32(0.761), 'itc': np.float32(0.0), 'micro': np.float32(0.0), 'macro': np.float32(0.0)}

Epoch: [2] [  0/266] eta: 0:01:04 lr: 0.000040 tier1_loss: 1.1988 (1.1988) tier2_loss: 0.1398 (0.1398) time: 0.2435 data: 0.1129 max mem: 327
Epoch: [2] [100/266] eta: 0:00:20 lr: 0.000048 tier1_loss: 1.2583 (1.2897) tier2_loss: 0.1468 (0.9155) time: 0.1152 data: 0.0001 max mem: 327
Epoch: [2] [200/266] eta: 0:00:08 lr: 0.000055 tier1_loss: 1.2976 (1.3001) tier2_loss: 0.2719 (1.0469) time: 0.1211 data: 0.0001 max mem: 327
Epoch: [2] [265/266] eta: 0:00:00 lr: 0.000060 tier1_loss: 1.2548 (1.3018) tier2_loss: 0.1461 (1.0541) time: 0.1054 data: 0.0001 max mem: 327
Epoch: [2] Total time: 0:00:31 (31.5793 s / it)
Val [ 0/29] eta: 0:00:04 loss: 0.1047 (0.1047) acc1: 100.0000 (100.0000) time: 0.1637 data: 0.1299 max mem: 327
Val [28/29] eta: 0:00:00 loss: 0.1143 (1.1163) acc1: 100.0000 (68.9655) time: 0.0274 data: 0.0001 max mem: 327
Val Total time: 0:00:00 (0.9878 s / it)
* Acc@1 68.966 loss 1.116 auroc 0.603 f1_score 0.204
  per-class F1 (Val): {'negative': np.float32(0.816), 'itc': np.float32(0.0), 'micro': np.float32(0.0), 'macro': np.float32(0.0)}
Test [  0/197] eta: 0:00:37 loss: 3.3586 (3.3586) acc1: 0.0000 (0.0000) time: 0.1894 data: 0.1404 max mem: 327
Test [100/197] eta: 0:00:03 loss: 0.1083 (1.4109) acc1: 100.0000 (59.4059) time: 0.0378 data: 0.0001 max mem: 327
Test [196/197] eta: 0:00:00 loss: 0.1024 (1.3354) acc1: 100.0000 (61.4213) time: 0.0266 data: 0.0001 max mem: 327
Test Total time: 0:00:07 (7.0768 s / it)
* Acc@1 61.421 loss 1.335 auroc 0.628 f1_score 0.190
  per-class F1 (Test): {'negative': np.float32(0.761), 'itc': np.float32(0.0), 'micro': np.float32(0.0), 'macro': np.float32(0.0)}

Epoch: [3] [  0/266] eta: 0:01:10 lr: 0.000060 tier1_loss: 1.1667 (1.1667) tier2_loss: 0.1145 (0.1145) time: 0.2664 data: 0.1267 max mem: 327
Epoch: [3] [100/266] eta: 0:00:20 lr: 0.000068 tier1_loss: 1.2090 (1.3037) tier2_loss: 0.1789 (1.0559) time: 0.1094 data: 0.0001 max mem: 327
Epoch: [3] [200/266] eta: 0:00:07 lr: 0.000075 tier1_loss: 1.2653 (1.3035) tier2_loss: 0.2446 (1.0662) time: 0.1155 data: 0.0001 max mem: 327
Epoch: [3] [265/266] eta: 0:00:00 lr: 0.000080 tier1_loss: 1.2705 (1.3050) tier2_loss: 0.1523 (1.0485) time: 0.1173 data: 0.0001 max mem: 327
Epoch: [3] Total time: 0:00:31 (31.4304 s / it)
Val [ 0/29] eta: 0:00:04 loss: 0.1642 (0.1642) acc1: 100.0000 (100.0000) time: 0.1680 data: 0.1342 max mem: 327
Val [28/29] eta: 0:00:00 loss: 0.1600 (1.0384) acc1: 100.0000 (68.9655) time: 0.0258 data: 0.0001 max mem: 327
Val Total time: 0:00:00 (0.9999 s / it)
* Acc@1 68.966 loss 1.038 auroc 0.595 f1_score 0.204
  per-class F1 (Val): {'negative': np.float32(0.816), 'itc': np.float32(0.0), 'micro': np.float32(0.0), 'macro': np.float32(0.0)}
Test [  0/197] eta: 0:00:31 loss: 2.7757 (2.7757) acc1: 0.0000 (0.0000) time: 0.1585 data: 0.1208 max mem: 327
Test [100/197] eta: 0:00:02 loss: 0.1647 (1.2899) acc1: 100.0000 (59.4059) time: 0.0286 data: 0.0001 max mem: 327
Test [196/197] eta: 0:00:00 loss: 0.1614 (1.2380) acc1: 100.0000 (61.4213) time: 0.0261 data: 0.0001 max mem: 327
Test Total time: 0:00:05 (5.6498 s / it)
* Acc@1 61.421 loss 1.238 auroc 0.655 f1_score 0.190
  per-class F1 (Test): {'negative': np.float32(0.761), 'itc': np.float32(0.0), 'micro': np.float32(0.0), 'macro': np.float32(0.0)}

Epoch: [4] [  0/266] eta: 0:01:03 lr: 0.000080 tier1_loss: 1.2639 (1.2639) tier2_loss: 0.1914 (0.1914) time: 0.2403 data: 0.1066 max mem: 327
Epoch: [4] [100/266] eta: 0:00:20 lr: 0.000088 tier1_loss: 1.2448 (1.3108) tier2_loss: 0.1745 (1.0901) time: 0.1141 data: 0.0001 max mem: 327
Epoch: [4] [200/266] eta: 0:00:08 lr: 0.000095 tier1_loss: 1.2836 (1.3050) tier2_loss: 0.2644 (1.0326) time: 0.1209 data: 0.0001 max mem: 327
Epoch: [4] [265/266] eta: 0:00:00 lr: 0.000100 tier1_loss: 1.2751 (1.3065) tier2_loss: 0.2680 (1.0291) time: 0.1176 data: 0.0001 max mem: 327
Epoch: [4] Total time: 0:00:32 (32.3175 s / it)
Val [ 0/29] eta: 0:00:04 loss: 0.4277 (0.4277) acc1: 100.0000 (100.0000) time: 0.1694 data: 0.1259 max mem: 327
Val [28/29] eta: 0:00:00 loss: 0.3248 (0.9902) acc1: 100.0000 (68.9655) time: 0.0258 data: 0.0001 max mem: 327
Val Total time: 0:00:00 (0.9601 s / it)
* Acc@1 68.966 loss 0.990 auroc 0.635 f1_score 0.204
  per-class F1 (Val): {'negative': np.float32(0.816), 'itc': np.float32(0.0), 'micro': np.float32(0.0), 'macro': np.float32(0.0)}
Test [  0/197] eta: 0:00:33 loss: 1.5950 (1.5950) acc1: 0.0000 (0.0000) time: 0.1680 data: 0.1231 max mem: 327
Test [100/197] eta: 0:00:02 loss: 0.3604 (1.0953) acc1: 100.0000 (62.3762) time: 0.0264 data: 0.0001 max mem: 327
Test [196/197] eta: 0:00:00 loss: 0.3306 (1.0521) acc1: 100.0000 (63.4518) time: 0.0325 data: 0.0001 max mem: 327
Test Total time: 0:00:05 (5.7204 s / it)
* Acc@1 63.452 loss 1.052 auroc 0.723 f1_score 0.236
  per-class F1 (Test): {'negative': np.float32(0.771), 'itc': np.float32(0.0), 'micro': np.float32(0.0), 'macro': np.float32(0.174)}

Epoch: [5] [  0/266] eta: 0:01:24 lr: 0.000100 tier1_loss: 1.2780 (1.2780) tier2_loss: 0.5817 (0.5817) time: 0.3175 data: 0.1287 max mem: 327
Epoch: [5] [100/266] eta: 0:00:21 lr: 0.000100 tier1_loss: 1.2246 (1.3008) tier2_loss: 0.2302 (0.9590) time: 0.1211 data: 0.0001 max mem: 327
Epoch: [5] [200/266] eta: 0:00:08 lr: 0.000100 tier1_loss: 1.2762 (1.2983) tier2_loss: 0.1396 (0.9767) time: 0.1195 data: 0.0001 max mem: 327
Epoch: [5] [265/266] eta: 0:00:00 lr: 0.000100 tier1_loss: 1.2645 (1.3008) tier2_loss: 0.2922 (0.9825) time: 0.1168 data: 0.0001 max mem: 328
Epoch: [5] Total time: 0:00:32 (32.5692 s / it)
Val [ 0/29] eta: 0:00:04 loss: 0.3455 (0.3455) acc1: 100.0000 (100.0000) time: 0.1626 data: 0.1277 max mem: 328
Val [28/29] eta: 0:00:00 loss: 0.2350 (0.9819) acc1: 100.0000 (65.5172) time: 0.0260 data: 0.0001 max mem: 328
Val Total time: 0:00:00 (0.9459 s / it)
* Acc@1 65.517 loss 0.982 auroc 0.639 f1_score 0.198
  per-class F1 (Val): {'negative': np.float32(0.792), 'itc': np.float32(0.0), 'micro': np.float32(0.0), 'macro': np.float32(0.0)}
Test [  0/197] eta: 0:00:28 loss: 1.9643 (1.9643) acc1: 0.0000 (0.0000) time: 0.1446 data: 0.1104 max mem: 328
Test [100/197] eta: 0:00:02 loss: 0.2587 (0.9890) acc1: 100.0000 (65.3465) time: 0.0302 data: 0.0001 max mem: 328
Test [196/197] eta: 0:00:00 loss: 0.1997 (0.8380) acc1: 100.0000 (73.0964) time: 0.0299 data: 0.0001 max mem: 328
Test Total time: 0:00:06 (6.4284 s / it)
* Acc@1 73.096 loss 0.838 auroc 0.741 f1_score 0.380
  per-class F1 (Test): {'negative': np.float32(0.826), 'itc': np.float32(0.0), 'micro': np.float32(0.0), 'macro': np.float32(0.694)}

Epoch: [6] [  0/266] eta: 0:01:02 lr: 0.000100 tier1_loss: 1.2367 (1.2367) tier2_loss: 0.2554 (0.2554) time: 0.2338 data: 0.1046 max mem: 328
Epoch: [6] [100/266] eta: 0:00:18 lr: 0.000099 tier1_loss: 1.2529 (1.2983) tier2_loss: 0.1669 (0.8678) time: 0.1117 data: 0.0001 max mem: 328
Epoch: [6] [200/266] eta: 0:00:07 lr: 0.000099 tier1_loss: 1.2699 (1.3036) tier2_loss: 0.1132 (0.9297) time: 0.1220 data: 0.0001 max mem: 328
Epoch: [6] [265/266] eta: 0:00:00 lr: 0.000098 tier1_loss: 1.2864 (1.3059) tier2_loss: 0.1031 (0.8886) time: 0.1164 data: 0.0001 max mem: 328
Epoch: [6] Total time: 0:00:30 (30.7992 s / it)
Val [ 0/29] eta: 0:00:04 loss: 0.1064 (0.1064) acc1: 100.0000 (100.0000) time: 0.1661 data: 0.1326 max mem: 328
Val [28/29] eta: 0:00:00 loss: 0.1218 (1.0629) acc1: 100.0000 (72.4138) time: 0.0257 data: 0.0001 max mem: 328
Val Total time: 0:00:00 (0.9445 s / it)
* Acc@1 72.414 loss 1.063 auroc 0.696 f1_score 0.308
  per-class F1 (Val): {'negative': np.float32(0.833), 'itc': np.float32(0.0), 'micro': np.float32(0.0), 'macro': np.float32(0.4)}
Test [  0/197] eta: 0:00:31 loss: 3.0908 (3.0908) acc1: 0.0000 (0.0000) time: 0.1574 data: 0.1183 max mem: 328
Test [100/197] eta: 0:00:02 loss: 0.1036 (1.0407) acc1: 100.0000 (71.2871) time: 0.0270 data: 0.0001 max mem: 328
Test [196/197] eta: 0:00:00 loss: 0.0711 (0.8674) acc1: 100.0000 (76.6497) time: 0.0326 data: 0.0001 max mem: 328
Test Total time: 0:00:06 (6.0673 s / it)
* Acc@1 76.650 loss 0.867 auroc 0.765 f1_score 0.416
  per-class F1 (Test): {'negative': np.float32(0.843), 'itc': np.float32(0.0), 'micro': np.float32(0.0), 'macro': np.float32(0.822)}

Epoch: [7] [  0/266] eta: 0:01:02 lr: 0.000098 tier1_loss: 1.2082 (1.2082) tier2_loss: 3.3536 (3.3536) time: 0.2357 data: 0.1072 max mem: 328
Epoch: [7] [100/266] eta: 0:00:16 lr: 0.000098 tier1_loss: 1.2577 (1.3044) tier2_loss: 0.0756 (0.8728) time: 0.1013 data: 0.0001 max mem: 328
Epoch: [7] [200/266] eta: 0:00:06 lr: 0.000097 tier1_loss: 1.2538 (1.3078) tier2_loss: 0.0946 (0.8645) time: 0.1035 data: 0.0001 max mem: 328
Epoch: [7] [265/266] eta: 0:00:00 lr: 0.000097 tier1_loss: 1.2666 (1.3056) tier2_loss: 0.0871 (0.8339) time: 0.1314 data: 0.0001 max mem: 328
Epoch: [7] Total time: 0:00:27 (27.5253 s / it)
Val [ 0/29] eta: 0:00:04 loss: 0.1012 (0.1012) acc1: 100.0000 (100.0000) time: 0.1603 data: 0.1215 max mem: 328
Val [28/29] eta: 0:00:00 loss: 0.0910 (0.8747) acc1: 100.0000 (72.4138) time: 0.0311 data: 0.0001 max mem: 328
Val Total time: 0:00:01 (1.0399 s / it)
* Acc@1 72.414 loss 0.875 auroc 0.771 f1_score 0.349
  per-class F1 (Val): {'negative': np.float32(0.826), 'itc': np.float32(0.0), 'micro': np.float32(0.0), 'macro': np.float32(0.571)}
Test [  0/197] eta: 0:00:34 loss: 2.4036 (2.4036) acc1: 0.0000 (0.0000) time: 0.1757 data: 0.1187 max mem: 328
Test [100/197] eta: 0:00:03 loss: 0.0957 (0.7872) acc1: 100.0000 (76.2376) time: 0.0324 data: 0.0001 max mem: 328
Test [196/197] eta: 0:00:00 loss: 0.0701 (0.6564) acc1: 100.0000 (80.7107) time: 0.0256 data: 0.0001 max mem: 328
Test Total time: 0:00:06 (6.5987 s / it)
* Acc@1 80.711 loss 0.656 auroc 0.818 f1_score 0.445
  per-class F1 (Test): {'negative': np.float32(0.877), 'itc': np.float32(0.0), 'micro': np.float32(0.0), 'macro': np.float32(0.901)}

Epoch: [8] [  0/266] eta: 0:01:24 lr: 0.000097 tier1_loss: 1.2357 (1.2357) tier2_loss: 0.1500 (0.1500) time: 0.3171 data: 0.1633 max mem: 328
Epoch: [8] [100/266] eta: 0:00:19 lr: 0.000096 tier1_loss: 1.2782 (1.3111) tier2_loss: 0.1334 (0.6976) time: 0.1095 data: 0.0001 max mem: 328
Epoch: [8] [200/266] eta: 0:00:07 lr: 0.000095 tier1_loss: 1.2952 (1.3099) tier2_loss: 0.0300 (0.6061) time: 0.1079 data: 0.0001 max mem: 328
Epoch: [8] [265/266] eta: 0:00:00 lr: 0.000094 tier1_loss: 1.2818 (1.3117) tier2_loss: 0.0899 (0.6429) time: 0.1144 data: 0.0001 max mem: 328
Epoch: [8] Total time: 0:00:30 (30.5394 s / it)
Val [ 0/29] eta: 0:00:04 loss: 0.0777 (0.0777) acc1: 100.0000 (100.0000) time: 0.1553 data: 0.1164 max mem: 328
Val [28/29] eta: 0:00:00 loss: 0.0648 (0.8890) acc1: 100.0000 (79.3103) time: 0.0323 data: 0.0001 max mem: 328
Val Total time: 0:00:01 (1.0671 s / it)
* Acc@1 79.310 loss 0.889 auroc 0.750 f1_score 0.509
  per-class F1 (Val): {'negative': np.float32(0.87), 'itc': np.float32(0.0), 'micro': np.float32(0.5), 'macro': np.float32(0.667)}
Test [  0/197] eta: 0:00:38 loss: 2.5669 (2.5669) acc1: 0.0000 (0.0000) time: 0.1954 data: 0.1371 max mem: 328
Test [100/197] eta: 0:00:03 loss: 0.0698 (0.6851) acc1: 100.0000 (78.2178) time: 0.0327 data: 0.0001 max mem: 328
Test [196/197] eta: 0:00:00 loss: 0.0472 (0.5935) acc1: 100.0000 (82.7411) time: 0.0254 data: 0.0001 max mem: 328
Test Total time: 0:00:06 (6.6683 s / it)
* Acc@1 82.741 loss 0.593 auroc 0.835 f1_score 0.556
  per-class F1 (Test): {'negative': np.float32(0.895), 'itc': np.float32(0.0), 'micro': np.float32(0.414), 'macro': np.float32(0.916)}

Epoch: [9] [  0/266] eta: 0:01:04 lr: 0.000094 tier1_loss: 1.2948 (1.2948) tier2_loss: 0.0642 (0.0642) time: 0.2412 data: 0.1017 max mem: 328
Epoch: [9] [100/266] eta: 0:00:19 lr: 0.000093 tier1_loss: 1.2819 (1.3233) tier2_loss: 0.0499 (0.6547) time: 0.1178 data: 0.0001 max mem: 328
Epoch: [9] [200/266] eta: 0:00:07 lr: 0.000091 tier1_loss: 1.2903 (1.3189) tier2_loss: 0.0289 (0.5567) time: 0.1031 data: 0.0001 max mem: 328
Epoch: [9] [265/266] eta: 0:00:00 lr: 0.000091 tier1_loss: 1.3080 (1.3225) tier2_loss: 0.0333 (0.5519) time: 0.1148 data: 0.0001 max mem: 328
Epoch: [9] Total time: 0:00:30 (30.0861 s / it)
Val [ 0/29] eta: 0:00:04 loss: 0.0278 (0.0278) acc1: 100.0000 (100.0000) time: 0.1698 data: 0.1277 max mem: 328
Val [28/29] eta: 0:00:00 loss: 0.0288 (0.9008) acc1: 100.0000 (79.3103) time: 0.0337 data: 0.0001 max mem: 328
Val Total time: 0:00:01 (1.3737 s / it)
* Acc@1 79.310 loss 0.901 auroc 0.783 f1_score 0.530
  per-class F1 (Val): {'negative': np.float32(0.884), 'itc': np.float32(0.0), 'micro': np.float32(0.571), 'macro': np.float32(0.667)}
Test [  0/197] eta: 0:00:37 loss: 0.1000 (0.1000) acc1: 100.0000 (100.0000) time: 0.1883 data: 0.1322 max mem: 328
Test [100/197] eta: 0:00:03 loss: 0.0234 (0.6535) acc1: 100.0000 (83.1683) time: 0.0303 data: 0.0001 max mem: 328
Test [196/197] eta: 0:00:00 loss: 0.0177 (0.5996) acc1: 100.0000 (85.2792) time: 0.0256 data: 0.0001 max mem: 328
Test Total time: 0:00:06 (6.4454 s / it)
* Acc@1 85.279 loss 0.600 auroc 0.858 f1_score 0.623
  per-class F1 (Test): {'negative': np.float32(0.912), 'itc': np.float32(0.0), 'micro': np.float32(0.667), 'macro': np.float32(0.914)}

Epoch: [10] [  0/266] eta: 0:00:59 lr: 0.000091 tier1_loss: 1.5121 (1.5121) tier2_loss: 3.5509 (3.5509) time: 0.2236 data: 0.0935 max mem: 328
Epoch: [10] [100/266] eta: 0:00:18 lr: 0.000089 tier1_loss: 1.2863 (1.3235) tier2_loss: 0.0353 (0.4550) time: 0.1092 data: 0.0001 max mem: 328
Epoch: [10] [200/266] eta: 0:00:07 lr: 0.000088 tier1_loss: 1.3074 (1.3257) tier2_loss: 0.0378 (0.5153) time: 0.1136 data: 0.0001 max mem: 328
Epoch: [10] [265/266] eta: 0:00:00 lr: 0.000087 tier1_loss: 1.3061 (1.3264) tier2_loss: 0.0278 (0.4764) time: 0.1119 data: 0.0001 max mem: 328
Epoch: [10] Total time: 0:00:29 (29.9421 s / it)
Val [ 0/29] eta: 0:00:04 loss: 0.0225 (0.0225) acc1: 100.0000 (100.0000) time: 0.1691 data: 0.1305 max mem: 328
Val [28/29] eta: 0:00:00 loss: 0.0194 (0.9312) acc1: 100.0000 (79.3103) time: 0.0270 data: 0.0001 max mem: 328
Val Total time: 0:00:00 (0.9974 s / it)
* Acc@1 79.310 loss 0.931 auroc 0.837 f1_score 0.530
  per-class F1 (Val): {'negative': np.float32(0.884), 'itc': np.float32(0.0), 'micro': np.float32(0.571), 'macro': np.float32(0.667)}
Test [  0/197] eta: 0:00:42 loss: 0.1641 (0.1641) acc1: 100.0000 (100.0000) time: 0.2143 data: 0.1342 max mem: 328
Test [100/197] eta: 0:00:03 loss: 0.0281 (0.6564) acc1: 100.0000 (83.1683) time: 0.0342 data: 0.0001 max mem: 328
Test [196/197] eta: 0:00:00 loss: 0.0132 (0.6407) acc1: 100.0000 (83.2487) time: 0.0255 data: 0.0001 max mem: 328
Test Total time: 0:00:06 (6.8479 s / it)
* Acc@1 83.249 loss 0.641 auroc 0.885 f1_score 0.585
  per-class F1 (Test): {'negative': np.float32(0.903), 'itc': np.float32(0.0), 'micro': np.float32(0.513), 'macro': np.float32(0.923)}

Epoch: [11] [  0/266] eta: 0:01:00 lr: 0.000087 tier1_loss: 1.2364 (1.2364) tier2_loss: 0.1352 (0.1352) time: 0.2264 data: 0.0960 max mem: 328
Epoch: [11] [100/266] eta: 0:00:19 lr: 0.000085 tier1_loss: 1.2949 (1.3177) tier2_loss: 0.0300 (0.3846) time: 0.1143 data: 0.0001 max mem: 328
Epoch: [11] [200/266] eta: 0:00:07 lr: 0.000083 tier1_loss: 1.3114 (1.3299) tier2_loss: 0.0098 (0.3638) time: 0.1108 data: 0.0001 max mem: 328
Epoch: [11] [265/266] eta: 0:00:00 lr: 0.000082 tier1_loss: 1.3243 (1.3265) tier2_loss: 0.0169 (0.3912) time: 0.1037 data: 0.0001 max mem: 328
Epoch: [11] Total time: 0:00:29 (29.8519 s / it)
Val [ 0/29] eta: 0:00:04 loss: 0.0449 (0.0449) acc1: 100.0000 (100.0000) time: 0.1488 data: 0.1167 max mem: 328
Val [28/29] eta: 0:00:00 loss: 0.0225 (1.0083) acc1: 100.0000 (75.8621) time: 0.0258 data: 0.0001 max mem: 328
Val Total time: 0:00:00 (0.9140 s / it)
* Acc@1 75.862 loss 1.008 auroc 0.820 f1_score 0.506
  per-class F1 (Val): {'negative': np.float32(0.857), 'itc': np.float32(0.0), 'micro': np.float32(0.5), 'macro': np.float32(0.667)}
Test [  0/197] eta: 0:00:30 loss: 0.0438 (0.0438) acc1: 100.0000 (100.0000) time: 0.1525 data: 0.1198 max mem: 328
Test [100/197] eta: 0:00:03 loss: 0.0338 (0.6878) acc1: 100.0000 (81.1881) time: 0.0393 data: 0.0001 max mem: 328
Test [196/197] eta: 0:00:00 loss: 0.0068 (0.6077) acc1: 100.0000 (83.7563) time: 0.0257 data: 0.0001 max mem: 328
Test Total time: 0:00:06 (6.9814 s / it)
* Acc@1 83.756 loss 0.608 auroc 0.897 f1_score 0.593
  per-class F1 (Test): {'negative': np.float32(0.908), 'itc': np.float32(0.0), 'micro': np.float32(0.541), 'macro': np.float32(0.923)}

Epoch: [12] [  0/266] eta: 0:00:59 lr: 0.000082 tier1_loss: 1.2884 (1.2884) tier2_loss: 0.0142 (0.0142) time: 0.2227 data: 0.0967 max mem: 328
Epoch: [12] [100/266] eta: 0:00:20 lr: 0.000080 tier1_loss: 1.2893 (1.3387) tier2_loss: 0.0407 (0.3899) time: 0.1188 data: 0.0001 max mem: 328
Epoch: [12] [200/266] eta: 0:00:08 lr: 0.000078 tier1_loss: 1.3200 (1.3245) tier2_loss: 0.0095 (0.3711) time: 0.1170 data: 0.0001 max mem: 328
Epoch: [12] [265/266] eta: 0:00:00 lr: 0.000077 tier1_loss: 1.2847 (1.3217) tier2_loss: 0.0068 (0.3174) time: 0.1110 data: 0.0001 max mem: 328
Epoch: [12] Total time: 0:00:32 (32.2666 s / it)
Val [ 0/29] eta: 0:00:04 loss: 0.0085 (0.0085) acc1: 100.0000 (100.0000) time: 0.1716 data: 0.1269 max mem: 328
Val [28/29] eta: 0:00:00 loss: 0.0039 (1.1436) acc1: 100.0000 (75.8621) time: 0.0268 data: 0.0001 max mem: 328
Val Total time: 0:00:00 (0.9843 s / it)
* Acc@1 75.862 loss 1.144 auroc 0.839 f1_score 0.524
  per-class F1 (Val): {'negative': np.float32(0.857), 'itc': np.float32(0.0), 'micro': np.float32(0.571), 'macro': np.float32(0.667)}
Test [  0/197] eta: 0:00:29 loss: 0.0335 (0.0335) acc1: 100.0000 (100.0000) time: 0.1520 data: 0.1181 max mem: 328
Test [100/197] eta: 0:00:03 loss: 0.0053 (0.7338) acc1: 100.0000 (84.1584) time: 0.0386 data: 0.0001 max mem: 328
Test [196/197] eta: 0:00:00 loss: 0.0045 (0.6298) acc1: 100.0000 (86.8020) time: 0.0255 data: 0.0001 max mem: 328
Test Total time: 0:00:06 (6.8398 s / it)
* Acc@1 86.802 loss 0.630 auroc 0.894 f1_score 0.633
  per-class F1 (Test): {'negative': np.float32(0.934), 'itc': np.float32(0.0), 'micro': np.float32(0.684), 'macro': np.float32(0.916)}

Epoch: [13] [  0/266] eta: 0:01:11 lr: 0.000077 tier1_loss: 1.2287 (1.2287) tier2_loss: 0.0058 (0.0058) time: 0.2691 data: 0.1216 max mem: 328
Epoch: [13] [100/266] eta: 0:00:18 lr: 0.000075 tier1_loss: 1.2902 (1.3203) tier2_loss: 0.0107 (0.4331) time: 0.1044 data: 0.0001 max mem: 328
Epoch: [13] [200/266] eta: 0:00:07 lr: 0.000073 tier1_loss: 1.3330 (1.3282) tier2_loss: 0.0100 (0.3047) time: 0.1287 data: 0.0001 max mem: 328
Epoch: [13] [265/266] eta: 0:00:00 lr: 0.000072 tier1_loss: 1.3131 (1.3268) tier2_loss: 0.0068 (0.2982) time: 0.1095 data: 0.0001 max mem: 328
Epoch: [13] Total time: 0:00:30 (30.0341 s / it)
Val [ 0/29] eta: 0:00:04 loss: 0.0164 (0.0164) acc1: 100.0000 (100.0000) time: 0.1516 data: 0.1189 max mem: 328
Val [28/29] eta: 0:00:00 loss: 0.0050 (1.1444) acc1: 100.0000 (75.8621) time: 0.0263 data: 0.0001 max mem: 328
Val Total time: 0:00:00 (0.9552 s / it)
* Acc@1 75.862 loss 1.144 auroc 0.820 f1_score 0.622
  per-class F1 (Val): {'negative': np.float32(0.85), 'itc': np.float32(0.4), 'micro': np.float32(0.571), 'macro': np.float32(0.667)}
Test [  0/197] eta: 0:00:28 loss: 0.0201 (0.0201) acc1: 100.0000 (100.0000) time: 0.1457 data: 0.1094 max mem: 328
Test [100/197] eta: 0:00:02 loss: 0.0184 (0.6897) acc1: 100.0000 (84.1584) time: 0.0271 data: 0.0001 max mem: 328
Test [196/197] eta: 0:00:00 loss: 0.0040 (0.5616) acc1: 100.0000 (85.7868) time: 0.0258 data: 0.0001 max mem: 328
Test Total time: 0:00:05 (5.5700 s / it)
* Acc@1 85.787 loss 0.562 auroc 0.911 f1_score 0.654
  per-class F1 (Test): {'negative': np.float32(0.913), 'itc': np.float32(0.111), 'micro': np.float32(0.649), 'macro': np.float32(0.943)}

Epoch: [14] [  0/266] eta: 0:01:14 lr: 0.000072 tier1_loss: 1.4481 (1.4481) tier2_loss: 1.6133 (1.6133) time: 0.2783 data: 0.1381 max mem: 328
Epoch: [14] [100/266] eta: 0:00:19 lr: 0.000069 tier1_loss: 1.3461 (1.3453) tier2_loss: 0.0090 (0.2292) time: 0.1192 data: 0.0001 max mem: 328
Epoch: [14] [200/266] eta: 0:00:07 lr: 0.000067 tier1_loss: 1.3505 (1.3498) tier2_loss: 0.0051 (0.2848) time: 0.1292 data: 0.0001 max mem: 328
Epoch: [14] [265/266] eta: 0:00:00 lr: 0.000066 tier1_loss: 1.3199 (1.3477) tier2_loss: 0.0036 (0.2666) time: 0.1099 data: 0.0001 max mem: 328
Epoch: [14] Total time: 0:00:31 (31.2814 s / it)
Val [ 0/29] eta: 0:00:04 loss: 0.0105 (0.0105) acc1: 100.0000 (100.0000) time: 0.1440 data: 0.1079 max mem: 328
Val [28/29] eta: 0:00:00 loss: 0.0026 (1.2372) acc1: 100.0000 (75.8621) time: 0.0248 data: 0.0001 max mem: 328
Val Total time: 0:00:00 (0.9234 s / it)
* Acc@1 75.862 loss 1.237 auroc 0.856 f1_score 0.497
  per-class F1 (Val): {'negative': np.float32(0.878), 'itc': np.float32(0.0), 'micro': np.float32(0.444), 'macro': np.float32(0.667)}
Test [  0/197] eta: 0:00:32 loss: 0.0139 (0.0139) acc1: 100.0000 (100.0000) time: 0.1671 data: 0.1055 max mem: 328
Test [100/197] eta: 0:00:02 loss: 0.0066 (0.8389) acc1: 100.0000 (82.1782) time: 0.0273 data: 0.0001 max mem: 328
Test [196/197] eta: 0:00:00 loss: 0.0040 (0.7077) acc1: 100.0000 (84.2640) time: 0.0248 data: 0.0001 max mem: 328
Test Total time: 0:00:05 (5.5018 s / it)
* Acc@1 84.264 loss 0.708 auroc 0.900 f1_score 0.629
  per-class F1 (Test): {'negative': np.float32(0.916), 'itc': np.float32(0.111), 'micro': np.float32(0.571), 'macro': np.float32(0.918)}

Epoch: [15] [  0/266] eta: 0:01:13 lr: 0.000066 tier1_loss: 1.2807 (1.2807) tier2_loss: 0.0040 (0.0040) time: 0.2773 data: 0.1246 max mem: 328
Epoch: [15] [100/266] eta: 0:00:17 lr: 0.000064 tier1_loss: 1.3304 (1.3346) tier2_loss: 0.0043 (0.1137) time: 0.1047 data: 0.0001 max mem: 328
Epoch: [15] [200/266] eta: 0:00:07 lr: 0.000061 tier1_loss: 1.3179 (1.3299) tier2_loss: 0.0046 (0.2021) time: 0.1054 data: 0.0001 max mem: 328
Epoch: [15] [265/266] eta: 0:00:00 lr: 0.000060 tier1_loss: 1.3246 (1.3330) tier2_loss: 0.0122 (0.2541) time: 0.1226 data: 0.0001 max mem: 328
Epoch: [15] Total time: 0:00:29 (29.5888 s / it)
Val [ 0/29] eta: 0:00:04 loss: 0.0122 (0.0122) acc1: 100.0000 (100.0000) time: 0.1554 data: 0.1158 max mem: 328
Val [28/29] eta: 0:00:00 loss: 0.0031 (1.1434) acc1: 100.0000 (79.3103) time: 0.0274 data: 0.0001 max mem: 328
Val Total time: 0:00:01 (1.2326 s / it)
* Acc@1 79.310 loss 1.143 auroc 0.817 f1_score 0.654
  per-class F1 (Val): {'negative': np.float32(0.878), 'itc': np.float32(0.5), 'micro': np.float32(0.571), 'macro': np.float32(0.667)}
Test [  0/197] eta: 0:00:29 loss: 0.1372 (0.1372) acc1: 100.0000 (100.0000) time: 0.1495 data: 0.1091 max mem: 328
Test [100/197] eta: 0:00:02 loss: 0.0100 (0.8475) acc1: 100.0000 (81.1881) time: 0.0269 data: 0.0001 max mem: 328
Test [196/197] eta: 0:00:00 loss: 0.0033 (0.7111) acc1: 100.0000 (84.2640) time: 0.0255 data: 0.0001 max mem: 328
Test Total time: 0:00:05 (5.5335 s / it)
* Acc@1 84.264 loss 0.711 auroc 0.898 f1_score 0.619
  per-class F1 (Test): {'negative': np.float32(0.912), 'itc': np.float32(0.105), 'micro': np.float32(0.545), 'macro': np.float32(0.913)}

Epoch: [16] [  0/266] eta: 0:01:04 lr: 0.000060 tier1_loss: 1.5080 (1.5080) tier2_loss: 0.0109 (0.0109) time: 0.2430 data: 0.0962 max mem: 328
Epoch: [16] [100/266] eta: 0:00:17 lr: 0.000057 tier1_loss: 1.3113 (1.3479) tier2_loss: 0.0037 (0.2540) time: 0.1041 data: 0.0001 max mem: 328
Epoch: [16] [200/266] eta: 0:00:07 lr: 0.000055 tier1_loss: 1.3096 (1.3303) tier2_loss: 0.0057 (0.2556) time: 0.1122 data: 0.0001 max mem: 328
Epoch: [16] [265/266] eta: 0:00:00 lr: 0.000054 tier1_loss: 1.3162 (1.3265) tier2_loss: 0.0073 (0.2155) time: 0.1287 data: 0.0001 max mem: 328
Epoch: [16] Total time: 0:00:30 (30.0869 s / it)
Val [ 0/29] eta: 0:00:04 loss: 0.0361 (0.0361) acc1: 100.0000 (100.0000) time: 0.1678 data: 0.1270 max mem: 328
Val [28/29] eta: 0:00:00 loss: 0.0031 (1.2286) acc1: 100.0000 (79.3103) time: 0.0322 data: 0.0001 max mem: 328
Val Total time: 0:00:01 (1.2485 s / it)
* Acc@1 79.310 loss 1.229 auroc 0.811 f1_score 0.654
  per-class F1 (Val): {'negative': np.float32(0.878), 'itc': np.float32(0.5), 'micro': np.float32(0.571), 'macro': np.float32(0.667)}
Test [  0/197] eta: 0:00:31 loss: 0.0564 (0.0564) acc1: 100.0000 (100.0000) time: 0.1584 data: 0.1177 max mem: 328
Test [100/197] eta: 0:00:03 loss: 0.0272 (0.9108) acc1: 100.0000 (78.2178) time: 0.0276 data: 0.0001 max mem: 328
Test [196/197] eta: 0:00:00 loss: 0.0024 (0.7024) acc1: 100.0000 (81.7259) time: 0.0253 data: 0.0001 max mem: 328
Test Total time: 0:00:05 (5.8571 s / it)
* Acc@1 81.726 loss 0.702 auroc 0.889 f1_score 0.617
  per-class F1 (Test): {'negative': np.float32(0.897), 'itc': np.float32(0.16), 'micro': np.float32(0.5), 'macro': np.float32(0.911)}

Epoch: [17] [  0/266] eta: 0:01:02 lr: 0.000054 tier1_loss: 1.3636 (1.3636) tier2_loss: 0.0149 (0.0149) time: 0.2340 data: 0.1218 max mem: 328
Epoch: [17] [100/266] eta: 0:00:19 lr: 0.000051 tier1_loss: 1.3037 (1.3178) tier2_loss: 0.0035 (0.1856) time: 0.1144 data: 0.0001 max mem: 328
Epoch: [17] [200/266] eta: 0:00:07 lr: 0.000049 tier1_loss: 1.3523 (1.3281) tier2_loss: 0.0042 (0.1941) time: 0.1218 data: 0.0001 max mem: 328
Epoch: [17] [265/266] eta: 0:00:00 lr: 0.000047 tier1_loss: 1.3274 (1.3303) tier2_loss: 0.0026 (0.1785) time: 0.1271 data: 0.0001 max mem: 328
Epoch: [17] Total time: 0:00:31 (31.2151 s / it)
Val [ 0/29] eta: 0:00:04 loss: 0.0082 (0.0082) acc1: 100.0000 (100.0000) time: 0.1587 data: 0.1191 max mem: 328
Val [28/29] eta: 0:00:00 loss: 0.0019 (1.4201) acc1: 100.0000 (75.8621) time: 0.0366 data: 0.0001 max mem: 328
Val Total time: 0:00:01 (1.3000 s / it)
* Acc@1 75.862 loss 1.420 auroc 0.785 f1_score 0.622
  per-class F1 (Val): {'negative': np.float32(0.85), 'itc': np.float32(0.4), 'micro': np.float32(0.571), 'macro': np.float32(0.667)}
Test [  0/197] eta: 0:00:34 loss: 0.0423 (0.0423) acc1: 100.0000 (100.0000) time: 0.1763 data: 0.1289 max mem: 328
Test [100/197] eta: 0:00:03 loss: 0.0135 (0.9328) acc1: 100.0000 (80.1980) time: 0.0280 data: 0.0001 max mem: 328
Test [196/197] eta: 0:00:00 loss: 0.0027 (0.7919) acc1: 100.0000 (83.2487) time: 0.0252 data: 0.0001 max mem: 328
Test Total time: 0:00:06 (6.1379 s / it)
* Acc@1 83.249 loss 0.792 auroc 0.887 f1_score 0.649
  per-class F1 (Test): {'negative': np.float32(0.902), 'itc': np.float32(0.25), 'micro': np.float32(0.529), 'macro': np.float32(0.913)}

Epoch: [18] [  0/266] eta: 0:01:07 lr: 0.000047 tier1_loss: 1.3708 (1.3708) tier2_loss: 0.0029 (0.0029) time: 0.2544 data: 0.1022 max mem: 328
Epoch: [18] [100/266] eta: 0:00:18 lr: 0.000045 tier1_loss: 1.3475 (1.3329) tier2_loss: 0.0078 (0.2950) time: 0.1053 data: 0.0001 max mem: 328
Epoch: [18] [200/266] eta: 0:00:07 lr: 0.000043 tier1_loss: 1.3435 (1.3310) tier2_loss: 0.0024 (0.1976) time: 0.1153 data: 0.0001 max mem: 328
Epoch: [18] [265/266] eta: 0:00:00 lr: 0.000041 tier1_loss: 1.3036 (1.3269) tier2_loss: 0.0040 (0.1737) time: 0.1184 data: 0.0001 max mem: 328
Epoch: [18] Total time: 0:00:30 (30.4309 s / it)
Val [ 0/29] eta: 0:00:05 loss: 0.0096 (0.0096) acc1: 100.0000 (100.0000) time: 0.1734 data: 0.1314 max mem: 328
Val [28/29] eta: 0:00:00 loss: 0.0020 (1.3116) acc1: 100.0000 (79.3103) time: 0.0355 data: 0.0001 max mem: 328
Val Total time: 0:00:01 (1.4448 s / it)
* Acc@1 79.310 loss 1.312 auroc 0.817 f1_score 0.654
  per-class F1 (Val): {'negative': np.float32(0.878), 'itc': np.float32(0.5), 'micro': np.float32(0.571), 'macro': np.float32(0.667)}
Test [  0/197] eta: 0:00:41 loss: 0.0610 (0.0610) acc1: 100.0000 (100.0000) time: 0.2115 data: 0.1223 max mem: 328
Test [100/197] eta: 0:00:03 loss: 0.0239 (0.9034) acc1: 100.0000 (78.2178) time: 0.0279 data: 0.0001 max mem: 328
Test [196/197] eta: 0:00:00 loss: 0.0021 (0.7064) acc1: 100.0000 (82.2335) time: 0.0253 data: 0.0001 max mem: 328
Test Total time: 0:00:06 (6.4576 s / it)
* Acc@1 82.234 loss 0.706 auroc 0.897 f1_score 0.615
  per-class F1 (Test): {'negative': np.float32(0.902), 'itc': np.float32(0.16), 'micro': np.float32(0.485), 'macro': np.float32(0.913)}

Epoch: [19] [  0/266] eta: 0:01:03 lr: 0.000041 tier1_loss: 1.3685 (1.3685) tier2_loss: 0.0097 (0.0097) time: 0.2392 data: 0.1042 max mem: 328
Epoch: [19] [100/266] eta: 0:00:18 lr: 0.000039 tier1_loss: 1.2931 (1.3296) tier2_loss: 0.0034 (0.0583) time: 0.1056 data: 0.0001 max mem: 328
Epoch: [19] [200/266] eta: 0:00:07 lr: 0.000037 tier1_loss: 1.3619 (1.3279) tier2_loss: 0.0036 (0.1165) time: 0.1104 data: 0.0001 max mem: 328
Epoch: [19] [265/266] eta: 0:00:00 lr: 0.000035 tier1_loss: 1.3315 (1.3316) tier2_loss: 0.0032 (0.1491) time: 0.1086 data: 0.0001 max mem: 328
Epoch: [19] Total time: 0:00:29 (29.5576 s / it)
Val [ 0/29] eta: 0:00:04 loss: 0.0092 (0.0092) acc1: 100.0000 (100.0000) time: 0.1690 data: 0.1326 max mem: 328
Val [28/29] eta: 0:00:00 loss: 0.0013 (1.3297) acc1: 100.0000 (79.3103) time: 0.0329 data: 0.0001 max mem: 328
Val Total time: 0:00:01 (1.1331 s / it)
* Acc@1 79.310 loss 1.330 auroc 0.813 f1_score 0.654
  per-class F1 (Val): {'negative': np.float32(0.878), 'itc': np.float32(0.5), 'micro': np.float32(0.571), 'macro': np.float32(0.667)}
Test [  0/197] eta: 0:00:40 loss: 0.0268 (0.0268) acc1: 100.0000 (100.0000) time: 0.2079 data: 0.1595 max mem: 328
Test [100/197] eta: 0:00:03 loss: 0.0091 (1.0914) acc1: 100.0000 (79.2079) time: 0.0331 data: 0.0001 max mem: 328
Test [196/197] eta: 0:00:00 loss: 0.0025 (0.8672) acc1: 100.0000 (83.2487) time: 0.0249 data: 0.0001 max mem: 328
Test Total time: 0:00:06 (6.7637 s / it)
* Acc@1 83.249 loss 0.867 auroc 0.873 f1_score 0.634
  per-class F1 (Test): {'negative': np.float32(0.902), 'itc': np.float32(0.174), 'micro': np.float32(0.545), 'macro': np.float32(0.913)}

Epoch: [20] [  0/266] eta: 0:01:09 lr: 0.000035 tier1_loss: 1.3997 (1.3997) tier2_loss: 0.0018 (0.0018) time: 0.2611 data: 0.1088 max mem: 328
Epoch: [20] [100/266] eta: 0:00:18 lr: 0.000033 tier1_loss: 1.2981 (1.3253) tier2_loss: 0.0020 (0.0737) time: 0.1038 data: 0.0001 max mem: 328
Epoch: [20] [200/266] eta: 0:00:06 lr: 0.000031 tier1_loss: 1.3355 (1.3215) tier2_loss: 0.0036 (0.0831) time: 0.1003 data: 0.0001 max mem: 328
Epoch: [20] [265/266] eta: 0:00:00 lr: 0.000029 tier1_loss: 1.3184 (1.3234) tier2_loss: 0.0032 (0.1080) time: 0.0806 data: 0.0001 max mem: 328
Epoch: [20] Total time: 0:00:27 (27.3559 s / it)
Val [ 0/29] eta: 0:00:04 loss: 0.0040 (0.0040) acc1: 100.0000 (100.0000) time: 0.1652 data: 0.1215 max mem: 328
Val [28/29] eta: 0:00:00 loss: 0.0011 (1.3346) acc1: 100.0000 (79.3103) time: 0.0254 data: 0.0001 max mem: 328
Val Total time: 0:00:00 (0.9428 s / it)
* Acc@1 79.310 loss 1.335 auroc 0.804 f1_score 0.654
  per-class F1 (Val): {'negative': np.float32(0.878), 'itc': np.float32(0.5), 'micro': np.float32(0.571), 'macro': np.float32(0.667)}
Test [  0/197] eta: 0:00:28 loss: 0.0411 (0.0411) acc1: 100.0000 (100.0000) time: 0.1470 data: 0.1134 max mem: 328
Test [100/197] eta: 0:00:02 loss: 0.0073 (0.9959) acc1: 100.0000 (80.1980) time: 0.0272 data: 0.0001 max mem: 328
Test [196/197] eta: 0:00:00 loss: 0.0015 (0.7623) acc1: 100.0000 (84.7716) time: 0.0381 data: 0.0001 max mem: 328
Test Total time: 0:00:06 (6.4062 s / it)
* Acc@1 84.772 loss 0.762 auroc 0.887 f1_score 0.656
  per-class F1 (Test): {'negative': np.float32(0.919), 'itc': np.float32(0.24), 'micro': np.float32(0.552), 'macro': np.float32(0.913)}

Epoch: [21] [  0/266] eta: 0:01:13 lr: 0.000029 tier1_loss: 1.1444 (1.1444) tier2_loss: 0.0015 (0.0015) time: 0.2756 data: 0.1208 max mem: 328
Epoch: [21] [100/266] eta: 0:00:18 lr: 0.000027 tier1_loss: 1.2968 (1.3224) tier2_loss: 0.0065 (0.1660) time: 0.1089 data: 0.0001 max mem: 328
Epoch: [21] [200/266] eta: 0:00:07 lr: 0.000025 tier1_loss: 1.3446 (1.3254) tier2_loss: 0.0016 (0.1380) time: 0.1183 data: 0.0001 max mem: 328
Epoch: [21] [265/266] eta: 0:00:00 lr: 0.000024 tier1_loss: 1.3406 (1.3265) tier2_loss: 0.0014 (0.1121) time: 0.1036 data: 0.0001 max mem: 328
Epoch: [21] Total time: 0:00:29 (29.8344 s / it)
Val [ 0/29] eta: 0:00:04 loss: 0.0048 (0.0048) acc1: 100.0000 (100.0000) time: 0.1608 data: 0.1283 max mem: 328
Val [28/29] eta: 0:00:00 loss: 0.0013 (1.3406) acc1: 100.0000 (79.3103) time: 0.0251 data: 0.0001 max mem: 328
Val Total time: 0:00:00 (0.9288 s / it)
* Acc@1 79.310 loss 1.341 auroc 0.801 f1_score 0.654
  per-class F1 (Val): {'negative': np.float32(0.878), 'itc': np.float32(0.5), 'micro': np.float32(0.571), 'macro': np.float32(0.667)}
Test [  0/197] eta: 0:00:26 loss: 0.0259 (0.0259) acc1: 100.0000 (100.0000) time: 0.1356 data: 0.0962 max mem: 328
Test [100/197] eta: 0:00:02 loss: 0.0095 (1.0610) acc1: 100.0000 (77.2277) time: 0.0267 data: 0.0001 max mem: 328
Test [196/197] eta: 0:00:00 loss: 0.0021 (0.8518) acc1: 100.0000 (82.2335) time: 0.0312 data: 0.0001 max mem: 328
Test Total time: 0:00:05 (5.5775 s / it)
* Acc@1 82.234 loss 0.852 auroc 0.880 f1_score 0.617
  per-class F1 (Test): {'negative': np.float32(0.902), 'itc': np.float32(0.154), 'micro': np.float32(0.5), 'macro': np.float32(0.913)}

Epoch: [22] [  0/266] eta: 0:01:22 lr: 0.000024 tier1_loss: 1.2381 (1.2381) tier2_loss: 0.0029 (0.0029) time: 0.3100 data: 0.1608 max mem: 328
Epoch: [22] [100/266] eta: 0:00:19 lr: 0.000022 tier1_loss: 1.3250 (1.3342) tier2_loss: 0.0016 (0.0388) time: 0.1073 data: 0.0001 max mem: 328
Epoch: [22] [200/266] eta: 0:00:07 lr: 0.000020 tier1_loss: 1.2895 (1.3302) tier2_loss: 0.0034 (0.0620) time: 0.1069 data: 0.0001 max mem: 328
Epoch: [22] [265/266] eta: 0:00:00 lr: 0.000019 tier1_loss: 1.3175 (1.3319) tier2_loss: 0.0018 (0.0706) time: 0.0973 data: 0.0001 max mem: 328
Epoch: [22] Total time: 0:00:28 (28.7377 s / it)
Val [ 0/29] eta: 0:00:04 loss: 0.0038 (0.0038) acc1: 100.0000 (100.0000) time: 0.1565 data: 0.1197 max mem: 328
Val [28/29] eta: 0:00:00 loss: 0.0009 (1.3835) acc1: 100.0000 (79.3103) time: 0.0302 data: 0.0001 max mem: 328
Val Total time: 0:00:01 (1.0264 s / it)
* Acc@1 79.310 loss 1.383 auroc 0.848 f1_score 0.678
  per-class F1 (Val): {'negative': np.float32(0.878), 'itc': np.float32(0.667), 'micro': np.float32(0.5), 'macro': np.float32(0.667)}
Test [  0/197] eta: 0:00:35 loss: 0.0287 (0.0287) acc1: 100.0000 (100.0000) time: 0.1819 data: 0.1304 max mem: 328
Test [100/197] eta: 0:00:03 loss: 0.0055 (1.1071) acc1: 100.0000 (78.2178) time: 0.0337 data: 0.0001 max mem: 328
Test [196/197] eta: 0:00:00 loss: 0.0020 (0.9070) acc1: 100.0000 (81.2183) time: 0.0258 data: 0.0001 max mem: 328
Test Total time: 0:00:06 (6.7644 s / it)
* Acc@1 81.218 loss 0.907 auroc 0.887 f1_score 0.603
  per-class F1 (Test): {'negative': np.float32(0.896), 'itc': np.float32(0.16), 'micro': np.float32(0.444), 'macro': np.float32(0.913)}

Epoch: [23] [  0/266] eta: 0:01:21 lr: 0.000019 tier1_loss: 1.2873 (1.2873) tier2_loss: 0.0037 (0.0037) time: 0.3069 data: 0.1476 max mem: 328
Epoch: [23] [100/266] eta: 0:00:18 lr: 0.000017 tier1_loss: 1.3332 (1.3384) tier2_loss: 0.0012 (0.0458) time: 0.1162 data: 0.0001 max mem: 328
Epoch: [23] [200/266] eta: 0:00:07 lr: 0.000015 tier1_loss: 1.3040 (1.3343) tier2_loss: 0.0030 (0.0305) time: 0.1160 data: 0.0001 max mem: 328
Epoch: [23] [265/266] eta: 0:00:00 lr: 0.000014 tier1_loss: 1.3428 (1.3340) tier2_loss: 0.0013 (0.0645) time: 0.1100 data: 0.0001 max mem: 328
Epoch: [23] Total time: 0:00:30 (30.2155 s / it)
Val [ 0/29] eta: 0:00:04 loss: 0.0035 (0.0035) acc1: 100.0000 (100.0000) time: 0.1534 data: 0.1199 max mem: 328
Val [28/29] eta: 0:00:00 loss: 0.0009 (1.4004) acc1: 100.0000 (75.8621) time: 0.0322 data: 0.0001 max mem: 328
Val Total time: 0:00:01 (1.1188 s / it)
* Acc@1 75.862 loss 1.400 auroc 0.796 f1_score 0.571
  per-class F1 (Val): {'negative': np.float32(0.878), 'itc': np.float32(0.5), 'micro': np.float32(0.333), 'macro': np.float32(0.571)}
Test [  0/197] eta: 0:00:34 loss: 0.1807 (0.1807) acc1: 100.0000 (100.0000) time: 0.1749 data: 0.1245 max mem: 328
Test [100/197] eta: 0:00:03 loss: 0.0083 (1.1915) acc1: 100.0000 (78.2178) time: 0.0301 data: 0.0001 max mem: 328
Test [196/197] eta: 0:00:00 loss: 0.0020 (0.9331) acc1: 100.0000 (82.7411) time: 0.0242 data: 0.0001 max mem: 328
Test Total time: 0:00:06 (6.1910 s / it)
* Acc@1 82.741 loss 0.933 auroc 0.869 f1_score 0.611
  per-class F1 (Test): {'negative': np.float32(0.907), 'itc': np.float32(0.167), 'micro': np.float32(0.467), 'macro': np.float32(0.903)}

Epoch: [24] [  0/266] eta: 0:01:07 lr: 0.000014 tier1_loss: 1.3472 (1.3472) tier2_loss: 0.0101 (0.0101) time: 0.2521 data: 0.1040 max mem: 328
Epoch: [24] [100/266] eta: 0:00:18 lr: 0.000013 tier1_loss: 1.3516 (1.3341) tier2_loss: 0.0040 (0.0661) time: 0.1110 data: 0.0001 max mem: 328
Epoch: [24] [200/266] eta: 0:00:07 lr: 0.000011 tier1_loss: 1.3196 (1.3334) tier2_loss: 0.0024 (0.0627) time: 0.1135 data: 0.0001 max mem: 328
Epoch: [24] [265/266] eta: 0:00:00 lr: 0.000010 tier1_loss: 1.3330 (1.3356) tier2_loss: 0.0013 (0.0485) time: 0.1113 data: 0.0001 max mem: 328
Epoch: [24] Total time: 0:00:30 (30.0937 s / it)
Val [ 0/29] eta: 0:00:04 loss: 0.0045 (0.0045) acc1: 100.0000 (100.0000) time: 0.1552 data: 0.1228 max mem: 328
Val [28/29] eta: 0:00:00 loss: 0.0009 (1.3705) acc1: 100.0000 (79.3103) time: 0.0250 data: 0.0001 max mem: 328
Val Total time: 0:00:00 (0.9104 s / it)
* Acc@1 79.310 loss 1.371 auroc 0.787 f1_score 0.654
  per-class F1 (Val): {'negative': np.float32(0.878), 'itc': np.float32(0.5), 'micro': np.float32(0.571), 'macro': np.float32(0.667)}
Test [  0/197] eta: 0:00:27 loss: 0.5085 (0.5085) acc1: 100.0000 (100.0000) time: 0.1418 data: 0.1029 max mem: 328
Test [100/197] eta: 0:00:03 loss: 0.0097 (1.1228) acc1: 100.0000 (78.2178) time: 0.0346 data: 0.0001 max mem: 328
Test [196/197] eta: 0:00:00 loss: 0.0019 (0.8927) acc1: 100.0000 (82.7411) time: 0.0267 data: 0.0001 max mem: 328
Test Total time: 0:00:06 (6.3310 s / it)
* Acc@1 82.741 loss 0.893 auroc 0.883 f1_score 0.638
  per-class F1 (Test): {'negative': np.float32(0.902), 'itc': np.float32(0.222), 'micro': np.float32(0.516), 'macro': np.float32(0.913)}

Epoch: [25] [  0/266] eta: 0:00:56 lr: 0.000010 tier1_loss: 1.3594 (1.3594) tier2_loss: 0.0049 (0.0049) time: 0.2116 data: 0.1033 max mem: 328
Epoch: [25] [100/266] eta: 0:00:17 lr: 0.000009 tier1_loss: 1.3768 (1.3512) tier2_loss: 0.0028 (0.0540) time: 0.1142 data: 0.0001 max mem: 328
Epoch: [25] [200/266] eta: 0:00:07 lr: 0.000008 tier1_loss: 1.3248 (1.3400) tier2_loss: 0.0021 (0.0479) time: 0.1100 data: 0.0001 max mem: 328
Epoch: [25] [265/266] eta: 0:00:00 lr: 0.000007 tier1_loss: 1.3127 (1.3370) tier2_loss: 0.0018 (0.0537) time: 0.1069 data: 0.0001 max mem: 328
Epoch: [25] Total time: 0:00:29 (29.1120 s / it)
Val [ 0/29] eta: 0:00:04 loss: 0.0034 (0.0034) acc1: 100.0000 (100.0000) time: 0.1721 data: 0.1196 max mem: 328
Val [28/29] eta: 0:00:00 loss: 0.0008 (1.4123) acc1: 100.0000 (79.3103) time: 0.0252 data: 0.0001 max mem: 328
Val Total time: 0:00:00 (0.9349 s / it)
* Acc@1 79.310 loss 1.412 auroc 0.790 f1_score 0.678
  per-class F1 (Val): {'negative': np.float32(0.878), 'itc': np.float32(0.667), 'micro': np.float32(0.5), 'macro': np.float32(0.667)}
Test [  0/197] eta: 0:00:31 loss: 0.0279 (0.0279) acc1: 100.0000 (100.0000) time: 0.1593 data: 0.1222 max mem: 328
Test [100/197] eta: 0:00:02 loss: 0.0062 (1.1479) acc1: 100.0000 (78.2178) time: 0.0269 data: 0.0001 max mem: 328
Test [196/197] eta: 0:00:00 loss: 0.0018 (0.9099) acc1: 100.0000 (82.2335) time: 0.0333 data: 0.0001 max mem: 328
Test Total time: 0:00:05 (5.9746 s / it)
* Acc@1 82.234 loss 0.910 auroc 0.874 f1_score 0.617
  per-class F1 (Test): {'negative': np.float32(0.902), 'itc': np.float32(0.154), 'micro': np.float32(0.5), 'macro': np.float32(0.913)}

Epoch: [26] [  0/266] eta: 0:01:07 lr: 0.000007 tier1_loss: 1.2745 (1.2745) tier2_loss: 0.0012 (0.0012) time: 0.2535 data: 0.1235 max mem: 328
Epoch: [26] [100/266] eta: 0:00:18 lr: 0.000006 tier1_loss: 1.3220 (1.3288) tier2_loss: 0.0016 (0.0112) time: 0.1128 data: 0.0001 max mem: 328
Epoch: [26] [200/266] eta: 0:00:07 lr: 0.000005 tier1_loss: 1.3355 (1.3306) tier2_loss: 0.0011 (0.0413) time: 0.1113 data: 0.0001 max mem: 328
Epoch: [26] [265/266] eta: 0:00:00 lr: 0.000004 tier1_loss: 1.3303 (1.3334) tier2_loss: 0.0019 (0.0413) time: 0.1003 data: 0.0001 max mem: 328
Epoch: [26] Total time: 0:00:29 (29.3072 s / it)
Val [ 0/29] eta: 0:00:04 loss: 0.0032 (0.0032) acc1: 100.0000 (100.0000) time: 0.1552 data: 0.1185 max mem: 328
Val [28/29] eta: 0:00:00 loss: 0.0008 (1.4101) acc1: 100.0000 (79.3103) time: 0.0262 data: 0.0001 max mem: 328
Val Total time: 0:00:00 (0.9373 s / it)
* Acc@1 79.310 loss 1.410 auroc 0.778 f1_score 0.678
  per-class F1 (Val): {'negative': np.float32(0.878), 'itc': np.float32(0.667), 'micro': np.float32(0.5), 'macro': np.float32(0.667)}
Test [  0/197] eta: 0:00:29 loss: 0.1646 (0.1646) acc1: 100.0000 (100.0000) time: 0.1496 data: 0.1156 max mem: 328
Test [100/197] eta: 0:00:02 loss: 0.0068 (1.1368) acc1: 100.0000 (79.2079) time: 0.0260 data: 0.0001 max mem: 328
Test [196/197] eta: 0:00:00 loss: 0.0018 (0.8653) acc1: 100.0000 (83.7563) time: 0.0246 data: 0.0001 max mem: 328
Test Total time: 0:00:05 (5.3267 s / it)
* Acc@1 83.756 loss 0.865 auroc 0.882 f1_score 0.642
  per-class F1 (Test): {'negative': np.float32(0.914), 'itc': np.float32(0.24), 'micro': np.float32(0.5), 'macro': np.float32(0.913)}

Epoch: [27] [  0/266] eta: 0:01:11 lr: 0.000004 tier1_loss: 1.3734 (1.3734) tier2_loss: 0.0034 (0.0034) time: 0.2686 data: 0.1200 max mem: 328
Epoch: [27] [100/266] eta: 0:00:19 lr: 0.000004 tier1_loss: 1.3390 (1.3371) tier2_loss: 0.0015 (0.0842) time: 0.1148 data: 0.0001 max mem: 328
Epoch: [27] [200/266] eta: 0:00:07 lr: 0.000003 tier1_loss: 1.3404 (1.3372) tier2_loss: 0.0019 (0.0483) time: 0.0967 data: 0.0001 max mem: 328
Epoch: [27] [265/266] eta: 0:00:00 lr: 0.000003 tier1_loss: 1.3293 (1.3346) tier2_loss: 0.0012 (0.0392) time: 0.1054 data: 0.0001 max mem: 328
Epoch: [27] Total time: 0:00:29 (29.2906 s / it)
Val [ 0/29] eta: 0:00:04 loss: 0.0027 (0.0027) acc1: 100.0000 (100.0000) time: 0.1613 data: 0.1103 max mem: 328
Val [28/29] eta: 0:00:00 loss: 0.0008 (1.4055) acc1: 100.0000 (79.3103) time: 0.0335 data: 0.0001 max mem: 328
Val Total time: 0:00:01 (1.1146 s / it)
* Acc@1 79.310 loss 1.405 auroc 0.774 f1_score 0.678
  per-class F1 (Val): {'negative': np.float32(0.878), 'itc': np.float32(0.667), 'micro': np.float32(0.5), 'macro': np.float32(0.667)}
Test [  0/197] eta: 0:00:37 loss: 0.0307 (0.0307) acc1: 100.0000 (100.0000) time: 0.1918 data: 0.1395 max mem: 328
Test [100/197] eta: 0:00:03 loss: 0.0101 (1.1425) acc1: 100.0000 (79.2079) time: 0.0331 data: 0.0001 max mem: 328
Test [196/197] eta: 0:00:00 loss: 0.0018 (0.8667) acc1: 100.0000 (82.7411) time: 0.0259 data: 0.0001 max mem: 328
Test Total time: 0:00:06 (6.7698 s / it)
* Acc@1 82.741 loss 0.867 auroc 0.882 f1_score 0.630
  per-class F1 (Test): {'negative': np.float32(0.902), 'itc': np.float32(0.16), 'micro': np.float32(0.545), 'macro': np.float32(0.913)}

Epoch: [28] [  0/266] eta: 0:01:05 lr: 0.000003 tier1_loss: 1.3562 (1.3562) tier2_loss: 0.0010 (0.0010) time: 0.2466 data: 0.1122 max mem: 328
Epoch: [28] [100/266] eta: 0:00:18 lr: 0.000002 tier1_loss: 1.3199 (1.3280) tier2_loss: 0.0012 (0.0257) time: 0.1091 data: 0.0001 max mem: 328
Epoch: [28] [200/266] eta: 0:00:07 lr: 0.000002 tier1_loss: 1.3621 (1.3383) tier2_loss: 0.0025 (0.0262) time: 0.1192 data: 0.0001 max mem: 328
Epoch: [28] [265/266] eta: 0:00:00 lr: 0.000001 tier1_loss: 1.2762 (1.3362) tier2_loss: 0.0017 (0.0328) time: 0.1066 data: 0.0001 max mem: 328
Epoch: [28] Total time: 0:00:30 (30.0204 s / it)
Val [ 0/29] eta: 0:00:04 loss: 0.0027 (0.0027) acc1: 100.0000 (100.0000) time: 0.1691 data: 0.1215 max mem: 328
Val [28/29] eta: 0:00:00 loss: 0.0008 (1.4536) acc1: 100.0000 (75.8621) time: 0.0255 data: 0.0001 max mem: 328
Val Total time: 0:00:00 (0.9465 s / it)
* Acc@1 75.862 loss 1.454 auroc 0.767 f1_score 0.629
  per-class F1 (Val): {'negative': np.float32(0.85), 'itc': np.float32(0.5), 'micro': np.float32(0.5), 'macro': np.float32(0.667)}
Test [  0/197] eta: 0:00:36 loss: 0.0390 (0.0390) acc1: 100.0000 (100.0000) time: 0.1849 data: 0.1330 max mem: 328
Test [100/197] eta: 0:00:03 loss: 0.0065 (1.1568) acc1: 100.0000 (78.2178) time: 0.0343 data: 0.0001 max mem: 328
Test [196/197] eta: 0:00:00 loss: 0.0018 (0.8952) acc1: 100.0000 (82.7411) time: 0.0275 data: 0.0001 max mem: 328
Test Total time: 0:00:07 (7.1738 s / it)
* Acc@1 82.741 loss 0.895 auroc 0.873 f1_score 0.620
  per-class F1 (Test): {'negative': np.float32(0.906), 'itc': np.float32(0.16), 'micro': np.float32(0.5), 'macro': np.float32(0.913)}

Epoch: [29] [  0/266] eta: 0:01:04 lr: 0.000001 tier1_loss: 1.4264 (1.4264) tier2_loss: 0.0009 (0.0009) time: 0.2422 data: 0.1207 max mem: 328
Epoch: [29] [100/266] eta: 0:00:18 lr: 0.000001 tier1_loss: 1.2977 (1.3327) tier2_loss: 0.0012 (0.0121) time: 0.1094 data: 0.0001 max mem: 328
Epoch: [29] [200/266] eta: 0:00:07 lr: 0.000001 tier1_loss: 1.3044 (1.3367) tier2_loss: 0.0011 (0.0381) time: 0.1097 data: 0.0001 max mem: 328
Epoch: [29] [265/266] eta: 0:00:00 lr: 0.000001 tier1_loss: 1.2911 (1.3351) tier2_loss: 0.0022 (0.0317) time: 0.1057 data: 0.0001 max mem: 328
Epoch: [29] Total time: 0:00:29 (29.6634 s / it)
Val [ 0/29] eta: 0:00:04 loss: 0.0026 (0.0026) acc1: 100.0000 (100.0000) time: 0.1570 data: 0.1218 max mem: 328
Val [28/29] eta: 0:00:00 loss: 0.0008 (1.4608) acc1: 100.0000 (75.8621) time: 0.0323 data: 0.0001 max mem: 328
Val Total time: 0:00:01 (1.0713 s / it)
* Acc@1 75.862 loss 1.461 auroc 0.769 f1_score 0.629
  per-class F1 (Val): {'negative': np.float32(0.85), 'itc': np.float32(0.5), 'micro': np.float32(0.5), 'macro': np.float32(0.667)}
wandb: 
wandb: Run history:
wandb: perf/test_auc ▁▂▃▃▅▅▅▆▇▇█████████▇█▇█▇▇▇▇▇▇▇
wandb:  perf/test_f1 ▁▁▁▁▂▄▄▅▆█▇▇███▇▇█▇██▇▇▇█▇██▇█
wandb:  perf/val_auc ▃▃▁▁▂▂▄▆▅▆█▇█▇█▇▇▆▇▇▇▇█▆▆▆▆▆▆▆
wandb:   perf/val_f1 ▁▁▁▁▁▁▃▃▆▆▆▅▆▇▅██▇█████▆████▇▇
wandb:    tier1_loss ▂▁▃▇▃▃▃▃▃▁▃▂▃▃▂▃▄▄▃▅▆▃▆▄▄▄▃▃▄▇▆▃▃█▁▅▆▃▂▂
wandb:    tier2_loss ▂▆▆▁▁▁▁▁▁█▁▁▁▄▁▃▁▁▂▁▁▁▁▁▁▁▁▁▁▁▁▁▆▁▁▁▁▁▁▁
wandb: 
wandb: Run summary:
wandb: perf/test_auc 0.8706
wandb:  perf/test_f1 0.63636
wandb:  perf/val_auc 0.76942
wandb:   perf/val_f1 0.62917
wandb:    tier1_loss 1.42664
wandb:    tier2_loss 0.00378
wandb: 
wandb: You can sync this run to the cloud by running:
wandb: wandb sync /data/bohatyrenko1/EXPERIMENTS_2/Hi-MoE_MIL/wandb/offline-run-20260922_085457-jt7c8xai
wandb: Find logs at: ./wandb/offline-run-20260922_085457-jt7c8xai/logs
Test [  0/197] eta: 0:00:36 loss: 0.0398 (0.0398) acc1: 100.0000 (100.0000) time: 0.1867 data: 0.1308 max mem: 328
Test [100/197] eta: 0:00:03 loss: 0.0058 (1.1691) acc1: 100.0000 (78.2178) time: 0.0329 data: 0.0001 max mem: 328
Test [196/197] eta: 0:00:00 loss: 0.0017 (0.9177) acc1: 100.0000 (82.7411) time: 0.0280 data: 0.0001 max mem: 328
Test Total time: 0:00:06 (6.8478 s / it)
* Acc@1 82.741 loss 0.918 auroc 0.871 f1_score 0.636
  per-class F1 (Test): {'negative': np.float32(0.902), 'itc': np.float32(0.231), 'micro': np.float32(0.5), 'macro': np.float32(0.913)}

============================================================
FINAL EPOCH (29) RESULTS (DTFD-ASMIL):
  test_auc=0.8706 test_acc=82.74 test_f1(macro)=0.6364
  test per-class F1: {'negative': np.float32(0.902), 'itc': np.float32(0.231), 'micro': np.float32(0.5), 'macro': np.float32(0.913)}
  test confusion matrix (rows=true, cols=pred):
          negative         itc       micro       macro
negative        110           6           3           2
     itc         10           3           3           0
   micro          3           1           8           6
   macro          0           0           0          42
============================================================
Best epoch: {'epoch': 22, 'val_f1': 0.6778455376625061, 'val_auc': 0.848084032535553, 'test_f1': 0.6034383773803711, 'test_auc': 0.8870697021484375}
