wandb: Tracking run with wandb version 0.28.0
wandb: W&B syncing is set to `offline` in this directory. Run `wandb online` or set WANDB_MODE=online to enable cloud syncing.
wandb: Run data is saved locally in /data/bohatyrenko1/EXPERIMENTS_2/Hi-MoE_MIL/wandb/offline-run-20260925_105350-tipb9rzp
wandb: View this run in the terminal with `wandb leet`
Used config (DTFD-ASMIL v2):
{'B': 1,
 'D_feat': 384,
 'D_inner': 128,
 'M': None,
 'ckpt_dir': 'ckpt/c17_dtfd_v2_20ep_seed9',
 'config': 'config/camelyon17_vitsdino_config_20ep.yml',
 'dataset': 'camelyon17',
 'lr': 0.0001,
 'min_lr': 1e-06,
 'n_class': 4,
 'n_token': 8,
 'n_worker': 4,
 'pin_memory': True,
 'pretrain': 'medical_ssl',
 'seed': 9,
 'splits_dir': '/data/bohatyrenko1/EXPERIMENTS_2/ASMIL/splits_paper',
 'test_dir': '/data/bohatyrenko1/features_vitsdino_camelyon17_train',
 'tier1_weight': 0.1,
 'tier2_D_inner': None,
 'tier2_n_heads': 4,
 'train_dir': '/data/bohatyrenko1/features_vitsdino_camelyon17_train',
 'train_epoch': 20,
 'wandb_mode': 'offline',
 'warmup_epoch': 5,
 'wd': 1e-05}
M (псевдо-bags) = 8, tier1_weight = 0.1
Class weights: [0.3757062256336212, 3.694444417953491, 1.6219512224197388, 2.2166666984558105]
Epoch: [0] [  0/266] eta: 0:02:41 lr: 0.000000 tier1_loss: 1.6363 (1.6363) tier2_loss: 1.5265 (1.5265) time: 0.6060 data: 0.0867 max mem: 89
Epoch: [0] [100/266] eta: 0:00:18 lr: 0.000008 tier1_loss: 1.4857 (1.4784) tier2_loss: 0.8119 (1.2772) time: 0.1012 data: 0.0001 max mem: 239
Epoch: [0] [200/266] eta: 0:00:07 lr: 0.000015 tier1_loss: 1.2179 (1.4177) tier2_loss: 0.3298 (1.2051) time: 0.1000 data: 0.0001 max mem: 326
Epoch: [0] [265/266] eta: 0:00:00 lr: 0.000020 tier1_loss: 0.8574 (1.3501) tier2_loss: 0.2498 (1.1595) time: 0.1150 data: 0.0001 max mem: 326
Epoch: [0] Total time: 0:00:28 (28.8324 s / it)
Val [ 0/29] eta: 0:00:04 loss: 0.1893 (0.1893) acc1: 100.0000 (100.0000) time: 0.1719 data: 0.1057 max mem: 326
Val [28/29] eta: 0:00:00 loss: 0.1852 (1.0278) acc1: 100.0000 (68.9655) time: 0.0248 data: 0.0001 max mem: 326
Val Total time: 0:00:00 (0.9328 s / it)
* Acc@1 68.966 loss 1.028 auroc 0.455 f1_score 0.204
  per-class F1 (Val): {'negative': np.float32(0.816), 'itc': np.float32(0.0), 'micro': np.float32(0.0), 'macro': np.float32(0.0)}
  [DIAG] Tier1 сам по собі: acc=68.966 f1_macro=0.204
Test [  0/197] eta: 0:00:29 loss: 2.6900 (2.6900) acc1: 0.0000 (0.0000) time: 0.1500 data: 0.1173 max mem: 326
Test [100/197] eta: 0:00:02 loss: 0.1810 (1.2752) acc1: 100.0000 (59.4059) time: 0.0268 data: 0.0001 max mem: 326
Test [196/197] eta: 0:00:00 loss: 0.1885 (1.2137) acc1: 100.0000 (61.4213) time: 0.0241 data: 0.0001 max mem: 326
Test Total time: 0:00:05 (5.4391 s / it)
* Acc@1 61.421 loss 1.214 auroc 0.599 f1_score 0.190
  per-class F1 (Test): {'negative': np.float32(0.761), 'itc': np.float32(0.0), 'micro': np.float32(0.0), 'macro': np.float32(0.0)}
  [DIAG] Tier1 сам по собі: acc=61.421 f1_macro=0.190

Epoch: [1] [  0/266] eta: 0:00:57 lr: 0.000020 tier1_loss: 0.7211 (0.7211) tier2_loss: 0.2226 (0.2226) time: 0.2165 data: 0.1084 max mem: 326
Epoch: [1] [100/266] eta: 0:00:18 lr: 0.000028 tier1_loss: 0.4417 (1.0080) tier2_loss: 0.1634 (1.0930) time: 0.1040 data: 0.0001 max mem: 326
Epoch: [1] [200/266] eta: 0:00:06 lr: 0.000035 tier1_loss: 0.2562 (0.9635) tier2_loss: 0.1236 (1.0486) time: 0.0920 data: 0.0001 max mem: 326
Epoch: [1] [265/266] eta: 0:00:00 lr: 0.000040 tier1_loss: 0.2099 (1.0274) tier2_loss: 0.1890 (1.1307) time: 0.0956 data: 0.0001 max mem: 326
Epoch: [1] Total time: 0:00:27 (27.7227 s / it)
Val [ 0/29] eta: 0:00:05 loss: 0.1871 (0.1871) acc1: 100.0000 (100.0000) time: 0.1807 data: 0.1407 max mem: 326
Val [28/29] eta: 0:00:00 loss: 0.1726 (1.0264) acc1: 100.0000 (68.9655) time: 0.0252 data: 0.0001 max mem: 326
Val Total time: 0:00:00 (0.9536 s / it)
* Acc@1 68.966 loss 1.026 auroc 0.602 f1_score 0.204
  per-class F1 (Val): {'negative': np.float32(0.816), 'itc': np.float32(0.0), 'micro': np.float32(0.0), 'macro': np.float32(0.0)}
  [DIAG] Tier1 сам по собі: acc=68.966 f1_macro=0.204
Test [  0/197] eta: 0:00:30 loss: 2.6313 (2.6313) acc1: 0.0000 (0.0000) time: 0.1563 data: 0.1235 max mem: 326
Test [100/197] eta: 0:00:02 loss: 0.1790 (1.2568) acc1: 100.0000 (59.4059) time: 0.0262 data: 0.0001 max mem: 326
Test [196/197] eta: 0:00:00 loss: 0.1830 (1.1894) acc1: 100.0000 (61.4213) time: 0.0249 data: 0.0001 max mem: 326
Test Total time: 0:00:05 (5.3375 s / it)
* Acc@1 61.421 loss 1.189 auroc 0.702 f1_score 0.190
  per-class F1 (Test): {'negative': np.float32(0.761), 'itc': np.float32(0.0), 'micro': np.float32(0.0), 'macro': np.float32(0.0)}
  [DIAG] Tier1 сам по собі: acc=61.421 f1_macro=0.190

Epoch: [2] [  0/266] eta: 0:01:09 lr: 0.000040 tier1_loss: 2.5725 (2.5725) tier2_loss: 2.4644 (2.4644) time: 0.2627 data: 0.1166 max mem: 326
Epoch: [2] [100/266] eta: 0:00:19 lr: 0.000048 tier1_loss: 0.1767 (1.0444) tier2_loss: 0.1866 (1.0460) time: 0.1322 data: 0.0001 max mem: 326
Epoch: [2] [200/266] eta: 0:00:07 lr: 0.000055 tier1_loss: 0.1747 (1.1227) tier2_loss: 0.2634 (1.1646) time: 0.1192 data: 0.0001 max mem: 326
Epoch: [2] [265/266] eta: 0:00:00 lr: 0.000060 tier1_loss: 0.1676 (1.0882) tier2_loss: 0.1132 (1.1210) time: 0.0948 data: 0.0001 max mem: 326
Epoch: [2] Total time: 0:00:29 (29.7916 s / it)
Val [ 0/29] eta: 0:00:04 loss: 0.0965 (0.0965) acc1: 100.0000 (100.0000) time: 0.1613 data: 0.1232 max mem: 326
Val [28/29] eta: 0:00:00 loss: 0.1003 (1.1444) acc1: 100.0000 (68.9655) time: 0.0246 data: 0.0001 max mem: 326
Val Total time: 0:00:00 (0.9112 s / it)
* Acc@1 68.966 loss 1.144 auroc 0.606 f1_score 0.204
  per-class F1 (Val): {'negative': np.float32(0.816), 'itc': np.float32(0.0), 'micro': np.float32(0.0), 'macro': np.float32(0.0)}
  [DIAG] Tier1 сам по собі: acc=68.966 f1_macro=0.204
Test [  0/197] eta: 0:00:29 loss: 3.3278 (3.3278) acc1: 0.0000 (0.0000) time: 0.1515 data: 0.1173 max mem: 326
Test [100/197] eta: 0:00:02 loss: 0.0933 (1.4576) acc1: 100.0000 (59.4059) time: 0.0262 data: 0.0001 max mem: 326
Test [196/197] eta: 0:00:00 loss: 0.0918 (1.3657) acc1: 100.0000 (61.4213) time: 0.0242 data: 0.0001 max mem: 326
Test Total time: 0:00:05 (5.2499 s / it)
* Acc@1 61.421 loss 1.366 auroc 0.691 f1_score 0.190
  per-class F1 (Test): {'negative': np.float32(0.761), 'itc': np.float32(0.0), 'micro': np.float32(0.0), 'macro': np.float32(0.0)}
  [DIAG] Tier1 сам по собі: acc=61.421 f1_macro=0.190

Epoch: [3] [  0/266] eta: 0:01:18 lr: 0.000060 tier1_loss: 0.1463 (0.1463) tier2_loss: 0.0857 (0.0857) time: 0.2934 data: 0.1264 max mem: 326
Epoch: [3] [100/266] eta: 0:00:19 lr: 0.000068 tier1_loss: 0.1150 (0.8760) tier2_loss: 0.0620 (0.9112) time: 0.1349 data: 0.0001 max mem: 326
Epoch: [3] [200/266] eta: 0:00:07 lr: 0.000075 tier1_loss: 0.1503 (1.0689) tier2_loss: 0.3030 (1.0819) time: 0.1073 data: 0.0001 max mem: 326
Epoch: [3] [265/266] eta: 0:00:00 lr: 0.000080 tier1_loss: 0.2087 (1.1103) tier2_loss: 0.2588 (1.1158) time: 0.1122 data: 0.0001 max mem: 326
Epoch: [3] Total time: 0:00:29 (29.7028 s / it)
Val [ 0/29] eta: 0:00:04 loss: 0.1865 (0.1865) acc1: 100.0000 (100.0000) time: 0.1667 data: 0.1336 max mem: 326
Val [28/29] eta: 0:00:00 loss: 0.2319 (1.0445) acc1: 100.0000 (68.9655) time: 0.0246 data: 0.0001 max mem: 326
Val Total time: 0:00:00 (0.9371 s / it)
* Acc@1 68.966 loss 1.044 auroc 0.567 f1_score 0.204
  per-class F1 (Val): {'negative': np.float32(0.816), 'itc': np.float32(0.0), 'micro': np.float32(0.0), 'macro': np.float32(0.0)}
  [DIAG] Tier1 сам по собі: acc=68.966 f1_macro=0.204
Test [  0/197] eta: 0:00:34 loss: 2.6601 (2.6601) acc1: 0.0000 (0.0000) time: 0.1748 data: 0.1379 max mem: 326
Test [100/197] eta: 0:00:02 loss: 0.1644 (1.2266) acc1: 100.0000 (59.4059) time: 0.0273 data: 0.0001 max mem: 326
Test [196/197] eta: 0:00:00 loss: 0.1578 (1.1553) acc1: 100.0000 (61.4213) time: 0.0247 data: 0.0001 max mem: 326
Test Total time: 0:00:05 (5.3474 s / it)
* Acc@1 61.421 loss 1.155 auroc 0.703 f1_score 0.190
  per-class F1 (Test): {'negative': np.float32(0.761), 'itc': np.float32(0.0), 'micro': np.float32(0.0), 'macro': np.float32(0.0)}
  [DIAG] Tier1 сам по собі: acc=61.421 f1_macro=0.190

Epoch: [4] [  0/266] eta: 0:01:13 lr: 0.000080 tier1_loss: 2.4968 (2.4968) tier2_loss: 2.4822 (2.4822) time: 0.2752 data: 0.1356 max mem: 326
Epoch: [4] [100/266] eta: 0:00:18 lr: 0.000088 tier1_loss: 0.1381 (1.0135) tier2_loss: 0.1163 (1.0443) time: 0.1243 data: 0.0001 max mem: 326
Epoch: [4] [200/266] eta: 0:00:07 lr: 0.000095 tier1_loss: 0.1116 (0.9701) tier2_loss: 0.1022 (0.9805) time: 0.1112 data: 0.0001 max mem: 326
Epoch: [4] [265/266] eta: 0:00:00 lr: 0.000100 tier1_loss: 0.1742 (1.0598) tier2_loss: 0.2902 (1.0866) time: 0.1087 data: 0.0001 max mem: 326
Epoch: [4] Total time: 0:00:29 (29.9444 s / it)
Val [ 0/29] eta: 0:00:04 loss: 0.1955 (0.1955) acc1: 100.0000 (100.0000) time: 0.1686 data: 0.1361 max mem: 326
Val [28/29] eta: 0:00:00 loss: 0.2081 (1.0016) acc1: 100.0000 (68.9655) time: 0.0252 data: 0.0001 max mem: 326
Val Total time: 0:00:00 (0.9347 s / it)
* Acc@1 68.966 loss 1.002 auroc 0.616 f1_score 0.204
  per-class F1 (Val): {'negative': np.float32(0.816), 'itc': np.float32(0.0), 'micro': np.float32(0.0), 'macro': np.float32(0.0)}
  [DIAG] Tier1 сам по собі: acc=68.966 f1_macro=0.204
Test [  0/197] eta: 0:00:32 loss: 2.7579 (2.7579) acc1: 0.0000 (0.0000) time: 0.1661 data: 0.1267 max mem: 326
Test [100/197] eta: 0:00:02 loss: 0.1954 (1.0382) acc1: 100.0000 (67.3267) time: 0.0259 data: 0.0001 max mem: 326
Test [196/197] eta: 0:00:00 loss: 0.1768 (0.9142) acc1: 100.0000 (71.5736) time: 0.0245 data: 0.0001 max mem: 326
Test Total time: 0:00:05 (5.2920 s / it)
* Acc@1 71.574 loss 0.914 auroc 0.698 f1_score 0.364
  per-class F1 (Test): {'negative': np.float32(0.812), 'itc': np.float32(0.0), 'micro': np.float32(0.0), 'macro': np.float32(0.645)}
  [DIAG] Tier1 сам по собі: acc=63.706 f1_macro=0.241

Epoch: [5] [  0/266] eta: 0:01:00 lr: 0.000100 tier1_loss: 0.1414 (0.1414) tier2_loss: 0.1527 (0.1527) time: 0.2284 data: 0.1097 max mem: 326
Epoch: [5] [100/266] eta: 0:00:17 lr: 0.000100 tier1_loss: 0.2331 (1.0253) tier2_loss: 0.1982 (1.0134) time: 0.1150 data: 0.0001 max mem: 326
Epoch: [5] [200/266] eta: 0:00:07 lr: 0.000099 tier1_loss: 0.1220 (0.9812) tier2_loss: 0.0877 (0.9998) time: 0.1063 data: 0.0001 max mem: 326
Epoch: [5] [265/266] eta: 0:00:00 lr: 0.000099 tier1_loss: 0.3035 (0.9877) tier2_loss: 0.3925 (1.0195) time: 0.1088 data: 0.0001 max mem: 326
Epoch: [5] Total time: 0:00:29 (29.3336 s / it)
Val [ 0/29] eta: 0:00:04 loss: 0.1499 (0.1499) acc1: 100.0000 (100.0000) time: 0.1707 data: 0.1263 max mem: 326
Val [28/29] eta: 0:00:00 loss: 0.1529 (0.9900) acc1: 100.0000 (68.9655) time: 0.0253 data: 0.0001 max mem: 326
Val Total time: 0:00:00 (0.9442 s / it)
* Acc@1 68.966 loss 0.990 auroc 0.667 f1_score 0.204
  per-class F1 (Val): {'negative': np.float32(0.816), 'itc': np.float32(0.0), 'micro': np.float32(0.0), 'macro': np.float32(0.0)}
  [DIAG] Tier1 сам по собі: acc=68.966 f1_macro=0.204
Test [  0/197] eta: 0:00:32 loss: 2.8663 (2.8663) acc1: 0.0000 (0.0000) time: 0.1645 data: 0.1293 max mem: 326
Test [100/197] eta: 0:00:02 loss: 0.1532 (1.0199) acc1: 100.0000 (69.3069) time: 0.0273 data: 0.0001 max mem: 326
Test [196/197] eta: 0:00:00 loss: 0.1439 (0.8507) acc1: 100.0000 (75.1269) time: 0.0248 data: 0.0001 max mem: 326
Test Total time: 0:00:05 (5.4519 s / it)
* Acc@1 75.127 loss 0.851 auroc 0.718 f1_score 0.403
  per-class F1 (Test): {'negative': np.float32(0.833), 'itc': np.float32(0.0), 'micro': np.float32(0.0), 'macro': np.float32(0.778)}
  [DIAG] Tier1 сам по собі: acc=72.779 f1_macro=0.378

Epoch: [6] [  0/266] eta: 0:01:04 lr: 0.000099 tier1_loss: 0.1033 (0.1033) tier2_loss: 0.1209 (0.1209) time: 0.2434 data: 0.1131 max mem: 326
Epoch: [6] [100/266] eta: 0:00:18 lr: 0.000098 tier1_loss: 0.1732 (1.0414) tier2_loss: 0.1246 (1.0919) time: 0.1138 data: 0.0001 max mem: 326
Epoch: [6] [200/266] eta: 0:00:07 lr: 0.000097 tier1_loss: 0.0971 (0.9355) tier2_loss: 0.0846 (0.9798) time: 0.1056 data: 0.0001 max mem: 326
Epoch: [6] [265/266] eta: 0:00:00 lr: 0.000096 tier1_loss: 0.0988 (0.9346) tier2_loss: 0.0826 (0.9856) time: 0.1035 data: 0.0001 max mem: 326
Epoch: [6] Total time: 0:00:30 (30.0561 s / it)
Val [ 0/29] eta: 0:00:05 loss: 0.0791 (0.0791) acc1: 100.0000 (100.0000) time: 0.1794 data: 0.1463 max mem: 326
Val [28/29] eta: 0:00:00 loss: 0.0773 (1.1685) acc1: 100.0000 (68.9655) time: 0.0250 data: 0.0001 max mem: 326
Val Total time: 0:00:00 (0.9500 s / it)
* Acc@1 68.966 loss 1.169 auroc 0.663 f1_score 0.204
  per-class F1 (Val): {'negative': np.float32(0.816), 'itc': np.float32(0.0), 'micro': np.float32(0.0), 'macro': np.float32(0.0)}
  [DIAG] Tier1 сам по собі: acc=68.966 f1_macro=0.204
Test [  0/197] eta: 0:00:38 loss: 3.0882 (3.0882) acc1: 0.0000 (0.0000) time: 0.1967 data: 0.1483 max mem: 326
Test [100/197] eta: 0:00:02 loss: 0.0756 (1.1537) acc1: 100.0000 (68.3168) time: 0.0262 data: 0.0001 max mem: 326
Test [196/197] eta: 0:00:00 loss: 0.0671 (0.9865) acc1: 100.0000 (72.5888) time: 0.0245 data: 0.0001 max mem: 326
Test Total time: 0:00:05 (5.4076 s / it)
* Acc@1 72.589 loss 0.987 auroc 0.760 f1_score 0.376
  per-class F1 (Test): {'negative': np.float32(0.818), 'itc': np.float32(0.0), 'micro': np.float32(0.0), 'macro': np.float32(0.688)}
  [DIAG] Tier1 сам по собі: acc=73.223 f1_macro=0.383

Epoch: [7] [  0/266] eta: 0:01:22 lr: 0.000096 tier1_loss: 0.9655 (0.9655) tier2_loss: 0.4924 (0.4924) time: 0.3102 data: 0.1302 max mem: 326
Epoch: [7] [100/266] eta: 0:00:18 lr: 0.000094 tier1_loss: 0.1693 (0.9816) tier2_loss: 0.1369 (1.0584) time: 0.1107 data: 0.0001 max mem: 326
Epoch: [7] [200/266] eta: 0:00:07 lr: 0.000092 tier1_loss: 0.0729 (0.8194) tier2_loss: 0.0546 (0.8932) time: 0.1078 data: 0.0001 max mem: 326
Epoch: [7] [265/266] eta: 0:00:00 lr: 0.000091 tier1_loss: 0.1352 (0.8163) tier2_loss: 0.0612 (0.8604) time: 0.1109 data: 0.0001 max mem: 326
Epoch: [7] Total time: 0:00:30 (30.3697 s / it)
Val [ 0/29] eta: 0:00:04 loss: 0.0474 (0.0474) acc1: 100.0000 (100.0000) time: 0.1681 data: 0.1315 max mem: 326
Val [28/29] eta: 0:00:00 loss: 0.0305 (0.9207) acc1: 100.0000 (75.8621) time: 0.0256 data: 0.0001 max mem: 326
Val Total time: 0:00:00 (0.9477 s / it)
* Acc@1 75.862 loss 0.921 auroc 0.745 f1_score 0.379
  per-class F1 (Val): {'negative': np.float32(0.851), 'itc': np.float32(0.0), 'micro': np.float32(0.0), 'macro': np.float32(0.667)}
  [DIAG] Tier1 сам по собі: acc=76.293 f1_macro=0.393
Test [  0/197] eta: 0:00:29 loss: 2.3759 (2.3759) acc1: 0.0000 (0.0000) time: 0.1513 data: 0.1173 max mem: 326
Test [100/197] eta: 0:00:02 loss: 0.0345 (0.8555) acc1: 100.0000 (77.2277) time: 0.0258 data: 0.0001 max mem: 326
Test [196/197] eta: 0:00:00 loss: 0.0332 (0.7279) acc1: 100.0000 (80.7107) time: 0.0242 data: 0.0001 max mem: 326
Test Total time: 0:00:05 (5.2692 s / it)
* Acc@1 80.711 loss 0.728 auroc 0.841 f1_score 0.440
  per-class F1 (Test): {'negative': np.float32(0.893), 'itc': np.float32(0.0), 'micro': np.float32(0.0), 'macro': np.float32(0.866)}
  [DIAG] Tier1 сам по собі: acc=81.726 f1_macro=0.449

Epoch: [8] [  0/266] eta: 0:01:10 lr: 0.000091 tier1_loss: 0.5421 (0.5421) tier2_loss: 0.0627 (0.0627) time: 0.2641 data: 0.1378 max mem: 326
Epoch: [8] [100/266] eta: 0:00:18 lr: 0.000088 tier1_loss: 0.0930 (0.7500) tier2_loss: 0.0730 (0.7545) time: 0.1098 data: 0.0001 max mem: 326
Epoch: [8] [200/266] eta: 0:00:07 lr: 0.000085 tier1_loss: 0.1801 (0.7046) tier2_loss: 0.0699 (0.6927) time: 0.1063 data: 0.0001 max mem: 326
Epoch: [8] [265/266] eta: 0:00:00 lr: 0.000084 tier1_loss: 0.0282 (0.6654) tier2_loss: 0.0191 (0.6753) time: 0.1073 data: 0.0001 max mem: 326
Epoch: [8] Total time: 0:00:30 (30.0906 s / it)
Val [ 0/29] eta: 0:00:04 loss: 0.0334 (0.0334) acc1: 100.0000 (100.0000) time: 0.1625 data: 0.1309 max mem: 326
Val [28/29] eta: 0:00:00 loss: 0.0288 (0.8477) acc1: 100.0000 (79.3103) time: 0.0246 data: 0.0001 max mem: 326
Val Total time: 0:00:00 (0.9234 s / it)
* Acc@1 79.310 loss 0.848 auroc 0.780 f1_score 0.530
  per-class F1 (Val): {'negative': np.float32(0.884), 'itc': np.float32(0.0), 'micro': np.float32(0.571), 'macro': np.float32(0.667)}
  [DIAG] Tier1 сам по собі: acc=78.017 f1_macro=0.418
Test [  0/197] eta: 0:00:33 loss: 0.3091 (0.3091) acc1: 100.0000 (100.0000) time: 0.1699 data: 0.1288 max mem: 326
Test [100/197] eta: 0:00:02 loss: 0.0292 (0.6240) acc1: 100.0000 (83.1683) time: 0.0260 data: 0.0001 max mem: 326
Test [196/197] eta: 0:00:00 loss: 0.0287 (0.5771) acc1: 100.0000 (85.2792) time: 0.0249 data: 0.0001 max mem: 326
Test Total time: 0:00:05 (5.3118 s / it)
* Acc@1 85.279 loss 0.577 auroc 0.871 f1_score 0.592
  per-class F1 (Test): {'negative': np.float32(0.915), 'itc': np.float32(0.0), 'micro': np.float32(0.538), 'macro': np.float32(0.913)}
  [DIAG] Tier1 сам по собі: acc=81.789 f1_macro=0.445

Epoch: [9] [  0/266] eta: 0:01:03 lr: 0.000084 tier1_loss: 0.0371 (0.0371) tier2_loss: 0.0447 (0.0447) time: 0.2374 data: 0.1257 max mem: 326
Epoch: [9] [100/266] eta: 0:00:17 lr: 0.000081 tier1_loss: 0.0399 (0.5324) tier2_loss: 0.0181 (0.4915) time: 0.1068 data: 0.0001 max mem: 326
Epoch: [9] [200/266] eta: 0:00:07 lr: 0.000077 tier1_loss: 0.0857 (0.5611) tier2_loss: 0.0249 (0.5409) time: 0.1156 data: 0.0001 max mem: 326
Epoch: [9] [265/266] eta: 0:00:00 lr: 0.000075 tier1_loss: 0.0268 (0.5861) tier2_loss: 0.0209 (0.5788) time: 0.1107 data: 0.0001 max mem: 326
Epoch: [9] Total time: 0:00:29 (29.0895 s / it)
Val [ 0/29] eta: 0:00:05 loss: 0.0411 (0.0411) acc1: 100.0000 (100.0000) time: 0.1756 data: 0.1352 max mem: 326
Val [28/29] eta: 0:00:00 loss: 0.0285 (0.9599) acc1: 100.0000 (79.3103) time: 0.0255 data: 0.0001 max mem: 326
Val Total time: 0:00:00 (0.9488 s / it)
* Acc@1 79.310 loss 0.960 auroc 0.769 f1_score 0.530
  per-class F1 (Val): {'negative': np.float32(0.884), 'itc': np.float32(0.0), 'micro': np.float32(0.571), 'macro': np.float32(0.667)}
  [DIAG] Tier1 сам по собі: acc=80.603 f1_macro=0.537
Test [  0/197] eta: 0:00:31 loss: 0.0651 (0.0651) acc1: 100.0000 (100.0000) time: 0.1605 data: 0.1174 max mem: 326
Test [100/197] eta: 0:00:02 loss: 0.0289 (0.5362) acc1: 100.0000 (86.1386) time: 0.0267 data: 0.0001 max mem: 326
Test [196/197] eta: 0:00:00 loss: 0.0227 (0.5131) acc1: 100.0000 (87.3096) time: 0.0251 data: 0.0001 max mem: 326
Test Total time: 0:00:05 (5.5021 s / it)
* Acc@1 87.310 loss 0.513 auroc 0.884 f1_score 0.653
  per-class F1 (Test): {'negative': np.float32(0.918), 'itc': np.float32(0.0), 'micro': np.float32(0.75), 'macro': np.float32(0.944)}
  [DIAG] Tier1 сам по собі: acc=84.327 f1_macro=0.568

Epoch: [10] [  0/266] eta: 0:01:07 lr: 0.000075 tier1_loss: 1.8125 (1.8125) tier2_loss: 2.0173 (2.0173) time: 0.2536 data: 0.1164 max mem: 326
Epoch: [10] [100/266] eta: 0:00:19 lr: 0.000072 tier1_loss: 0.5038 (0.6225) tier2_loss: 0.0948 (0.5107) time: 0.1110 data: 0.0001 max mem: 326
Epoch: [10] [200/266] eta: 0:00:07 lr: 0.000068 tier1_loss: 0.0511 (0.5313) tier2_loss: 0.0117 (0.4955) time: 0.1202 data: 0.0001 max mem: 326
Epoch: [10] [265/266] eta: 0:00:00 lr: 0.000066 tier1_loss: 0.0462 (0.5273) tier2_loss: 0.0139 (0.4945) time: 0.1149 data: 0.0001 max mem: 326
Epoch: [10] Total time: 0:00:30 (30.7286 s / it)
Val [ 0/29] eta: 0:00:05 loss: 0.0224 (0.0224) acc1: 100.0000 (100.0000) time: 0.1857 data: 0.1319 max mem: 326
Val [28/29] eta: 0:00:00 loss: 0.0105 (1.0636) acc1: 100.0000 (72.4138) time: 0.0250 data: 0.0001 max mem: 326
Val Total time: 0:00:00 (0.9519 s / it)
* Acc@1 72.414 loss 1.064 auroc 0.799 f1_score 0.429
  per-class F1 (Val): {'negative': np.float32(0.857), 'itc': np.float32(0.0), 'micro': np.float32(0.286), 'macro': np.float32(0.571)}
  [DIAG] Tier1 сам по собі: acc=80.172 f1_macro=0.549
Test [  0/197] eta: 0:00:35 loss: 0.0574 (0.0574) acc1: 100.0000 (100.0000) time: 0.1820 data: 0.1310 max mem: 326
Test [100/197] eta: 0:00:02 loss: 0.0107 (0.7965) acc1: 100.0000 (81.1881) time: 0.0273 data: 0.0001 max mem: 326
Test [196/197] eta: 0:00:00 loss: 0.0079 (0.7457) acc1: 100.0000 (83.2487) time: 0.0250 data: 0.0001 max mem: 326
Test Total time: 0:00:05 (5.5570 s / it)
* Acc@1 83.249 loss 0.746 auroc 0.881 f1_score 0.542
  per-class F1 (Test): {'negative': np.float32(0.918), 'itc': np.float32(0.0), 'micro': np.float32(0.385), 'macro': np.float32(0.866)}
  [DIAG] Tier1 сам по собі: acc=83.693 f1_macro=0.559

Epoch: [11] [  0/266] eta: 0:01:02 lr: 0.000066 tier1_loss: 0.0180 (0.0180) tier2_loss: 0.0129 (0.0129) time: 0.2368 data: 0.1237 max mem: 326
Epoch: [11] [100/266] eta: 0:00:18 lr: 0.000062 tier1_loss: 0.0580 (0.4822) tier2_loss: 0.0138 (0.3280) time: 0.1112 data: 0.0001 max mem: 326
Epoch: [11] [200/266] eta: 0:00:07 lr: 0.000058 tier1_loss: 0.1456 (0.5054) tier2_loss: 0.0070 (0.4370) time: 0.1223 data: 0.0001 max mem: 326
Epoch: [11] [265/266] eta: 0:00:00 lr: 0.000056 tier1_loss: 0.0289 (0.5244) tier2_loss: 0.0094 (0.4532) time: 0.1107 data: 0.0001 max mem: 327
Epoch: [11] Total time: 0:00:29 (29.8540 s / it)
Val [ 0/29] eta: 0:00:04 loss: 0.0261 (0.0261) acc1: 100.0000 (100.0000) time: 0.1557 data: 0.1250 max mem: 327
Val [28/29] eta: 0:00:00 loss: 0.0110 (1.0981) acc1: 100.0000 (79.3103) time: 0.0247 data: 0.0001 max mem: 327
Val Total time: 0:00:00 (0.9186 s / it)
* Acc@1 79.310 loss 1.098 auroc 0.821 f1_score 0.530
  per-class F1 (Val): {'negative': np.float32(0.884), 'itc': np.float32(0.0), 'micro': np.float32(0.571), 'macro': np.float32(0.667)}
  [DIAG] Tier1 сам по собі: acc=81.034 f1_macro=0.543
Test [  0/197] eta: 0:00:35 loss: 0.0322 (0.0322) acc1: 100.0000 (100.0000) time: 0.1779 data: 0.1272 max mem: 327
Test [100/197] eta: 0:00:02 loss: 0.0141 (0.5934) acc1: 100.0000 (86.1386) time: 0.0265 data: 0.0001 max mem: 327
Test [196/197] eta: 0:00:00 loss: 0.0082 (0.5506) acc1: 100.0000 (87.3096) time: 0.0241 data: 0.0001 max mem: 327
Test Total time: 0:00:05 (5.3415 s / it)
* Acc@1 87.310 loss 0.551 auroc 0.884 f1_score 0.700
  per-class F1 (Test): {'negative': np.float32(0.921), 'itc': np.float32(0.222), 'micro': np.float32(0.718), 'macro': np.float32(0.94)}
  [DIAG] Tier1 сам по собі: acc=85.850 f1_macro=0.623

Epoch: [12] [  0/266] eta: 0:01:03 lr: 0.000056 tier1_loss: 4.0553 (4.0553) tier2_loss: 5.5167 (5.5167) time: 0.2387 data: 0.1183 max mem: 327
Epoch: [12] [100/266] eta: 0:00:19 lr: 0.000052 tier1_loss: 0.0566 (0.6264) tier2_loss: 0.0134 (0.4881) time: 0.1091 data: 0.0001 max mem: 327
Epoch: [12] [200/266] eta: 0:00:07 lr: 0.000048 tier1_loss: 0.0207 (0.4869) tier2_loss: 0.0062 (0.4203) time: 0.1114 data: 0.0001 max mem: 327
Epoch: [12] [265/266] eta: 0:00:00 lr: 0.000045 tier1_loss: 0.0739 (0.4969) tier2_loss: 0.0081 (0.4008) time: 0.0929 data: 0.0001 max mem: 327
Epoch: [12] Total time: 0:00:30 (30.4392 s / it)
Val [ 0/29] eta: 0:00:05 loss: 0.0564 (0.0564) acc1: 100.0000 (100.0000) time: 0.1779 data: 0.1414 max mem: 327
Val [28/29] eta: 0:00:00 loss: 0.0071 (1.1542) acc1: 100.0000 (75.8621) time: 0.0251 data: 0.0001 max mem: 327
Val Total time: 0:00:00 (0.9441 s / it)
* Acc@1 75.862 loss 1.154 auroc 0.838 f1_score 0.548
  per-class F1 (Val): {'negative': np.float32(0.857), 'itc': np.float32(0.0), 'micro': np.float32(0.667), 'macro': np.float32(0.667)}
  [DIAG] Tier1 сам по собі: acc=80.172 f1_macro=0.537
Test [  0/197] eta: 0:00:31 loss: 0.0753 (0.0753) acc1: 100.0000 (100.0000) time: 0.1621 data: 0.1143 max mem: 327
Test [100/197] eta: 0:00:02 loss: 0.0175 (0.6339) acc1: 100.0000 (86.1386) time: 0.0260 data: 0.0001 max mem: 327
Test [196/197] eta: 0:00:00 loss: 0.0056 (0.5719) acc1: 100.0000 (86.2944) time: 0.0248 data: 0.0004 max mem: 327
Test Total time: 0:00:05 (5.3293 s / it)
* Acc@1 86.294 loss 0.572 auroc 0.885 f1_score 0.688
  per-class F1 (Test): {'negative': np.float32(0.913), 'itc': np.float32(0.174), 'micro': np.float32(0.71), 'macro': np.float32(0.955)}
  [DIAG] Tier1 сам по собі: acc=85.787 f1_macro=0.622

Epoch: [13] [  0/266] eta: 0:01:06 lr: 0.000045 tier1_loss: 0.0630 (0.0630) tier2_loss: 0.0081 (0.0081) time: 0.2489 data: 0.1107 max mem: 327
Epoch: [13] [100/266] eta: 0:00:19 lr: 0.000041 tier1_loss: 0.0569 (0.5160) tier2_loss: 0.0090 (0.3504) time: 0.1139 data: 0.0001 max mem: 327
Epoch: [13] [200/266] eta: 0:00:07 lr: 0.000038 tier1_loss: 0.0343 (0.4908) tier2_loss: 0.0047 (0.3461) time: 0.1182 data: 0.0001 max mem: 327
Epoch: [13] [265/266] eta: 0:00:00 lr: 0.000035 tier1_loss: 0.0238 (0.4784) tier2_loss: 0.0045 (0.3396) time: 0.1061 data: 0.0001 max mem: 327
Epoch: [13] Total time: 0:00:30 (30.6995 s / it)
Val [ 0/29] eta: 0:00:04 loss: 0.0261 (0.0261) acc1: 100.0000 (100.0000) time: 0.1667 data: 0.1230 max mem: 327
Val [28/29] eta: 0:00:00 loss: 0.0047 (1.2831) acc1: 100.0000 (75.8621) time: 0.0256 data: 0.0001 max mem: 327
Val Total time: 0:00:00 (0.9532 s / it)
* Acc@1 75.862 loss 1.283 auroc 0.827 f1_score 0.524
  per-class F1 (Val): {'negative': np.float32(0.857), 'itc': np.float32(0.0), 'micro': np.float32(0.571), 'macro': np.float32(0.667)}
  [DIAG] Tier1 сам по собі: acc=78.448 f1_macro=0.524
Test [  0/197] eta: 0:00:31 loss: 0.1426 (0.1426) acc1: 100.0000 (100.0000) time: 0.1590 data: 0.1245 max mem: 327
Test [100/197] eta: 0:00:02 loss: 0.0098 (0.8424) acc1: 100.0000 (82.1782) time: 0.0255 data: 0.0001 max mem: 327
Test [196/197] eta: 0:00:00 loss: 0.0033 (0.7387) acc1: 100.0000 (83.7563) time: 0.0262 data: 0.0001 max mem: 327
Test Total time: 0:00:05 (5.3517 s / it)
* Acc@1 83.756 loss 0.739 auroc 0.893 f1_score 0.642
  per-class F1 (Test): {'negative': np.float32(0.908), 'itc': np.float32(0.24), 'micro': np.float32(0.519), 'macro': np.float32(0.903)}
  [DIAG] Tier1 сам по собі: acc=84.264 f1_macro=0.591

Epoch: [14] [  0/266] eta: 0:01:02 lr: 0.000035 tier1_loss: 3.4334 (3.4334) tier2_loss: 4.2474 (4.2474) time: 0.2331 data: 0.1229 max mem: 327
Epoch: [14] [100/266] eta: 0:00:18 lr: 0.000032 tier1_loss: 0.0456 (0.5012) tier2_loss: 0.0063 (0.4266) time: 0.1171 data: 0.0001 max mem: 327
Epoch: [14] [200/266] eta: 0:00:07 lr: 0.000028 tier1_loss: 0.0340 (0.4675) tier2_loss: 0.0039 (0.3192) time: 0.1071 data: 0.0001 max mem: 327
Epoch: [14] [265/266] eta: 0:00:00 lr: 0.000026 tier1_loss: 0.0536 (0.4594) tier2_loss: 0.0046 (0.3196) time: 0.1123 data: 0.0001 max mem: 327
Epoch: [14] Total time: 0:00:30 (30.1048 s / it)
Val [ 0/29] eta: 0:00:05 loss: 0.0166 (0.0166) acc1: 100.0000 (100.0000) time: 0.1794 data: 0.1385 max mem: 327
Val [28/29] eta: 0:00:00 loss: 0.0030 (1.3520) acc1: 100.0000 (75.8621) time: 0.0253 data: 0.0001 max mem: 327
Val Total time: 0:00:00 (0.9427 s / it)
* Acc@1 75.862 loss 1.352 auroc 0.831 f1_score 0.524
  per-class F1 (Val): {'negative': np.float32(0.857), 'itc': np.float32(0.0), 'micro': np.float32(0.571), 'macro': np.float32(0.667)}
  [DIAG] Tier1 сам по собі: acc=78.879 f1_macro=0.527
Test [  0/197] eta: 0:00:29 loss: 0.0157 (0.0157) acc1: 100.0000 (100.0000) time: 0.1491 data: 0.1052 max mem: 327
Test [100/197] eta: 0:00:02 loss: 0.0054 (0.7019) acc1: 100.0000 (86.1386) time: 0.0259 data: 0.0001 max mem: 327
Test [196/197] eta: 0:00:00 loss: 0.0032 (0.6035) acc1: 100.0000 (87.3096) time: 0.0251 data: 0.0001 max mem: 327
Test Total time: 0:00:05 (5.3639 s / it)
* Acc@1 87.310 loss 0.604 auroc 0.901 f1_score 0.717
  per-class F1 (Test): {'negative': np.float32(0.916), 'itc': np.float32(0.261), 'micro': np.float32(0.727), 'macro': np.float32(0.966)}
  [DIAG] Tier1 сам по собі: acc=85.089 f1_macro=0.610

Epoch: [15] [  0/266] eta: 0:01:05 lr: 0.000026 tier1_loss: 0.1583 (0.1583) tier2_loss: 0.0140 (0.0140) time: 0.2463 data: 0.1243 max mem: 327
Epoch: [15] [100/266] eta: 0:00:18 lr: 0.000022 tier1_loss: 0.0339 (0.3164) tier2_loss: 0.0027 (0.2396) time: 0.1069 data: 0.0001 max mem: 327
Epoch: [15] [200/266] eta: 0:00:07 lr: 0.000019 tier1_loss: 0.0226 (0.3886) tier2_loss: 0.0047 (0.2813) time: 0.1139 data: 0.0001 max mem: 327
Epoch: [15] [265/266] eta: 0:00:00 lr: 0.000017 tier1_loss: 0.0411 (0.4215) tier2_loss: 0.0038 (0.2835) time: 0.1030 data: 0.0001 max mem: 327
Epoch: [15] Total time: 0:00:29 (29.4704 s / it)
Val [ 0/29] eta: 0:00:04 loss: 0.1439 (0.1439) acc1: 100.0000 (100.0000) time: 0.1594 data: 0.1245 max mem: 327
Val [28/29] eta: 0:00:00 loss: 0.0039 (1.4050) acc1: 100.0000 (75.8621) time: 0.0255 data: 0.0001 max mem: 327
Val Total time: 0:00:00 (0.9275 s / it)
* Acc@1 75.862 loss 1.405 auroc 0.816 f1_score 0.524
  per-class F1 (Val): {'negative': np.float32(0.857), 'itc': np.float32(0.0), 'micro': np.float32(0.571), 'macro': np.float32(0.667)}
  [DIAG] Tier1 сам по собі: acc=76.724 f1_macro=0.512
Test [  0/197] eta: 0:00:30 loss: 0.0481 (0.0481) acc1: 100.0000 (100.0000) time: 0.1568 data: 0.1225 max mem: 327
Test [100/197] eta: 0:00:02 loss: 0.0202 (0.8452) acc1: 100.0000 (81.1881) time: 0.0265 data: 0.0001 max mem: 327
Test [196/197] eta: 0:00:00 loss: 0.0023 (0.7311) acc1: 100.0000 (82.7411) time: 0.0255 data: 0.0001 max mem: 327
Test Total time: 0:00:05 (5.3704 s / it)
* Acc@1 82.741 loss 0.731 auroc 0.903 f1_score 0.643
  per-class F1 (Test): {'negative': np.float32(0.902), 'itc': np.float32(0.286), 'micro': np.float32(0.483), 'macro': np.float32(0.903)}
  [DIAG] Tier1 сам по собі: acc=83.947 f1_macro=0.592

Epoch: [16] [  0/266] eta: 0:01:06 lr: 0.000017 tier1_loss: 0.1040 (0.1040) tier2_loss: 0.0019 (0.0019) time: 0.2516 data: 0.1140 max mem: 327
Epoch: [16] [100/266] eta: 0:00:18 lr: 0.000015 tier1_loss: 0.0346 (0.3630) tier2_loss: 0.0046 (0.2143) time: 0.1072 data: 0.0001 max mem: 327
Epoch: [16] [200/266] eta: 0:00:07 lr: 0.000012 tier1_loss: 0.0697 (0.4062) tier2_loss: 0.0041 (0.2297) time: 0.1155 data: 0.0001 max mem: 327
Epoch: [16] [265/266] eta: 0:00:00 lr: 0.000010 tier1_loss: 0.0360 (0.3988) tier2_loss: 0.0028 (0.2514) time: 0.0985 data: 0.0001 max mem: 327
Epoch: [16] Total time: 0:00:29 (29.3119 s / it)
Val [ 0/29] eta: 0:00:04 loss: 0.0546 (0.0546) acc1: 100.0000 (100.0000) time: 0.1710 data: 0.1306 max mem: 327
Val [28/29] eta: 0:00:00 loss: 0.0029 (1.4700) acc1: 100.0000 (75.8621) time: 0.0241 data: 0.0001 max mem: 327
Val Total time: 0:00:00 (0.9163 s / it)
* Acc@1 75.862 loss 1.470 auroc 0.837 f1_score 0.524
  per-class F1 (Val): {'negative': np.float32(0.857), 'itc': np.float32(0.0), 'micro': np.float32(0.571), 'macro': np.float32(0.667)}
  [DIAG] Tier1 сам по собі: acc=78.448 f1_macro=0.524
Test [  0/197] eta: 0:00:29 loss: 0.0230 (0.0230) acc1: 100.0000 (100.0000) time: 0.1483 data: 0.1108 max mem: 327
Test [100/197] eta: 0:00:02 loss: 0.0090 (0.8411) acc1: 100.0000 (81.1881) time: 0.0272 data: 0.0001 max mem: 327
Test [196/197] eta: 0:00:00 loss: 0.0020 (0.6730) acc1: 100.0000 (83.7563) time: 0.0246 data: 0.0001 max mem: 327
Test Total time: 0:00:05 (5.4047 s / it)
* Acc@1 83.756 loss 0.673 auroc 0.913 f1_score 0.643
  per-class F1 (Test): {'negative': np.float32(0.911), 'itc': np.float32(0.296), 'micro': np.float32(0.462), 'macro': np.float32(0.903)}
  [DIAG] Tier1 сам по собі: acc=84.772 f1_macro=0.606

Epoch: [17] [  0/266] eta: 0:00:55 lr: 0.000010 tier1_loss: 0.0781 (0.0781) tier2_loss: 0.0165 (0.0165) time: 0.2102 data: 0.1015 max mem: 327
Epoch: [17] [100/266] eta: 0:00:15 lr: 0.000008 tier1_loss: 0.0256 (0.5298) tier2_loss: 0.0020 (0.3238) time: 0.1006 data: 0.0001 max mem: 327
Epoch: [17] [200/266] eta: 0:00:06 lr: 0.000006 tier1_loss: 0.0280 (0.4284) tier2_loss: 0.0030 (0.2483) time: 0.1220 data: 0.0001 max mem: 327
Epoch: [17] [265/266] eta: 0:00:00 lr: 0.000005 tier1_loss: 0.0494 (0.3905) tier2_loss: 0.0026 (0.2264) time: 0.0988 data: 0.0001 max mem: 327
Epoch: [17] Total time: 0:00:27 (27.4233 s / it)
Val [ 0/29] eta: 0:00:05 loss: 0.0705 (0.0705) acc1: 100.0000 (100.0000) time: 0.1734 data: 0.1278 max mem: 327
Val [28/29] eta: 0:00:00 loss: 0.0018 (1.4402) acc1: 100.0000 (75.8621) time: 0.0259 data: 0.0001 max mem: 327
Val Total time: 0:00:00 (0.9705 s / it)
* Acc@1 75.862 loss 1.440 auroc 0.835 f1_score 0.524
  per-class F1 (Val): {'negative': np.float32(0.857), 'itc': np.float32(0.0), 'micro': np.float32(0.571), 'macro': np.float32(0.667)}
  [DIAG] Tier1 сам по собі: acc=78.017 f1_macro=0.521
Test [  0/197] eta: 0:00:31 loss: 0.0349 (0.0349) acc1: 100.0000 (100.0000) time: 0.1606 data: 0.1274 max mem: 327
Test [100/197] eta: 0:00:02 loss: 0.0092 (0.8802) acc1: 100.0000 (81.1881) time: 0.0262 data: 0.0001 max mem: 327
Test [196/197] eta: 0:00:00 loss: 0.0018 (0.7126) acc1: 100.0000 (84.2640) time: 0.0242 data: 0.0001 max mem: 327
Test Total time: 0:00:05 (5.3111 s / it)
* Acc@1 84.264 loss 0.713 auroc 0.900 f1_score 0.647
  per-class F1 (Test): {'negative': np.float32(0.916), 'itc': np.float32(0.308), 'micro': np.float32(0.462), 'macro': np.float32(0.903)}
  [DIAG] Tier1 сам по собі: acc=84.137 f1_macro=0.594

Epoch: [18] [  0/266] eta: 0:01:02 lr: 0.000005 tier1_loss: 0.0512 (0.0512) tier2_loss: 0.0021 (0.0021) time: 0.2340 data: 0.1193 max mem: 327
Epoch: [18] [100/266] eta: 0:00:17 lr: 0.000004 tier1_loss: 0.0526 (0.4142) tier2_loss: 0.0031 (0.2306) time: 0.1007 data: 0.0001 max mem: 327
Epoch: [18] [200/266] eta: 0:00:06 lr: 0.000003 tier1_loss: 0.0329 (0.3996) tier2_loss: 0.0022 (0.2324) time: 0.1026 data: 0.0001 max mem: 327
Epoch: [18] [265/266] eta: 0:00:00 lr: 0.000002 tier1_loss: 0.0508 (0.3830) tier2_loss: 0.0029 (0.2242) time: 0.0871 data: 0.0001 max mem: 327
Epoch: [18] Total time: 0:00:28 (28.1817 s / it)
Val [ 0/29] eta: 0:00:03 loss: 0.0778 (0.0778) acc1: 100.0000 (100.0000) time: 0.1371 data: 0.1035 max mem: 327
Val [28/29] eta: 0:00:00 loss: 0.0018 (1.5113) acc1: 100.0000 (75.8621) time: 0.0248 data: 0.0001 max mem: 327
Val Total time: 0:00:00 (0.9312 s / it)
* Acc@1 75.862 loss 1.511 auroc 0.828 f1_score 0.524
  per-class F1 (Val): {'negative': np.float32(0.857), 'itc': np.float32(0.0), 'micro': np.float32(0.571), 'macro': np.float32(0.667)}
  [DIAG] Tier1 сам по собі: acc=78.879 f1_macro=0.527
Test [  0/197] eta: 0:00:32 loss: 0.0456 (0.0456) acc1: 100.0000 (100.0000) time: 0.1643 data: 0.1256 max mem: 327
Test [100/197] eta: 0:00:02 loss: 0.0091 (0.8870) acc1: 100.0000 (81.1881) time: 0.0260 data: 0.0001 max mem: 327
Test [196/197] eta: 0:00:00 loss: 0.0018 (0.7080) acc1: 100.0000 (83.7563) time: 0.0258 data: 0.0001 max mem: 327
Test Total time: 0:00:05 (5.4063 s / it)
* Acc@1 83.756 loss 0.708 auroc 0.906 f1_score 0.643
  per-class F1 (Test): {'negative': np.float32(0.911), 'itc': np.float32(0.296), 'micro': np.float32(0.462), 'macro': np.float32(0.903)}
  [DIAG] Tier1 сам по собі: acc=84.264 f1_macro=0.593

Epoch: [19] [  0/266] eta: 0:01:12 lr: 0.000002 tier1_loss: 0.0255 (0.0255) tier2_loss: 0.0021 (0.0021) time: 0.2710 data: 0.1247 max mem: 327
Epoch: [19] [100/266] eta: 0:00:19 lr: 0.000001 tier1_loss: 0.0831 (0.2785) tier2_loss: 0.0052 (0.0939) time: 0.1170 data: 0.0001 max mem: 327
Epoch: [19] [200/266] eta: 0:00:07 lr: 0.000001 tier1_loss: 0.0455 (0.3850) tier2_loss: 0.0028 (0.2322) time: 0.1177 data: 0.0001 max mem: 327
Epoch: [19] [265/266] eta: 0:00:00 lr: 0.000001 tier1_loss: 0.0782 (0.3771) tier2_loss: 0.0049 (0.2190) time: 0.1156 data: 0.0001 max mem: 327
Epoch: [19] Total time: 0:00:30 (30.9939 s / it)
Val [ 0/29] eta: 0:00:04 loss: 0.0801 (0.0801) acc1: 100.0000 (100.0000) time: 0.1671 data: 0.1296 max mem: 327
Val [28/29] eta: 0:00:00 loss: 0.0027 (1.4847) acc1: 100.0000 (75.8621) time: 0.0288 data: 0.0001 max mem: 327
Val Total time: 0:00:01 (1.2025 s / it)
* Acc@1 75.862 loss 1.485 auroc 0.830 f1_score 0.524
  per-class F1 (Val): {'negative': np.float32(0.857), 'itc': np.float32(0.0), 'micro': np.float32(0.571), 'macro': np.float32(0.667)}
  [DIAG] Tier1 сам по собі: acc=78.448 f1_macro=0.522
wandb: 
wandb: Run history:
wandb: diag/test_tier1_acc ▁▁▁▁▂▄▄▇▇█▇████▇████
wandb:  diag/test_tier1_f1 ▁▁▁▁▂▄▄▅▅▇▇██▇█▇████
wandb:       perf/test_auc ▁▃▃▃▃▄▅▆▇▇▇▇▇███████
wandb:        perf/test_f1 ▁▁▁▁▃▄▃▄▆▇▆██▇█▇▇▇▇▇
wandb:        perf/val_auc ▁▄▄▃▄▅▅▆▇▇▇█████████
wandb:         perf/val_f1 ▁▁▁▁▁▁▁▅██▆█████████
wandb:          tier1_loss ▂▁▅▁▆▁▁▁▁▁▁▅▁▁▇▁▁▁▄▂▁▂▁▆▁▁▁▁▁▁█▁▁▁▁▁▁▁▁▁
wandb:          tier2_loss ▃▃▅▅▁▆▅▁█▇▄▁▁█▁▁▁▁▇▁▁▁▁▁▇▁▁▁▁▁█▁▁▁▁▁▁▁▁▁
wandb: 
wandb: Run summary:
wandb: diag/test_tier1_acc 84.51776
wandb:  diag/test_tier1_f1 0.60111
wandb:       perf/test_auc 0.90665
wandb:        perf/test_f1 0.64583
wandb:        perf/val_auc 0.82984
wandb:         perf/val_f1 0.52381
wandb:          tier1_loss 0.00724
wandb:          tier2_loss 0.00104
wandb: 
wandb: You can sync this run to the cloud by running:
wandb: wandb sync /data/bohatyrenko1/EXPERIMENTS_2/Hi-MoE_MIL/wandb/offline-run-20260925_105350-tipb9rzp
wandb: Find logs at: ./wandb/offline-run-20260925_105350-tipb9rzp/logs
Test [  0/197] eta: 0:00:32 loss: 0.0359 (0.0359) acc1: 100.0000 (100.0000) time: 0.1654 data: 0.1231 max mem: 327
Test [100/197] eta: 0:00:02 loss: 0.0093 (0.8793) acc1: 100.0000 (81.1881) time: 0.0261 data: 0.0001 max mem: 327
Test [196/197] eta: 0:00:00 loss: 0.0018 (0.6963) acc1: 100.0000 (84.2640) time: 0.0258 data: 0.0001 max mem: 327
Test Total time: 0:00:05 (5.3623 s / it)
* Acc@1 84.264 loss 0.696 auroc 0.907 f1_score 0.646
  per-class F1 (Test): {'negative': np.float32(0.916), 'itc': np.float32(0.32), 'micro': np.float32(0.444), 'macro': np.float32(0.903)}
  [DIAG] Tier1 сам по собі: acc=84.518 f1_macro=0.601

============================================================
FINAL EPOCH (19) RESULTS (DTFD-ASMIL v2):
  test_auc=0.9067 test_acc=84.26 test_f1(macro)=0.6458
  [DIAG] Tier1 сам по собі: acc=84.518 f1_macro=0.601
  test per-class F1: {'negative': np.float32(0.916), 'itc': np.float32(0.32), 'micro': np.float32(0.444), 'macro': np.float32(0.903)}
  test confusion matrix (rows=true, cols=pred):
          negative         itc       micro       macro
negative        114           3           2           2
     itc         11           4           1           0
   micro          3           2           6           7
   macro          0           0           0          42
============================================================
Best epoch: {'epoch': 12, 'val_f1': 0.5476190447807312, 'val_auc': 0.838119626045227, 'test_f1': 0.6877085566520691, 'test_auc': 0.8850001692771912}
