wandb: Tracking run with wandb version 0.28.0
wandb: W&B syncing is set to `offline` in this directory. Run `wandb online` or set WANDB_MODE=online to enable cloud syncing.
wandb: Run data is saved locally in /data/bohatyrenko1/EXPERIMENTS_2/Hi-MoE_MIL/wandb/offline-run-20260925_105505-yla7onbd
wandb: View this run in the terminal with `wandb leet`
Used config (DTFD-ASMIL v2):
{'B': 1,
 'D_feat': 384,
 'D_inner': 128,
 'M': None,
 'ckpt_dir': 'ckpt/c17_dtfd_v2_20ep_seed4',
 'config': 'config/camelyon17_vitsdino_config_20ep.yml',
 'dataset': 'camelyon17',
 'lr': 0.0001,
 'min_lr': 1e-06,
 'n_class': 4,
 'n_token': 8,
 'n_worker': 4,
 'pin_memory': True,
 'pretrain': 'medical_ssl',
 'seed': 4,
 'splits_dir': '/data/bohatyrenko1/EXPERIMENTS_2/ASMIL/splits_paper',
 'test_dir': '/data/bohatyrenko1/features_vitsdino_camelyon17_train',
 'tier1_weight': 0.1,
 'tier2_D_inner': None,
 'tier2_n_heads': 4,
 'train_dir': '/data/bohatyrenko1/features_vitsdino_camelyon17_train',
 'train_epoch': 20,
 'wandb_mode': 'offline',
 'warmup_epoch': 5,
 'wd': 1e-05}
M (псевдо-bags) = 8, tier1_weight = 0.1
Class weights: [0.3757062256336212, 3.694444417953491, 1.6219512224197388, 2.2166666984558105]
Epoch: [0] [  0/266] eta: 0:02:45 lr: 0.000000 tier1_loss: 1.2692 (1.2692) tier2_loss: 1.4618 (1.4618) time: 0.6225 data: 0.0738 max mem: 72
Epoch: [0] [100/266] eta: 0:00:18 lr: 0.000008 tier1_loss: 1.2852 (1.3213) tier2_loss: 0.8397 (1.2713) time: 0.1101 data: 0.0001 max mem: 267
Epoch: [0] [200/266] eta: 0:00:07 lr: 0.000015 tier1_loss: 0.9479 (1.2775) tier2_loss: 0.1956 (1.1786) time: 0.0819 data: 0.0001 max mem: 325
Epoch: [0] [265/266] eta: 0:00:00 lr: 0.000020 tier1_loss: 0.6230 (1.2148) tier2_loss: 0.1377 (1.1319) time: 0.0847 data: 0.0001 max mem: 325
Epoch: [0] Total time: 0:00:27 (27.5895 s / it)
Val [ 0/29] eta: 0:00:04 loss: 0.1425 (0.1425) acc1: 100.0000 (100.0000) time: 0.1631 data: 0.1049 max mem: 325
Val [28/29] eta: 0:00:00 loss: 0.1086 (1.1312) acc1: 100.0000 (68.9655) time: 0.0289 data: 0.0001 max mem: 325
Val Total time: 0:00:01 (1.0105 s / it)
* Acc@1 68.966 loss 1.131 auroc 0.466 f1_score 0.204
  per-class F1 (Val): {'negative': np.float32(0.816), 'itc': np.float32(0.0), 'micro': np.float32(0.0), 'macro': np.float32(0.0)}
  [DIAG] Tier1 сам по собі: acc=68.966 f1_macro=0.204
Test [  0/197] eta: 0:00:29 loss: 3.2123 (3.2123) acc1: 0.0000 (0.0000) time: 0.1520 data: 0.1161 max mem: 325
Test [100/197] eta: 0:00:03 loss: 0.1191 (1.4117) acc1: 100.0000 (59.4059) time: 0.0288 data: 0.0001 max mem: 325
Test [196/197] eta: 0:00:00 loss: 0.1342 (1.3196) acc1: 100.0000 (61.4213) time: 0.0274 data: 0.0001 max mem: 325
Test Total time: 0:00:06 (6.0078 s / it)
* Acc@1 61.421 loss 1.320 auroc 0.455 f1_score 0.190
  per-class F1 (Test): {'negative': np.float32(0.761), 'itc': np.float32(0.0), 'micro': np.float32(0.0), 'macro': np.float32(0.0)}
  [DIAG] Tier1 сам по собі: acc=61.421 f1_macro=0.190

Epoch: [1] [  0/266] eta: 0:01:15 lr: 0.000020 tier1_loss: 1.9326 (1.9326) tier2_loss: 3.3939 (3.3939) time: 0.2828 data: 0.1128 max mem: 325
Epoch: [1] [100/266] eta: 0:00:17 lr: 0.000028 tier1_loss: 0.3763 (1.0166) tier2_loss: 0.1166 (1.1747) time: 0.1007 data: 0.0001 max mem: 325
Epoch: [1] [200/266] eta: 0:00:06 lr: 0.000035 tier1_loss: 0.2215 (1.0229) tier2_loss: 0.1666 (1.1909) time: 0.0810 data: 0.0001 max mem: 325
Epoch: [1] [265/266] eta: 0:00:00 lr: 0.000040 tier1_loss: 0.1821 (1.0248) tier2_loss: 0.1032 (1.1762) time: 0.0893 data: 0.0001 max mem: 325
Epoch: [1] Total time: 0:00:24 (24.7429 s / it)
Val [ 0/29] eta: 0:00:04 loss: 0.1119 (0.1119) acc1: 100.0000 (100.0000) time: 0.1584 data: 0.1216 max mem: 325
Val [28/29] eta: 0:00:00 loss: 0.0869 (1.1729) acc1: 100.0000 (68.9655) time: 0.0281 data: 0.0001 max mem: 325
Val Total time: 0:00:00 (0.9779 s / it)
* Acc@1 68.966 loss 1.173 auroc 0.608 f1_score 0.204
  per-class F1 (Val): {'negative': np.float32(0.816), 'itc': np.float32(0.0), 'micro': np.float32(0.0), 'macro': np.float32(0.0)}
  [DIAG] Tier1 сам по собі: acc=68.966 f1_macro=0.204
Test [  0/197] eta: 0:00:35 loss: 3.3047 (3.3047) acc1: 0.0000 (0.0000) time: 0.1780 data: 0.1409 max mem: 325
Test [100/197] eta: 0:00:03 loss: 0.0919 (1.4798) acc1: 100.0000 (59.4059) time: 0.0319 data: 0.0001 max mem: 325
Test [196/197] eta: 0:00:00 loss: 0.0958 (1.3739) acc1: 100.0000 (61.4213) time: 0.0290 data: 0.0001 max mem: 325
Test Total time: 0:00:06 (6.2766 s / it)
* Acc@1 61.421 loss 1.374 auroc 0.588 f1_score 0.190
  per-class F1 (Test): {'negative': np.float32(0.761), 'itc': np.float32(0.0), 'micro': np.float32(0.0), 'macro': np.float32(0.0)}
  [DIAG] Tier1 сам по собі: acc=61.421 f1_macro=0.190

Epoch: [2] [  0/266] eta: 0:00:59 lr: 0.000040 tier1_loss: 3.1153 (3.1153) tier2_loss: 4.7209 (4.7209) time: 0.2255 data: 0.1171 max mem: 325
Epoch: [2] [100/266] eta: 0:00:18 lr: 0.000048 tier1_loss: 0.1665 (1.1488) tier2_loss: 0.1897 (1.2011) time: 0.1091 data: 0.0001 max mem: 325
Epoch: [2] [200/266] eta: 0:00:07 lr: 0.000055 tier1_loss: 0.1324 (1.0751) tier2_loss: 0.0994 (1.1368) time: 0.1083 data: 0.0001 max mem: 325
Epoch: [2] [265/266] eta: 0:00:00 lr: 0.000060 tier1_loss: 0.1597 (1.1189) tier2_loss: 0.3033 (1.1565) time: 0.1052 data: 0.0001 max mem: 325
Epoch: [2] Total time: 0:00:28 (28.9695 s / it)
Val [ 0/29] eta: 0:00:04 loss: 0.2923 (0.2923) acc1: 100.0000 (100.0000) time: 0.1552 data: 0.1213 max mem: 325
Val [28/29] eta: 0:00:00 loss: 0.2528 (1.0791) acc1: 100.0000 (68.9655) time: 0.0288 data: 0.0001 max mem: 325
Val Total time: 0:00:01 (1.0108 s / it)
* Acc@1 68.966 loss 1.079 auroc 0.580 f1_score 0.204
  per-class F1 (Val): {'negative': np.float32(0.816), 'itc': np.float32(0.0), 'micro': np.float32(0.0), 'macro': np.float32(0.0)}
  [DIAG] Tier1 сам по собі: acc=68.966 f1_macro=0.204
Test [  0/197] eta: 0:00:30 loss: 2.2365 (2.2365) acc1: 0.0000 (0.0000) time: 0.1566 data: 0.1201 max mem: 325
Test [100/197] eta: 0:00:03 loss: 0.2195 (1.2842) acc1: 100.0000 (59.4059) time: 0.0295 data: 0.0001 max mem: 325
Test [196/197] eta: 0:00:00 loss: 0.2087 (1.2401) acc1: 100.0000 (61.4213) time: 0.0280 data: 0.0001 max mem: 325
Test Total time: 0:00:06 (6.0133 s / it)
* Acc@1 61.421 loss 1.240 auroc 0.609 f1_score 0.190
  per-class F1 (Test): {'negative': np.float32(0.761), 'itc': np.float32(0.0), 'micro': np.float32(0.0), 'macro': np.float32(0.0)}
  [DIAG] Tier1 сам по собі: acc=61.421 f1_macro=0.190

Epoch: [3] [  0/266] eta: 0:01:14 lr: 0.000060 tier1_loss: 0.1488 (0.1488) tier2_loss: 0.1923 (0.1923) time: 0.2807 data: 0.1107 max mem: 325
Epoch: [3] [100/266] eta: 0:00:17 lr: 0.000068 tier1_loss: 0.1331 (1.0385) tier2_loss: 0.0866 (1.0598) time: 0.1123 data: 0.0001 max mem: 325
Epoch: [3] [200/266] eta: 0:00:06 lr: 0.000075 tier1_loss: 0.1033 (1.0180) tier2_loss: 0.1273 (1.0369) time: 0.0822 data: 0.0001 max mem: 325
Epoch: [3] [265/266] eta: 0:00:00 lr: 0.000080 tier1_loss: 0.2295 (1.1233) tier2_loss: 0.4163 (1.1219) time: 0.0801 data: 0.0001 max mem: 325
Epoch: [3] Total time: 0:00:25 (25.3604 s / it)
Val [ 0/29] eta: 0:00:04 loss: 0.1625 (0.1625) acc1: 100.0000 (100.0000) time: 0.1465 data: 0.1080 max mem: 325
Val [28/29] eta: 0:00:00 loss: 0.1299 (1.0944) acc1: 100.0000 (68.9655) time: 0.0272 data: 0.0001 max mem: 325
Val Total time: 0:00:00 (0.9721 s / it)
* Acc@1 68.966 loss 1.094 auroc 0.545 f1_score 0.204
  per-class F1 (Val): {'negative': np.float32(0.816), 'itc': np.float32(0.0), 'micro': np.float32(0.0), 'macro': np.float32(0.0)}
  [DIAG] Tier1 сам по собі: acc=68.966 f1_macro=0.204
Test [  0/197] eta: 0:00:29 loss: 2.8681 (2.8681) acc1: 0.0000 (0.0000) time: 0.1475 data: 0.1081 max mem: 325
Test [100/197] eta: 0:00:02 loss: 0.1253 (1.3094) acc1: 100.0000 (59.4059) time: 0.0286 data: 0.0001 max mem: 325
Test [196/197] eta: 0:00:00 loss: 0.1214 (1.2163) acc1: 100.0000 (61.4213) time: 0.0295 data: 0.0001 max mem: 325
Test Total time: 0:00:06 (6.0130 s / it)
* Acc@1 61.421 loss 1.216 auroc 0.680 f1_score 0.190
  per-class F1 (Test): {'negative': np.float32(0.761), 'itc': np.float32(0.0), 'micro': np.float32(0.0), 'macro': np.float32(0.0)}
  [DIAG] Tier1 сам по собі: acc=61.421 f1_macro=0.190

Epoch: [4] [  0/266] eta: 0:01:19 lr: 0.000080 tier1_loss: 2.4730 (2.4730) tier2_loss: 3.0703 (3.0703) time: 0.2975 data: 0.1151 max mem: 325
Epoch: [4] [100/266] eta: 0:00:16 lr: 0.000088 tier1_loss: 0.1099 (0.9593) tier2_loss: 0.1071 (0.9545) time: 0.0992 data: 0.0001 max mem: 325
Epoch: [4] [200/266] eta: 0:00:06 lr: 0.000095 tier1_loss: 0.1359 (1.0173) tier2_loss: 0.0838 (1.0390) time: 0.1097 data: 0.0001 max mem: 325
Epoch: [4] [265/266] eta: 0:00:00 lr: 0.000100 tier1_loss: 0.2055 (1.0650) tier2_loss: 0.2672 (1.0877) time: 0.0987 data: 0.0001 max mem: 325
Epoch: [4] Total time: 0:00:27 (27.4379 s / it)
Val [ 0/29] eta: 0:00:04 loss: 0.1660 (0.1660) acc1: 100.0000 (100.0000) time: 0.1672 data: 0.1336 max mem: 325
Val [28/29] eta: 0:00:00 loss: 0.1654 (1.0204) acc1: 100.0000 (68.9655) time: 0.0278 data: 0.0001 max mem: 325
Val Total time: 0:00:00 (0.9968 s / it)
* Acc@1 68.966 loss 1.020 auroc 0.646 f1_score 0.204
  per-class F1 (Val): {'negative': np.float32(0.816), 'itc': np.float32(0.0), 'micro': np.float32(0.0), 'macro': np.float32(0.0)}
  [DIAG] Tier1 сам по собі: acc=68.966 f1_macro=0.204
Test [  0/197] eta: 0:00:29 loss: 2.9183 (2.9183) acc1: 0.0000 (0.0000) time: 0.1512 data: 0.1166 max mem: 325
Test [100/197] eta: 0:00:02 loss: 0.1654 (1.1446) acc1: 100.0000 (63.3663) time: 0.0284 data: 0.0001 max mem: 325
Test [196/197] eta: 0:00:00 loss: 0.1617 (1.0180) acc1: 100.0000 (66.4975) time: 0.0277 data: 0.0001 max mem: 325
Test Total time: 0:00:05 (5.7850 s / it)
* Acc@1 66.497 loss 1.018 auroc 0.714 f1_score 0.293
  per-class F1 (Test): {'negative': np.float32(0.786), 'itc': np.float32(0.0), 'micro': np.float32(0.0), 'macro': np.float32(0.385)}
  [DIAG] Tier1 сам по собі: acc=62.056 f1_macro=0.205

Epoch: [5] [  0/266] eta: 0:01:01 lr: 0.000100 tier1_loss: 0.1558 (0.1558) tier2_loss: 0.1721 (0.1721) time: 0.2313 data: 0.1055 max mem: 325
Epoch: [5] [100/266] eta: 0:00:18 lr: 0.000100 tier1_loss: 0.2886 (1.0355) tier2_loss: 0.4971 (1.0799) time: 0.1129 data: 0.0001 max mem: 325
Epoch: [5] [200/266] eta: 0:00:07 lr: 0.000099 tier1_loss: 0.1143 (1.0125) tier2_loss: 0.1200 (1.0372) time: 0.1162 data: 0.0001 max mem: 325
Epoch: [5] [265/266] eta: 0:00:00 lr: 0.000099 tier1_loss: 0.1004 (1.0168) tier2_loss: 0.1120 (1.0654) time: 0.1012 data: 0.0001 max mem: 325
Epoch: [5] Total time: 0:00:29 (29.7522 s / it)
Val [ 0/29] eta: 0:00:05 loss: 0.1159 (0.1159) acc1: 100.0000 (100.0000) time: 0.1761 data: 0.1339 max mem: 325
Val [28/29] eta: 0:00:00 loss: 0.1121 (1.1418) acc1: 100.0000 (68.9655) time: 0.0280 data: 0.0001 max mem: 325
Val Total time: 0:00:01 (1.0029 s / it)
* Acc@1 68.966 loss 1.142 auroc 0.585 f1_score 0.204
  per-class F1 (Val): {'negative': np.float32(0.816), 'itc': np.float32(0.0), 'micro': np.float32(0.0), 'macro': np.float32(0.0)}
  [DIAG] Tier1 сам по собі: acc=68.966 f1_macro=0.204
Test [  0/197] eta: 0:00:32 loss: 2.9570 (2.9570) acc1: 0.0000 (0.0000) time: 0.1658 data: 0.1331 max mem: 325
Test [100/197] eta: 0:00:02 loss: 0.1116 (1.2143) acc1: 100.0000 (65.3465) time: 0.0283 data: 0.0001 max mem: 325
Test [196/197] eta: 0:00:00 loss: 0.1074 (1.0833) acc1: 100.0000 (70.0508) time: 0.0282 data: 0.0001 max mem: 325
Test Total time: 0:00:05 (5.7540 s / it)
* Acc@1 70.051 loss 1.083 auroc 0.629 f1_score 0.345
  per-class F1 (Test): {'negative': np.float32(0.804), 'itc': np.float32(0.0), 'micro': np.float32(0.0), 'macro': np.float32(0.576)}
  [DIAG] Tier1 сам по собі: acc=68.211 f1_macro=0.319

Epoch: [6] [  0/266] eta: 0:01:00 lr: 0.000099 tier1_loss: 0.0832 (0.0832) tier2_loss: 0.1049 (0.1049) time: 0.2291 data: 0.0978 max mem: 325
Epoch: [6] [100/266] eta: 0:00:17 lr: 0.000098 tier1_loss: 0.1724 (0.9644) tier2_loss: 0.1566 (1.0095) time: 0.1018 data: 0.0001 max mem: 325
Epoch: [6] [200/266] eta: 0:00:07 lr: 0.000097 tier1_loss: 0.0863 (0.8951) tier2_loss: 0.0812 (0.9428) time: 0.1098 data: 0.0001 max mem: 325
Epoch: [6] [265/266] eta: 0:00:00 lr: 0.000096 tier1_loss: 0.2901 (0.9511) tier2_loss: 0.1625 (0.9905) time: 0.1002 data: 0.0001 max mem: 325
Epoch: [6] Total time: 0:00:28 (28.5526 s / it)
Val [ 0/29] eta: 0:00:05 loss: 0.1349 (0.1349) acc1: 100.0000 (100.0000) time: 0.1876 data: 0.1252 max mem: 325
Val [28/29] eta: 0:00:00 loss: 0.1095 (0.9923) acc1: 100.0000 (68.9655) time: 0.0282 data: 0.0001 max mem: 325
Val Total time: 0:00:01 (1.0290 s / it)
* Acc@1 68.966 loss 0.992 auroc 0.692 f1_score 0.285
  per-class F1 (Val): {'negative': np.float32(0.809), 'itc': np.float32(0.0), 'micro': np.float32(0.0), 'macro': np.float32(0.333)}
  [DIAG] Tier1 сам по собі: acc=71.552 f1_macro=0.307
Test [  0/197] eta: 0:00:31 loss: 2.4884 (2.4884) acc1: 0.0000 (0.0000) time: 0.1609 data: 0.1249 max mem: 325
Test [100/197] eta: 0:00:02 loss: 0.1226 (0.9356) acc1: 100.0000 (70.2970) time: 0.0279 data: 0.0001 max mem: 325
Test [196/197] eta: 0:00:00 loss: 0.1033 (0.7937) acc1: 100.0000 (75.6345) time: 0.0267 data: 0.0001 max mem: 325
Test Total time: 0:00:05 (5.7085 s / it)
* Acc@1 75.635 loss 0.794 auroc 0.729 f1_score 0.408
  per-class F1 (Test): {'negative': np.float32(0.839), 'itc': np.float32(0.0), 'micro': np.float32(0.0), 'macro': np.float32(0.791)}
  [DIAG] Tier1 сам по собі: acc=76.586 f1_macro=0.417

Epoch: [7] [  0/266] eta: 0:00:54 lr: 0.000096 tier1_loss: 0.4257 (0.4257) tier2_loss: 0.3469 (0.3469) time: 0.2037 data: 0.0947 max mem: 325
Epoch: [7] [100/266] eta: 0:00:17 lr: 0.000094 tier1_loss: 0.1435 (0.8489) tier2_loss: 0.0848 (0.9122) time: 0.0975 data: 0.0001 max mem: 325
Epoch: [7] [200/266] eta: 0:00:06 lr: 0.000092 tier1_loss: 0.1113 (0.8723) tier2_loss: 0.0501 (0.9386) time: 0.0994 data: 0.0001 max mem: 325
Epoch: [7] [265/266] eta: 0:00:00 lr: 0.000091 tier1_loss: 0.0491 (0.7740) tier2_loss: 0.0327 (0.8117) time: 0.1084 data: 0.0001 max mem: 325
Epoch: [7] Total time: 0:00:27 (27.2826 s / it)
Val [ 0/29] eta: 0:00:04 loss: 0.0360 (0.0360) acc1: 100.0000 (100.0000) time: 0.1642 data: 0.1263 max mem: 325
Val [28/29] eta: 0:00:00 loss: 0.0276 (1.1077) acc1: 100.0000 (75.8621) time: 0.0280 data: 0.0001 max mem: 325
Val Total time: 0:00:00 (0.9890 s / it)
* Acc@1 75.862 loss 1.108 auroc 0.789 f1_score 0.379
  per-class F1 (Val): {'negative': np.float32(0.851), 'itc': np.float32(0.0), 'micro': np.float32(0.0), 'macro': np.float32(0.667)}
  [DIAG] Tier1 сам по собі: acc=75.862 f1_macro=0.377
Test [  0/197] eta: 0:00:29 loss: 2.8311 (2.8311) acc1: 0.0000 (0.0000) time: 0.1502 data: 0.1147 max mem: 325
Test [100/197] eta: 0:00:02 loss: 0.0320 (0.8188) acc1: 100.0000 (77.2277) time: 0.0294 data: 0.0001 max mem: 325
Test [196/197] eta: 0:00:00 loss: 0.0243 (0.7002) acc1: 100.0000 (81.7259) time: 0.0278 data: 0.0001 max mem: 325
Test Total time: 0:00:05 (5.9200 s / it)
* Acc@1 81.726 loss 0.700 auroc 0.839 f1_score 0.449
  per-class F1 (Test): {'negative': np.float32(0.891), 'itc': np.float32(0.0), 'micro': np.float32(0.0), 'macro': np.float32(0.903)}
  [DIAG] Tier1 сам по собі: acc=81.916 f1_macro=0.449

Epoch: [8] [  0/266] eta: 0:00:55 lr: 0.000091 tier1_loss: 0.0543 (0.0543) tier2_loss: 0.0241 (0.0241) time: 0.2100 data: 0.1026 max mem: 325
Epoch: [8] [100/266] eta: 0:00:18 lr: 0.000088 tier1_loss: 0.0790 (0.7937) tier2_loss: 0.0714 (0.7669) time: 0.1098 data: 0.0001 max mem: 325
Epoch: [8] [200/266] eta: 0:00:07 lr: 0.000085 tier1_loss: 0.0470 (0.6915) tier2_loss: 0.0212 (0.6656) time: 0.1083 data: 0.0001 max mem: 325
Epoch: [8] [265/266] eta: 0:00:00 lr: 0.000084 tier1_loss: 0.0849 (0.6729) tier2_loss: 0.0381 (0.6764) time: 0.1101 data: 0.0001 max mem: 325
Epoch: [8] Total time: 0:00:29 (29.6243 s / it)
Val [ 0/29] eta: 0:00:05 loss: 0.0277 (0.0277) acc1: 100.0000 (100.0000) time: 0.2013 data: 0.1282 max mem: 325
Val [28/29] eta: 0:00:00 loss: 0.0309 (0.8789) acc1: 100.0000 (79.3103) time: 0.0277 data: 0.0001 max mem: 325
Val Total time: 0:00:01 (1.0272 s / it)
* Acc@1 79.310 loss 0.879 auroc 0.779 f1_score 0.470
  per-class F1 (Val): {'negative': np.float32(0.909), 'itc': np.float32(0.0), 'micro': np.float32(0.4), 'macro': np.float32(0.571)}
  [DIAG] Tier1 сам по собі: acc=80.603 f1_macro=0.505
Test [  0/197] eta: 0:00:32 loss: 0.2164 (0.2164) acc1: 100.0000 (100.0000) time: 0.1643 data: 0.1084 max mem: 325
Test [100/197] eta: 0:00:02 loss: 0.0285 (0.5937) acc1: 100.0000 (84.1584) time: 0.0291 data: 0.0001 max mem: 325
Test [196/197] eta: 0:00:00 loss: 0.0220 (0.6273) acc1: 100.0000 (83.7563) time: 0.0272 data: 0.0001 max mem: 325
Test Total time: 0:00:05 (5.8991 s / it)
* Acc@1 83.756 loss 0.627 auroc 0.892 f1_score 0.594
  per-class F1 (Test): {'negative': np.float32(0.901), 'itc': np.float32(0.0), 'micro': np.float32(0.581), 'macro': np.float32(0.894)}
  [DIAG] Tier1 сам по собі: acc=81.472 f1_macro=0.447

Epoch: [9] [  0/266] eta: 0:01:07 lr: 0.000084 tier1_loss: 0.0238 (0.0238) tier2_loss: 0.0193 (0.0193) time: 0.2551 data: 0.1373 max mem: 325
Epoch: [9] [100/266] eta: 0:00:17 lr: 0.000081 tier1_loss: 0.0805 (0.5679) tier2_loss: 0.0183 (0.5050) time: 0.1065 data: 0.0001 max mem: 325
Epoch: [9] [200/266] eta: 0:00:07 lr: 0.000077 tier1_loss: 0.0228 (0.5733) tier2_loss: 0.0106 (0.4963) time: 0.1136 data: 0.0001 max mem: 325
Epoch: [9] [265/266] eta: 0:00:00 lr: 0.000075 tier1_loss: 0.0586 (0.5659) tier2_loss: 0.0305 (0.5091) time: 0.1072 data: 0.0001 max mem: 325
Epoch: [9] Total time: 0:00:29 (29.2054 s / it)
Val [ 0/29] eta: 0:00:04 loss: 0.0301 (0.0301) acc1: 100.0000 (100.0000) time: 0.1627 data: 0.1192 max mem: 325
Val [28/29] eta: 0:00:00 loss: 0.0196 (0.9857) acc1: 100.0000 (82.7586) time: 0.0287 data: 0.0001 max mem: 325
Val Total time: 0:00:01 (1.1857 s / it)
* Acc@1 82.759 loss 0.986 auroc 0.794 f1_score 0.561
  per-class F1 (Val): {'negative': np.float32(0.909), 'itc': np.float32(0.0), 'micro': np.float32(0.667), 'macro': np.float32(0.667)}
  [DIAG] Tier1 сам по собі: acc=81.897 f1_macro=0.550
Test [  0/197] eta: 0:00:31 loss: 0.1794 (0.1794) acc1: 100.0000 (100.0000) time: 0.1606 data: 0.1196 max mem: 325
Test [100/197] eta: 0:00:02 loss: 0.0284 (0.6044) acc1: 100.0000 (83.1683) time: 0.0288 data: 0.0001 max mem: 325
Test [196/197] eta: 0:00:00 loss: 0.0177 (0.5509) acc1: 100.0000 (85.7868) time: 0.0275 data: 0.0001 max mem: 325
Test Total time: 0:00:05 (5.9123 s / it)
* Acc@1 85.787 loss 0.551 auroc 0.875 f1_score 0.627
  per-class F1 (Test): {'negative': np.float32(0.922), 'itc': np.float32(0.0), 'micro': np.float32(0.684), 'macro': np.float32(0.902)}
  [DIAG] Tier1 сам по собі: acc=85.596 f1_macro=0.618

Epoch: [10] [  0/266] eta: 0:01:18 lr: 0.000075 tier1_loss: 0.0181 (0.0181) tier2_loss: 0.0085 (0.0085) time: 0.2947 data: 0.1428 max mem: 325
Epoch: [10] [100/266] eta: 0:00:18 lr: 0.000072 tier1_loss: 0.0391 (0.5361) tier2_loss: 0.0221 (0.3740) time: 0.0995 data: 0.0001 max mem: 325
Epoch: [10] [200/266] eta: 0:00:07 lr: 0.000068 tier1_loss: 0.0670 (0.4868) tier2_loss: 0.0074 (0.3678) time: 0.1080 data: 0.0001 max mem: 325
Epoch: [10] [265/266] eta: 0:00:00 lr: 0.000066 tier1_loss: 0.0565 (0.5224) tier2_loss: 0.0219 (0.4304) time: 0.1142 data: 0.0001 max mem: 325
Epoch: [10] Total time: 0:00:29 (29.1553 s / it)
Val [ 0/29] eta: 0:00:05 loss: 0.0236 (0.0236) acc1: 100.0000 (100.0000) time: 0.1797 data: 0.1353 max mem: 325
Val [28/29] eta: 0:00:00 loss: 0.0117 (1.0588) acc1: 100.0000 (79.3103) time: 0.0317 data: 0.0001 max mem: 325
Val Total time: 0:00:01 (1.3003 s / it)
* Acc@1 79.310 loss 1.059 auroc 0.837 f1_score 0.530
  per-class F1 (Val): {'negative': np.float32(0.884), 'itc': np.float32(0.0), 'micro': np.float32(0.571), 'macro': np.float32(0.667)}
  [DIAG] Tier1 сам по собі: acc=78.879 f1_macro=0.529
Test [  0/197] eta: 0:00:30 loss: 0.0386 (0.0386) acc1: 100.0000 (100.0000) time: 0.1533 data: 0.1170 max mem: 325
Test [100/197] eta: 0:00:02 loss: 0.0179 (0.6230) acc1: 100.0000 (86.1386) time: 0.0289 data: 0.0003 max mem: 325
Test [196/197] eta: 0:00:00 loss: 0.0087 (0.5463) acc1: 100.0000 (86.8020) time: 0.0277 data: 0.0001 max mem: 325
Test Total time: 0:00:05 (5.8392 s / it)
* Acc@1 86.802 loss 0.546 auroc 0.886 f1_score 0.683
  per-class F1 (Test): {'negative': np.float32(0.921), 'itc': np.float32(0.2), 'micro': np.float32(0.69), 'macro': np.float32(0.923)}
  [DIAG] Tier1 сам по собі: acc=86.294 f1_macro=0.631

Epoch: [11] [  0/266] eta: 0:00:56 lr: 0.000066 tier1_loss: 0.0472 (0.0472) tier2_loss: 0.0074 (0.0074) time: 0.2136 data: 0.0976 max mem: 325
Epoch: [11] [100/266] eta: 0:00:18 lr: 0.000062 tier1_loss: 0.0518 (0.4056) tier2_loss: 0.0083 (0.3588) time: 0.1140 data: 0.0001 max mem: 325
Epoch: [11] [200/266] eta: 0:00:07 lr: 0.000058 tier1_loss: 0.1231 (0.5376) tier2_loss: 0.0190 (0.5156) time: 0.1118 data: 0.0001 max mem: 325
Epoch: [11] [265/266] eta: 0:00:00 lr: 0.000056 tier1_loss: 0.0247 (0.5107) tier2_loss: 0.0049 (0.4466) time: 0.1071 data: 0.0001 max mem: 325
Epoch: [11] Total time: 0:00:29 (29.4764 s / it)
Val [ 0/29] eta: 0:00:04 loss: 0.0079 (0.0079) acc1: 100.0000 (100.0000) time: 0.1621 data: 0.1167 max mem: 325
Val [28/29] eta: 0:00:00 loss: 0.0053 (1.1442) acc1: 100.0000 (82.7586) time: 0.0322 data: 0.0001 max mem: 325
Val Total time: 0:00:01 (1.2780 s / it)
* Acc@1 82.759 loss 1.144 auroc 0.818 f1_score 0.561
  per-class F1 (Val): {'negative': np.float32(0.909), 'itc': np.float32(0.0), 'micro': np.float32(0.667), 'macro': np.float32(0.667)}
  [DIAG] Tier1 сам по собі: acc=80.603 f1_macro=0.540
Test [  0/197] eta: 0:00:30 loss: 0.1325 (0.1325) acc1: 100.0000 (100.0000) time: 0.1540 data: 0.1177 max mem: 325
Test [100/197] eta: 0:00:02 loss: 0.0092 (0.6823) acc1: 100.0000 (86.1386) time: 0.0286 data: 0.0001 max mem: 325
Test [196/197] eta: 0:00:00 loss: 0.0083 (0.5996) acc1: 100.0000 (87.8173) time: 0.0272 data: 0.0001 max mem: 325
Test Total time: 0:00:05 (5.8824 s / it)
* Acc@1 87.817 loss 0.600 auroc 0.883 f1_score 0.734
  per-class F1 (Test): {'negative': np.float32(0.924), 'itc': np.float32(0.333), 'micro': np.float32(0.733), 'macro': np.float32(0.944)}
  [DIAG] Tier1 сам по собі: acc=85.596 f1_macro=0.611

Epoch: [12] [  0/266] eta: 0:01:02 lr: 0.000056 tier1_loss: 0.0142 (0.0142) tier2_loss: 0.0034 (0.0034) time: 0.2351 data: 0.0949 max mem: 325
Epoch: [12] [100/266] eta: 0:00:18 lr: 0.000052 tier1_loss: 0.1246 (0.4930) tier2_loss: 0.0165 (0.3662) time: 0.1106 data: 0.0001 max mem: 325
Epoch: [12] [200/266] eta: 0:00:07 lr: 0.000048 tier1_loss: 0.0956 (0.4943) tier2_loss: 0.0084 (0.3823) time: 0.1062 data: 0.0001 max mem: 325
Epoch: [12] [265/266] eta: 0:00:00 lr: 0.000045 tier1_loss: 0.0328 (0.5070) tier2_loss: 0.0067 (0.4252) time: 0.1028 data: 0.0001 max mem: 325
Epoch: [12] Total time: 0:00:29 (29.1541 s / it)
Val [ 0/29] eta: 0:00:04 loss: 0.0301 (0.0301) acc1: 100.0000 (100.0000) time: 0.1616 data: 0.1210 max mem: 325
Val [28/29] eta: 0:00:00 loss: 0.0098 (1.1471) acc1: 100.0000 (79.3103) time: 0.0278 data: 0.0001 max mem: 325
Val Total time: 0:00:00 (0.9885 s / it)
* Acc@1 79.310 loss 1.147 auroc 0.827 f1_score 0.554
  per-class F1 (Val): {'negative': np.float32(0.884), 'itc': np.float32(0.0), 'micro': np.float32(0.667), 'macro': np.float32(0.667)}
  [DIAG] Tier1 сам по собі: acc=80.172 f1_macro=0.534
Test [  0/197] eta: 0:00:31 loss: 0.0615 (0.0615) acc1: 100.0000 (100.0000) time: 0.1577 data: 0.1229 max mem: 325
Test [100/197] eta: 0:00:02 loss: 0.0331 (0.6089) acc1: 100.0000 (86.1386) time: 0.0283 data: 0.0001 max mem: 325
Test [196/197] eta: 0:00:00 loss: 0.0076 (0.5488) acc1: 100.0000 (87.3096) time: 0.0270 data: 0.0001 max mem: 325
Test Total time: 0:00:05 (5.7961 s / it)
* Acc@1 87.310 loss 0.549 auroc 0.890 f1_score 0.719
  per-class F1 (Test): {'negative': np.float32(0.92), 'itc': np.float32(0.24), 'micro': np.float32(0.75), 'macro': np.float32(0.966)}
  [DIAG] Tier1 сам по собі: acc=86.104 f1_macro=0.623

Epoch: [13] [  0/266] eta: 0:01:14 lr: 0.000045 tier1_loss: 0.0310 (0.0310) tier2_loss: 0.0253 (0.0253) time: 0.2815 data: 0.1350 max mem: 325
Epoch: [13] [100/266] eta: 0:00:19 lr: 0.000041 tier1_loss: 0.0591 (0.3879) tier2_loss: 0.0085 (0.3098) time: 0.1051 data: 0.0001 max mem: 325
Epoch: [13] [200/266] eta: 0:00:07 lr: 0.000038 tier1_loss: 0.0766 (0.4304) tier2_loss: 0.0070 (0.2356) time: 0.0994 data: 0.0001 max mem: 325
Epoch: [13] [265/266] eta: 0:00:00 lr: 0.000035 tier1_loss: 0.1110 (0.4577) tier2_loss: 0.0075 (0.2932) time: 0.1087 data: 0.0001 max mem: 325
Epoch: [13] Total time: 0:00:28 (28.3071 s / it)
Val [ 0/29] eta: 0:00:04 loss: 0.0166 (0.0166) acc1: 100.0000 (100.0000) time: 0.1706 data: 0.1265 max mem: 325
Val [28/29] eta: 0:00:00 loss: 0.0056 (1.2766) acc1: 100.0000 (75.8621) time: 0.0323 data: 0.0001 max mem: 325
Val Total time: 0:00:01 (1.3357 s / it)
* Acc@1 75.862 loss 1.277 auroc 0.893 f1_score 0.524
  per-class F1 (Val): {'negative': np.float32(0.857), 'itc': np.float32(0.0), 'micro': np.float32(0.571), 'macro': np.float32(0.667)}
  [DIAG] Tier1 сам по собі: acc=78.448 f1_macro=0.524
Test [  0/197] eta: 0:00:30 loss: 0.0121 (0.0121) acc1: 100.0000 (100.0000) time: 0.1556 data: 0.1183 max mem: 325
Test [100/197] eta: 0:00:02 loss: 0.0234 (0.6413) acc1: 100.0000 (85.1485) time: 0.0290 data: 0.0001 max mem: 325
Test [196/197] eta: 0:00:00 loss: 0.0036 (0.6765) acc1: 100.0000 (83.7563) time: 0.0277 data: 0.0001 max mem: 325
Test Total time: 0:00:05 (5.9178 s / it)
* Acc@1 83.756 loss 0.676 auroc 0.907 f1_score 0.691
  per-class F1 (Test): {'negative': np.float32(0.896), 'itc': np.float32(0.267), 'micro': np.float32(0.667), 'macro': np.float32(0.933)}
  [DIAG] Tier1 сам по собі: acc=84.772 f1_macro=0.612

Epoch: [14] [  0/266] eta: 0:01:04 lr: 0.000035 tier1_loss: 0.1226 (0.1226) tier2_loss: 0.0063 (0.0063) time: 0.2407 data: 0.1032 max mem: 325
Epoch: [14] [100/266] eta: 0:00:17 lr: 0.000032 tier1_loss: 0.0449 (0.4733) tier2_loss: 0.0031 (0.3811) time: 0.1039 data: 0.0001 max mem: 325
Epoch: [14] [200/266] eta: 0:00:06 lr: 0.000028 tier1_loss: 0.0783 (0.4409) tier2_loss: 0.0079 (0.3073) time: 0.1077 data: 0.0001 max mem: 325
Epoch: [14] [265/266] eta: 0:00:00 lr: 0.000026 tier1_loss: 0.0521 (0.4180) tier2_loss: 0.0038 (0.2936) time: 0.1145 data: 0.0001 max mem: 325
Epoch: [14] Total time: 0:00:28 (28.0930 s / it)
Val [ 0/29] eta: 0:00:05 loss: 0.0177 (0.0177) acc1: 100.0000 (100.0000) time: 0.1820 data: 0.1424 max mem: 325
Val [28/29] eta: 0:00:00 loss: 0.0030 (1.4486) acc1: 100.0000 (75.8621) time: 0.0369 data: 0.0001 max mem: 325
Val Total time: 0:00:01 (1.4838 s / it)
* Acc@1 75.862 loss 1.449 auroc 0.852 f1_score 0.524
  per-class F1 (Val): {'negative': np.float32(0.857), 'itc': np.float32(0.0), 'micro': np.float32(0.571), 'macro': np.float32(0.667)}
  [DIAG] Tier1 сам по собі: acc=78.448 f1_macro=0.522
Test [  0/197] eta: 0:00:40 loss: 0.0056 (0.0056) acc1: 100.0000 (100.0000) time: 0.2043 data: 0.1456 max mem: 325
Test [100/197] eta: 0:00:03 loss: 0.0205 (0.6836) acc1: 100.0000 (84.1584) time: 0.0297 data: 0.0001 max mem: 325
Test [196/197] eta: 0:00:00 loss: 0.0048 (0.6083) acc1: 100.0000 (85.7868) time: 0.0280 data: 0.0001 max mem: 325
Test Total time: 0:00:06 (6.2854 s / it)
* Acc@1 85.787 loss 0.608 auroc 0.906 f1_score 0.697
  per-class F1 (Test): {'negative': np.float32(0.916), 'itc': np.float32(0.261), 'micro': np.float32(0.684), 'macro': np.float32(0.929)}
  [DIAG] Tier1 сам по собі: acc=85.216 f1_macro=0.618

Epoch: [15] [  0/266] eta: 0:00:57 lr: 0.000026 tier1_loss: 2.7328 (2.7328) tier2_loss: 5.2464 (5.2464) time: 0.2161 data: 0.0961 max mem: 325
Epoch: [15] [100/266] eta: 0:00:17 lr: 0.000022 tier1_loss: 0.0888 (0.4421) tier2_loss: 0.0051 (0.3927) time: 0.1054 data: 0.0001 max mem: 325
Epoch: [15] [200/266] eta: 0:00:07 lr: 0.000019 tier1_loss: 0.0593 (0.4290) tier2_loss: 0.0042 (0.2919) time: 0.1085 data: 0.0001 max mem: 325
Epoch: [15] [265/266] eta: 0:00:00 lr: 0.000017 tier1_loss: 0.0385 (0.4083) tier2_loss: 0.0022 (0.2683) time: 0.1090 data: 0.0001 max mem: 325
Epoch: [15] Total time: 0:00:28 (28.8482 s / it)
Val [ 0/29] eta: 0:00:04 loss: 0.0133 (0.0133) acc1: 100.0000 (100.0000) time: 0.1543 data: 0.1138 max mem: 325
Val [28/29] eta: 0:00:00 loss: 0.0026 (1.4676) acc1: 100.0000 (75.8621) time: 0.0337 data: 0.0001 max mem: 325
Val Total time: 0:00:01 (1.2981 s / it)
* Acc@1 75.862 loss 1.468 auroc 0.860 f1_score 0.524
  per-class F1 (Val): {'negative': np.float32(0.857), 'itc': np.float32(0.0), 'micro': np.float32(0.571), 'macro': np.float32(0.667)}
  [DIAG] Tier1 сам по собі: acc=78.017 f1_macro=0.517
Test [  0/197] eta: 0:00:32 loss: 0.0204 (0.0204) acc1: 100.0000 (100.0000) time: 0.1672 data: 0.1159 max mem: 325
Test [100/197] eta: 0:00:03 loss: 0.0174 (0.7523) acc1: 100.0000 (85.1485) time: 0.0290 data: 0.0001 max mem: 325
Test [196/197] eta: 0:00:00 loss: 0.0026 (0.6785) acc1: 100.0000 (86.2944) time: 0.0277 data: 0.0001 max mem: 325
Test Total time: 0:00:06 (6.2439 s / it)
* Acc@1 86.294 loss 0.678 auroc 0.900 f1_score 0.701
  per-class F1 (Test): {'negative': np.float32(0.915), 'itc': np.float32(0.261), 'micro': np.float32(0.686), 'macro': np.float32(0.944)}
  [DIAG] Tier1 сам по собі: acc=85.152 f1_macro=0.615

Epoch: [16] [  0/266] eta: 0:01:15 lr: 0.000017 tier1_loss: 0.0690 (0.0690) tier2_loss: 0.0044 (0.0044) time: 0.2853 data: 0.1242 max mem: 325
Epoch: [16] [100/266] eta: 0:00:17 lr: 0.000015 tier1_loss: 0.1039 (0.4962) tier2_loss: 0.0043 (0.3957) time: 0.1014 data: 0.0001 max mem: 325
Epoch: [16] [200/266] eta: 0:00:06 lr: 0.000012 tier1_loss: 0.0149 (0.4218) tier2_loss: 0.0022 (0.2784) time: 0.1005 data: 0.0001 max mem: 325
Epoch: [16] [265/266] eta: 0:00:00 lr: 0.000010 tier1_loss: 0.0551 (0.3925) tier2_loss: 0.0029 (0.2359) time: 0.0995 data: 0.0001 max mem: 325
Epoch: [16] Total time: 0:00:27 (27.3998 s / it)
Val [ 0/29] eta: 0:00:05 loss: 0.0178 (0.0178) acc1: 100.0000 (100.0000) time: 0.1744 data: 0.1295 max mem: 325
Val [28/29] eta: 0:00:00 loss: 0.0029 (1.4876) acc1: 100.0000 (75.8621) time: 0.0282 data: 0.0001 max mem: 325
Val Total time: 0:00:00 (0.9987 s / it)
* Acc@1 75.862 loss 1.488 auroc 0.867 f1_score 0.524
  per-class F1 (Val): {'negative': np.float32(0.857), 'itc': np.float32(0.0), 'micro': np.float32(0.571), 'macro': np.float32(0.667)}
  [DIAG] Tier1 сам по собі: acc=78.879 f1_macro=0.527
Test [  0/197] eta: 0:00:34 loss: 0.0082 (0.0082) acc1: 100.0000 (100.0000) time: 0.1745 data: 0.1206 max mem: 325
Test [100/197] eta: 0:00:03 loss: 0.0232 (0.7635) acc1: 100.0000 (84.1584) time: 0.0346 data: 0.0001 max mem: 325
Test [196/197] eta: 0:00:00 loss: 0.0028 (0.6770) acc1: 100.0000 (85.7868) time: 0.0276 data: 0.0001 max mem: 325
Test Total time: 0:00:06 (6.6176 s / it)
* Acc@1 85.787 loss 0.677 auroc 0.900 f1_score 0.691
  per-class F1 (Test): {'negative': np.float32(0.915), 'itc': np.float32(0.24), 'micro': np.float32(0.667), 'macro': np.float32(0.944)}
  [DIAG] Tier1 сам по собі: acc=85.279 f1_macro=0.617

Epoch: [17] [  0/266] eta: 0:01:07 lr: 0.000010 tier1_loss: 0.0535 (0.0535) tier2_loss: 0.0066 (0.0066) time: 0.2545 data: 0.1206 max mem: 325
Epoch: [17] [100/266] eta: 0:00:17 lr: 0.000008 tier1_loss: 0.0510 (0.3830) tier2_loss: 0.0028 (0.1363) time: 0.0973 data: 0.0001 max mem: 325
Epoch: [17] [200/266] eta: 0:00:06 lr: 0.000006 tier1_loss: 0.0528 (0.3964) tier2_loss: 0.0017 (0.2033) time: 0.0961 data: 0.0001 max mem: 325
Epoch: [17] [265/266] eta: 0:00:00 lr: 0.000005 tier1_loss: 0.0663 (0.3896) tier2_loss: 0.0037 (0.2426) time: 0.1020 data: 0.0001 max mem: 325
Epoch: [17] Total time: 0:00:27 (27.4968 s / it)
Val [ 0/29] eta: 0:00:05 loss: 0.0287 (0.0287) acc1: 100.0000 (100.0000) time: 0.1828 data: 0.1282 max mem: 325
Val [28/29] eta: 0:00:00 loss: 0.0039 (1.3279) acc1: 100.0000 (79.3103) time: 0.0275 data: 0.0001 max mem: 325
Val Total time: 0:00:01 (1.0224 s / it)
* Acc@1 79.310 loss 1.328 auroc 0.881 f1_score 0.654
  per-class F1 (Val): {'negative': np.float32(0.878), 'itc': np.float32(0.5), 'micro': np.float32(0.571), 'macro': np.float32(0.667)}
  [DIAG] Tier1 сам по собі: acc=78.448 f1_macro=0.521
Test [  0/197] eta: 0:00:33 loss: 0.0279 (0.0279) acc1: 100.0000 (100.0000) time: 0.1683 data: 0.1301 max mem: 325
Test [100/197] eta: 0:00:03 loss: 0.0415 (0.7917) acc1: 100.0000 (83.1683) time: 0.0348 data: 0.0001 max mem: 325
Test [196/197] eta: 0:00:00 loss: 0.0025 (0.7205) acc1: 100.0000 (83.7563) time: 0.0352 data: 0.0001 max mem: 325
Test Total time: 0:00:06 (6.8401 s / it)
* Acc@1 83.756 loss 0.720 auroc 0.899 f1_score 0.659
  per-class F1 (Test): {'negative': np.float32(0.902), 'itc': np.float32(0.231), 'micro': np.float32(0.581), 'macro': np.float32(0.923)}
  [DIAG] Tier1 сам по собі: acc=84.772 f1_macro=0.610

Epoch: [18] [  0/266] eta: 0:01:19 lr: 0.000005 tier1_loss: 0.0382 (0.0382) tier2_loss: 0.0032 (0.0032) time: 0.2975 data: 0.1360 max mem: 325
Epoch: [18] [100/266] eta: 0:00:18 lr: 0.000004 tier1_loss: 0.0496 (0.3765) tier2_loss: 0.0028 (0.2477) time: 0.1048 data: 0.0001 max mem: 325
Epoch: [18] [200/266] eta: 0:00:07 lr: 0.000003 tier1_loss: 0.0504 (0.3689) tier2_loss: 0.0029 (0.2284) time: 0.1133 data: 0.0001 max mem: 325
Epoch: [18] [265/266] eta: 0:00:00 lr: 0.000002 tier1_loss: 0.0643 (0.3887) tier2_loss: 0.0019 (0.2230) time: 0.1054 data: 0.0001 max mem: 325
Epoch: [18] Total time: 0:00:29 (29.1879 s / it)
Val [ 0/29] eta: 0:00:04 loss: 0.0221 (0.0221) acc1: 100.0000 (100.0000) time: 0.1550 data: 0.1206 max mem: 325
Val [28/29] eta: 0:00:00 loss: 0.0028 (1.4529) acc1: 100.0000 (75.8621) time: 0.0295 data: 0.0001 max mem: 325
Val Total time: 0:00:01 (1.0462 s / it)
* Acc@1 75.862 loss 1.453 auroc 0.879 f1_score 0.524
  per-class F1 (Val): {'negative': np.float32(0.857), 'itc': np.float32(0.0), 'micro': np.float32(0.571), 'macro': np.float32(0.667)}
  [DIAG] Tier1 сам по собі: acc=78.017 f1_macro=0.515
Test [  0/197] eta: 0:00:31 loss: 0.0199 (0.0199) acc1: 100.0000 (100.0000) time: 0.1620 data: 0.1253 max mem: 325
Test [100/197] eta: 0:00:03 loss: 0.0296 (0.8229) acc1: 100.0000 (82.1782) time: 0.0305 data: 0.0001 max mem: 325
Test [196/197] eta: 0:00:00 loss: 0.0024 (0.7026) acc1: 100.0000 (84.2640) time: 0.0335 data: 0.0001 max mem: 325
Test Total time: 0:00:06 (6.1784 s / it)
* Acc@1 84.264 loss 0.703 auroc 0.900 f1_score 0.664
  per-class F1 (Test): {'negative': np.float32(0.914), 'itc': np.float32(0.286), 'micro': np.float32(0.533), 'macro': np.float32(0.923)}
  [DIAG] Tier1 сам по собі: acc=84.518 f1_macro=0.604

Epoch: [19] [  0/266] eta: 0:01:15 lr: 0.000002 tier1_loss: 0.0890 (0.0890) tier2_loss: 0.0007 (0.0007) time: 0.2834 data: 0.1326 max mem: 325
Epoch: [19] [100/266] eta: 0:00:19 lr: 0.000001 tier1_loss: 0.0468 (0.3329) tier2_loss: 0.0032 (0.1925) time: 0.1083 data: 0.0001 max mem: 325
Epoch: [19] [200/266] eta: 0:00:07 lr: 0.000001 tier1_loss: 0.1260 (0.3992) tier2_loss: 0.0029 (0.2427) time: 0.1095 data: 0.0001 max mem: 325
Epoch: [19] [265/266] eta: 0:00:00 lr: 0.000001 tier1_loss: 0.0560 (0.3841) tier2_loss: 0.0035 (0.2142) time: 0.1114 data: 0.0001 max mem: 325
Epoch: [19] Total time: 0:00:30 (30.4748 s / it)
Val [ 0/29] eta: 0:00:05 loss: 0.0221 (0.0221) acc1: 100.0000 (100.0000) time: 0.1754 data: 0.1334 max mem: 325
Val [28/29] eta: 0:00:00 loss: 0.0028 (1.5156) acc1: 100.0000 (75.8621) time: 0.0290 data: 0.0001 max mem: 325
Val Total time: 0:00:01 (1.0270 s / it)
* Acc@1 75.862 loss 1.516 auroc 0.845 f1_score 0.524
  per-class F1 (Val): {'negative': np.float32(0.857), 'itc': np.float32(0.0), 'micro': np.float32(0.571), 'macro': np.float32(0.667)}
  [DIAG] Tier1 сам по собі: acc=78.448 f1_macro=0.524
wandb: 
wandb: Run history:
wandb: diag/test_tier1_acc ▁▁▁▁▁▃▅▇▇█████████▇█
wandb:  diag/test_tier1_f1 ▁▁▁▁▁▃▅▅▅███████████
wandb:       perf/test_auc ▁▃▃▄▅▄▅▇████████████
wandb:        perf/test_f1 ▁▁▁▁▂▃▄▄▆▇▇██▇██▇▇▇▇
wandb:        perf/val_auc ▁▃▃▂▄▃▅▆▆▆▇▇▇█▇▇███▇
wandb:         perf/val_f1 ▁▁▁▁▁▁▂▄▅▇▆▇▆▆▆▆▆█▆▆
wandb:          tier1_loss ▂▂▆▁▆▁▁▆▁▇▄▁▇▅▁▁▃▄▁▇▁▁▁▂▁▁▁▁▁▁▁▅▁▁▁▁▁▁▁█
wandb:          tier2_loss ▄▁▁▁▁█▁█▁▁▄▁▁▁▁▁▁▁▁▁▁▂▁▁▁▁█▁▁▁▁▁▁▁▁▁▁▁▁▁
wandb: 
wandb: Run summary:
wandb: diag/test_tier1_acc 84.96193
wandb:  diag/test_tier1_f1 0.61242
wandb:       perf/test_auc 0.89964
wandb:        perf/test_f1 0.64855
wandb:        perf/val_auc 0.84474
wandb:         perf/val_f1 0.52381
wandb:          tier1_loss 0.07439
wandb:          tier2_loss 0.00647
wandb: 
wandb: You can sync this run to the cloud by running:
wandb: wandb sync /data/bohatyrenko1/EXPERIMENTS_2/Hi-MoE_MIL/wandb/offline-run-20260925_105505-yla7onbd
wandb: Find logs at: ./wandb/offline-run-20260925_105505-yla7onbd/logs
Test [  0/197] eta: 0:00:33 loss: 0.0093 (0.0093) acc1: 100.0000 (100.0000) time: 0.1705 data: 0.1211 max mem: 325
Test [100/197] eta: 0:00:03 loss: 0.0250 (0.8059) acc1: 100.0000 (82.1782) time: 0.0295 data: 0.0001 max mem: 325
Test [196/197] eta: 0:00:00 loss: 0.0023 (0.6862) acc1: 100.0000 (84.2640) time: 0.0328 data: 0.0001 max mem: 325
Test Total time: 0:00:06 (6.2603 s / it)
* Acc@1 84.264 loss 0.686 auroc 0.900 f1_score 0.649
  per-class F1 (Test): {'negative': np.float32(0.915), 'itc': np.float32(0.24), 'micro': np.float32(0.516), 'macro': np.float32(0.923)}
  [DIAG] Tier1 сам по собі: acc=84.962 f1_macro=0.612

============================================================
FINAL EPOCH (19) RESULTS (DTFD-ASMIL v2):
  test_auc=0.8996 test_acc=84.26 test_f1(macro)=0.6485
  [DIAG] Tier1 сам по собі: acc=84.962 f1_macro=0.612
  test per-class F1: {'negative': np.float32(0.915), 'itc': np.float32(0.24), 'micro': np.float32(0.516), 'macro': np.float32(0.923)}
  test confusion matrix (rows=true, cols=pred):
          negative         itc       micro       macro
negative        113           4           3           1
     itc         11           3           2           0
   micro          2           2           8           6
   macro          0           0           0          42
============================================================
Best epoch: {'epoch': 17, 'val_f1': 0.6540360450744629, 'val_auc': 0.8807977437973022, 'test_f1': 0.6592326164245605, 'test_auc': 0.899367094039917}
